# Sequence-ID	Start	End	Score	Motif	Error-rate	Errors	Guanine-rate	Duplicates	TFO	Duplicate locations
ENSLCOT00000000003.1	338	357	18	Y	0.053	o4	0.58	-1	TCTCaCCCCTCTCTCTCCT	-
ENSLCOT00000000003.1	437	456	18	Y	0.053	o4	0.58	-1	TCTCaCCCCTCTCTCTCCT	-
ENSLCOT00000000003.1	516	535	18	Y	0.053	o4	0.58	-1	TCTCaCCCCTCTCTCTCCT	-
ENSLCOT00000000003.1	29	45	16	M	0		0.5	-1	GGGTGTTTTTTGGGGT	-
ENSLCOT00000000003.1	49	65	15	M	0.062	o6	0.56	-1	GGGTGGaTTTTGGGGT	-
ENSLCOT00000000003.1	128	146	17	M	0.056	o16	0.5	-1	GGGTGGTTTTTGGGGTcT	-
ENSLCOT00000000003.1	148	164	15	M	0.062	o2	0.56	-1	GGaTGGGTTTTGGGGT	-
ENSLCOT00000000003.1	168	184	16	M	0		0.62	-1	GGGTGGGTTTTGGGGT	-
ENSLCOT00000000003.1	188	204	15	M	0.062	o11	0.5	-1	GGGTGGTTTTTaGGGT	-
ENSLCOT00000000003.1	208	226	17	M	0.056	o16	0.5	-1	GGGTGGTTTTTGGGGTcT	-
ENSLCOT00000000003.1	228	244	16	M	0		0.5	-1	GGGTGTTTTTTGGGGT	-
ENSLCOT00000000003.1	248	264	15	M	0.062	o2	0.62	-1	GGaTGGTTTGGGGGGT	-
ENSLCOT00000000003.1	268	284	15	M	0.062	o6	0.56	-1	GGGTGGaTTTTGGGGT	-
ENSLCOT00000000003.1	288	304	16	M	0		0.5	-1	GGGTGTTTTTTGGGGT	-
ENSLCOT00000000003.1	308	324	15	M	0.062	o6	0.56	-1	GGGTGGaTTTTGGGGT	-
ENSLCOT00000000003.1	368	384	15	M	0.062	o6	0.56	-1	GGGTGGaTTTTGGGGT	-
ENSLCOT00000000003.1	388	404	16	M	0		0.56	-1	GGGTGGTTTTTGGGGT	-
ENSLCOT00000000003.1	408	426	17	M	0.056	o16	0.5	-1	GGGTGGTTTTTGGGGTcT	-
ENSLCOT00000000003.1	467	485	17	M	0.056	o16	0.5	-1	GGGTGGTTTTTGGGGTcT	-
ENSLCOT00000000003.1	546	564	17	M	0.056	o16	0.5	-1	GGGTGGTTTTTGGGGTcT	-
ENSLCOT00000000003.1	566	582	15	M	0.062	o6	0.56	-1	GGGTGGaTTTTGGGGT	-
ENSLCOT00000000003.1	605	622	17	M	0		0.53	-1	GGGTGGTTTTTTGGGGT	-
ENSLCOT00000000003.1	625	642	16	M	0.059	o9	0.53	-1	GGGGTGTTTaTTGGGGT	-
ENSLCOT00000000010.1	256	285	27	Y	0.069	o3o10	0.69	-1	CCCaCCCCCCgCCCCTTTCTCCCTCCTTC	-
ENSLCOT00000000010.1	36	95	28	M	0.53	o16o17o43o46	0.59	-1	GGTTGTGGGTGGGGGTaaTTTGTGGGTGGGGTTGTGGGTGTGGcTGaGTGTGGGTGTGG	-
ENSLCOT00000000010.1	98	114	15	M	0.062	o3	0.62	-1	TGGcTTGTGGGTGGGG	-
ENSLCOT00000000010.1	174	202	27	M	0.036	o26	0.61	-1	GTGGGTGGGGTTGTTTGTGGGTGGGGcT	-
ENSLCOT00000000046.1	991	1007	15	Y	0.062	o1	0.5	-1	CaTTCTCCCTTTCCTC	-
ENSLCOT00000000102.1	275	303	26	M	0.071	o13o14	0.5	-1	GGTTTTGGGGTGTccTGGTTTTGGGGTG	-
ENSLCOT00000000102.1	365	381	15	M	0.062	o2	0.56	-1	GGaTTTTGGGGGGTTG	-
ENSLCOT00000000102.1	651	668	17	M	0		0.53	-1	GTGTTGGGTTTTTGGGG	-
ENSLCOT00000000102.1	822	839	16	M	0.059	o4	0.53	-1	GTGTcGGGTTTTTGGGG	-
ENSLCOT00000000120.1	395	411	15	R	0.062	o10	0.5	-1	AGGAGGAGAAcGAGAG	-
ENSLCOT00000000120.1	728	761	28	M	0.15	o2o4o30o31	0.61	-1	GGcTcTGGGGGGGTGTGTGGGGGGGTTGTGccT	-
ENSLCOT00000000142.1	404	423	18	M	0.053	o4	0.63	-1	TTGGaGGGGGGTTTGGGGT	-
ENSLCOT00000000142.1	613	629	15	M	0.062	o9	0.69	-1	GTTTTGGGGcGGGGGG	-
ENSLCOT00000000142.1	1025	1042	15	M	0.12	o5	0.47	-1	TGTTGaGGTTGGTTGGT	-
ENSLCOT00000000182.1	145	162	16	R	0.059	o5	0.65	-1	AGGGGcAGGAGGAGGAG	-
ENSLCOT00000000188.1	801	817	15	Y	0.062	o5	0.56	-1	TTCCCgCTCCTTTCCC	-
ENSLCOT00000000188.1	566	582	15	M	0.062	o5	0.69	-1	GGGGGaTTTGGGGGGT	-
ENSLCOT00000000235.1	33	81	25	Y	0.48	o3o12o27	0.48	-1	CTCaCTTTTCCCaTCTTTCCCCCTCCCaTTCCTCCTTTCTTTTTTCCC	-
ENSLCOT00000000242.1	588	610	21	R	0.045	o18	0.5	-1	GAGAGGAGAGAAGAGAGGcAGA	-
ENSLCOT00000000242.1	503	534	26	R	0.16	o24o25	0.45	-1	AAAGGGGGAAAAAAAGAGAGGGGGttGAAAG	-
ENSLCOT00000000271.1	776	799	20	R	0.13	o1o16	0.57	-1	GcAGGAGGAAGAGAAGcAGGGGG	-
ENSLCOT00000000271.1	1209	1226	16	R	0.059	o11	0.59	-1	AGAGGGAGGGGcAGGAA	-
ENSLCOT00000000271.1	259	275	15	M	0.062	o9	0.69	-1	TGTGGTGTGaGGGGGG	-
ENSLCOT00000000271.1	1247	1263	15	M	0.062	o9	0.62	-1	TTGTGTGGGaGGGTGG	-
ENSLCOT00000000337.1	959	975	15	R	0.062	o4	0.5	-1	AGGAtGGGAAGAGAGA	-
ENSLCOT00000000350.1	253	272	18	R	0.053	o12	0.53	-1	GGAGGAGGAGAAcAAGGAG	-
ENSLCOT00000000350.1	772	793	15	R	0.29	o4o16	0.62	-1	AGGGcGAGGGAGGGGAcAGGA	-
ENSLCOT00000000350.1	160	176	15	M	0.062	o11	0.69	-1	GGTGGTGGTGGcGGTG	-
ENSLCOT00000000350.1	554	574	19	M	0.05	o9	0.7	-1	TGGTGGGGTcTGGGGGTGGG	-
ENSLCOT00000000572.1	134	153	18	Y	0.053	o9	0.58	-1	TCCCTCCTTgCCCCTTCTC	-
ENSLCOT00000000572.1	566	582	15	R	0.062	o4	0.62	-1	AGGAcGAGGAGGGGGA	-
ENSLCOT00000000572.1	706	724	17	R	0.056	o6	0.5	-1	AAGGGGtAAAAAAGGGGG	-
ENSLCOT00000000572.1	684	700	15	R	0.062	o8	0.69	-1	GGGAAAGGtGAGGGGG	-
ENSLCOT00000000621.1	64	81	16	R	0.059	o10	0.53	-1	AGAGAGAGGGcAGAGGA	-
ENSLCOT00000000730.1	991	1007	15	Y	0.062	o12	0.5	-1	CCTTTCTTCTCCaTCC	-
ENSLCOT00000000954.1	489	505	15	Y	0.062	o9	0.69	-1	TCTCCCCCCaCCTCCT	-
ENSLCOT00000000954.1	559	576	15	Y	0.12	o2	0.71	-1	CCaCCCTCTCTCCCTCC	-
ENSLCOT00000000954.1	1232	1248	15	Y	0.062	o6	0.62	-1	CTCCCCaTCCTTCCCT	-
ENSLCOT00000000954.1	1090	1106	15	R	0.062	o2	0.62	-1	GGcGAGGGAAGAGGAG	-
ENSLCOT00000000954.1	1468	1485	16	R	0.059	o3	0.53	-1	GGAtGAGAGGAAGGAGA	-
ENSLCOT00000000955.1	119	136	15	Y	0.12	o2	0.47	-1	TTgCTCTCTCCTCCCTT	-
ENSLCOT00000000955.1	91	109	17	R	0.056	o9	0.61	-1	AGGGAGGGAcAGAGGGAG	-
ENSLCOT00000000955.1	1981	1997	15	R	0.062	o10	0.69	-1	GGGGGGGGAAcAGGAG	-
ENSLCOT00000001108.1	938	970	25	Y	0.22	o5o21o27	0.53	-1	CTTCCaTTCTCCTCTCCCTTCaTCTCCaCTCC	-
ENSLCOT00000001108.1	38	57	19	R	0		0.53	-1	GGGAAAGGGAGGGGAAAAA	-
ENSLCOT00000001108.1	1025	1045	19	R	0.05	o4	0.6	-1	AGGGtGGGGAGGAGAAGAAG	-
ENSLCOT00000001108.1	1339	1355	15	R	0.062	o4	0.56	-1	AAAGtGGGAGGAGAGG	-
ENSLCOT00000001108.1	293	318	17	M	0.32	o8o18	0.44	-1	GTTTGGTTcGGTTTGGGGcGGTTTT	-
ENSLCOT00000001157.1	259	275	15	Y	0.062	o3	0.69	-1	CTCaCCCCTCTCTCCC	-
ENSLCOT00000001157.1	38	54	15	R	0.062	o10	0.69	-1	GGAGAGGGGGtGGGAA	-
ENSLCOT00000001157.1	157	173	15	M	0.062	o3	0.62	-1	GGTcGTGGTGGGTTGG	-
ENSLCOT00000001262.1	338	357	15	R	0.21	o1o17	0.42	-1	AcAAGAGGGAAGGAGGAtA	-
ENSLCOT00000001324.1	423	458	27	M	0.23	o2o22o29	0.54	-1	TTcGTTGTTGTGTTTTGGGGGGaGGGTGGaGGGGT	-
ENSLCOT00000001405.1	366	396	22	R	0.27		0.43	-1	GGAAAAAAGGAGAGGAGGAAGAGGAAGAAA	-
ENSLCOT00000001405.1	587	603	15	R	0.062	o7	0.5	-1	GAGAGAAcGGAGAGAG	-
ENSLCOT00000001405.1	536	561	23	R	0.08	o2	0.48	-1	AGtGAGAGGAAGAGGAGAAGAGGAA	-
ENSLCOT00000001437.1	893	916	16	Y	0.3	o5o17	0.57	-1	CCTCCaCCCCTTTTTCTaCTCCC	-
ENSLCOT00000001437.1	1084	1105	20	Y	0.048	o8	0.52	-1	CCCTTCTTgCTCCTCTCCCTT	-
ENSLCOT00000001437.1	730	747	15	R	0.12	o12	0.47	-1	AAGAGGAGAAGGtGAGA	-
ENSLCOT00000001437.1	1450	1466	15	M	0.062	o9	0.56	-1	TGGTGTGTGcTGTGGG	-
