# Sequence-ID	Start	End	Score	Motif	Error-rate	Errors	Guanine-rate	Duplicates	TFO	Duplicate locations
ENSLCOT00000000003.1	77	96	19	Y	0		0.79	-1	TCTCCCCCCTCTCCCCCCC	-
ENSLCOT00000000003.1	338	357	18	Y	0.053	o4	0.58	-1	TCTCACCCCTCTCTCTCCT	-
ENSLCOT00000000003.1	437	456	18	Y	0.053	o4	0.58	-1	TCTCACCCCTCTCTCTCCT	-
ENSLCOT00000000003.1	516	535	18	Y	0.053	o4	0.58	-1	TCTCACCCCTCTCTCTCCT	-
ENSLCOT00000000003.1	712	735	21	Y	0.087	o4o21	0.78	-1	CCCTGCCCCTCCCCCCCTCCCGC	-
ENSLCOT00000000003.1	787	802	11	Y	0.27	o2o12	0.53	-1	TCACCTCCTTCTACC	-
ENSLCOT00000000003.1	933	950	13	Y	0.24	o4o14	0.65	-1	CCCCACCTCCTTCTACC	-
ENSLCOT00000000003.1	11	25	13	M	0.071	o5	0.64	-1	GGGTTCTGGGGGGT	-
ENSLCOT00000000003.1	29	47	17	M	0.056	o16	0.44	-1	GGGTGTTTTTTGGGGTCT	-
ENSLCOT00000000003.1	49	65	15	M	0.062	o6	0.56	-1	GGGTGGATTTTGGGGT	-
ENSLCOT00000000003.1	110	126	13	M	0.19	o2o14	0.5	-1	TGAGTTTGGGGGGTCT	-
ENSLCOT00000000003.1	128	146	17	M	0.056	o16	0.5	-1	GGGTGGTTTTTGGGGTCT	-
ENSLCOT00000000003.1	148	166	15	M	0.17	o2o16	0.5	-1	GGATGGGTTTTGGGGTCT	-
ENSLCOT00000000003.1	168	184	16	M	0		0.62	-1	GGGTGGGTTTTGGGGT	-
ENSLCOT00000000003.1	188	204	15	M	0.062	o11	0.5	-1	GGGTGGTTTTTAGGGT	-
ENSLCOT00000000003.1	208	226	17	M	0.056	o16	0.5	-1	GGGTGGTTTTTGGGGTCT	-
ENSLCOT00000000003.1	228	246	17	M	0.056	o16	0.44	-1	GGGTGTTTTTTGGGGTCT	-
ENSLCOT00000000003.1	248	266	15	M	0.17	o2o16	0.56	-1	GGATGGTTTGGGGGGTCT	-
ENSLCOT00000000003.1	268	284	15	M	0.062	o6	0.56	-1	GGGTGGATTTTGGGGT	-
ENSLCOT00000000003.1	288	306	17	M	0.056	o16	0.44	-1	GGGTGTTTTTTGGGGTCT	-
ENSLCOT00000000003.1	308	324	15	M	0.062	o6	0.56	-1	GGGTGGATTTTGGGGT	-
ENSLCOT00000000003.1	368	384	15	M	0.062	o6	0.56	-1	GGGTGGATTTTGGGGT	-
ENSLCOT00000000003.1	388	404	16	M	0		0.56	-1	GGGTGGTTTTTGGGGT	-
ENSLCOT00000000003.1	408	426	17	M	0.056	o16	0.5	-1	GGGTGGTTTTTGGGGTCT	-
ENSLCOT00000000003.1	467	485	17	M	0.056	o16	0.5	-1	GGGTGGTTTTTGGGGTCT	-
ENSLCOT00000000003.1	490	503	12	M	0.077	o3	0.46	-1	TGGATTTTGGGGT	-
ENSLCOT00000000003.1	507	519	11	M	0.083	o10	0.67	-1	GTGGGGGGGTCT	-
ENSLCOT00000000003.1	546	564	17	M	0.056	o16	0.5	-1	GGGTGGTTTTTGGGGTCT	-
ENSLCOT00000000003.1	566	582	15	M	0.062	o6	0.56	-1	GGGTGGATTTTGGGGT	-
ENSLCOT00000000003.1	586	603	16	M	0.059	o15	0.47	-1	GGGTGTTTTTGGGGTCT	-
ENSLCOT00000000003.1	605	622	17	M	0		0.53	-1	GGGTGGTTTTTTGGGGT	-
ENSLCOT00000000003.1	625	642	16	M	0.059	o9	0.53	-1	GGGGTGTTTATTGGGGT	-
ENSLCOT00000000010.1	254	285	28	Y	0.097	o1o5o12	0.68	-1	CACCCACCCCCCGCCCCTTTCTCCCTCCTTC	-
ENSLCOT00000000010.1	306	318	11	R	0.083	o7	0.42	-1	GAGAAGATGGAA	-
ENSLCOT00000000010.1	647	662	14	R	0.067	o6	0.53	-1	AAAGGGCGAGAGGGA	-
ENSLCOT00000000010.1	685	702	16	R	0.059	o11	0.76	-1	GGGGGGAGGGACGGGGA	-
ENSLCOT00000000010.1	2	15	12	M	0.077	o8	0.69	-1	GTTTGGGGAGGGG	-
ENSLCOT00000000010.1	20	32	12	M	0		0.75	-1	GGTGGGTGGGGT	-
ENSLCOT00000000010.1	36	52	16	M	0		0.69	-1	GGTTGTGGGTGGGGGT	-
ENSLCOT00000000010.1	54	95	32	M	0.22	o25o28	0.59	-1	TTTGTGGGTGGGGTTGTGGGTGTGGCTGAGTGTGGGTGTGG	-
ENSLCOT00000000010.1	98	114	15	M	0.062	o3	0.62	-1	TGGCTTGTGGGTGGGG	-
ENSLCOT00000000010.1	137	152	14	M	0.067	o12	0.67	-1	TGGTGGGTGGGGCTG	-
ENSLCOT00000000010.1	174	202	27	M	0.036	o26	0.61	-1	GTGGGTGGGGTTGTTTGTGGGTGGGGCT	-
ENSLCOT00000000010.1	207	219	11	M	0.083	o7	0.58	-1	TTGTGGGAGTGG	-
ENSLCOT00000000010.1	229	241	11	M	0.083	o7	0.67	-1	GTGTGGGCGTGG	-
ENSLCOT00000000010.1	339	353	11	M	0.21	o1o12	0.57	-1	GAGGTTTGGGGGCT	-
ENSLCOT00000000010.1	361	373	11	M	0.083	o3	0.67	-1	GGTCTGGGGGGT	-
ENSLCOT00000000046.1	218	230	11	Y	0.083	o2	0.25	-1	TCATCTTTTTCT	-
ENSLCOT00000000046.1	242	255	12	Y	0.077	o5	0.62	-1	CCTTCATCTCCCC	-
ENSLCOT00000000046.1	712	727	15	Y	0		0.47	-1	TCTTTTTTTCCCCCC	-
ENSLCOT00000000046.1	990	1007	16	Y	0.059	o2	0.47	-1	TCATTCTCCCTTTCCTC	-
ENSLCOT00000000046.1	1009	1029	18	Y	0.1	o13o17	0.4	-1	TTCTTCCTCTCTTGCCTGTC	-
ENSLCOT00000000046.1	690	702	11	R	0.083	o1	0.42	-1	GTAAGAAAAGGG	-
ENSLCOT00000000046.1	871	884	13	R	0		0.23	-1	AAAAGGAAAGAAA	-
ENSLCOT00000000046.1	978	990	11	R	0.083	o1	0.42	-1	GTGGAAAAGAAG	-
ENSLCOT00000000046.1	106	120	13	M	0.071	o5	0.36	-1	TTGGGATTTGGTTT	-
ENSLCOT00000000046.1	699	721	20	M	0.091	o11o14	0.27	-1	GGGTTTTGTTGAGTCTTTTTTT	-
ENSLCOT00000000046.1	774	789	14	M	0.067	o2	0.27	-1	TGCTTTTTTTGTTGG	-
ENSLCOT00000000055.1	83	96	12	Y	0.077	o4	0.31	-1	TCTTGTTCCTCTT	-
ENSLCOT00000000055.1	135	147	11	R	0.083	o3	0.17	-1	AAATAAAAGAAG	-
ENSLCOT00000000102.1	344	357	12	Y	0.077	o8	0.69	-1	TCCCCCCCATTCC	-
ENSLCOT00000000102.1	392	405	12	Y	0.077	o6	0.15	-1	TCCTTTATTTTTT	-
ENSLCOT00000000102.1	669	682	12	Y	0.077	o5	0.38	-1	CCCCCATTTTTTT	-
ENSLCOT00000000102.1	687	699	11	Y	0.083	o5	0.5	-1	CCCCCATTTTCT	-
ENSLCOT00000000102.1	703	715	11	Y	0.083	o5	0.5	-1	CCCCCATTTTCT	-
ENSLCOT00000000102.1	719	732	12	Y	0.077	o5	0.46	-1	CCCTCATTCCTTT	-
ENSLCOT00000000102.1	736	748	11	Y	0.083	o5	0.5	-1	CCCCCATTTTTC	-
ENSLCOT00000000102.1	751	765	13	Y	0.071	o8	0.57	-1	CCCCCCCCATTTTT	-
ENSLCOT00000000102.1	840	852	11	Y	0.083	o5	0.5	-1	CCCCCATTTTCT	-
ENSLCOT00000000102.1	854	867	12	Y	0.077	o6	0.46	-1	TCCCCCGTTTTCT	-
ENSLCOT00000000102.1	870	883	12	Y	0.077	o6	0.38	-1	CCCCTCATTTTTT	-
ENSLCOT00000000102.1	887	899	11	Y	0.083	o6	0.33	-1	TCCCTCATTTTT	-
ENSLCOT00000000102.1	903	915	11	Y	0.083	o6	0.25	-1	TCTTCCATTTTT	-
ENSLCOT00000000102.1	985	997	12	Y	0		0.42	-1	CCCCTTTTTTTC	-
ENSLCOT00000000102.1	1036	1049	12	Y	0.077	o6	0.31	-1	TCCCTCATTTTTT	-
ENSLCOT00000000102.1	1054	1067	12	Y	0.077	o6	0.31	-1	TCCCTCATTTTTT	-
ENSLCOT00000000102.1	1070	1083	12	Y	0.077	o6	0.38	-1	CCCCTCATTTTTT	-
ENSLCOT00000000102.1	1087	1100	12	Y	0.077	o6	0.31	-1	TCCCTCATTTTTT	-
ENSLCOT00000000102.1	1103	1116	12	Y	0.077	o6	0.38	-1	TCCCTCATTTTTC	-
ENSLCOT00000000102.1	0	13	12	M	0.077	o1	0.46	-1	TAGTTTTGGGGGT	-
ENSLCOT00000000102.1	20	32	12	M	0		0.5	-1	GTTTTGGGGTGT	-
ENSLCOT00000000102.1	61	74	13	M	0		0.54	-1	GGTTTTGGGGTGT	-
ENSLCOT00000000102.1	77	90	13	M	0		0.54	-1	GGTTTTGGGGTGT	-
ENSLCOT00000000102.1	119	131	12	M	0		0.42	-1	TTTTTGGGGTGT	-
ENSLCOT00000000102.1	133	147	14	M	0		0.5	-1	TGGTTTTGGGGTGT	-
ENSLCOT00000000102.1	176	189	13	M	0		0.46	-1	GGTTTTGGGTTGT	-
ENSLCOT00000000102.1	201	214	13	M	0		0.38	-1	TTTTTTGGGGTGT	-
ENSLCOT00000000102.1	217	231	14	M	0		0.5	-1	GGTTTTTGGGGTGT	-
ENSLCOT00000000102.1	233	247	14	M	0		0.5	-1	TGGTTTTGGGGTGT	-
ENSLCOT00000000102.1	275	288	13	M	0		0.54	-1	GGTTTTGGGGTGT	-
ENSLCOT00000000102.1	290	304	14	M	0		0.5	-1	TGGTTTTGGGGTGT	-
ENSLCOT00000000102.1	316	328	12	M	0		0.5	-1	TTTTTGGGGGGT	-
ENSLCOT00000000102.1	365	381	15	M	0.062	o2	0.56	-1	GGATTTTGGGGGGTTG	-
ENSLCOT00000000102.1	395	413	17	M	0.056	o3	0.39	-1	TTTATTTTTTGGGGGGGT	-
ENSLCOT00000000102.1	420	432	12	M	0		0.5	-1	GTTTTGGGGTGT	-
ENSLCOT00000000102.1	462	474	12	M	0		0.42	-1	TTTTTGGGGTGT	-
ENSLCOT00000000102.1	477	491	14	M	0		0.57	-1	GGTTTTGGGGGTGT	-
ENSLCOT00000000102.1	519	534	12	M	0.2	o1o13	0.53	-1	GATTTTGGGGGGTCG	-
ENSLCOT00000000102.1	552	564	12	M	0		0.5	-1	GTTTTGGGGTGT	-
ENSLCOT00000000102.1	567	581	14	M	0		0.57	-1	GGTTTTGGGGGTGT	-
ENSLCOT00000000102.1	592	605	13	M	0		0.38	-1	GTTTTTTGGGGTT	-
ENSLCOT00000000102.1	608	625	14	M	0.18	o3o15	0.47	-1	TTGATTTTGGGGGGTCG	-
ENSLCOT00000000102.1	651	668	17	M	0		0.53	-1	GTGTTGGGTTTTTGGGG	-
ENSLCOT00000000102.1	783	796	12	M	0.077	o11	0.46	-1	TTTTGGGGTGTCG	-
ENSLCOT00000000102.1	822	839	16	M	0.059	o4	0.53	-1	GTGTCGGGTTTTTGGGG	-
ENSLCOT00000000102.1	894	907	12	M	0.077	o10	0.31	-1	TTTTTGGGGTCTT	-
ENSLCOT00000000102.1	989	1002	12	M	0.077	o7	0.38	-1	TTTTTTTCGGGGG	-
ENSLCOT00000000102.1	1043	1055	12	M	0		0.42	-1	TTTTTTGGGGGT	-
ENSLCOT00000000102.1	1126	1138	12	M	0		0.5	-1	GTTTTTGGGGTG	-
ENSLCOT00000000102.1	1142	1154	12	M	0		0.5	-1	GTTTTTGGGGTG	-
ENSLCOT00000000118.1	68	81	12	Y	0.077	o8	0.23	-1	TTCTTCTTGTTCT	-
ENSLCOT00000000118.1	332	361	27	Y	0.069	o11o23	0.21	-1	TTTTTCCTTTTGCTTTCCTTTTTATTCTT	-
ENSLCOT00000000118.1	159	172	12	R	0.077	o8	0.69	-1	GAGGGGAGCAGGG	-
ENSLCOT00000000118.1	237	249	11	R	0.083	o9	0.42	-1	AGGGAGAAATGA	-
ENSLCOT00000000118.1	372	385	12	R	0.077	o6	0.31	-1	GAAAGACAAAGAG	-
ENSLCOT00000000118.1	390	403	13	R	0		0.38	-1	AAAAAGAGGAGGA	-
ENSLCOT00000000118.1	517	535	17	R	0.056	o12	0.33	-1	AAGGAGAGGAAGTAAAAA	-
ENSLCOT00000000118.1	426	439	12	M	0.077	o3	0.38	-1	GTTAGTTTGTTGG	-
ENSLCOT00000000120.1	127	140	12	R	0.077	o11	0.46	-1	AAGAGGAGGAACG	-
ENSLCOT00000000120.1	318	334	15	R	0.062	o9	0.44	-1	GGAGAGGAACAAGAAG	-
ENSLCOT00000000120.1	371	385	13	R	0.071	o1	0.5	-1	ACGAGGAGAAGGAG	-
ENSLCOT00000000120.1	392	411	16	R	0.16	o1o13	0.42	-1	ACAAGGAGGAGAACGAGAG	-
ENSLCOT00000000120.1	449	461	11	R	0.083	o6	0.5	-1	AGAAGACGGAGG	-
ENSLCOT00000000120.1	616	633	12	R	0.29	o3o12	0.47	-1	GAGCAGGAGAAGCAGAG	-
ENSLCOT00000000120.1	728	758	28	M	0.067	o2o4	0.67	-1	GGCTCTGGGGGGGTGTGTGGGGGGGTTGTG	-
ENSLCOT00000000120.1	779	791	11	M	0.083	o6	0.83	-1	GGGGGGCTGGGG	-
ENSLCOT00000000120.1	802	815	12	M	0.077	o10	0.46	-1	TGGGGTTTGGCTT	-
ENSLCOT00000000128.1	642	655	12	Y	0.077	o4	0.31	-1	CCCTATTTTTCTT	-
ENSLCOT00000000128.1	41	75	31	R	0.088	o5o17o26	0.29	-1	AAAAGTGAAAGAAGAAGCAGAAAAAATGGAGAAG	-
ENSLCOT00000000128.1	106	121	14	R	0.067	o11	0.4	-1	AGAAGGAAGAGCAGA	-
ENSLCOT00000000128.1	215	236	19	R	0.095	o2o15	0.24	-1	AATAGAAGAAAAAAGTAAGAG	-
ENSLCOT00000000128.1	437	451	11	R	0.21	o1o12	0.43	-1	GCAAGGGGAGAATA	-
ENSLCOT00000000128.1	683	695	11	R	0.083	o10	0.42	-1	GAAGGAGAAATG	-
ENSLCOT00000000128.1	760	774	13	R	0.071	o8	0.5	-1	GGAAAAGGCAGAGG	-
ENSLCOT00000000128.1	972	1009	19	R	0.49	o13o15o27o29	0.3	-1	GAAGAAAAGGAAGCACAGGAGGAAGAATGTAAAAAAA	-
ENSLCOT00000000128.1	1078	1091	12	R	0.077	o8	0.15	-1	AAAAAGAGCAAAA	-
ENSLCOT00000000128.1	256	269	12	M	0.077	o3	0.31	-1	TGTAGTTGTTTGT	-
ENSLCOT00000000128.1	582	595	12	M	0.077	o6	0.23	-1	TTTGGTCTTTGTT	-
ENSLCOT00000000128.1	1186	1198	11	M	0.083	o1	0.33	-1	GAGGTTTTTTGT	-
ENSLCOT00000000128.1	1235	1254	11	M	0.42	o6o12	0.32	-1	TTTTTGATTGTGCTGGTTG	-
ENSLCOT00000000142.1	143	159	15	Y	0.062	o7	0.88	-1	CCCCCCTGCCCCCCCC	-
ENSLCOT00000000142.1	162	176	13	Y	0.071	o7	0.5	-1	TTCTTCCGCCTTCC	-
ENSLCOT00000000142.1	422	438	15	Y	0.062	o8	0.38	-1	TCCCCCCTATTTTTTT	-
ENSLCOT00000000142.1	461	473	12	Y	0		0.58	-1	TTTCTTCCCCCC	-
ENSLCOT00000000142.1	894	907	12	Y	0.077	o9	0.54	-1	CCTCTCCTTGCTC	-
ENSLCOT00000000142.1	965	981	16	Y	0		0.75	-1	CTCCCCTCCCTCCCCT	-
ENSLCOT00000000142.1	555	568	12	R	0.077	o8	0.69	-1	AGAGGGGGTGGAG	-
ENSLCOT00000000142.1	618	642	11	R	0.54	o4o11o20	0.79	-1	GGGGCGGGGGGCGGGGAGGGTGAG	-
ENSLCOT00000000142.1	250	262	12	M	0		0.75	-1	TGGGGGGGGTTG	-
ENSLCOT00000000142.1	371	388	13	M	0.24	o3o14	0.53	-1	TGGATTTTGGGGGGCGT	-
ENSLCOT00000000142.1	404	423	18	M	0.053	o4	0.63	-1	TTGGAGGGGGGTTTGGGGT	-
ENSLCOT00000000142.1	429	446	12	M	0.29	o1o13	0.29	-1	TATTTTTTTGGGGAGTT	-
ENSLCOT00000000142.1	613	634	19	M	0.095	o9o16	0.71	-1	GTTTTGGGGCGGGGGGCGGGG	-
ENSLCOT00000000142.1	700	715	14	M	0.067	o7	0.4	-1	TGTTGTTATTTGGGG	-
ENSLCOT00000000142.1	909	921	11	M	0.083	o2	0.42	-1	TGCTGTGGTGTT	-
ENSLCOT00000000142.1	1022	1042	18	M	0.1	o2o8	0.4	-1	TTATGTTGAGGTTGGTTGGT	-
ENSLCOT00000000142.1	1083	1101	13	M	0.28	o3o14	0.5	-1	TTGAGGGGGGTGGTCTTT	-
ENSLCOT00000000182.1	4	17	12	Y	0.077	o4	0.92	-1	CCCCGCCCCCCCC	-
ENSLCOT00000000182.1	145	162	16	R	0.059	o5	0.65	-1	AGGGGCAGGAGGAGGAG	-
ENSLCOT00000000182.1	193	206	12	R	0.077	o5	0.46	-1	GAAAGCGGGGAAA	-
ENSLCOT00000000182.1	226	239	12	R	0.077	o5	0.38	-1	GAAAGCGGAGAAA	-
ENSLCOT00000000182.1	39	51	11	M	0.083	o9	0.5	-1	GTGGTGGTTCTG	-
ENSLCOT00000000182.1	88	105	11	M	0.35	o3o12	0.65	-1	TGGATGTGGGGGAGGTG	-
ENSLCOT00000000188.1	801	817	15	Y	0.062	o5	0.56	-1	TTCCCGCTCCTTTCCC	-
ENSLCOT00000000188.1	884	896	11	Y	0.083	o5	0.67	-1	CTCCCACTCCCT	-
ENSLCOT00000000188.1	421	441	18	R	0.1	o4o15	0.55	-1	GGAGCAGGAGGAGAGCGAAG	-
ENSLCOT00000000188.1	466	490	22	R	0.083	o16o21	0.79	-1	GGGGGGGGGGGGAAGGTGGGGCAG	-
ENSLCOT00000000188.1	539	551	11	R	0.083	o3	0.83	-1	GGATGGGGGGGG	-
ENSLCOT00000000188.1	708	720	11	R	0.083	o4	0.75	-1	GGGATGGGGGGA	-
ENSLCOT00000000188.1	464	478	14	M	0		0.86	-1	TTGGGGGGGGGGGG	-
ENSLCOT00000000188.1	489	501	12	M	0		0.58	-1	GTTTTTGGGGGG	-
ENSLCOT00000000188.1	539	552	12	M	0.077	o2	0.77	-1	GGATGGGGGGGGT	-
ENSLCOT00000000188.1	566	582	15	M	0.062	o5	0.69	-1	GGGGGATTTGGGGGGT	-
ENSLCOT00000000235.1	7	19	11	Y	0.083	o5	0.58	-1	CTCCCACCCTTT	-
ENSLCOT00000000235.1	28	81	29	Y	0.45	o4o8o17o32	0.49	-1	CTCCACTCACTTTTCCCATCTTTCCCCCTCCCATTCCTCCTTTCTTTTTTCCC	-
ENSLCOT00000000235.1	141	154	12	Y	0.077	o1	0.46	-1	CATCCCTTTTCCT	-
ENSLCOT00000000235.1	380	392	12	Y	0		0.67	-1	CCTTCCCTTCCC	-
ENSLCOT00000000235.1	266	280	13	R	0.071	o3	0.43	-1	GGACAAGGAGAAGA	-
ENSLCOT00000000240.1	122	135	12	Y	0.077	o2	0.31	-1	TTATCCTTTTCCT	-
ENSLCOT00000000240.1	599	628	11	Y	0.62	o2o12o19	0.28	-1	TTGTTCTCCTTTATTTCCTATCTTTCTCT	-
ENSLCOT00000000240.1	1038	1053	14	Y	0.067	o9	0.67	-1	CCTCCTCTCACCCCT	-
ENSLCOT00000000240.1	1294	1306	12	Y	0		0.17	-1	TTCTCTTTTTTT	-
ENSLCOT00000000240.1	1330	1342	11	Y	0.083	o2	0.25	-1	CTGTTTTCTCTT	-
ENSLCOT00000000240.1	305	323	14	R	0.22	o2o13	0.61	-1	AGTGGGAGGGAAGTGGAG	-
ENSLCOT00000000240.1	365	379	13	R	0.071	o4	0.36	-1	AGGATGGAGAAAAA	-
ENSLCOT00000000240.1	332	364	22	R	0.31	o5o7o26o29	0.34	-1	AAAGGCATGAGGAGAGGAAAGAAAAATGACAG	-
ENSLCOT00000000240.1	736	750	13	R	0.071	o7	0.36	-1	AAAAGAGTGGAAAG	-
ENSLCOT00000000240.1	992	1008	15	R	0.062	o7	0.25	-1	GAAGAAACAGAGAAAA	-
ENSLCOT00000000240.1	675	687	11	M	0.083	o10	0.42	-1	GGTGGTGTTTAT	-
ENSLCOT00000000240.1	774	788	13	M	0.071	o5	0.43	-1	GGTTGCTTTGTGTG	-
ENSLCOT00000000240.1	1159	1172	12	M	0.077	o4	0.46	-1	TTTGAGGTGTGTG	-
ENSLCOT00000000240.1	1363	1375	11	M	0.083	o2	0.58	-1	GGAGGTTGGTGT	-
ENSLCOT00000000240.1	1386	1398	11	M	0.083	o1	0.25	-1	TAGTTTTGTGTT	-
ENSLCOT00000000242.1	448	462	13	R	0.071	o1	0.36	-1	ATAAGAGAGAGAAG	-
ENSLCOT00000000242.1	500	527	27	R	0		0.48	-1	GAAAAAGGGGGAAAAAAAGAGAGGGGG	-
ENSLCOT00000000242.1	547	559	11	R	0.083	o2	0.33	-1	GATGAAAAGAAG	-
ENSLCOT00000000242.1	529	543	13	R	0.071	o12	0.29	-1	GAAAGAAAAAGACG	-
ENSLCOT00000000242.1	562	580	18	R	0		0.28	-1	AAGAGAGAAAAAAGAAAG	-
ENSLCOT00000000242.1	588	627	11	R	0.72	o18o22o26o32	0.44	-1	GAGAGGAGAGAAGAGAGGCAGATAGATGGAGATGAGAAA	-
ENSLCOT00000000242.1	61	73	11	M	0.083	o7	0.42	-1	TTGGTTGATGGT	-
ENSLCOT00000000242.1	170	188	11	M	0.39	o2o12	0.28	-1	GTATTTTGTTTTAGTGTG	-
ENSLCOT00000000271.1	329	341	11	Y	0.083	o8	0.42	-1	CTTTCCTCATCT	-
ENSLCOT00000000271.1	378	391	12	Y	0.077	o7	0.69	-1	CCTCCTCACCCCT	-
ENSLCOT00000000271.1	414	431	12	Y	0.29	o2o13	0.65	-1	CTGTCCCCCCCTCACCT	-
ENSLCOT00000000271.1	569	582	12	Y	0.077	o10	0.46	-1	CTTCTTCCCTACT	-
ENSLCOT00000000271.1	699	711	11	Y	0.083	o10	0.5	-1	TTTCCCTCTCAC	-
ENSLCOT00000000271.1	885	897	11	Y	0.083	o4	0.5	-1	TCCCATCCTTTC	-
ENSLCOT00000000271.1	951	967	11	Y	0.31	o1o12	0.31	-1	TGTTTCTTTCCTACCT	-
ENSLCOT00000000271.1	1048	1063	15	Y	0		0.67	-1	CTCCCTTCCTCCTCC	-
ENSLCOT00000000271.1	1075	1087	11	Y	0.083	o1	0.5	-1	CGCTCTCCCTTT	-
ENSLCOT00000000271.1	90	102	11	R	0.083	o6	0.5	-1	GGAAAGCAGGGA	-
ENSLCOT00000000271.1	178	192	13	R	0.071	o12	0.43	-1	AGGAAGGAGGAACA	-
ENSLCOT00000000271.1	204	216	11	R	0.083	o4	0.58	-1	GAAGTGGGAAGG	-
ENSLCOT00000000271.1	265	279	11	R	0.21	o1o12	0.57	-1	GTGAGGGGGGAACA	-
ENSLCOT00000000271.1	341	355	14	R	0		0.5	-1	GGGGAGAAGAAAGA	-
ENSLCOT00000000271.1	776	803	23	R	0.15	o1o16o23	0.48	-1	GCAGGAGGAAGAGAAGCAGGGGGCAAA	-
ENSLCOT00000000271.1	852	867	14	R	0.067	o5	0.6	-1	GAGGGCAGGGAAGGA	-
ENSLCOT00000000271.1	1205	1229	18	R	0.25	o3o15o21	0.46	-1	AGACAGAGGGAGGGGCAGGAACAA	-
ENSLCOT00000000271.1	1253	1265	11	R	0.083	o7	0.75	-1	GGGAGGGTGGAG	-
ENSLCOT00000000271.1	1343	1362	12	R	0.37	o5o12	0.32	-1	GAAAATGAGAAATGAGGAA	-
ENSLCOT00000000271.1	79	92	12	M	0.077	o3	0.54	-1	TGGCTGTGGTTGG	-
ENSLCOT00000000271.1	259	275	15	M	0.062	o9	0.69	-1	TGTGGTGTGAGGGGGG	-
ENSLCOT00000000271.1	401	418	12	M	0.29	o3o13	0.53	-1	TGGAGGTGTGGTGCTGT	-
ENSLCOT00000000271.1	966	980	13	M	0.071	o4	0.43	-1	TGTGAGGTTTGGTT	-
ENSLCOT00000000271.1	1160	1173	12	M	0.077	o11	0.46	-1	TGGGTTTGGGTAT	-
ENSLCOT00000000271.1	1247	1263	15	M	0.062	o9	0.62	-1	TTGTGTGGGAGGGTGG	-
ENSLCOT00000000315.1	3	17	13	R	0.071	o7	0.36	-1	GAGGAGATAGAAAA	-
ENSLCOT00000000315.1	78	91	12	R	0.077	o8	0.15	-1	AAAGAAAATGAAA	-
ENSLCOT00000000315.1	191	211	18	R	0.1	o8o11	0.25	-1	AGAGAAAACAGCAGAGAAAA	-
ENSLCOT00000000337.1	423	436	12	Y	0.077	o2	0.46	-1	CTGTCTTCCCTCT	-
ENSLCOT00000000337.1	1012	1026	13	Y	0.071	o2	0.5	-1	CTGCTCTCTCTCCT	-
ENSLCOT00000000337.1	1039	1060	19	Y	0.095	o8o16	0.38	-1	TCTTTCCCACTTTTCTACTTC	-
ENSLCOT00000000337.1	0	12	11	R	0.083	o4	0.42	-1	GAAGCAAAGGGA	-
ENSLCOT00000000337.1	41	53	11	R	0.083	o8	0.42	-1	AGAGGAGACAGA	-
ENSLCOT00000000337.1	254	266	11	R	0.083	o9	0.33	-1	AGAAAAAGGCAG	-
ENSLCOT00000000337.1	876	888	11	R	0.083	o6	0.67	-1	GAGAGGTGAGGG	-
ENSLCOT00000000337.1	959	975	15	R	0.062	o4	0.5	-1	AGGATGGGAAGAGAGA	-
ENSLCOT00000000337.1	880	893	12	M	0.077	o4	0.54	-1	GGTGAGGGTTTGT	-
ENSLCOT00000000350.1	97	109	11	Y	0.083	o6	0.92	-1	CCCCCCGCCCCC	-
ENSLCOT00000000350.1	421	455	32	Y	0.059	o6o13	0.5	-1	CCTCCTGCCTTTCACCTTTTTCCTCCTCCTCCTT	-
ENSLCOT00000000350.1	506	519	12	Y	0.077	o6	0.62	-1	TTCCCTGTCCCCC	-
ENSLCOT00000000350.1	253	272	18	R	0.053	o12	0.53	-1	GGAGGAGGAGAACAAGGAG	-
ENSLCOT00000000350.1	522	538	15	R	0.062	o1	0.75	-1	GTGGGGGGAGGAGGGA	-
ENSLCOT00000000350.1	772	793	19	R	0.095	o4o16	0.62	-1	AGGGCGAGGGAGGGGACAGGA	-
ENSLCOT00000000350.1	801	815	13	R	0.071	o8	0.57	-1	GGAGGGGACAGAGA	-
ENSLCOT00000000350.1	158	176	12	M	0.33	o1o13	0.67	-1	GCGGTGGTGGTGGCGGTG	-
ENSLCOT00000000350.1	519	533	13	M	0.071	o11	0.79	-1	GGTGTGGGGGGAGG	-
ENSLCOT00000000350.1	554	574	19	M	0.05	o9	0.7	-1	TGGTGGGGTCTGGGGGTGGG	-
ENSLCOT00000000350.1	898	910	11	M	0.083	o9	0.33	-1	GTTTTGTTGCTG	-
ENSLCOT00000000363.1	653	665	11	Y	0.083	o7	0.67	-1	CCTTCCTGCCCC	-
ENSLCOT00000000363.1	791	806	14	Y	0.067	o4	0.73	-1	CCCCATCCCCTCTCC	-
ENSLCOT00000000363.1	1094	1106	11	Y	0.083	o10	0.58	-1	CCCCTCTTCTAC	-
ENSLCOT00000000363.1	58	75	13	R	0.24	o2o14	0.71	-1	GGCGAGGGGGGGAGCGA	-
ENSLCOT00000000363.1	1295	1307	11	M	0.083	o1	0.67	-1	GCGGTGGTGGGT	-
ENSLCOT00000000533.1	1047	1060	12	Y	0.077	o5	0.77	-1	CCCTCATCCCCCC	-
ENSLCOT00000000543.1	1	13	11	Y	0.083	o5	0.67	-1	CCCCCGCTTCCT	-
ENSLCOT00000000543.1	83	95	11	Y	0.083	o2	0.92	-1	CCGCCCCCCCCC	-
ENSLCOT00000000543.1	287	299	11	Y	0.083	o7	0.83	-1	CCCCCCCACCCT	-
ENSLCOT00000000543.1	344	372	26	R	0.071	o7o19	0.36	-1	AAGAAGATGAAGAAGAAGATGAAGAAGG	-
ENSLCOT00000000572.1	134	153	18	Y	0.053	o9	0.58	-1	TCCCTCCTTGCCCCTTCTC	-
ENSLCOT00000000572.1	218	238	18	R	0.1	o4o15	0.65	-1	GGAGCGGGGAAGGGGCGAGA	-
ENSLCOT00000000572.1	365	377	11	R	0.083	o1	0.67	-1	ATGGGGAAGGGG	-
ENSLCOT00000000572.1	468	482	13	R	0.071	o2	0.64	-1	GATGGGGAGGGAGA	-
ENSLCOT00000000572.1	566	584	12	R	0.33	o4o16	0.56	-1	AGGACGAGGAGGGGGACA	-
ENSLCOT00000000572.1	704	724	18	R	0.1	o1o8	0.45	-1	ACAAGGGGTAAAAAAGGGGG	-
ENSLCOT00000000572.1	684	700	15	R	0.062	o8	0.69	-1	GGGAAAGGTGAGGGGG	-
ENSLCOT00000000572.1	17	29	11	M	0.083	o3	0.67	-1	GGTCTGGGGGGT	-
ENSLCOT00000000572.1	243	256	12	M	0.077	o8	0.54	-1	GGGTTTGGCTGTG	-
ENSLCOT00000000572.1	528	540	11	M	0.083	o4	0.58	-1	TGTGCTGTGGGG	-
ENSLCOT00000000576.1	281	294	12	Y	0.077	o11	0.38	-1	CTTCCTTCTCTGT	-
ENSLCOT00000000576.1	387	402	14	R	0.067	o2	0.53	-1	AGTGAAAGGGGGAAG	-
ENSLCOT00000000576.1	468	485	16	R	0.059	o5	0.41	-1	GAGAATGGAAAGAGAAG	-
ENSLCOT00000000576.1	495	512	16	R	0.059	o13	0.35	-1	AGAAGAGAAGAAGCAAG	-
ENSLCOT00000000577.1	52	66	13	Y	0.071	o8	0.21	-1	TTTTTCTTATTTCC	-
ENSLCOT00000000577.1	622	646	19	Y	0.21	o5o11o21	0.25	-1	TTCTCATTTTTATTTTCTCCTGCT	-
ENSLCOT00000000577.1	653	675	20	Y	0.091	o4o16	0.27	-1	TTTTGCCTTTTTTTTTGCCTCC	-
ENSLCOT00000000577.1	1075	1087	11	Y	0.083	o5	0.17	-1	TCTTTATTCTTT	-
ENSLCOT00000000577.1	1093	1108	14	Y	0.067	o2	0.4	-1	CTGCTTTTCCCCTTT	-
ENSLCOT00000000577.1	1266	1279	12	Y	0.077	o5	0.31	-1	TCCTTATTCCTTT	-
ENSLCOT00000000577.1	1514	1533	15	Y	0.21	o2o16	0.32	-1	TTGCTCTCCTTTTCTTACT	-
ENSLCOT00000000577.1	83	95	12	R	0		0.5	-1	GGAAGAAAGGAG	-
ENSLCOT00000000577.1	161	176	14	R	0.067	o1	0.33	-1	GTAAGAAGAAAAAGG	-
ENSLCOT00000000577.1	420	436	15	R	0.062	o12	0.38	-1	GGGAGAAGAAAACAAG	-
ENSLCOT00000000577.1	690	709	18	R	0.053	o7	0.42	-1	GAGGAAACAAAAGGGGAAG	-
ENSLCOT00000000577.1	980	994	13	R	0.071	o2	0.36	-1	GACAGAAGAGAGAA	-
ENSLCOT00000000577.1	1589	1609	18	R	0.1	o6o9	0.35	-1	AGAAAATAGTGAAAGAGAGG	-
ENSLCOT00000000577.1	145	163	14	M	0.22	o2o15	0.33	-1	TTATGGTGGTTTTTGCGT	-
ENSLCOT00000000577.1	1112	1148	27	M	0.25	o3o9o19o30	0.42	-1	GGTCTGGTGCTTGTTGGTTAGTTTGGTGTGATGGTT	-
ENSLCOT00000000577.1	1173	1186	12	M	0.077	o10	0.38	-1	GTTGTTTTGGATG	-
ENSLCOT00000000578.1	52	66	13	Y	0.071	o8	0.21	-1	TTTTTCTTATTTCC	-
ENSLCOT00000000578.1	553	577	19	Y	0.21	o5o11o21	0.25	-1	TTCTCATTTTTATTTTCTCCTGCT	-
ENSLCOT00000000578.1	584	606	20	Y	0.091	o4o16	0.27	-1	TTTTGCCTTTTTTTTTGCCTCC	-
ENSLCOT00000000578.1	1006	1018	11	Y	0.083	o5	0.17	-1	TCTTTATTCTTT	-
ENSLCOT00000000578.1	1024	1039	14	Y	0.067	o2	0.4	-1	CTGCTTTTCCCCTTT	-
ENSLCOT00000000578.1	1197	1210	12	Y	0.077	o5	0.31	-1	TCCTTATTCCTTT	-
ENSLCOT00000000578.1	1445	1464	15	Y	0.21	o2o16	0.32	-1	TTGCTCTCCTTTTCTTACT	-
ENSLCOT00000000578.1	83	95	12	R	0		0.5	-1	GGAAGAAAGGAG	-
ENSLCOT00000000578.1	161	176	14	R	0.067	o1	0.33	-1	GTAAGAAGAAAAAGG	-
ENSLCOT00000000578.1	351	367	15	R	0.062	o12	0.38	-1	GGGAGAAGAAAACAAG	-
ENSLCOT00000000578.1	621	640	18	R	0.053	o7	0.42	-1	GAGGAAACAAAAGGGGAAG	-
ENSLCOT00000000578.1	911	925	13	R	0.071	o2	0.36	-1	GACAGAAGAGAGAA	-
ENSLCOT00000000578.1	1520	1540	18	R	0.1	o6o9	0.35	-1	AGAAAATAGTGAAAGAGAGG	-
ENSLCOT00000000578.1	145	163	14	M	0.22	o2o15	0.33	-1	TTATGGTGGTTTTTGCGT	-
ENSLCOT00000000578.1	1043	1079	27	M	0.25	o3o9o19o30	0.42	-1	GGTCTGGTGCTTGTTGGTTAGTTTGGTGTGATGGTT	-
ENSLCOT00000000578.1	1104	1117	12	M	0.077	o10	0.38	-1	GTTGTTTTGGATG	-
ENSLCOT00000000580.1	359	383	19	Y	0.21	o5o11o21	0.25	-1	TTCTCATTTTTATTTTCTCCTGCT	-
ENSLCOT00000000580.1	390	412	20	Y	0.091	o4o16	0.27	-1	TTTTGCCTTTTTTTTTGCCTCC	-
ENSLCOT00000000580.1	812	824	11	Y	0.083	o5	0.17	-1	TCTTTATTCTTT	-
ENSLCOT00000000580.1	830	845	14	Y	0.067	o2	0.4	-1	CTGCTTTTCCCCTTT	-
ENSLCOT00000000580.1	1003	1016	12	Y	0.077	o5	0.31	-1	TCCTTATTCCTTT	-
ENSLCOT00000000580.1	1251	1270	15	Y	0.21	o2o16	0.32	-1	TTGCTCTCCTTTTCTTACT	-
ENSLCOT00000000580.1	2	14	11	R	0.083	o5	0.42	-1	GAGAGTAAAGGA	-
ENSLCOT00000000580.1	157	173	15	R	0.062	o12	0.38	-1	GGGAGAAGAAAACAAG	-
ENSLCOT00000000580.1	427	446	18	R	0.053	o7	0.42	-1	GAGGAAACAAAAGGGGAAG	-
ENSLCOT00000000580.1	717	731	13	R	0.071	o2	0.36	-1	GACAGAAGAGAGAA	-
ENSLCOT00000000580.1	1326	1346	18	R	0.1	o6o9	0.35	-1	AGAAAATAGTGAAAGAGAGG	-
ENSLCOT00000000580.1	849	885	27	M	0.25	o3o9o19o30	0.42	-1	GGTCTGGTGCTTGTTGGTTAGTTTGGTGTGATGGTT	-
ENSLCOT00000000580.1	910	923	12	M	0.077	o10	0.38	-1	GTTGTTTTGGATG	-
ENSLCOT00000000582.1	37	49	11	Y	0.083	o1	0.58	-1	CATCTCCCTCTC	-
ENSLCOT00000000582.1	130	142	11	Y	0.083	o3	0.42	-1	CTTACTTCCTCT	-
ENSLCOT00000000582.1	592	616	19	Y	0.21	o5o11o21	0.25	-1	TTCTCATTTTTATTTTCTCCTGCT	-
ENSLCOT00000000582.1	623	645	20	Y	0.091	o4o16	0.27	-1	TTTTGCCTTTTTTTTTGCCTCC	-
ENSLCOT00000000582.1	1045	1057	11	Y	0.083	o5	0.17	-1	TCTTTATTCTTT	-
ENSLCOT00000000582.1	1063	1078	14	Y	0.067	o2	0.4	-1	CTGCTTTTCCCCTTT	-
ENSLCOT00000000582.1	1236	1249	12	Y	0.077	o5	0.31	-1	TCCTTATTCCTTT	-
ENSLCOT00000000582.1	1484	1503	15	Y	0.21	o2o16	0.32	-1	TTGCTCTCCTTTTCTTACT	-
ENSLCOT00000000582.1	24	39	12	R	0.2	o1o13	0.4	-1	ATAGAGGGAGAGACA	-
ENSLCOT00000000582.1	70	82	11	R	0.083	o10	0.75	-1	GGGGAGGGAGTG	-
ENSLCOT00000000582.1	190	230	31	R	0.22	o3o6o16o36	0.1	-1	AAATAATAAGAAAAAATAAGAAAGAAAAAAAGAAAATAAA	-
ENSLCOT00000000582.1	390	406	15	R	0.062	o12	0.38	-1	GGGAGAAGAAAACAAG	-
ENSLCOT00000000582.1	660	679	18	R	0.053	o7	0.42	-1	GAGGAAACAAAAGGGGAAG	-
ENSLCOT00000000582.1	950	964	13	R	0.071	o2	0.36	-1	GACAGAAGAGAGAA	-
ENSLCOT00000000582.1	1559	1579	18	R	0.1	o6o9	0.35	-1	AGAAAATAGTGAAAGAGAGG	-
ENSLCOT00000000582.1	60	83	13	M	0.43	o2o14o18	0.61	-1	GGCTGGGTTTGGGGAGGGAGTGT	-
ENSLCOT00000000582.1	154	171	16	M	0.059	o7	0.35	-1	GTGTGTTCTGTTGGTTT	-
ENSLCOT00000000582.1	1082	1118	27	M	0.25	o3o9o19o30	0.42	-1	GGTCTGGTGCTTGTTGGTTAGTTTGGTGTGATGGTT	-
ENSLCOT00000000582.1	1143	1156	12	M	0.077	o10	0.38	-1	GTTGTTTTGGATG	-
ENSLCOT00000000621.1	62	85	19	R	0.17	o1o12o19	0.48	-1	GCAGAGAGAGGGCAGAGGATAGA	-
ENSLCOT00000000621.1	123	135	11	R	0.083	o8	0.5	-1	AAGAGGAACGGG	-
ENSLCOT00000000621.1	301	318	11	R	0.35	o4o12	0.65	-1	GGAGCAGGGAGGTGGGA	-
ENSLCOT00000000621.1	564	576	11	R	0.083	o9	0.42	-1	AAGAAGAGGCAG	-
ENSLCOT00000000621.1	956	970	14	R	0		0.71	-1	GAGGGAGGGGGAAG	-
ENSLCOT00000000621.1	1093	1108	14	R	0.067	o3	0.73	-1	GAGCGGGGGAAGGGG	-
ENSLCOT00000000621.1	1120	1132	11	R	0.083	o3	0.75	-1	GAGCGGGGGGAG	-
ENSLCOT00000000621.1	96	109	12	M	0.077	o1	0.77	-1	TCGGGGTGGGGGG	-
ENSLCOT00000000621.1	220	233	12	M	0.077	o4	0.69	-1	TGGGAGGGTGTGG	-
ENSLCOT00000000729.1	344	357	12	Y	0.077	o8	0.38	-1	CTCTCTTTGCTCT	-
ENSLCOT00000000729.1	174	186	11	R	0.083	o5	0.42	-1	AAGAGTGAAGAG	-
ENSLCOT00000000729.1	378	390	11	R	0.083	o2	0.5	-1	GGTAGAGAGAAG	-
ENSLCOT00000000730.1	344	357	12	Y	0.077	o8	0.38	-1	CTCTCTTTGCTCT	-
ENSLCOT00000000730.1	645	670	18	Y	0.28	o3o10o20	0.44	-1	CCTGTTCTCTGCTTCCTTCCACCTT	-
ENSLCOT00000000730.1	982	1021	31	Y	0.21	o3o7o21o35	0.41	-1	TCCATCTGTCCTTTCTTCTCCATCCTTTCTTCTTCATCC	-
ENSLCOT00000000730.1	174	186	11	R	0.083	o5	0.42	-1	AAGAGTGAAGAG	-
ENSLCOT00000000730.1	378	390	11	R	0.083	o2	0.5	-1	GGTAGAGAGAAG	-
ENSLCOT00000000730.1	715	728	12	R	0.077	o5	0.31	-1	AGAAATAAGGAGA	-
ENSLCOT00000000954.1	84	97	12	Y	0.077	o4	0.46	-1	CTCTGCTCTTCCT	-
ENSLCOT00000000954.1	483	506	21	Y	0.087	o5o15	0.7	-1	TCCCCATCTCCCCCCACCTCCTC	-
ENSLCOT00000000954.1	559	576	16	Y	0.059	o2	0.71	-1	CCACCCTCTCTCCCTCC	-
ENSLCOT00000000954.1	654	666	11	Y	0.083	o9	0.75	-1	CCTCCTCCCACC	-
ENSLCOT00000000954.1	752	765	12	Y	0.077	o1	0.77	-1	CACCCCCTCTCCC	-
ENSLCOT00000000954.1	802	815	12	Y	0.077	o2	0.62	-1	TCATCTTCCCCCC	-
ENSLCOT00000000954.1	843	858	14	Y	0.067	o12	0.53	-1	TTCTCTTTCCCCACC	-
ENSLCOT00000000954.1	957	977	18	Y	0.1	o4o14	0.45	-1	TCTCGCCTCTTCCTGTCTCT	-
ENSLCOT00000000954.1	1232	1248	15	Y	0.062	o6	0.62	-1	CTCCCCATCCTTCCCT	-
ENSLCOT00000000954.1	1281	1296	14	Y	0.067	o5	0.73	-1	CCCCTGCCCCTTCCC	-
ENSLCOT00000000954.1	1611	1625	13	Y	0.071	o7	0.29	-1	CTTCTTTATTTTCC	-
ENSLCOT00000000954.1	1726	1738	11	Y	0.083	o2	0.58	-1	CTGTCCCCTCCT	-
ENSLCOT00000000954.1	1883	1905	20	Y	0.091	o1o12	0.36	-1	TGCTCCTTCCCTGTTTTTTTCC	-
ENSLCOT00000000954.1	1934	1947	12	Y	0.077	o3	0.54	-1	TCTGTCCCCCTTC	-
ENSLCOT00000000954.1	2094	2106	11	Y	0.083	o5	0.5	-1	TCCCTATTCCTC	-
ENSLCOT00000000954.1	1085	1106	19	R	0.095	o4o7	0.57	-1	GGAATGGCGAGGGAAGAGGAG	-
ENSLCOT00000000954.1	1386	1398	12	R	0		0.58	-1	GGAAGGAGAGGA	-
ENSLCOT00000000954.1	1465	1485	18	R	0.1	o2o6	0.5	-1	GATGGATGAGAGGAAGGAGA	-
ENSLCOT00000000954.1	1662	1682	18	R	0.1	o5o7	0.4	-1	AGAGGTACAGGAGAGGAAAA	-
ENSLCOT00000000954.1	357	371	13	M	0.071	o11	0.57	-1	TGGTGGTGGTGATG	-
ENSLCOT00000000954.1	2076	2093	13	M	0.24	o3o14	0.41	-1	GGGATTGTTTTTGGCTG	-
ENSLCOT00000000955.1	6	22	12	Y	0.25	o3o13	0.56	-1	CCTGCCTCCTTCTGCC	-
ENSLCOT00000000955.1	112	137	23	Y	0.08	o6o9	0.44	-1	CTCCTTGTTGCTCTCTCCTCCCTTT	-
ENSLCOT00000000955.1	196	210	13	Y	0.071	o6	0.57	-1	CTCTCCACCTTCCT	-
ENSLCOT00000000955.1	1156	1171	15	Y	0		0.73	-1	CCCTCCTTCCTCCCC	-
ENSLCOT00000000955.1	1633	1645	11	Y	0.083	o5	0.5	-1	TCTCCATCTCTC	-
ENSLCOT00000000955.1	2227	2239	11	Y	0.083	o5	0.42	-1	TCTCCATCCTTT	-
ENSLCOT00000000955.1	30	55	19	R	0.24	o3o13o19	0.4	-1	AAATAGGAGGGAACAGGAGCAGGAA	-
ENSLCOT00000000955.1	78	109	28	R	0.097	o8o12o22	0.58	-1	AGGAGAGGCAGGCAGGGAGGGACAGAGGGAG	-
ENSLCOT00000000955.1	170	182	11	R	0.083	o6	0.58	-1	GAGGAATGGGGA	-
ENSLCOT00000000955.1	309	322	12	R	0.077	o6	0.46	-1	AGAGAATGAAGGG	-
ENSLCOT00000000955.1	697	717	18	R	0.1	o14o16	0.35	-1	AGAGGAGAAGAAGACATAGA	-
ENSLCOT00000000955.1	1215	1227	11	R	0.083	o6	0.5	-1	AGGGAATGGAGA	-
ENSLCOT00000000955.1	1300	1314	13	R	0.071	o7	0.43	-1	GAGGAAACAGAGGA	-
ENSLCOT00000000955.1	1802	1815	12	R	0.077	o6	0.62	-1	AGGGGGCAGAGGA	-
ENSLCOT00000000955.1	1981	2004	21	R	0.087	o10o16	0.61	-1	GGGGGGGGAACAGGAGCAGGAGA	-
ENSLCOT00000000955.1	525	548	18	M	0.22	o4o8o20	0.61	-1	GGGTATTGAGGGGGGGTTGGCTG	-
ENSLCOT00000000955.1	957	970	12	M	0.077	o6	0.69	-1	GGGTGGAGTGGTG	-
ENSLCOT00000000955.1	1409	1423	13	M	0.071	o6	0.64	-1	TGGGGGCTGTGGGT	-
ENSLCOT00000000955.1	1977	1989	11	M	0.083	o1	0.67	-1	TCTTGGGGGGGG	-
ENSLCOT00000000983.1	76	91	14	R	0.067	o1	0.6	-1	GTGGAGGAAGAGGAG	-
ENSLCOT00000000983.1	218	233	14	R	0.067	o10	0.4	-1	GAAAGGAAGACGAGA	-
ENSLCOT00000000983.1	281	293	11	M	0.083	o6	0.58	-1	GTGGTTAGGGTG	-
ENSLCOT00000000988.1	361	374	12	Y	0.077	o3	0.31	-1	TTTGTCTTTTCCC	-
ENSLCOT00000000988.1	523	536	12	Y	0.077	o2	0.31	-1	TTGTCTCTTCTCT	-
ENSLCOT00000000988.1	985	997	11	Y	0.083	o3	0.42	-1	TTTACTTCCCCT	-
ENSLCOT00000000988.1	1075	1089	13	Y	0.071	o6	0.29	-1	CTTCTTACTTTTCT	-
ENSLCOT00000000988.1	1190	1204	11	Y	0.21	o1o12	0.43	-1	CATCTCTCCTTCAT	-
ENSLCOT00000000988.1	207	220	12	R	0.077	o4	0.38	-1	AAGATGGAAAGGA	-
ENSLCOT00000000988.1	554	570	15	R	0.062	o13	0.12	-1	AAAAAGAGAAAAACAA	-
ENSLCOT00000000988.1	714	726	11	R	0.083	o7	0.25	-1	AAGAAAATGAGA	-
ENSLCOT00000000988.1	1120	1133	12	R	0.077	o9	0.54	-1	GGAAGGGGATAGA	-
ENSLCOT00000000988.1	246	260	13	M	0.071	o3	0.36	-1	TTGCTGGTTTTGTG	-
ENSLCOT00000000988.1	305	317	11	M	0.083	o8	0.33	-1	TGGTTTGGCTTT	-
ENSLCOT00000000988.1	345	371	19	M	0.27	o1o8o21	0.15	-1	TATGTTTTATTTGTTGTTTGTCTTTT	-
ENSLCOT00000000988.1	688	714	11	M	0.58	o2o12o16	0.19	-1	GGATTGTTTGTGATTTATTTTTTTTT	-
ENSLCOT00000000988.1	853	869	13	M	0.19	o2o14	0.25	-1	TTATTTGTGTTTGTAG	-
ENSLCOT00000000988.1	1088	1100	11	M	0.083	o2	0.42	-1	TGCTGTTTTGGG	-
ENSLCOT00000000988.1	1280	1297	16	M	0.059	o6	0.12	-1	TGTTTGATTTTTTTTTT	-
ENSLCOT00000000989.1	267	296	20	Y	0.31	o1o16o22	0.31	-1	TGTCTCTTTTTCTCTCACTTCTGCTCTTT	-
ENSLCOT00000000989.1	516	535	11	Y	0.42	o3o12	0.58	-1	CCTACCTCTCCTGCCTCCT	-
ENSLCOT00000000989.1	111	123	11	R	0.083	o7	0.33	-1	GAGGAAACAGAA	-
ENSLCOT00000000989.1	142	154	11	R	0.083	o5	0.5	-1	AGAGACAGAGGG	-
ENSLCOT00000000989.1	196	212	15	R	0.062	o6	0.31	-1	GGAAGATAGAAAAAGA	-
ENSLCOT00000000989.1	446	470	22	R	0.083	o16o18	0.46	-1	GAGAAGAGAAGGGAAATGCAGGAG	-
ENSLCOT00000000989.1	561	574	12	R	0.077	o6	0.46	-1	GAAGGGCAAGAGA	-
ENSLCOT00000000989.1	158	175	13	M	0.24	o4o14	0.24	-1	TGTTCTTGTTTGTTCTG	-
ENSLCOT00000000989.1	641	668	27	M	0		0.22	-1	TGGTTTTGGTTGTTTGTTTTTTTTTTT	-
ENSLCOT00000000990.1	267	296	20	Y	0.31	o1o16o22	0.31	-1	TGTCTCTTTTTCTCTCACTTCTGCTCTTT	-
ENSLCOT00000000990.1	111	123	11	R	0.083	o7	0.33	-1	GAGGAAACAGAA	-
ENSLCOT00000000990.1	142	154	11	R	0.083	o5	0.5	-1	AGAGACAGAGGG	-
ENSLCOT00000000990.1	196	212	15	R	0.062	o6	0.31	-1	GGAAGATAGAAAAAGA	-
ENSLCOT00000000990.1	158	175	13	M	0.24	o4o14	0.24	-1	TGTTCTTGTTTGTTCTG	-
ENSLCOT00000000991.1	267	296	20	Y	0.31	o1o16o22	0.31	-1	TGTCTCTTTTTCTCTCACTTCTGCTCTTT	-
ENSLCOT00000000991.1	111	123	11	R	0.083	o7	0.33	-1	GAGGAAACAGAA	-
ENSLCOT00000000991.1	142	154	11	R	0.083	o5	0.5	-1	AGAGACAGAGGG	-
ENSLCOT00000000991.1	196	212	15	R	0.062	o6	0.31	-1	GGAAGATAGAAAAAGA	-
ENSLCOT00000000991.1	158	175	13	M	0.24	o4o14	0.24	-1	TGTTCTTGTTTGTTCTG	-
ENSLCOT00000000992.1	267	296	20	Y	0.31	o1o16o22	0.31	-1	TGTCTCTTTTTCTCTCACTTCTGCTCTTT	-
ENSLCOT00000000992.1	111	123	11	R	0.083	o7	0.33	-1	GAGGAAACAGAA	-
ENSLCOT00000000992.1	142	154	11	R	0.083	o5	0.5	-1	AGAGACAGAGGG	-
ENSLCOT00000000992.1	196	212	15	R	0.062	o6	0.31	-1	GGAAGATAGAAAAAGA	-
ENSLCOT00000000992.1	404	416	11	R	0.083	o4	0.42	-1	GGGACAAGGAAA	-
ENSLCOT00000000992.1	158	175	13	M	0.24	o4o14	0.24	-1	TGTTCTTGTTTGTTCTG	-
ENSLCOT00000000992.1	448	462	13	M	0.071	o8	0.43	-1	TTGTTGGGATGTTG	-
ENSLCOT00000000993.1	267	296	20	Y	0.31	o1o16o22	0.31	-1	TGTCTCTTTTTCTCTCACTTCTGCTCTTT	-
ENSLCOT00000000993.1	111	123	11	R	0.083	o7	0.33	-1	GAGGAAACAGAA	-
ENSLCOT00000000993.1	142	154	11	R	0.083	o5	0.5	-1	AGAGACAGAGGG	-
ENSLCOT00000000993.1	196	212	15	R	0.062	o6	0.31	-1	GGAAGATAGAAAAAGA	-
ENSLCOT00000000993.1	158	175	13	M	0.24	o4o14	0.24	-1	TGTTCTTGTTTGTTCTG	-
ENSLCOT00000001086.1	167	179	11	Y	0.083	o2	0.17	-1	TTATTTCTTTCT	-
ENSLCOT00000001086.1	365	377	11	Y	0.083	o7	0.5	-1	CCCTTCTATTCC	-
ENSLCOT00000001086.1	440	454	13	Y	0.071	o2	0.36	-1	TTGTTCTTCCTCTC	-
ENSLCOT00000001086.1	705	750	31	Y	0.31	o1o9o15o35o37	0.27	-1	TATCTTTCTACTCTTATCCTTCCTTTCTTTTCCTTATATTTTCTT	-
ENSLCOT00000001086.1	218	233	14	R	0.067	o13	0.33	-1	GGGAAAAAAAGAATG	-
ENSLCOT00000001086.1	151	163	11	M	0.083	o4	0.42	-1	TTGGAGTTGTGT	-
ENSLCOT00000001086.1	591	607	15	M	0.062	o12	0.38	-1	GTGTTTTGTGGGCTTT	-
ENSLCOT00000001108.1	341	354	12	Y	0.077	o9	0.38	-1	CCTCCTTTCATTT	-
ENSLCOT00000001108.1	378	397	12	Y	0.37	o4o13	0.58	-1	TCCTACCCCTTCCATCTCC	-
ENSLCOT00000001108.1	503	515	11	Y	0.083	o8	0.25	-1	CTTTTTCTGTCT	-
ENSLCOT00000001108.1	763	780	12	Y	0.29	o4o13	0.24	-1	TCTTGTTCTCTTCGTTT	-
ENSLCOT00000001108.1	906	918	12	Y	0		0.42	-1	CCTCTTTTTCCT	-
ENSLCOT00000001108.1	936	970	21	Y	0.38	o1o7o23o29	0.5	-1	TACTTCCATTCTCCTCTCCCTTCATCTCCACTCC	-
ENSLCOT00000001108.1	38	57	19	R	0		0.53	-1	GGGAAAGGGAGGGGAAAAA	-
ENSLCOT00000001108.1	783	800	12	R	0.29	o3o12	0.35	-1	AGATGGAGAAGGTAAAA	-
ENSLCOT00000001108.1	1023	1045	20	R	0.091	o1o6	0.59	-1	GCAGGGTGGGGAGGAGAAGAAG	-
ENSLCOT00000001108.1	1185	1198	12	R	0.077	o7	0.46	-1	GGGAAGGCAGAAA	-
ENSLCOT00000001108.1	1313	1328	12	R	0.2	o1o13	0.53	-1	GTGAGGAAGGGGATA	-
ENSLCOT00000001108.1	1339	1355	15	R	0.062	o4	0.56	-1	AAAGTGGGAGGAGAGG	-
ENSLCOT00000001108.1	1357	1369	11	R	0.083	o7	0.5	-1	GGAGAAGCAGAG	-
ENSLCOT00000001108.1	274	333	31	M	0.47	o2o7o27o37o49	0.32	-1	TGAGTTGAGGTTTGTGTTTGTTTGGTTCGGTTTGGGGCGGTTTTTTTGTCTTTTTTTTT	-
ENSLCOT00000001108.1	366	379	13	M	0		0.38	-1	TGGTTTTGTGTGT	-
ENSLCOT00000001157.1	259	275	15	Y	0.062	o3	0.69	-1	CTCACCCCTCTCTCCC	-
ENSLCOT00000001157.1	36	54	17	R	0.056	o12	0.72	-1	GGGGAGAGGGGGTGGGAA	-
ENSLCOT00000001157.1	202	214	11	R	0.083	o8	0.42	-1	GGAGAAGGCAAA	-
ENSLCOT00000001157.1	157	173	15	M	0.062	o3	0.62	-1	GGTCGTGGTGGGTTGG	-
ENSLCOT00000001182.1	489	504	12	R	0.2	o1o12	0.33	-1	ATAAAGGAGAAGTGA	-
ENSLCOT00000001182.1	785	798	12	R	0.077	o9	0.54	-1	AGGGAAGGATGGA	-
ENSLCOT00000001182.1	956	968	11	R	0.083	o4	0.58	-1	GAGATGGAAGGG	-
ENSLCOT00000001182.1	1108	1121	12	R	0.077	o5	0.31	-1	GAAAACAGGAAGA	-
ENSLCOT00000001262.1	130	144	11	Y	0.21	o1o12	0.36	-1	TATCCCCTTCTTGT	-
ENSLCOT00000001262.1	665	677	11	Y	0.083	o4	0.42	-1	CTTCGTTTCTCC	-
ENSLCOT00000001262.1	829	843	13	Y	0.071	o3	0.21	-1	CTTATTTCTCTTTT	-
ENSLCOT00000001262.1	1018	1030	11	Y	0.083	o4	0.5	-1	CCCTGCTTTTCC	-
ENSLCOT00000001262.1	15	29	13	R	0.071	o4	0.36	-1	AGGATAAGGGAAAA	-
ENSLCOT00000001262.1	75	88	12	R	0.077	o3	0.46	-1	AGACAGAGAGAGG	-
ENSLCOT00000001262.1	334	357	18	R	0.22	o2o5o21	0.43	-1	GGCAACAAGAGGGAAGGAGGATA	-
ENSLCOT00000001262.1	763	775	11	R	0.083	o4	0.5	-1	GGGGCAGAGAAA	-
ENSLCOT00000001311.1	31	46	15	M	0		0.27	-1	TTTTGTGTTTGTGTT	-
ENSLCOT00000001312.1	8	26	17	Y	0.056	o14	0.17	-1	TTTTTTTTTTTTCCATCT	-
ENSLCOT00000001312.1	86	98	11	M	0.083	o5	0.33	-1	TTTGGATGTTGT	-
ENSLCOT00000001324.1	89	104	14	Y	0.067	o13	0.47	-1	TTTTCCCTCCCTTGC	-
ENSLCOT00000001324.1	19	31	11	R	0.083	o7	0.67	-1	AGGGGGGCGGAA	-
ENSLCOT00000001324.1	153	170	16	R	0.059	o9	0.41	-1	AAAGAAGAGCGAGAAGG	-
ENSLCOT00000001324.1	175	194	19	R	0		0.42	-1	AAGGGGAAGAAAGGAAAAG	-
ENSLCOT00000001324.1	202	219	13	R	0.24	o2o14	0.41	-1	GGCAAGGAGGGAAACAA	-
ENSLCOT00000001324.1	225	237	11	R	0.083	o6	0.33	-1	AGAAAACGGAGA	-
ENSLCOT00000001324.1	439	483	30	R	0.32	o10o18o31o40	0.77	-1	GGGGGGAGGGTGGAGGGGTGGGGGGGGGGGGCAGGGGGGGCAAA	-
ENSLCOT00000001324.1	421	470	28	M	0.43	o1o4o24o31	0.65	-1	GCTTCGTTGTTGTGTTTTGGGGGGAGGGTGGAGGGGTGGGGGGGGGGGG	-
ENSLCOT00000001405.1	143	156	12	Y	0.077	o5	0.46	-1	CTTCTGCCCTTCT	-
ENSLCOT00000001405.1	304	318	13	Y	0.071	o5	0.36	-1	TCTCTGTTTCCTTC	-
ENSLCOT00000001405.1	1085	1100	15	Y	0		0.4	-1	CCTTCTTTTCTCCTT	-
ENSLCOT00000001405.1	1310	1322	11	Y	0.083	o9	0.33	-1	TTTCTCCTTGTC	-
ENSLCOT00000001405.1	1	13	11	R	0.083	o5	0.42	-1	AGAAGCAGAAGG	-
ENSLCOT00000001405.1	173	215	31	R	0.26	o1o4o20o26o35	0.4	-1	ACAGCGGAAGAAGAAGAAAATGGAAGTGAAGGAAGCAAGGGG	-
ENSLCOT00000001405.1	248	263	14	R	0.067	o5	0.4	-1	AAGAATGGAAGAAGG	-
ENSLCOT00000001405.1	366	409	33	R	0.23	o31	0.4	-1	GGAAAAAAGGAGAGGAGGAAGAGGAAGAAAATGAAGAAAGAGA	-
ENSLCOT00000001405.1	507	521	13	R	0.071	o4	0.43	-1	AAAGCGAAGGGAGA	-
ENSLCOT00000001405.1	536	568	29	R	0.094	o2o25o28	0.47	-1	AGTGAGAGGAAGAGGAGAAGAGGAACAGTGAG	-
ENSLCOT00000001405.1	587	607	18	R	0.1	o7o16	0.5	-1	GAGAGAACGGAGAGAGTGAG	-
ENSLCOT00000001405.1	893	912	12	R	0.37	o5o16	0.37	-1	AGAGACAAGGGGAGAATAA	-
ENSLCOT00000001405.1	1336	1349	12	R	0.077	o1	0.46	-1	ATGGAGGAGAGAA	-
ENSLCOT00000001405.1	620	633	12	M	0.077	o2	0.54	-1	GGAGGTGGTTTTG	-
ENSLCOT00000001437.1	27	39	11	Y	0.083	o5	0.33	-1	CTCTTGCCTTTT	-
ENSLCOT00000001437.1	222	235	12	Y	0.077	o4	0.38	-1	TTTTACCTTCCCT	-
ENSLCOT00000001437.1	889	942	19	Y	0.64	o3o9o21o27o37o40	0.45	-1	CTTGCCTCCACCCCTTTTTCTACTCCCGCTTTTTCCTGCCGTCTTTCTCTCTC	-
ENSLCOT00000001437.1	1084	1105	20	Y	0.048	o8	0.52	-1	CCCTTCTTGCTCCTCTCCCTT	-
ENSLCOT00000001437.1	441	456	15	R	0		0.47	-1	AGAAGGAAGAAGGGA	-
ENSLCOT00000001437.1	497	509	11	R	0.083	o7	0.33	-1	AAGGAGGCAAAA	-
ENSLCOT00000001437.1	566	592	21	R	0.19	o2o8o22	0.38	-1	GGTGAAAGCAAGAGAAAGGAGATAGA	-
ENSLCOT00000001437.1	717	750	30	R	0.091	o11o25o30	0.39	-1	AAGAAAGAAGACAAAGAGGAGAAGGTGAGATGG	-
ENSLCOT00000001437.1	1182	1199	16	R	0.059	o6	0.24	-1	GAAAAACAGAAGAGAAA	-
ENSLCOT00000001437.1	321	333	11	M	0.083	o1	0.58	-1	GCTGGGGGTTTG	-
ENSLCOT00000001437.1	1199	1212	12	M	0.077	o9	0.46	-1	TTTGTGGTGAGTG	-
ENSLCOT00000001437.1	1450	1466	15	M	0.062	o9	0.56	-1	TGGTGTGTGCTGTGGG	-
