# Sequence-ID	Start	End	Score	Motif	Error-rate	Errors	Guanine-rate	Duplicates	TFO	Duplicate locations
ENSLCOT00000000003.1	338	357	15	Y	0.21	o4	0.58	0	TCTCaCCCCTCTCTCTCCT	-
ENSLCOT00000000003.1	437	456	15	Y	0.21	o4	0.58	0	TCTCaCCCCTCTCTCTCCT	-
ENSLCOT00000000003.1	516	535	15	Y	0.21	o4	0.58	0	TCTCaCCCCTCTCTCTCCT	-
ENSLCOT00000000003.1	29	45	16	M	0		0.5	0	GGGTGTTTTTTGGGGT	-
ENSLCOT00000000003.1	49	65	15	M	0.062	o6	0.56	0	GGGTGGaTTTTGGGGT	-
ENSLCOT00000000003.1	128	146	16	M	0.11	o16	0.5	0	GGGTGGTTTTTGGGGTcT	-
ENSLCOT00000000003.1	148	164	15	M	0.062	o2	0.56	0	GGaTGGGTTTTGGGGT	-
ENSLCOT00000000003.1	168	184	16	M	0		0.62	0	GGGTGGGTTTTGGGGT	-
ENSLCOT00000000003.1	188	204	15	M	0.062	o11	0.5	0	GGGTGGTTTTTaGGGT	-
ENSLCOT00000000003.1	208	226	16	M	0.11	o16	0.5	0	GGGTGGTTTTTGGGGTcT	-
ENSLCOT00000000003.1	228	244	16	M	0		0.5	0	GGGTGTTTTTTGGGGT	-
ENSLCOT00000000003.1	248	264	15	M	0.062	o2	0.62	0	GGaTGGTTTGGGGGGT	-
ENSLCOT00000000003.1	268	284	15	M	0.062	o6	0.56	0	GGGTGGaTTTTGGGGT	-
ENSLCOT00000000003.1	288	304	16	M	0		0.5	0	GGGTGTTTTTTGGGGT	-
ENSLCOT00000000003.1	308	324	15	M	0.062	o6	0.56	0	GGGTGGaTTTTGGGGT	-
ENSLCOT00000000003.1	368	384	15	M	0.062	o6	0.56	0	GGGTGGaTTTTGGGGT	-
ENSLCOT00000000003.1	388	404	16	M	0		0.56	0	GGGTGGTTTTTGGGGT	-
ENSLCOT00000000003.1	408	426	16	M	0.11	o16	0.5	0	GGGTGGTTTTTGGGGTcT	-
ENSLCOT00000000003.1	467	485	16	M	0.11	o16	0.5	0	GGGTGGTTTTTGGGGTcT	-
ENSLCOT00000000003.1	546	564	16	M	0.11	o16	0.5	0	GGGTGGTTTTTGGGGTcT	-
ENSLCOT00000000003.1	566	582	15	M	0.062	o6	0.56	0	GGGTGGaTTTTGGGGT	-
ENSLCOT00000000003.1	605	622	16	M	0.059		0.53	0	GGGTGGTTTTTTGGGGT	-
ENSLCOT00000000003.1	625	642	15	M	0.12	o9	0.53	0	GGGGTGTTTaTTGGGGT	-
ENSLCOT00000000010.1	256	285	26	Y	0.1	o3o10	0.69	0	CCCaCCCCCCgCCCCTTTCTCCCTCCTTC	-
ENSLCOT00000000010.1	36	95	16	M	0.73	o16o17o43o46	0.59	0	GGTTGTGGGTGGGGGTaaTTTGTGGGTGGGGTTGTGGGTGTGGcTGaGTGTGGGTGTGG	-
ENSLCOT00000000010.1	98	114	15	M	0.062	o3	0.62	0	TGGcTTGTGGGTGGGG	-
ENSLCOT00000000010.1	174	202	16	M	0.43	o26	0.61	0	GTGGGTGGGGTTGTTTGTGGGTGGGGcT	-
ENSLCOT00000000046.1	991	1007	15	Y	0.062	o1	0.5	0	CaTTCTCCCTTTCCTC	-
ENSLCOT00000000102.1	275	303	24	M	0.14	o13o14	0.5	0	GGTTTTGGGGTGTccTGGTTTTGGGGTG	-
ENSLCOT00000000102.1	365	381	15	M	0.062	o2	0.56	0	GGaTTTTGGGGGGTTG	-
ENSLCOT00000000102.1	651	668	16	M	0.059		0.53	0	GTGTTGGGTTTTTGGGG	-
ENSLCOT00000000102.1	822	839	15	M	0.12	o4	0.53	0	GTGTcGGGTTTTTGGGG	-
ENSLCOT00000000120.1	395	411	15	R	0.062	o10	0.5	0	AGGAGGAGAAcGAGAG	-
ENSLCOT00000000120.1	728	761	24	M	0.27	o2o4o30o31	0.61	0	GGcTcTGGGGGGGTGTGTGGGGGGGTTGTGccT	-
ENSLCOT00000000142.1	404	423	15	M	0.21	o4	0.63	0	TTGGaGGGGGGTTTGGGGT	-
ENSLCOT00000000142.1	613	629	15	M	0.062	o9	0.69	0	GTTTTGGGGcGGGGGG	-
ENSLCOT00000000142.1	1025	1042	15	M	0.12	o5	0.47	0	TGTTGaGGTTGGTTGGT	-
ENSLCOT00000000182.1	145	162	15	R	0.12	o5	0.65	0	AGGGGcAGGAGGAGGAG	-
ENSLCOT00000000188.1	801	817	15	Y	0.062	o5	0.56	0	TTCCCgCTCCTTTCCC	-
ENSLCOT00000000188.1	566	582	15	M	0.062	o5	0.69	0	GGGGGaTTTGGGGGGT	-
ENSLCOT00000000235.1	33	81	23	Y	0.52	o3o12o27	0.48	0	CTCaCTTTTCCCaTCTTTCCCCCTCCCaTTCCTCCTTTCTTTTTTCCC	-
ENSLCOT00000000242.1	588	610	17	R	0.23	o18	0.5	0	GAGAGGAGAGAAGAGAGGcAGA	-
ENSLCOT00000000242.1	503	534	26	R	0.16	o24o25	0.45	0	AAAGGGGGAAAAAAAGAGAGGGGGttGAAAG	-
ENSLCOT00000000271.1	776	799	15	R	0.35	o1o16	0.57	0	GcAGGAGGAAGAGAAGcAGGGGG	-
ENSLCOT00000000271.1	1209	1226	15	R	0.12	o11	0.59	0	AGAGGGAGGGGcAGGAA	-
ENSLCOT00000000271.1	259	275	15	M	0.062	o9	0.69	0	TGTGGTGTGaGGGGGG	-
ENSLCOT00000000271.1	1247	1263	15	M	0.062	o9	0.62	0	TTGTGTGGGaGGGTGG	-
ENSLCOT00000000337.1	959	975	15	R	0.062	o4	0.5	0	AGGAtGGGAAGAGAGA	-
ENSLCOT00000000350.1	421	455	24	Y	0.29	o6o13	0.5	0	CCTCCTgCCTTTCaCCTTTTTCCTCCTCCTCCTT	-
ENSLCOT00000000350.1	253	272	15	R	0.21	o12	0.53	0	GGAGGAGGAGAAcAAGGAG	-
ENSLCOT00000000350.1	772	793	15	R	0.29	o4o16	0.62	0	AGGGcGAGGGAGGGGAcAGGA	-
ENSLCOT00000000350.1	160	176	15	M	0.062	o11	0.69	0	GGTGGTGGTGGcGGTG	-
ENSLCOT00000000350.1	554	574	15	M	0.25	o9	0.7	0	TGGTGGGGTcTGGGGGTGGG	-
ENSLCOT00000000572.1	134	153	15	Y	0.21	o9	0.58	0	TCCCTCCTTgCCCCTTCTC	-
ENSLCOT00000000572.1	566	582	15	R	0.062	o4	0.62	0	AGGAcGAGGAGGGGGA	-
ENSLCOT00000000572.1	706	724	15	R	0.17	o6	0.5	0	AAGGGGtAAAAAAGGGGG	-
ENSLCOT00000000572.1	684	700	15	R	0.062	o8	0.69	0	GGGAAAGGtGAGGGGG	-
ENSLCOT00000000621.1	64	81	15	R	0.12	o10	0.53	0	AGAGAGAGGGcAGAGGA	-
ENSLCOT00000000730.1	991	1007	15	Y	0.062	o12	0.5	0	CCTTTCTTCTCCaTCC	-
ENSLCOT00000000954.1	489	505	15	Y	0.062	o9	0.69	0	TCTCCCCCCaCCTCCT	-
ENSLCOT00000000954.1	559	576	15	Y	0.12	o2	0.71	0	CCaCCCTCTCTCCCTCC	-
ENSLCOT00000000954.1	1232	1248	15	Y	0.062	o6	0.62	0	CTCCCCaTCCTTCCCT	-
ENSLCOT00000000954.1	1090	1106	15	R	0.062	o2	0.62	0	GGcGAGGGAAGAGGAG	-
ENSLCOT00000000954.1	1468	1485	15	R	0.12	o3	0.53	0	GGAtGAGAGGAAGGAGA	-
ENSLCOT00000000955.1	119	136	15	Y	0.12	o2	0.47	0	TTgCTCTCTCCTCCCTT	-
ENSLCOT00000000955.1	91	109	15	R	0.17	o9	0.61	0	AGGGAGGGAcAGAGGGAG	-
ENSLCOT00000000955.1	1981	1997	15	R	0.062	o10	0.69	0	GGGGGGGGAAcAGGAG	-
ENSLCOT00000001108.1	938	970	15	Y	0.53	o5o21o27	0.53	0	CTTCCaTTCTCCTCTCCCTTCaTCTCCaCTCC	-
ENSLCOT00000001108.1	38	57	18	R	0.053		0.53	0	GGGAAAGGGAGGGGAAAAA	-
ENSLCOT00000001108.1	1025	1045	16	R	0.2	o4	0.6	0	AGGGtGGGGAGGAGAAGAAG	-
ENSLCOT00000001108.1	1339	1355	15	R	0.062	o4	0.56	0	AAAGtGGGAGGAGAGG	-
ENSLCOT00000001108.1	293	318	17	M	0.32	o8o18	0.44	0	GTTTGGTTcGGTTTGGGGcGGTTTT	-
ENSLCOT00000001157.1	259	275	15	Y	0.062	o3	0.69	0	CTCaCCCCTCTCTCCC	-
ENSLCOT00000001157.1	38	54	15	R	0.062	o10	0.69	0	GGAGAGGGGGtGGGAA	-
ENSLCOT00000001157.1	157	173	15	M	0.062	o3	0.62	0	GGTcGTGGTGGGTTGG	-
ENSLCOT00000001262.1	338	357	15	R	0.21	o1o17	0.42	0	AcAAGAGGGAAGGAGGAtA	-
ENSLCOT00000001324.1	423	463	24	M	0.4	o2o22o29	0.6	0	TTcGTTGTTGTGTTTTGGGGGGaGGGTGGaGGGGTGGGGG	-
ENSLCOT00000001405.1	366	396	22	R	0.27		0.43	0	GGAAAAAAGGAGAGGAGGAAGAGGAAGAAA	-
ENSLCOT00000001405.1	587	603	15	R	0.062	o7	0.5	0	GAGAGAAcGGAGAGAG	-
ENSLCOT00000001405.1	536	561	18	R	0.28	o2	0.48	0	AGtGAGAGGAAGAGGAGAAGAGGAA	-
ENSLCOT00000001437.1	893	916	15	Y	0.35	o5o17	0.57	0	CCTCCaCCCCTTTTTCTaCTCCC	-
ENSLCOT00000001437.1	1084	1105	15	Y	0.29	o8	0.52	0	CCCTTCTTgCTCCTCTCCCTT	-
ENSLCOT00000001437.1	730	747	15	R	0.12	o12	0.47	0	AAGAGGAGAAGGtGAGA	-
ENSLCOT00000001437.1	1450	1466	15	M	0.062	o9	0.56	0	TGGTGTGTGcTGTGGG	-
