# Sequence-ID	Start	End	Score	Motif	Error-rate	Errors	Guanine-rate	Duplicates	TFO	Duplicate locations
ENSLCOT00000000003.1	338	357	18	Y	0.053	o4	0.58	0	TCTCACCCCTCTCTCTCCT	-
ENSLCOT00000000003.1	437	456	18	Y	0.053	o4	0.58	0	TCTCACCCCTCTCTCTCCT	-
ENSLCOT00000000003.1	516	535	18	Y	0.053	o4	0.58	0	TCTCACCCCTCTCTCTCCT	-
ENSLCOT00000000003.1	29	45	16	M	0		0.5	0	GGGTGTTTTTTGGGGT	-
ENSLCOT00000000003.1	49	65	15	M	0.062	o6	0.56	0	GGGTGGATTTTGGGGT	-
ENSLCOT00000000003.1	128	146	17	M	0.056	o16	0.5	0	GGGTGGTTTTTGGGGTCT	-
ENSLCOT00000000003.1	148	164	15	M	0.062	o2	0.56	0	GGATGGGTTTTGGGGT	-
ENSLCOT00000000003.1	168	184	16	M	0		0.62	0	GGGTGGGTTTTGGGGT	-
ENSLCOT00000000003.1	188	204	15	M	0.062	o11	0.5	0	GGGTGGTTTTTAGGGT	-
ENSLCOT00000000003.1	208	226	17	M	0.056	o16	0.5	0	GGGTGGTTTTTGGGGTCT	-
ENSLCOT00000000003.1	228	244	16	M	0		0.5	0	GGGTGTTTTTTGGGGT	-
ENSLCOT00000000003.1	248	264	15	M	0.062	o2	0.62	0	GGATGGTTTGGGGGGT	-
ENSLCOT00000000003.1	268	284	15	M	0.062	o6	0.56	0	GGGTGGATTTTGGGGT	-
ENSLCOT00000000003.1	288	304	16	M	0		0.5	0	GGGTGTTTTTTGGGGT	-
ENSLCOT00000000003.1	308	324	15	M	0.062	o6	0.56	0	GGGTGGATTTTGGGGT	-
ENSLCOT00000000003.1	368	384	15	M	0.062	o6	0.56	0	GGGTGGATTTTGGGGT	-
ENSLCOT00000000003.1	388	404	16	M	0		0.56	0	GGGTGGTTTTTGGGGT	-
ENSLCOT00000000003.1	408	426	17	M	0.056	o16	0.5	0	GGGTGGTTTTTGGGGTCT	-
ENSLCOT00000000003.1	467	485	17	M	0.056	o16	0.5	0	GGGTGGTTTTTGGGGTCT	-
ENSLCOT00000000003.1	546	564	17	M	0.056	o16	0.5	0	GGGTGGTTTTTGGGGTCT	-
ENSLCOT00000000003.1	566	582	15	M	0.062	o6	0.56	0	GGGTGGATTTTGGGGT	-
ENSLCOT00000000003.1	605	622	17	M	0		0.53	0	GGGTGGTTTTTTGGGGT	-
ENSLCOT00000000003.1	625	642	16	M	0.059	o9	0.53	0	GGGGTGTTTATTGGGGT	-
ENSLCOT00000000010.1	256	285	27	Y	0.069	o3o10	0.69	0	CCCACCCCCCGCCCCTTTCTCCCTCCTTC	-
ENSLCOT00000000010.1	36	95	28	M	0.53	o16o17o43o46	0.59	0	GGTTGTGGGTGGGGGTAATTTGTGGGTGGGGTTGTGGGTGTGGCTGAGTGTGGGTGTGG	-
ENSLCOT00000000010.1	98	114	15	M	0.062	o3	0.62	0	TGGCTTGTGGGTGGGG	-
ENSLCOT00000000010.1	174	202	27	M	0.036	o26	0.61	0	GTGGGTGGGGTTGTTTGTGGGTGGGGCT	-
ENSLCOT00000000046.1	991	1007	15	Y	0.062	o1	0.5	0	CATTCTCCCTTTCCTC	-
ENSLCOT00000000102.1	275	303	26	M	0.071	o13o14	0.5	0	GGTTTTGGGGTGTCCTGGTTTTGGGGTG	-
ENSLCOT00000000102.1	365	381	15	M	0.062	o2	0.56	0	GGATTTTGGGGGGTTG	-
ENSLCOT00000000102.1	651	668	17	M	0		0.53	0	GTGTTGGGTTTTTGGGG	-
ENSLCOT00000000102.1	822	839	16	M	0.059	o4	0.53	0	GTGTCGGGTTTTTGGGG	-
ENSLCOT00000000120.1	395	411	15	R	0.062	o10	0.5	0	AGGAGGAGAACGAGAG	-
ENSLCOT00000000120.1	728	761	28	M	0.15	o2o4o30o31	0.61	0	GGCTCTGGGGGGGTGTGTGGGGGGGTTGTGCCT	-
ENSLCOT00000000142.1	404	423	18	M	0.053	o4	0.63	0	TTGGAGGGGGGTTTGGGGT	-
ENSLCOT00000000142.1	613	629	15	M	0.062	o9	0.69	0	GTTTTGGGGCGGGGGG	-
ENSLCOT00000000142.1	1025	1042	15	M	0.12	o5	0.47	0	TGTTGAGGTTGGTTGGT	-
ENSLCOT00000000182.1	145	162	16	R	0.059	o5	0.65	0	AGGGGCAGGAGGAGGAG	-
ENSLCOT00000000188.1	801	817	15	Y	0.062	o5	0.56	0	TTCCCGCTCCTTTCCC	-
ENSLCOT00000000188.1	566	582	15	M	0.062	o5	0.69	0	GGGGGATTTGGGGGGT	-
ENSLCOT00000000235.1	33	81	25	Y	0.48	o3o12o27	0.48	0	CTCACTTTTCCCATCTTTCCCCCTCCCATTCCTCCTTTCTTTTTTCCC	-
ENSLCOT00000000242.1	588	610	21	R	0.045	o18	0.5	0	GAGAGGAGAGAAGAGAGGCAGA	-
ENSLCOT00000000242.1	503	534	26	R	0.16	o24o25	0.45	0	AAAGGGGGAAAAAAAGAGAGGGGGTTGAAAG	-
ENSLCOT00000000271.1	776	799	20	R	0.13	o1o16	0.57	0	GCAGGAGGAAGAGAAGCAGGGGG	-
ENSLCOT00000000271.1	1209	1226	16	R	0.059	o11	0.59	0	AGAGGGAGGGGCAGGAA	-
ENSLCOT00000000271.1	259	275	15	M	0.062	o9	0.69	0	TGTGGTGTGAGGGGGG	-
ENSLCOT00000000271.1	1247	1263	15	M	0.062	o9	0.62	0	TTGTGTGGGAGGGTGG	-
ENSLCOT00000000337.1	959	975	15	R	0.062	o4	0.5	0	AGGATGGGAAGAGAGA	-
ENSLCOT00000000350.1	421	455	28	Y	0.18	o6o13	0.5	0	CCTCCTGCCTTTCACCTTTTTCCTCCTCCTCCTT	-
ENSLCOT00000000350.1	253	272	18	R	0.053	o12	0.53	0	GGAGGAGGAGAACAAGGAG	-
ENSLCOT00000000350.1	772	793	15	R	0.29	o4o16	0.62	0	AGGGCGAGGGAGGGGACAGGA	-
ENSLCOT00000000350.1	160	176	15	M	0.062	o11	0.69	0	GGTGGTGGTGGCGGTG	-
ENSLCOT00000000350.1	554	574	19	M	0.05	o9	0.7	0	TGGTGGGGTCTGGGGGTGGG	-
ENSLCOT00000000572.1	134	153	18	Y	0.053	o9	0.58	0	TCCCTCCTTGCCCCTTCTC	-
ENSLCOT00000000572.1	566	582	15	R	0.062	o4	0.62	0	AGGACGAGGAGGGGGA	-
ENSLCOT00000000572.1	706	724	17	R	0.056	o6	0.5	0	AAGGGGTAAAAAAGGGGG	-
ENSLCOT00000000572.1	684	700	15	R	0.062	o8	0.69	0	GGGAAAGGTGAGGGGG	-
ENSLCOT00000000621.1	64	81	16	R	0.059	o10	0.53	0	AGAGAGAGGGCAGAGGA	-
ENSLCOT00000000730.1	991	1007	15	Y	0.062	o12	0.5	0	CCTTTCTTCTCCATCC	-
ENSLCOT00000000954.1	489	505	15	Y	0.062	o9	0.69	0	TCTCCCCCCACCTCCT	-
ENSLCOT00000000954.1	559	576	15	Y	0.12	o2	0.71	0	CCACCCTCTCTCCCTCC	-
ENSLCOT00000000954.1	1232	1248	15	Y	0.062	o6	0.62	0	CTCCCCATCCTTCCCT	-
ENSLCOT00000000954.1	1090	1106	15	R	0.062	o2	0.62	0	GGCGAGGGAAGAGGAG	-
ENSLCOT00000000954.1	1468	1485	16	R	0.059	o3	0.53	0	GGATGAGAGGAAGGAGA	-
ENSLCOT00000000955.1	119	136	15	Y	0.12	o2	0.47	0	TTGCTCTCTCCTCCCTT	-
ENSLCOT00000000955.1	91	109	17	R	0.056	o9	0.61	0	AGGGAGGGACAGAGGGAG	-
ENSLCOT00000000955.1	1981	1997	15	R	0.062	o10	0.69	0	GGGGGGGGAACAGGAG	-
ENSLCOT00000001108.1	938	970	25	Y	0.22	o5o21o27	0.53	0	CTTCCATTCTCCTCTCCCTTCATCTCCACTCC	-
ENSLCOT00000001108.1	38	57	19	R	0		0.53	0	GGGAAAGGGAGGGGAAAAA	-
ENSLCOT00000001108.1	1025	1045	19	R	0.05	o4	0.6	0	AGGGTGGGGAGGAGAAGAAG	-
ENSLCOT00000001108.1	1339	1355	15	R	0.062	o4	0.56	0	AAAGTGGGAGGAGAGG	-
ENSLCOT00000001108.1	293	318	17	M	0.32	o8o18	0.44	0	GTTTGGTTCGGTTTGGGGCGGTTTT	-
ENSLCOT00000001157.1	259	275	15	Y	0.062	o3	0.69	0	CTCACCCCTCTCTCCC	-
ENSLCOT00000001157.1	38	54	15	R	0.062	o10	0.69	0	GGAGAGGGGGTGGGAA	-
ENSLCOT00000001157.1	157	173	15	M	0.062	o3	0.62	0	GGTCGTGGTGGGTTGG	-
ENSLCOT00000001262.1	338	357	15	R	0.21	o1o17	0.42	0	ACAAGAGGGAAGGAGGATA	-
ENSLCOT00000001324.1	423	463	27	M	0.32	o2o22o29	0.6	0	TTCGTTGTTGTGTTTTGGGGGGAGGGTGGAGGGGTGGGGG	-
ENSLCOT00000001405.1	366	396	22	R	0.27		0.43	0	GGAAAAAAGGAGAGGAGGAAGAGGAAGAAA	-
ENSLCOT00000001405.1	587	603	15	R	0.062	o7	0.5	0	GAGAGAACGGAGAGAG	-
ENSLCOT00000001405.1	536	561	23	R	0.08	o2	0.48	0	AGTGAGAGGAAGAGGAGAAGAGGAA	-
ENSLCOT00000001437.1	893	916	16	Y	0.3	o5o17	0.57	0	CCTCCACCCCTTTTTCTACTCCC	-
ENSLCOT00000001437.1	1084	1105	20	Y	0.048	o8	0.52	0	CCCTTCTTGCTCCTCTCCCTT	-
ENSLCOT00000001437.1	730	747	15	R	0.12	o12	0.47	0	AAGAGGAGAAGGTGAGA	-
ENSLCOT00000001437.1	1450	1466	15	M	0.062	o9	0.56	0	TGGTGTGTGCTGTGGG	-
