# Sequence-ID	Start	End	Score	Motif	Error-rate	Errors	Guanine-rate	Duplicates	TFO	Duplicate locations
ENSLCOT00000000003.1	77	91	14	Y	0		0.71	0	TCTCCCCCCTCTCC	-
ENSLCOT00000000003.1	78	92	14	Y	0		0.79	0	CTCCCCCCTCTCCC	-
ENSLCOT00000000003.1	79	93	14	Y	0		0.79	0	TCCCCCCTCTCCCC	-
ENSLCOT00000000003.1	80	94	14	Y	0		0.86	0	CCCCCCTCTCCCCC	-
ENSLCOT00000000003.1	81	95	14	Y	0		0.86	0	CCCCCTCTCCCCCC	-
ENSLCOT00000000003.1	82	96	14	Y	0		0.86	0	CCCCTCTCCCCCCC	-
ENSLCOT00000000003.1	343	357	14	Y	0		0.64	0	CCCCTCTCTCTCCT	-
ENSLCOT00000000003.1	442	456	14	Y	0		0.64	0	CCCCTCTCTCTCCT	-
ENSLCOT00000000003.1	521	535	14	Y	0		0.64	0	CCCCTCTCTCTCCT	-
ENSLCOT00000000003.1	654	664	10	Y	0		0.7	2	TCTCTCCCCC	-
ENSLCOT00000000003.1	717	731	14	Y	0		0.86	0	CCCCTCCCCCCCTC	-
ENSLCOT00000000003.1	718	732	14	Y	0		0.86	0	CCCTCCCCCCCTCC	-
ENSLCOT00000000003.1	719	733	14	Y	0		0.86	0	CCTCCCCCCCTCCC	-
ENSLCOT00000000003.1	29	43	14	M	0		0.5	0	GGGTGTTTTTTGGG	-
ENSLCOT00000000003.1	30	44	14	M	0		0.5	0	GGTGTTTTTTGGGG	-
ENSLCOT00000000003.1	31	45	14	M	0		0.43	0	GTGTTTTTTGGGGT	-
ENSLCOT00000000003.1	113	124	11	M	0		0.64	0	GTTTGGGGGGT	-
ENSLCOT00000000003.1	128	142	14	M	0		0.57	0	GGGTGGTTTTTGGG	-
ENSLCOT00000000003.1	129	143	14	M	0		0.57	0	GGTGGTTTTTGGGG	-
ENSLCOT00000000003.1	130	144	14	M	0		0.5	0	GTGGTTTTTGGGGT	-
ENSLCOT00000000003.1	151	164	13	M	0		0.54	0	TGGGTTTTGGGGT	-
ENSLCOT00000000003.1	168	182	14	M	0		0.64	0	GGGTGGGTTTTGGG	-
ENSLCOT00000000003.1	169	183	14	M	0		0.64	0	GGTGGGTTTTGGGG	-
ENSLCOT00000000003.1	170	184	14	M	0		0.57	0	GTGGGTTTTGGGGT	-
ENSLCOT00000000003.1	188	199	11	M	0		0.45	0	GGGTGGTTTTT	-
ENSLCOT00000000003.1	208	222	14	M	0		0.57	0	GGGTGGTTTTTGGG	-
ENSLCOT00000000003.1	209	223	14	M	0		0.57	0	GGTGGTTTTTGGGG	-
ENSLCOT00000000003.1	210	224	14	M	0		0.5	0	GTGGTTTTTGGGGT	-
ENSLCOT00000000003.1	228	242	14	M	0		0.5	0	GGGTGTTTTTTGGG	-
ENSLCOT00000000003.1	229	243	14	M	0		0.5	0	GGTGTTTTTTGGGG	-
ENSLCOT00000000003.1	230	244	14	M	0		0.43	0	GTGTTTTTTGGGGT	-
ENSLCOT00000000003.1	251	264	13	M	0		0.62	0	TGGTTTGGGGGGT	-
ENSLCOT00000000003.1	288	302	14	M	0		0.5	0	GGGTGTTTTTTGGG	-
ENSLCOT00000000003.1	289	303	14	M	0		0.5	0	GGTGTTTTTTGGGG	-
ENSLCOT00000000003.1	290	304	14	M	0		0.43	0	GTGTTTTTTGGGGT	-
ENSLCOT00000000003.1	388	402	14	M	0		0.57	0	GGGTGGTTTTTGGG	-
ENSLCOT00000000003.1	389	403	14	M	0		0.57	0	GGTGGTTTTTGGGG	-
ENSLCOT00000000003.1	390	404	14	M	0		0.5	0	GTGGTTTTTGGGGT	-
ENSLCOT00000000003.1	408	422	14	M	0		0.57	0	GGGTGGTTTTTGGG	-
ENSLCOT00000000003.1	409	423	14	M	0		0.57	0	GGTGGTTTTTGGGG	-
ENSLCOT00000000003.1	410	424	14	M	0		0.5	0	GTGGTTTTTGGGGT	-
ENSLCOT00000000003.1	467	481	14	M	0		0.57	0	GGGTGGTTTTTGGG	-
ENSLCOT00000000003.1	468	482	14	M	0		0.57	0	GGTGGTTTTTGGGG	-
ENSLCOT00000000003.1	469	483	14	M	0		0.5	0	GTGGTTTTTGGGGT	-
ENSLCOT00000000003.1	507	517	10	M	0		0.8	2	GTGGGGGGGT	-
ENSLCOT00000000003.1	546	560	14	M	0		0.57	0	GGGTGGTTTTTGGG	-
ENSLCOT00000000003.1	547	561	14	M	0		0.57	0	GGTGGTTTTTGGGG	-
ENSLCOT00000000003.1	548	562	14	M	0		0.5	0	GTGGTTTTTGGGGT	-
ENSLCOT00000000003.1	586	600	14	M	0		0.57	0	GGGTGTTTTTGGGG	-
ENSLCOT00000000003.1	587	601	14	M	0		0.5	0	GGTGTTTTTGGGGT	-
ENSLCOT00000000003.1	605	619	14	M	0		0.5	0	GGGTGGTTTTTTGG	-
ENSLCOT00000000003.1	606	620	14	M	0		0.5	0	GGTGGTTTTTTGGG	-
ENSLCOT00000000003.1	607	621	14	M	0		0.5	0	GTGGTTTTTTGGGG	-
ENSLCOT00000000003.1	608	622	14	M	0		0.43	0	TGGTTTTTTGGGGT	-
ENSLCOT00000000003.1	697	707	10	M	0		0.9	1	GGGGGGGGGT	-
ENSLCOT00000000010.1	267	281	14	Y	0		0.64	0	CCCCTTTCTCCCTC	-
ENSLCOT00000000010.1	268	282	14	Y	0		0.64	0	CCCTTTCTCCCTCC	-
ENSLCOT00000000010.1	269	283	14	Y	0		0.57	0	CCTTTCTCCCTCCT	-
ENSLCOT00000000010.1	270	284	14	Y	0		0.5	0	CTTTCTCCCTCCTT	-
ENSLCOT00000000010.1	271	285	14	Y	0		0.5	0	TTTCTCCCTCCTTC	-
ENSLCOT00000000010.1	921	931	10	Y	0		0.6	0	CTTCTCCCTC	-
ENSLCOT00000000010.1	685	696	11	R	0		0.82	0	GGGGGGAGGGA	-
ENSLCOT00000000010.1	20	32	12	M	0		0.75	1	GGTGGGTGGGGT	-
ENSLCOT00000000010.1	36	50	14	M	0		0.71	0	GGTTGTGGGTGGGG	-
ENSLCOT00000000010.1	37	51	14	M	0		0.71	0	GTTGTGGGTGGGGG	-
ENSLCOT00000000010.1	38	52	14	M	0		0.64	0	TTGTGGGTGGGGGT	-
ENSLCOT00000000010.1	54	68	14	M	0		0.57	0	TTTGTGGGTGGGGT	-
ENSLCOT00000000010.1	55	69	14	M	0		0.57	0	TTGTGGGTGGGGTT	-
ENSLCOT00000000010.1	56	70	14	M	0		0.64	0	TGTGGGTGGGGTTG	-
ENSLCOT00000000010.1	57	71	14	M	0		0.64	0	GTGGGTGGGGTTGT	-
ENSLCOT00000000010.1	58	72	14	M	0		0.64	0	TGGGTGGGGTTGTG	-
ENSLCOT00000000010.1	59	73	14	M	0		0.71	0	GGGTGGGGTTGTGG	-
ENSLCOT00000000010.1	60	74	14	M	0		0.71	0	GGTGGGGTTGTGGG	-
ENSLCOT00000000010.1	61	75	14	M	0		0.64	0	GTGGGGTTGTGGGT	-
ENSLCOT00000000010.1	62	76	14	M	0		0.64	0	TGGGGTTGTGGGTG	-
ENSLCOT00000000010.1	63	77	14	M	0		0.64	0	GGGGTTGTGGGTGT	-
ENSLCOT00000000010.1	64	78	14	M	0		0.64	0	GGGTTGTGGGTGTG	-
ENSLCOT00000000010.1	65	79	14	M	0		0.64	0	GGTTGTGGGTGTGG	-
ENSLCOT00000000010.1	83	95	12	M	0		0.67	0	GTGTGGGTGTGG	-
ENSLCOT00000000010.1	102	114	12	M	0		0.67	0	TTGTGGGTGGGG	-
ENSLCOT00000000010.1	137	149	12	M	0		0.75	0	TGGTGGGTGGGG	-
ENSLCOT00000000010.1	174	188	14	M	0		0.64	0	GTGGGTGGGGTTGT	-
ENSLCOT00000000010.1	175	189	14	M	0		0.57	0	TGGGTGGGGTTGTT	-
ENSLCOT00000000010.1	176	190	14	M	0		0.57	0	GGGTGGGGTTGTTT	-
ENSLCOT00000000010.1	177	191	14	M	0		0.57	0	GGTGGGGTTGTTTG	-
ENSLCOT00000000010.1	178	192	14	M	0		0.5	0	GTGGGGTTGTTTGT	-
ENSLCOT00000000010.1	179	193	14	M	0		0.5	0	TGGGGTTGTTTGTG	-
ENSLCOT00000000010.1	180	194	14	M	0		0.57	0	GGGGTTGTTTGTGG	-
ENSLCOT00000000010.1	181	195	14	M	0		0.57	0	GGGTTGTTTGTGGG	-
ENSLCOT00000000010.1	182	196	14	M	0		0.5	0	GGTTGTTTGTGGGT	-
ENSLCOT00000000010.1	183	197	14	M	0		0.5	0	GTTGTTTGTGGGTG	-
ENSLCOT00000000010.1	184	198	14	M	0		0.5	0	TTGTTTGTGGGTGG	-
ENSLCOT00000000010.1	185	199	14	M	0		0.57	0	TGTTTGTGGGTGGG	-
ENSLCOT00000000010.1	186	200	14	M	0		0.64	0	GTTTGTGGGTGGGG	-
ENSLCOT00000000010.1	341	351	10	M	0		0.7	1	GGTTTGGGGG	-
ENSLCOT00000000010.1	632	643	11	M	0		0.73	0	TTTGGGGGGGG	-
ENSLCOT00000000046.1	712	726	14	Y	0		0.43	1	TCTTTTTTTCCCCC	-
ENSLCOT00000000046.1	713	727	14	Y	0		0.5	0	CTTTTTTTCCCCCC	-
ENSLCOT00000000046.1	993	1007	14	Y	0		0.5	0	TTCTCCCTTTCCTC	-
ENSLCOT00000000046.1	1009	1022	13	Y	0		0.38	0	TTCTTCCTCTCTT	-
ENSLCOT00000000046.1	692	702	10	R	0		0.4	0	AAGAAAAGGG	-
ENSLCOT00000000046.1	871	884	13	R	0		0.23	0	AAAAGGAAAGAAA	-
ENSLCOT00000000046.1	699	710	11	M	0		0.45	0	GGGTTTTGTTG	-
ENSLCOT00000000046.1	777	789	12	M	0		0.25	0	TTTTTTTGTTGG	-
ENSLCOT00000000055.1	152	162	10	R	0		0.4	0	GGAGAGAAAA	-
ENSLCOT00000000102.1	985	997	12	Y	0		0.42	0	CCCCTTTTTTTC	-
ENSLCOT00000000102.1	2	13	11	M	0		0.55	0	GTTTTGGGGGT	-
ENSLCOT00000000102.1	20	32	12	M	0		0.5	0	GTTTTGGGGTGT	-
ENSLCOT00000000102.1	61	74	13	M	0		0.54	0	GGTTTTGGGGTGT	-
ENSLCOT00000000102.1	77	90	13	M	0		0.54	0	GGTTTTGGGGTGT	-
ENSLCOT00000000102.1	119	131	12	M	0		0.42	0	TTTTTGGGGTGT	-
ENSLCOT00000000102.1	133	147	14	M	0		0.5	0	TGGTTTTGGGGTGT	-
ENSLCOT00000000102.1	176	189	13	M	0		0.46	0	GGTTTTGGGTTGT	-
ENSLCOT00000000102.1	201	214	13	M	0		0.38	0	TTTTTTGGGGTGT	-
ENSLCOT00000000102.1	217	231	14	M	0		0.5	0	GGTTTTTGGGGTGT	-
ENSLCOT00000000102.1	233	247	14	M	0		0.5	0	TGGTTTTGGGGTGT	-
ENSLCOT00000000102.1	275	288	13	M	0		0.54	0	GGTTTTGGGGTGT	-
ENSLCOT00000000102.1	290	304	14	M	0		0.5	0	TGGTTTTGGGGTGT	-
ENSLCOT00000000102.1	316	328	12	M	0		0.5	0	TTTTTGGGGGGT	-
ENSLCOT00000000102.1	368	381	13	M	0		0.54	0	TTTTGGGGGGTTG	-
ENSLCOT00000000102.1	399	413	14	M	0		0.5	0	TTTTTTGGGGGGGT	-
ENSLCOT00000000102.1	420	432	12	M	0		0.5	0	GTTTTGGGGTGT	-
ENSLCOT00000000102.1	462	474	12	M	0		0.42	0	TTTTTGGGGTGT	-
ENSLCOT00000000102.1	477	491	14	M	0		0.57	0	GGTTTTGGGGGTGT	-
ENSLCOT00000000102.1	521	532	11	M	0		0.55	0	TTTTGGGGGGT	-
ENSLCOT00000000102.1	552	564	12	M	0		0.5	0	GTTTTGGGGTGT	-
ENSLCOT00000000102.1	567	581	14	M	0		0.57	0	GGTTTTGGGGGTGT	-
ENSLCOT00000000102.1	592	605	13	M	0		0.38	0	GTTTTTTGGGGTT	-
ENSLCOT00000000102.1	612	623	11	M	0		0.55	0	TTTTGGGGGGT	-
ENSLCOT00000000102.1	651	665	14	M	0		0.43	0	GTGTTGGGTTTTTG	-
ENSLCOT00000000102.1	652	666	14	M	0		0.43	0	TGTTGGGTTTTTGG	-
ENSLCOT00000000102.1	653	667	14	M	0		0.5	0	GTTGGGTTTTTGGG	-
ENSLCOT00000000102.1	654	668	14	M	0		0.5	0	TTGGGTTTTTGGGG	-
ENSLCOT00000000102.1	760	771	11	M	0		0.45	1	TTTTTGGGGTG	-
ENSLCOT00000000102.1	783	794	11	M	0		0.45	0	TTTTGGGGTGT	-
ENSLCOT00000000102.1	827	839	12	M	0		0.58	0	GGGTTTTTGGGG	-
ENSLCOT00000000102.1	1094	1104	10	M	0		0.3	0	TTTTTTGGGT	-
ENSLCOT00000000102.1	1126	1138	12	M	0		0.5	0	GTTTTTGGGGTG	-
ENSLCOT00000000102.1	1142	1154	12	M	0		0.5	0	GTTTTTGGGGTG	-
ENSLCOT00000000118.1	332	343	11	Y	0		0.18	0	TTTTTCCTTTT	-
ENSLCOT00000000118.1	344	355	11	Y	0		0.27	0	CTTTCCTTTTT	-
ENSLCOT00000000118.1	390	403	13	R	0		0.38	0	AAAAAGAGGAGGA	-
ENSLCOT00000000118.1	517	529	12	R	0		0.5	0	AAGGAGAGGAAG	-
ENSLCOT00000000120.1	127	138	11	R	0		0.45	0	AAGAGGAGGAA	-
ENSLCOT00000000120.1	373	385	12	R	0		0.58	0	GAGGAGAAGGAG	-
ENSLCOT00000000120.1	394	405	11	R	0		0.45	0	AAGGAGGAGAA	-
ENSLCOT00000000120.1	48	59	11	M	0		0.73	1	GTGGGTGGGTG	-
ENSLCOT00000000120.1	733	747	14	M	0		0.71	0	TGGGGGGGTGTGTG	-
ENSLCOT00000000120.1	734	748	14	M	0		0.79	0	GGGGGGGTGTGTGG	-
ENSLCOT00000000120.1	735	749	14	M	0		0.79	0	GGGGGGTGTGTGGG	-
ENSLCOT00000000120.1	736	750	14	M	0		0.79	0	GGGGGTGTGTGGGG	-
ENSLCOT00000000120.1	737	751	14	M	0		0.79	0	GGGGTGTGTGGGGG	-
ENSLCOT00000000120.1	738	752	14	M	0		0.79	0	GGGTGTGTGGGGGG	-
ENSLCOT00000000120.1	739	753	14	M	0		0.79	0	GGTGTGTGGGGGGG	-
ENSLCOT00000000120.1	740	754	14	M	0		0.71	0	GTGTGTGGGGGGGT	-
ENSLCOT00000000120.1	741	755	14	M	0		0.64	0	TGTGTGGGGGGGTT	-
ENSLCOT00000000120.1	742	756	14	M	0		0.71	0	GTGTGGGGGGGTTG	-
ENSLCOT00000000120.1	743	757	14	M	0		0.64	0	TGTGGGGGGGTTGT	-
ENSLCOT00000000120.1	744	758	14	M	0		0.71	0	GTGGGGGGGTTGTG	-
ENSLCOT00000000120.1	802	812	10	M	0		0.6	0	TGGGGTTTGG	-
ENSLCOT00000000128.1	47	58	11	R	0		0.36	0	GAAAGAAGAAG	-
ENSLCOT00000000128.1	106	117	11	R	0		0.45	0	AGAAGGAAGAG	-
ENSLCOT00000000128.1	218	230	12	R	0		0.25	0	AGAAGAAAAAAG	-
ENSLCOT00000000128.1	439	449	10	R	0		0.5	1	AAGGGGAGAA	-
ENSLCOT00000000128.1	494	504	10	R	0		0.5	1	GAGGAGGAAA	-
ENSLCOT00000000128.1	683	693	10	R	0		0.4	0	GAAGGAGAAA	-
ENSLCOT00000000128.1	988	999	11	R	0		0.45	0	AGGAGGAAGAA	-
ENSLCOT00000000128.1	972	985	13	R	0		0.38	0	GAAGAAAAGGAAG	-
ENSLCOT00000000128.1	1188	1198	10	M	0		0.3	0	GGTTTTTTGT	-
ENSLCOT00000000142.1	461	473	12	Y	0		0.58	0	TTTCTTCCCCCC	-
ENSLCOT00000000142.1	530	541	11	Y	0		0.73	0	TCCCTCCCCTC	-
ENSLCOT00000000142.1	965	979	14	Y	0		0.79	0	CTCCCCTCCCTCCC	-
ENSLCOT00000000142.1	966	980	14	Y	0		0.79	0	TCCCCTCCCTCCCC	-
ENSLCOT00000000142.1	967	981	14	Y	0		0.79	0	CCCCTCCCTCCCCT	-
ENSLCOT00000000142.1	250	262	12	M	0		0.75	0	TGGGGGGGGTTG	-
ENSLCOT00000000142.1	409	423	14	M	0		0.71	0	GGGGGGTTTGGGGT	-
ENSLCOT00000000142.1	1031	1042	11	M	0		0.55	0	GGTTGGTTGGT	-
ENSLCOT00000000142.1	1087	1097	10	M	0		0.8	0	GGGGGGTGGT	-
ENSLCOT00000000182.1	151	162	11	R	0		0.64	1	AGGAGGAGGAG	-
ENSLCOT00000000188.1	807	817	10	Y	0		0.6	0	CTCCTTTCCC	-
ENSLCOT00000000188.1	426	436	10	R	0		0.6	0	AGGAGGAGAG	-
ENSLCOT00000000188.1	468	482	14	R	0		0.86	0	GGGGGGGGGGAAGG	-
ENSLCOT00000000188.1	467	481	14	R	0		0.86	0	GGGGGGGGGGGAAG	-
ENSLCOT00000000188.1	466	480	14	R	0		0.86	0	GGGGGGGGGGGGAA	-
ENSLCOT00000000188.1	561	572	11	R	0		0.64	0	GGAAAGGGGGA	-
ENSLCOT00000000188.1	464	478	14	M	0		0.86	0	TTGGGGGGGGGGGG	-
ENSLCOT00000000188.1	489	501	12	M	0		0.58	0	GTTTTTGGGGGG	-
ENSLCOT00000000188.1	542	552	10	M	0		0.8	1	TGGGGGGGGT	-
ENSLCOT00000000235.1	46	60	14	Y	0		0.64	0	TCTTTCCCCCTCCC	-
ENSLCOT00000000235.1	61	75	14	Y	0		0.36	0	TTCCTCCTTTCTTT	-
ENSLCOT00000000235.1	62	76	14	Y	0		0.36	0	TCCTCCTTTCTTTT	-
ENSLCOT00000000235.1	63	77	14	Y	0		0.36	0	CCTCCTTTCTTTTT	-
ENSLCOT00000000235.1	64	78	14	Y	0		0.29	0	CTCCTTTCTTTTTT	-
ENSLCOT00000000235.1	65	79	14	Y	0		0.29	0	TCCTTTCTTTTTTC	-
ENSLCOT00000000235.1	66	80	14	Y	0		0.36	0	CCTTTCTTTTTTCC	-
ENSLCOT00000000235.1	67	81	14	Y	0		0.36	0	CTTTCTTTTTTCCC	-
ENSLCOT00000000235.1	143	154	11	Y	0		0.45	0	TCCCTTTTCCT	-
ENSLCOT00000000235.1	380	392	12	Y	0		0.67	0	CCTTCCCTTCCC	-
ENSLCOT00000000235.1	270	280	10	R	0		0.4	0	AAGGAGAAGA	-
ENSLCOT00000000235.1	318	329	11	M	0		0.73	1	GTGGGTGGGTG	-
ENSLCOT00000000240.1	125	135	10	Y	0		0.4	1	TCCTTTTCCT	-
ENSLCOT00000000240.1	1294	1306	12	Y	0		0.17	0	TTCTCTTTTTTT	-
ENSLCOT00000000240.1	308	318	10	R	0		0.7	1	GGGAGGGAAG	-
ENSLCOT00000000240.1	344	358	14	R	0		0.29	0	AGAGGAAAGAAAAA	-
ENSLCOT00000000240.1	343	357	14	R	0		0.36	0	GAGAGGAAAGAAAA	-
ENSLCOT00000000240.1	342	356	14	R	0		0.43	0	GGAGAGGAAAGAAA	-
ENSLCOT00000000240.1	341	355	14	R	0		0.43	0	AGGAGAGGAAAGAA	-
ENSLCOT00000000240.1	340	354	14	R	0		0.5	0	GAGGAGAGGAAAGA	-
ENSLCOT00000000240.1	541	551	10	R	0		0.8	1	GGGGAGGAGG	-
ENSLCOT00000000240.1	675	685	10	M	0		0.5	1	GGTGGTGTTT	-
ENSLCOT00000000240.1	1388	1398	10	M	0		0.3	0	GTTTTGTGTT	-
ENSLCOT00000000242.1	47	58	11	Y	0		0.55	0	CCCTCTTTCCT	-
ENSLCOT00000000242.1	450	462	12	R	0		0.42	0	AAGAGAGAGAAG	-
ENSLCOT00000000242.1	513	527	14	R	0		0.5	0	AAAAAGAGAGGGGG	-
ENSLCOT00000000242.1	512	526	14	R	0		0.43	0	AAAAAAGAGAGGGG	-
ENSLCOT00000000242.1	511	525	14	R	0		0.36	0	AAAAAAAGAGAGGG	-
ENSLCOT00000000242.1	510	524	14	R	0		0.36	0	GAAAAAAAGAGAGG	-
ENSLCOT00000000242.1	509	523	14	R	0		0.36	0	GGAAAAAAAGAGAG	-
ENSLCOT00000000242.1	508	522	14	R	0		0.36	0	GGGAAAAAAAGAGA	-
ENSLCOT00000000242.1	507	521	14	R	0		0.43	0	GGGGAAAAAAAGAG	-
ENSLCOT00000000242.1	506	520	14	R	0		0.43	1	GGGGGAAAAAAAGA	-
ENSLCOT00000000242.1	505	519	14	R	0		0.43	0	AGGGGGAAAAAAAG	-
ENSLCOT00000000242.1	504	518	14	R	0		0.36	0	AAGGGGGAAAAAAA	-
ENSLCOT00000000242.1	503	517	14	R	0		0.36	0	AAAGGGGGAAAAAA	-
ENSLCOT00000000242.1	502	516	14	R	0		0.36	0	AAAAGGGGGAAAAA	-
ENSLCOT00000000242.1	501	515	14	R	0		0.36	0	AAAAAGGGGGAAAA	-
ENSLCOT00000000242.1	500	514	14	R	0		0.43	0	GAAAAAGGGGGAAA	-
ENSLCOT00000000242.1	529	541	12	R	0		0.25	0	GAAAGAAAAAGA	-
ENSLCOT00000000242.1	566	580	14	R	0		0.29	0	GAGAAAAAAGAAAG	-
ENSLCOT00000000242.1	565	579	14	R	0		0.21	0	AGAGAAAAAAGAAA	-
ENSLCOT00000000242.1	564	578	14	R	0		0.29	0	GAGAGAAAAAAGAA	-
ENSLCOT00000000242.1	563	577	14	R	0		0.29	0	AGAGAGAAAAAAGA	-
ENSLCOT00000000242.1	562	576	14	R	0		0.29	0	AAGAGAGAAAAAAG	-
ENSLCOT00000000242.1	592	606	14	R	0		0.57	0	GGAGAGAAGAGAGG	-
ENSLCOT00000000242.1	591	605	14	R	0		0.5	0	AGGAGAGAAGAGAG	-
ENSLCOT00000000242.1	590	604	14	R	0		0.5	0	GAGGAGAGAAGAGA	-
ENSLCOT00000000242.1	589	603	14	R	0		0.5	0	AGAGGAGAGAAGAG	-
ENSLCOT00000000242.1	588	602	14	R	0		0.5	0	GAGAGGAGAGAAGA	-
ENSLCOT00000000271.1	569	579	10	Y	0		0.5	1	CTTCTTCCCT	-
ENSLCOT00000000271.1	699	709	10	Y	0		0.5	0	TTTCCCTCTC	-
ENSLCOT00000000271.1	1048	1062	14	Y	0		0.64	0	CTCCCTTCCTCCTC	-
ENSLCOT00000000271.1	1049	1063	14	Y	0		0.64	0	TCCCTTCCTCCTCC	-
ENSLCOT00000000271.1	1077	1087	10	Y	0		0.5	0	CTCTCCCTTT	-
ENSLCOT00000000271.1	1330	1340	10	Y	0		0.4	0	TTTTCTCCCT	-
ENSLCOT00000000271.1	178	190	12	R	0		0.5	0	AGGAAGGAGGAA	-
ENSLCOT00000000271.1	267	277	10	R	0		0.7	0	GAGGGGGGAA	-
ENSLCOT00000000271.1	341	355	14	R	0		0.5	0	GGGGAGAAGAAAGA	-
ENSLCOT00000000271.1	778	792	14	R	0		0.5	0	AGGAGGAAGAGAAG	-
ENSLCOT00000000271.1	1209	1220	11	R	0		0.73	0	AGAGGGAGGGG	-
ENSLCOT00000000271.1	1160	1171	11	M	0		0.55	0	TGGGTTTGGGT	-
ENSLCOT00000000337.1	426	436	10	Y	0		0.5	0	TCTTCCCTCT	-
ENSLCOT00000000337.1	964	975	11	R	0		0.55	0	GGGAAGAGAGA	-
ENSLCOT00000000350.1	435	449	14	Y	0		0.5	0	CCTTTTTCCTCCTC	-
ENSLCOT00000000350.1	436	450	14	Y	0		0.5	0	CTTTTTCCTCCTCC	-
ENSLCOT00000000350.1	437	451	14	Y	0		0.43	0	TTTTTCCTCCTCCT	-
ENSLCOT00000000350.1	438	452	14	Y	0		0.5	0	TTTTCCTCCTCCTC	-
ENSLCOT00000000350.1	439	453	14	Y	0		0.57	0	TTTCCTCCTCCTCC	-
ENSLCOT00000000350.1	440	454	14	Y	0		0.57	0	TTCCTCCTCCTCCT	-
ENSLCOT00000000350.1	441	455	14	Y	0		0.57	0	TCCTCCTCCTCCTT	-
ENSLCOT00000000350.1	253	265	12	R	0		0.58	0	GGAGGAGGAGAA	-
ENSLCOT00000000350.1	524	538	14	R	0		0.79	0	GGGGGGAGGAGGGA	-
ENSLCOT00000000350.1	777	788	11	R	0		0.73	1	GAGGGAGGGGA	-
ENSLCOT00000000350.1	160	171	11	M	0		0.73	0	GGTGGTGGTGG	-
ENSLCOT00000000350.1	519	530	11	M	0		0.82	1	GGTGTGGGGGG	-
ENSLCOT00000000350.1	564	574	10	M	0		0.8	2	TGGGGGTGGG	-
ENSLCOT00000000363.1	796	806	10	Y	0		0.7	1	TCCCCTCTCC	-
ENSLCOT00000000363.1	1094	1104	10	Y	0		0.6	0	CCCCTCTTCT	-
ENSLCOT00000000363.1	61	72	11	R	0		0.82	1	GAGGGGGGGAG	-
ENSLCOT00000000363.1	1297	1307	10	M	0		0.7	0	GGTGGTGGGT	-
ENSLCOT00000000543.1	261	271	10	Y	0		0.9	1	CCCCCCCCCT	-
ENSLCOT00000000543.1	352	363	11	R	0		0.36	2	GAAGAAGAAGA	-
ENSLCOT00000000572.1	223	233	10	R	0		0.8	1	GGGGAAGGGG	-
ENSLCOT00000000572.1	367	377	10	R	0		0.8	1	GGGGAAGGGG	-
ENSLCOT00000000572.1	571	582	11	R	0		0.73	0	GAGGAGGGGGA	-
ENSLCOT00000000572.1	713	724	11	R	0		0.45	0	AAAAAAGGGGG	-
ENSLCOT00000000576.1	281	292	11	Y	0		0.45	0	CTTCCTTCTCT	-
ENSLCOT00000000576.1	145	156	11	R	0		0.55	0	GGAAGGAAAGG	-
ENSLCOT00000000576.1	239	249	10	R	0		0.4	0	GAAGGAAAGA	-
ENSLCOT00000000576.1	310	320	10	R	0		0.5	1	AGGGAAGAAG	-
ENSLCOT00000000576.1	390	402	12	R	0		0.58	0	GAAAGGGGGAAG	-
ENSLCOT00000000576.1	474	485	11	R	0		0.45	0	GGAAAGAGAAG	-
ENSLCOT00000000576.1	495	508	13	R	0		0.38	0	AGAAGAGAAGAAG	-
ENSLCOT00000000577.1	83	95	12	R	0		0.5	1	GGAAGAAAGGAG	-
ENSLCOT00000000577.1	163	176	13	R	0		0.31	1	AAGAAGAAAAAGG	-
ENSLCOT00000000577.1	148	160	12	M	0		0.42	1	TGGTGGTTTTTG	-
ENSLCOT00000000578.1	83	95	12	R	0		0.5	1	GGAAGAAAGGAG	-
ENSLCOT00000000578.1	163	176	13	R	0		0.31	1	AAGAAGAAAAAGG	-
ENSLCOT00000000578.1	148	160	12	M	0		0.42	1	TGGTGGTTTTTG	-
ENSLCOT00000000582.1	39	49	10	Y	0		0.6	2	TCTCCCTCTC	-
ENSLCOT00000000582.1	26	37	11	R	0		0.55	0	AGAGGGAGAGA	-
ENSLCOT00000000582.1	212	226	14	R	0		0.14	0	AGAAAAAAAGAAAA	-
ENSLCOT00000000582.1	211	225	14	R	0		0.14	0	AAGAAAAAAAGAAA	-
ENSLCOT00000000582.1	210	224	14	R	0		0.14	0	AAAGAAAAAAAGAA	-
ENSLCOT00000000582.1	209	223	14	R	0		0.21	0	GAAAGAAAAAAAGA	-
ENSLCOT00000000582.1	208	222	14	R	0		0.21	0	AGAAAGAAAAAAAG	-
ENSLCOT00000000582.1	207	221	14	R	0		0.14	0	AAGAAAGAAAAAAA	-
ENSLCOT00000000582.1	63	74	11	M	0		0.64	0	TGGGTTTGGGG	-
ENSLCOT00000000621.1	1174	1184	10	Y	0		0.5	0	TTCCCTTCCT	-
ENSLCOT00000000621.1	479	490	11	R	0		0.36	0	AAAGGAGAGAA	-
ENSLCOT00000000621.1	956	970	14	R	0		0.71	0	GAGGGAGGGGGAAG	-
ENSLCOT00000000621.1	1097	1108	11	R	0		0.82	0	GGGGGAAGGGG	-
ENSLCOT00000000621.1	98	109	11	M	0		0.91	2	GGGGTGGGGGG	-
ENSLCOT00000000730.1	990	1003	13	Y	0		0.46	0	TCCTTTCTTCTCC	-
ENSLCOT00000000730.1	1004	1017	13	Y	0		0.38	0	TCCTTTCTTCTTC	-
ENSLCOT00000000954.1	562	576	14	Y	0		0.71	0	CCCTCTCTCCCTCC	-
ENSLCOT00000000954.1	754	765	11	Y	0		0.82	2	CCCCCTCTCCC	-
ENSLCOT00000000954.1	805	815	10	Y	0		0.7	1	TCTTCCCCCC	-
ENSLCOT00000000954.1	843	855	12	Y	0		0.5	0	TTCTCTTTCCCC	-
ENSLCOT00000000954.1	1885	1895	10	Y	0		0.6	2	CTCCTTCCCT	-
ENSLCOT00000000954.1	1093	1106	13	R	0		0.62	0	GAGGGAAGAGGAG	-
ENSLCOT00000000954.1	1386	1398	12	R	0		0.58	0	GGAAGGAGAGGA	-
ENSLCOT00000000954.1	1472	1485	13	R	0		0.54	0	GAGAGGAAGGAGA	-
ENSLCOT00000000954.1	1670	1682	12	R	0		0.42	0	AGGAGAGGAAAA	-
ENSLCOT00000000954.1	357	368	11	M	0		0.64	1	TGGTGGTGGTG	-
ENSLCOT00000000954.1	2080	2090	10	M	0		0.3	0	TTGTTTTTGG	-
ENSLCOT00000000955.1	122	136	14	Y	0		0.57	0	CTCTCTCCTCCCTT	-
ENSLCOT00000000955.1	123	137	14	Y	0		0.5	0	TCTCTCCTCCCTTT	-
ENSLCOT00000000955.1	419	430	11	Y	0		0.73	0	CCTTCCCTCCC	-
ENSLCOT00000000955.1	1156	1170	14	Y	0		0.71	0	CCCTCCTTCCTCCC	-
ENSLCOT00000000955.1	1157	1171	14	Y	0		0.71	0	CCTCCTTCCTCCCC	-
ENSLCOT00000000955.1	697	711	14	R	0		0.43	0	AGAGGAGAAGAAGA	-
ENSLCOT00000000955.1	157	167	10	M	0		0.7	2	TGTGTGGGGG	-
ENSLCOT00000000955.1	534	545	11	M	0		0.82	0	GGGGGGGTTGG	-
ENSLCOT00000000955.1	2236	2246	10	M	0		0.5	0	TTTGGTGGGT	-
ENSLCOT00000000983.1	164	174	10	Y	0		0.6	1	CTCCTTCTCC	-
ENSLCOT00000000983.1	78	91	13	R	0		0.62	0	GGAGGAAGAGGAG	-
ENSLCOT00000000983.1	218	228	10	R	0		0.4	0	GAAAGGAAGA	-
ENSLCOT00000000988.1	1192	1202	10	Y	0		0.5	0	TCTCTCCTTC	-
ENSLCOT00000000988.1	554	567	13	R	0		0.15	0	AAAAAGAGAAAAA	-
ENSLCOT00000000988.1	250	260	10	M	0		0.4	1	TGGTTTTGTG	-
ENSLCOT00000000988.1	354	366	12	M	0		0.25	0	TTTGTTGTTTGT	-
ENSLCOT00000000988.1	856	867	11	M	0		0.27	2	TTTGTGTTTGT	-
ENSLCOT00000000989.1	448	462	14	R	0		0.43	0	GAAGAGAAGGGAAA	-
ENSLCOT00000000989.1	447	461	14	R	0		0.43	0	AGAAGAGAAGGGAA	-
ENSLCOT00000000989.1	446	460	14	R	0		0.5	0	GAGAAGAGAAGGGA	-
ENSLCOT00000000989.1	641	655	14	M	0		0.36	0	TGGTTTTGGTTGTT	-
ENSLCOT00000000989.1	642	656	14	M	0		0.36	0	GGTTTTGGTTGTTT	-
ENSLCOT00000000989.1	643	657	14	M	0		0.36	0	GTTTTGGTTGTTTG	-
ENSLCOT00000000989.1	644	658	14	M	0		0.29	0	TTTTGGTTGTTTGT	-
ENSLCOT00000000989.1	645	659	14	M	0		0.29	0	TTTGGTTGTTTGTT	-
ENSLCOT00000000989.1	646	660	14	M	0		0.29	0	TTGGTTGTTTGTTT	-
ENSLCOT00000000989.1	647	661	14	M	0		0.29	0	TGGTTGTTTGTTTT	-
ENSLCOT00000000989.1	648	662	14	M	0		0.29	0	GGTTGTTTGTTTTT	-
ENSLCOT00000000989.1	649	663	14	M	0		0.21	0	GTTGTTTGTTTTTT	-
ENSLCOT00000000989.1	650	664	14	M	0		0.14	0	TTGTTTGTTTTTTT	-
ENSLCOT00000000989.1	651	665	14	M	0		0.14	0	TGTTTGTTTTTTTT	-
ENSLCOT00000000989.1	652	666	14	M	0		0.14	0	GTTTGTTTTTTTTT	-
ENSLCOT00000001086.1	443	454	11	Y	0		0.45	1	TTCTTCCTCTC	-
ENSLCOT00000001086.1	721	735	14	Y	0		0.36	0	TCCTTCCTTTCTTT	-
ENSLCOT00000001086.1	722	736	14	Y	0		0.36	0	CCTTCCTTTCTTTT	-
ENSLCOT00000001086.1	723	737	14	Y	0		0.36	0	CTTCCTTTCTTTTC	-
ENSLCOT00000001086.1	724	738	14	Y	0		0.36	0	TTCCTTTCTTTTCC	-
ENSLCOT00000001086.1	725	739	14	Y	0		0.36	0	TCCTTTCTTTTCCT	-
ENSLCOT00000001086.1	726	740	14	Y	0		0.36	0	CCTTTCTTTTCCTT	-
ENSLCOT00000001086.1	218	231	13	R	0		0.31	0	GGGAAAAAAAGAA	-
ENSLCOT00000001086.1	591	603	12	M	0		0.5	0	GTGTTTTGTGGG	-
ENSLCOT00000001108.1	322	332	10	Y	0		0.1	1	TCTTTTTTTT	-
ENSLCOT00000001108.1	906	918	12	Y	0		0.42	0	CCTCTTTTTCCT	-
ENSLCOT00000001108.1	944	958	14	Y	0		0.5	0	TTCTCCTCTCCCTT	-
ENSLCOT00000001108.1	945	959	14	Y	0		0.57	0	TCTCCTCTCCCTTC	-
ENSLCOT00000001108.1	1440	1450	10	Y	0		0.7	0	CCCCTTCCCT	-
ENSLCOT00000001108.1	43	57	14	R	0		0.5	0	AGGGAGGGGAAAAA	-
ENSLCOT00000001108.1	42	56	14	R	0		0.5	0	AAGGGAGGGGAAAA	-
ENSLCOT00000001108.1	41	55	14	R	0		0.5	0	AAAGGGAGGGGAAA	-
ENSLCOT00000001108.1	40	54	14	R	0		0.57	0	GAAAGGGAGGGGAA	-
ENSLCOT00000001108.1	39	53	14	R	0		0.64	0	GGAAAGGGAGGGGA	-
ENSLCOT00000001108.1	38	52	14	R	0		0.71	0	GGGAAAGGGAGGGG	-
ENSLCOT00000001108.1	1031	1045	14	R	0		0.57	0	GGGAGGAGAAGAAG	-
ENSLCOT00000001108.1	1030	1044	14	R	0		0.57	0	GGGGAGGAGAAGAA	-
ENSLCOT00000001108.1	1315	1326	11	R	0		0.64	0	GAGGAAGGGGA	-
ENSLCOT00000001108.1	1344	1355	11	R	0		0.73	0	GGGAGGAGAGG	-
ENSLCOT00000001108.1	118	128	10	M	0		0.4	1	TGTGTGTGTT	-
ENSLCOT00000001108.1	282	296	14	M	0		0.36	0	GGTTTGTGTTTGTT	-
ENSLCOT00000001108.1	283	297	14	M	0		0.29	0	GTTTGTGTTTGTTT	-
ENSLCOT00000001108.1	284	298	14	M	0		0.29	0	TTTGTGTTTGTTTG	-
ENSLCOT00000001108.1	285	299	14	M	0		0.36	0	TTGTGTTTGTTTGG	-
ENSLCOT00000001108.1	286	300	14	M	0		0.36	0	TGTGTTTGTTTGGT	-
ENSLCOT00000001108.1	287	301	14	M	0		0.36	0	GTGTTTGTTTGGTT	-
ENSLCOT00000001108.1	312	323	11	M	0		0.27	0	GGTTTTTTTGT	-
ENSLCOT00000001108.1	366	379	13	M	0		0.38	0	TGGTTTTGTGTGT	-
ENSLCOT00000001157.1	263	275	12	Y	0		0.75	1	CCCCTCTCTCCC	-
ENSLCOT00000001157.1	36	48	12	R	0		0.83	1	GGGGAGAGGGGG	-
ENSLCOT00000001157.1	187	197	10	R	0		0.5	2	GGAGAAGAAG	-
ENSLCOT00000001157.1	161	173	12	M	0		0.67	0	GTGGTGGGTTGG	-
ENSLCOT00000001182.1	491	501	10	R	0		0.4	0	AAAGGAGAAG	-
ENSLCOT00000001262.1	64	75	11	Y	0		0.73	0	TCCCCTCTCCC	-
ENSLCOT00000001262.1	132	142	10	Y	0		0.5	1	TCCCCTTCTT	-
ENSLCOT00000001262.1	833	843	10	Y	0		0.2	1	TTTCTCTTTT	-
ENSLCOT00000001262.1	341	355	14	R	0		0.57	0	AGAGGGAAGGAGGA	-
ENSLCOT00000001262.1	340	354	14	R	0		0.57	0	AAGAGGGAAGGAGG	-
ENSLCOT00000001262.1	95	106	11	M	0		0.36	0	TGTGTGGTTTT	-
ENSLCOT00000001262.1	435	445	10	M	0		0.4	1	GGTTTTGTGT	-
ENSLCOT00000001262.1	626	636	10	M	0		0.6	0	GGGGGTTTTG	-
ENSLCOT00000001311.1	31	45	14	M	0		0.29	0	TTTTGTGTTTGTGT	-
ENSLCOT00000001311.1	32	46	14	M	0		0.29	0	TTTGTGTTTGTGTT	-
ENSLCOT00000001312.1	8	22	14	Y	0		0.14	0	TTTTTTTTTTTTCC	-
ENSLCOT00000001324.1	89	102	13	Y	0		0.46	0	TTTTCCCTCCCTT	-
ENSLCOT00000001324.1	180	194	14	R	0		0.36	0	GAAGAAAGGAAAAG	-
ENSLCOT00000001324.1	179	193	14	R	0		0.36	0	GGAAGAAAGGAAAA	-
ENSLCOT00000001324.1	178	192	14	R	0		0.43	0	GGGAAGAAAGGAAA	-
ENSLCOT00000001324.1	177	191	14	R	0		0.5	0	GGGGAAGAAAGGAA	-
ENSLCOT00000001324.1	176	190	14	R	0		0.5	0	AGGGGAAGAAAGGA	-
ENSLCOT00000001324.1	175	189	14	R	0		0.5	0	AAGGGGAAGAAAGG	-
ENSLCOT00000001324.1	205	216	11	R	0		0.45	0	AAGGAGGGAAA	-
ENSLCOT00000001324.1	458	470	12	R	0		1	2	GGGGGGGGGGGG	-
ENSLCOT00000001324.1	426	440	14	M	0		0.36	0	GTTGTTGTGTTTTG	-
ENSLCOT00000001324.1	427	441	14	M	0		0.36	0	TTGTTGTGTTTTGG	-
ENSLCOT00000001324.1	428	442	14	M	0		0.43	0	TGTTGTGTTTTGGG	-
ENSLCOT00000001324.1	429	443	14	M	0		0.5	0	GTTGTGTTTTGGGG	-
ENSLCOT00000001324.1	430	444	14	M	0		0.5	0	TTGTGTTTTGGGGG	-
ENSLCOT00000001324.1	431	445	14	M	0		0.57	0	TGTGTTTTGGGGGG	-
ENSLCOT00000001324.1	453	467	14	M	0		0.93	0	GGGGTGGGGGGGGG	-
ENSLCOT00000001324.1	454	468	14	M	0		0.93	0	GGGTGGGGGGGGGG	-
ENSLCOT00000001324.1	455	469	14	M	0		0.93	0	GGTGGGGGGGGGGG	-
ENSLCOT00000001324.1	456	470	14	M	0		0.93	0	GTGGGGGGGGGGGG	-
ENSLCOT00000001405.1	1085	1099	14	Y	0		0.43	0	CCTTCTTTTCTCCT	-
ENSLCOT00000001405.1	1086	1100	14	Y	0		0.36	0	CTTCTTTTCTCCTT	-
ENSLCOT00000001405.1	179	193	14	R	0		0.29	0	GAAGAAGAAGAAAA	-
ENSLCOT00000001405.1	178	192	14	R	0		0.36	0	GGAAGAAGAAGAAA	-
ENSLCOT00000001405.1	398	409	11	R	0		0.36	0	GAAGAAAGAGA	-
ENSLCOT00000001405.1	383	397	14	R	0		0.36	0	GAAGAGGAAGAAAA	-
ENSLCOT00000001405.1	382	396	14	R	0		0.43	0	GGAAGAGGAAGAAA	-
ENSLCOT00000001405.1	381	395	14	R	0		0.43	0	AGGAAGAGGAAGAA	-
ENSLCOT00000001405.1	380	394	14	R	0		0.5	0	GAGGAAGAGGAAGA	-
ENSLCOT00000001405.1	379	393	14	R	0		0.57	0	GGAGGAAGAGGAAG	-
ENSLCOT00000001405.1	378	392	14	R	0		0.5	0	AGGAGGAAGAGGAA	-
ENSLCOT00000001405.1	377	391	14	R	0		0.57	0	GAGGAGGAAGAGGA	-
ENSLCOT00000001405.1	376	390	14	R	0		0.57	0	AGAGGAGGAAGAGG	-
ENSLCOT00000001405.1	375	389	14	R	0		0.57	0	GAGAGGAGGAAGAG	-
ENSLCOT00000001405.1	374	388	14	R	0		0.57	0	GGAGAGGAGGAAGA	-
ENSLCOT00000001405.1	373	387	14	R	0		0.57	0	AGGAGAGGAGGAAG	-
ENSLCOT00000001405.1	372	386	14	R	0		0.5	0	AAGGAGAGGAGGAA	-
ENSLCOT00000001405.1	371	385	14	R	0		0.5	0	AAAGGAGAGGAGGA	-
ENSLCOT00000001405.1	370	384	14	R	0		0.5	0	AAAAGGAGAGGAGG	-
ENSLCOT00000001405.1	369	383	14	R	0		0.43	0	AAAAAGGAGAGGAG	-
ENSLCOT00000001405.1	368	382	14	R	0		0.36	0	AAAAAAGGAGAGGA	-
ENSLCOT00000001405.1	367	381	14	R	0		0.43	0	GAAAAAAGGAGAGG	-
ENSLCOT00000001405.1	366	380	14	R	0		0.43	0	GGAAAAAAGGAGAG	-
ENSLCOT00000001405.1	547	561	14	R	0		0.5	0	GAGGAGAAGAGGAA	-
ENSLCOT00000001405.1	546	560	14	R	0		0.5	0	AGAGGAGAAGAGGA	-
ENSLCOT00000001405.1	545	559	14	R	0		0.5	0	AAGAGGAGAAGAGG	-
ENSLCOT00000001405.1	544	558	14	R	0		0.5	0	GAAGAGGAGAAGAG	-
ENSLCOT00000001405.1	543	557	14	R	0		0.5	0	GGAAGAGGAGAAGA	-
ENSLCOT00000001405.1	542	556	14	R	0		0.5	0	AGGAAGAGGAGAAG	-
ENSLCOT00000001405.1	541	555	14	R	0		0.5	0	GAGGAAGAGGAGAA	-
ENSLCOT00000001405.1	540	554	14	R	0		0.5	0	AGAGGAAGAGGAGA	-
ENSLCOT00000001405.1	539	553	14	R	0		0.57	0	GAGAGGAAGAGGAG	-
ENSLCOT00000001405.1	899	909	10	R	0		0.5	1	AAGGGGAGAA	-
ENSLCOT00000001405.1	1338	1349	11	R	0		0.55	0	GGAGGAGAGAA	-
ENSLCOT00000001405.1	623	633	10	M	0		0.5	0	GGTGGTTTTG	-
ENSLCOT00000001405.1	1200	1211	11	M	0		0.45	0	GTGTTGTTTGG	-
ENSLCOT00000001437.1	899	910	11	Y	0		0.45	0	CCCCTTTTTCT	-
ENSLCOT00000001437.1	930	942	12	Y	0		0.42	0	TCTTTCTCTCTC	-
ENSLCOT00000001437.1	1093	1105	12	Y	0		0.58	1	CTCCTCTCCCTT	-
ENSLCOT00000001437.1	1353	1363	10	Y	0		0.7	1	CTCTCCCTCC	-
ENSLCOT00000001437.1	442	456	14	R	0		0.5	0	GAAGGAAGAAGGGA	-
ENSLCOT00000001437.1	441	455	14	R	0		0.5	0	AGAAGGAAGAAGGG	-
ENSLCOT00000001437.1	575	588	13	R	0		0.38	0	AAGAGAAAGGAGA	-
ENSLCOT00000001437.1	667	677	10	R	0		0.6	0	AGAGGAGAGG	-
ENSLCOT00000001437.1	729	742	13	R	0		0.46	0	AAAGAGGAGAAGG	-
ENSLCOT00000001437.1	717	728	11	R	0		0.27	0	AAGAAAGAAGA	-
ENSLCOT00000001437.1	1189	1199	10	R	0		0.3	0	AGAAGAGAAA	-
ENSLCOT00000001437.1	1330	1341	11	R	0		0.64	0	GGGGAAGGGAA	-
ENSLCOT00000001437.1	323	333	10	M	0		0.6	2	TGGGGGTTTG	-
