# Sequence-ID	Start	End	Score	Motif	Error-rate	Errors	Guanine-rate	Duplicates	TFO	Duplicate locations
ENSLCOT00000000003.1	77	96	19	Y	0		0.79	0	TCTCCCCCCTCTCCCCCCC	-
ENSLCOT00000000003.1	338	357	18	Y	0.053	o4	0.58	0	TCTCaCCCCTCTCTCTCCT	-
ENSLCOT00000000003.1	437	456	18	Y	0.053	o4	0.58	0	TCTCaCCCCTCTCTCTCCT	-
ENSLCOT00000000003.1	516	535	18	Y	0.053	o4	0.58	0	TCTCaCCCCTCTCTCTCCT	-
ENSLCOT00000000003.1	712	735	21	Y	0.087	o4o21	0.78	0	CCCTgCCCCTCCCCCCCTCCCgC	-
ENSLCOT00000000003.1	29	47	17	M	0.056	o16	0.44	0	GGGTGTTTTTTGGGGTcT	-
ENSLCOT00000000003.1	49	65	15	M	0.062	o6	0.56	0	GGGTGGaTTTTGGGGT	-
ENSLCOT00000000003.1	128	146	17	M	0.056	o16	0.5	0	GGGTGGTTTTTGGGGTcT	-
ENSLCOT00000000003.1	148	164	15	M	0.062	o2	0.56	0	GGaTGGGTTTTGGGGT	-
ENSLCOT00000000003.1	168	184	16	M	0		0.62	0	GGGTGGGTTTTGGGGT	-
ENSLCOT00000000003.1	188	204	15	M	0.062	o11	0.5	0	GGGTGGTTTTTaGGGT	-
ENSLCOT00000000003.1	208	226	17	M	0.056	o16	0.5	0	GGGTGGTTTTTGGGGTcT	-
ENSLCOT00000000003.1	228	246	17	M	0.056	o16	0.44	0	GGGTGTTTTTTGGGGTcT	-
ENSLCOT00000000003.1	248	264	15	M	0.062	o2	0.62	0	GGaTGGTTTGGGGGGT	-
ENSLCOT00000000003.1	268	284	15	M	0.062	o6	0.56	0	GGGTGGaTTTTGGGGT	-
ENSLCOT00000000003.1	288	306	17	M	0.056	o16	0.44	0	GGGTGTTTTTTGGGGTcT	-
ENSLCOT00000000003.1	308	324	15	M	0.062	o6	0.56	0	GGGTGGaTTTTGGGGT	-
ENSLCOT00000000003.1	368	384	15	M	0.062	o6	0.56	0	GGGTGGaTTTTGGGGT	-
ENSLCOT00000000003.1	388	404	16	M	0		0.56	0	GGGTGGTTTTTGGGGT	-
ENSLCOT00000000003.1	408	426	17	M	0.056	o16	0.5	0	GGGTGGTTTTTGGGGTcT	-
ENSLCOT00000000003.1	467	485	17	M	0.056	o16	0.5	0	GGGTGGTTTTTGGGGTcT	-
ENSLCOT00000000003.1	546	564	17	M	0.056	o16	0.5	0	GGGTGGTTTTTGGGGTcT	-
ENSLCOT00000000003.1	566	582	15	M	0.062	o6	0.56	0	GGGTGGaTTTTGGGGT	-
ENSLCOT00000000003.1	586	603	16	M	0.059	o15	0.47	0	GGGTGTTTTTGGGGTcT	-
ENSLCOT00000000003.1	605	622	17	M	0		0.53	0	GGGTGGTTTTTTGGGGT	-
ENSLCOT00000000003.1	625	642	16	M	0.059	o9	0.53	0	GGGGTGTTTaTTGGGGT	-
ENSLCOT00000000010.1	254	284	27	Y	0.1	o1o5o12	0.67	0	CaCCCaCCCCCCgCCCCTTTCTCCCTCCTT	-
ENSLCOT00000000010.1	256	285	27	Y	0.069	o3o10	0.69	0	CCCaCCCCCCgCCCCTTTCTCCCTCCTTC	-
ENSLCOT00000000010.1	685	702	16	R	0.059	o11	0.76	0	GGGGGGAGGGAcGGGGA	-
ENSLCOT00000000010.1	36	52	16	M	0		0.69	0	GGTTGTGGGTGGGGGT	-
ENSLCOT00000000010.1	54	84	28	M	0.067	o25o28	0.57	0	TTTGTGGGTGGGGTTGTGGGTGTGGcTGaG	-
ENSLCOT00000000010.1	55	85	28	M	0.067	o24o27	0.57	0	TTGTGGGTGGGGTTGTGGGTGTGGcTGaGT	-
ENSLCOT00000000010.1	56	86	28	M	0.067	o23o26	0.6	0	TGTGGGTGGGGTTGTGGGTGTGGcTGaGTG	-
ENSLCOT00000000010.1	57	87	28	M	0.067	o22o25	0.6	0	GTGGGTGGGGTTGTGGGTGTGGcTGaGTGT	-
ENSLCOT00000000010.1	58	88	28	M	0.067	o21o24	0.6	0	TGGGTGGGGTTGTGGGTGTGGcTGaGTGTG	-
ENSLCOT00000000010.1	59	89	28	M	0.067	o20o23	0.63	0	GGGTGGGGTTGTGGGTGTGGcTGaGTGTGG	-
ENSLCOT00000000010.1	60	90	28	M	0.067	o19o22	0.63	0	GGTGGGGTTGTGGGTGTGGcTGaGTGTGGG	-
ENSLCOT00000000010.1	61	91	28	M	0.067	o18o21	0.6	0	GTGGGGTTGTGGGTGTGGcTGaGTGTGGGT	-
ENSLCOT00000000010.1	62	92	28	M	0.067	o17o20	0.6	0	TGGGGTTGTGGGTGTGGcTGaGTGTGGGTG	-
ENSLCOT00000000010.1	63	93	28	M	0.067	o16o19	0.6	0	GGGGTTGTGGGTGTGGcTGaGTGTGGGTGT	-
ENSLCOT00000000010.1	64	94	28	M	0.067	o15o18	0.6	0	GGGTTGTGGGTGTGGcTGaGTGTGGGTGTG	-
ENSLCOT00000000010.1	65	95	28	M	0.067	o14o17	0.6	0	GGTTGTGGGTGTGGcTGaGTGTGGGTGTGG	-
ENSLCOT00000000010.1	98	114	15	M	0.062	o3	0.62	0	TGGcTTGTGGGTGGGG	-
ENSLCOT00000000010.1	174	202	27	M	0.036	o26	0.61	0	GTGGGTGGGGTTGTTTGTGGGTGGGGcT	-
ENSLCOT00000000046.1	990	1007	16	Y	0.059	o2	0.47	0	TCaTTCTCCCTTTCCTC	-
ENSLCOT00000000046.1	1009	1029	18	Y	0.1	o13o17	0.4	0	TTCTTCCTCTCTTgCCTgTC	-
ENSLCOT00000000046.1	699	721	20	M	0.091	o11o14	0.27	0	GGGTTTTGTTGaGTcTTTTTTT	-
ENSLCOT00000000102.1	365	381	15	M	0.062	o2	0.56	0	GGaTTTTGGGGGGTTG	-
ENSLCOT00000000102.1	395	413	17	M	0.056	o3	0.39	0	TTTaTTTTTTGGGGGGGT	-
ENSLCOT00000000102.1	651	668	17	M	0		0.53	0	GTGTTGGGTTTTTGGGG	-
ENSLCOT00000000102.1	822	839	16	M	0.059	o4	0.53	0	GTGTcGGGTTTTTGGGG	-
ENSLCOT00000000118.1	332	361	27	Y	0.069	o11o23	0.21	0	TTTTTCCTTTTgCTTTCCTTTTTaTTCTT	-
ENSLCOT00000000118.1	517	535	17	R	0.056	o12	0.33	0	AAGGAGAGGAAGtAAAAA	-
ENSLCOT00000000120.1	318	334	15	R	0.062	o9	0.44	0	GGAGAGGAAcAAGAAG	-
ENSLCOT00000000120.1	394	411	16	R	0.059	o11	0.47	0	AAGGAGGAGAAcGAGAG	-
ENSLCOT00000000120.1	728	758	28	M	0.067	o2o4	0.67	0	GGcTcTGGGGGGGTGTGTGGGGGGGTTGTG	-
ENSLCOT00000000128.1	45	75	27	R	0.1	o1o13o22	0.33	0	GtGAAAGAAGAAGcAGAAAAAAtGGAGAAG	-
ENSLCOT00000000128.1	44	74	27	R	0.1	o2o14o23	0.3	0	AGtGAAAGAAGAAGcAGAAAAAAtGGAGAA	-
ENSLCOT00000000128.1	43	73	27	R	0.1	o3o15o24	0.3	0	AAGtGAAAGAAGAAGcAGAAAAAAtGGAGA	-
ENSLCOT00000000128.1	42	72	27	R	0.1	o4o16o25	0.3	0	AAAGtGAAAGAAGAAGcAGAAAAAAtGGAG	-
ENSLCOT00000000128.1	41	71	27	R	0.1	o5o17o26	0.27	0	AAAAGtGAAAGAAGAAGcAGAAAAAAtGGA	-
ENSLCOT00000000128.1	215	236	19	R	0.095	o2o15	0.24	0	AAtAGAAGAAAAAAGtAAGAG	-
ENSLCOT00000000128.1	988	1009	19	R	0.095	o11o13	0.29	0	AGGAGGAAGAAtGtAAAAAAA	-
ENSLCOT00000000128.1	972	999	25	R	0.074	o13o15	0.37	0	GAAGAAAAGGAAGcAcAGGAGGAAGAA	-
ENSLCOT00000000142.1	143	159	15	Y	0.062	o7	0.88	0	CCCCCCTgCCCCCCCC	-
ENSLCOT00000000142.1	422	438	15	Y	0.062	o8	0.38	0	TCCCCCCTaTTTTTTT	-
ENSLCOT00000000142.1	965	981	16	Y	0		0.75	0	CTCCCCTCCCTCCCCT	-
ENSLCOT00000000142.1	618	638	18	R	0.1	o4o11	0.85	0	GGGGcGGGGGGcGGGGAGGG	-
ENSLCOT00000000142.1	404	423	18	M	0.053	o4	0.63	0	TTGGaGGGGGGTTTGGGGT	-
ENSLCOT00000000142.1	613	634	19	M	0.095	o9o16	0.71	0	GTTTTGGGGcGGGGGGcGGGG	-
ENSLCOT00000000142.1	1022	1042	18	M	0.1	o2o8	0.4	0	TTaTGTTGaGGTTGGTTGGT	-
ENSLCOT00000000182.1	145	162	16	R	0.059	o5	0.65	0	AGGGGcAGGAGGAGGAG	-
ENSLCOT00000000188.1	801	817	15	Y	0.062	o5	0.56	0	TTCCCgCTCCTTTCCC	-
ENSLCOT00000000188.1	421	441	18	R	0.1	o4o15	0.55	0	GGAGcAGGAGGAGAGcGAAG	-
ENSLCOT00000000188.1	566	582	15	M	0.062	o5	0.69	0	GGGGGaTTTGGGGGGT	-
ENSLCOT00000000235.1	28	58	27	Y	0.1	o4o8o17	0.53	0	CTCCaCTCaCTTTTCCCaTCTTTCCCCCTC	-
ENSLCOT00000000235.1	29	59	27	Y	0.1	o3o7o16	0.53	0	TCCaCTCaCTTTTCCCaTCTTTCCCCCTCC	-
ENSLCOT00000000235.1	30	60	27	Y	0.1	o2o6o15	0.57	0	CCaCTCaCTTTTCCCaTCTTTCCCCCTCCC	-
ENSLCOT00000000235.1	33	63	27	Y	0.1	o3o12o27	0.5	0	CTCaCTTTTCCCaTCTTTCCCCCTCCCaTT	-
ENSLCOT00000000235.1	34	64	27	Y	0.1	o2o11o26	0.5	0	TCaCTTTTCCCaTCTTTCCCCCTCCCaTTC	-
ENSLCOT00000000235.1	35	65	27	Y	0.1	o1o10o25	0.53	0	CaCTTTTCCCaTCTTTCCCCCTCCCaTTCC	-
ENSLCOT00000000235.1	37	67	28	Y	0.067	o8o23	0.53	0	CTTTTCCCaTCTTTCCCCCTCCCaTTCCTC	-
ENSLCOT00000000235.1	38	68	28	Y	0.067	o7o22	0.53	0	TTTTCCCaTCTTTCCCCCTCCCaTTCCTCC	-
ENSLCOT00000000235.1	39	69	28	Y	0.067	o6o21	0.53	0	TTTCCCaTCTTTCCCCCTCCCaTTCCTCCT	-
ENSLCOT00000000235.1	40	70	28	Y	0.067	o5o20	0.53	0	TTCCCaTCTTTCCCCCTCCCaTTCCTCCTT	-
ENSLCOT00000000235.1	41	71	28	Y	0.067	o4o19	0.53	0	TCCCaTCTTTCCCCCTCCCaTTCCTCCTTT	-
ENSLCOT00000000235.1	42	72	28	Y	0.067	o3o18	0.57	0	CCCaTCTTTCCCCCTCCCaTTCCTCCTTTC	-
ENSLCOT00000000235.1	43	73	28	Y	0.067	o2o17	0.53	0	CCaTCTTTCCCCCTCCCaTTCCTCCTTTCT	-
ENSLCOT00000000235.1	44	74	28	Y	0.067	o1o16	0.5	0	CaTCTTTCCCCCTCCCaTTCCTCCTTTCTT	-
ENSLCOT00000000235.1	46	76	29	Y	0.033	o14	0.47	0	TCTTTCCCCCTCCCaTTCCTCCTTTCTTTT	-
ENSLCOT00000000235.1	47	77	29	Y	0.033	o13	0.47	0	CTTTCCCCCTCCCaTTCCTCCTTTCTTTTT	-
ENSLCOT00000000235.1	48	78	29	Y	0.033	o12	0.43	0	TTTCCCCCTCCCaTTCCTCCTTTCTTTTTT	-
ENSLCOT00000000235.1	49	79	29	Y	0.033	o11	0.47	0	TTCCCCCTCCCaTTCCTCCTTTCTTTTTTC	-
ENSLCOT00000000235.1	50	80	29	Y	0.033	o10	0.5	0	TCCCCCTCCCaTTCCTCCTTTCTTTTTTCC	-
ENSLCOT00000000235.1	51	81	29	Y	0.033	o9	0.53	0	CCCCCTCCCaTTCCTCCTTTCTTTTTTCCC	-
ENSLCOT00000000240.1	602	628	24	Y	0.077	o9o16	0.31	0	TTCTCCTTTaTTTCCTaTCTTTCTCT	-
ENSLCOT00000000240.1	340	364	22	R	0.083	o18o21	0.38	0	GAGGAGAGGAAAGAAAAAtGAcAG	-
ENSLCOT00000000240.1	338	361	21	R	0.087	o1o20	0.35	0	AtGAGGAGAGGAAAGAAAAAtGA	-
ENSLCOT00000000240.1	332	358	24	R	0.077	o5o7	0.35	0	AAAGGcAtGAGGAGAGGAAAGAAAAA	-
ENSLCOT00000000240.1	992	1008	15	R	0.062	o7	0.25	0	GAAGAAAcAGAGAAAA	-
ENSLCOT00000000242.1	500	527	27	R	0		0.48	0	GAAAAAGGGGGAAAAAAAGAGAGGGGG	-
ENSLCOT00000000242.1	562	580	18	R	0		0.28	0	AAGAGAGAAAAAAGAAAG	-
ENSLCOT00000000242.1	590	620	27	R	0.1	o16o20o24	0.47	0	GAGGAGAGAAGAGAGGcAGAtAGAtGGAGA	-
ENSLCOT00000000242.1	589	619	27	R	0.1	o17o21o25	0.47	0	AGAGGAGAGAAGAGAGGcAGAtAGAtGGAG	-
ENSLCOT00000000242.1	588	618	27	R	0.1	o18o22o26	0.47	0	GAGAGGAGAGAAGAGAGGcAGAtAGAtGGA	-
ENSLCOT00000000271.1	778	803	23	R	0.08	o14o21	0.48	0	AGGAGGAAGAGAAGcAGGGGGcAAA	-
ENSLCOT00000000271.1	776	799	21	R	0.087	o1o16	0.57	0	GcAGGAGGAAGAGAAGcAGGGGG	-
ENSLCOT00000000271.1	1209	1229	18	R	0.1	o11o17	0.5	0	AGAGGGAGGGGcAGGAAcAA	-
ENSLCOT00000000271.1	1205	1226	19	R	0.095	o3o15	0.52	0	AGAcAGAGGGAGGGGcAGGAA	-
ENSLCOT00000000271.1	259	275	15	M	0.062	o9	0.69	0	TGTGGTGTGaGGGGGG	-
ENSLCOT00000000271.1	1247	1263	15	M	0.062	o9	0.62	0	TTGTGTGGGaGGGTGG	-
ENSLCOT00000000315.1	191	211	18	R	0.1	o8o11	0.25	0	AGAGAAAAcAGcAGAGAAAA	-
ENSLCOT00000000337.1	1039	1060	19	Y	0.095	o8o16	0.38	0	TCTTTCCCaCTTTTCTaCTTC	-
ENSLCOT00000000337.1	959	975	15	R	0.062	o4	0.5	0	AGGAtGGGAAGAGAGA	-
ENSLCOT00000000350.1	421	441	18	Y	0.1	o6o13	0.45	0	CCTCCTgCCTTTCaCCTTTT	-
ENSLCOT00000000350.1	253	272	18	R	0.053	o12	0.53	0	GGAGGAGGAGAAcAAGGAG	-
ENSLCOT00000000350.1	522	538	15	R	0.062	o1	0.75	0	GtGGGGGGAGGAGGGA	-
ENSLCOT00000000350.1	772	793	19	R	0.095	o4o16	0.62	0	AGGGcGAGGGAGGGGAcAGGA	-
ENSLCOT00000000350.1	160	176	15	M	0.062	o11	0.69	0	GGTGGTGGTGGcGGTG	-
ENSLCOT00000000350.1	554	574	19	M	0.05	o9	0.7	0	TGGTGGGGTcTGGGGGTGGG	-
ENSLCOT00000000543.1	344	372	26	R	0.071	o7o19	0.36	0	AAGAAGAtGAAGAAGAAGAtGAAGAAGG	-
ENSLCOT00000000572.1	134	153	18	Y	0.053	o9	0.58	0	TCCCTCCTTgCCCCTTCTC	-
ENSLCOT00000000572.1	218	238	18	R	0.1	o4o15	0.65	0	GGAGcGGGGAAGGGGcGAGA	-
ENSLCOT00000000572.1	566	582	15	R	0.062	o4	0.62	0	AGGAcGAGGAGGGGGA	-
ENSLCOT00000000572.1	704	724	18	R	0.1	o1o8	0.45	0	AcAAGGGGtAAAAAAGGGGG	-
ENSLCOT00000000572.1	684	700	15	R	0.062	o8	0.69	0	GGGAAAGGtGAGGGGG	-
ENSLCOT00000000576.1	468	485	16	R	0.059	o5	0.41	0	GAGAAtGGAAAGAGAAG	-
ENSLCOT00000000576.1	495	512	16	R	0.059	o13	0.35	0	AGAAGAGAAGAAGcAAG	-
ENSLCOT00000000582.1	200	230	28	R	0.067	o6o26	0.1	0	AAAAAAtAAGAAAGAAAAAAAGAAAAtAAA	-
ENSLCOT00000000582.1	199	229	28	R	0.067	o7o27	0.13	0	GAAAAAAtAAGAAAGAAAAAAAGAAAAtAA	-
ENSLCOT00000000582.1	198	228	28	R	0.067	o8o28	0.13	0	AGAAAAAAtAAGAAAGAAAAAAAGAAAAtA	-
ENSLCOT00000000582.1	197	226	28	R	0.034	o9	0.14	0	AAGAAAAAAtAAGAAAGAAAAAAAGAAAA	-
ENSLCOT00000000582.1	195	225	28	R	0.067	o1o11	0.13	0	AtAAGAAAAAAtAAGAAAGAAAAAAAGAAA	-
ENSLCOT00000000582.1	194	224	28	R	0.067	o2o12	0.13	0	AAtAAGAAAAAAtAAGAAAGAAAAAAAGAA	-
ENSLCOT00000000582.1	192	222	27	R	0.1	o1o4o14	0.13	0	AtAAtAAGAAAAAAtAAGAAAGAAAAAAAG	-
ENSLCOT00000000582.1	191	221	27	R	0.1	o2o5o15	0.1	0	AAtAAtAAGAAAAAAtAAGAAAGAAAAAAA	-
ENSLCOT00000000582.1	190	220	27	R	0.1	o3o6o16	0.1	0	AAAtAAtAAGAAAAAAtAAGAAAGAAAAAA	-
ENSLCOT00000000582.1	63	83	18	M	0.1	o11o15	0.6	0	TGGGTTTGGGGaGGGaGTGT	-
ENSLCOT00000000582.1	154	171	16	M	0.059	o7	0.35	0	GTGTGTTcTGTTGGTTT	-
ENSLCOT00000000621.1	64	85	19	R	0.095	o10o17	0.48	0	AGAGAGAGGGcAGAGGAtAGA	-
ENSLCOT00000000730.1	645	665	18	Y	0.1	o3o10	0.45	0	CCTgTTCTCTgCTTCCTTCC	-
ENSLCOT00000000730.1	649	670	19	Y	0.095	o6o16	0.43	0	TTCTCTgCTTCCTTCCaCCTT	-
ENSLCOT00000000730.1	982	1012	27	Y	0.1	o3o7o21	0.4	0	TCCaTCTgTCCTTTCTTCTCCaTCCTTTCT	-
ENSLCOT00000000730.1	983	1013	27	Y	0.1	o2o6o20	0.4	0	CCaTCTgTCCTTTCTTCTCCaTCCTTTCTT	-
ENSLCOT00000000730.1	984	1014	27	Y	0.1	o1o5o19	0.4	0	CaTCTgTCCTTTCTTCTCCaTCCTTTCTTC	-
ENSLCOT00000000730.1	986	1016	28	Y	0.067	o3o17	0.37	0	TCTgTCCTTTCTTCTCCaTCCTTTCTTCTT	-
ENSLCOT00000000730.1	987	1017	28	Y	0.067	o2o16	0.4	0	CTgTCCTTTCTTCTCCaTCCTTTCTTCTTC	-
ENSLCOT00000000730.1	990	1020	28	Y	0.067	o13o27	0.4	0	TCCTTTCTTCTCCaTCCTTTCTTCTTCaTC	-
ENSLCOT00000000730.1	991	1021	28	Y	0.067	o12o26	0.43	0	CCTTTCTTCTCCaTCCTTTCTTCTTCaTCC	-
ENSLCOT00000000954.1	483	506	21	Y	0.087	o5o15	0.7	0	TCCCCaTCTCCCCCCaCCTCCTC	-
ENSLCOT00000000954.1	559	576	16	Y	0.059	o2	0.71	0	CCaCCCTCTCTCCCTCC	-
ENSLCOT00000000954.1	957	977	18	Y	0.1	o4o14	0.45	0	TCTCgCCTCTTCCTgTCTCT	-
ENSLCOT00000000954.1	1232	1248	15	Y	0.062	o6	0.62	0	CTCCCCaTCCTTCCCT	-
ENSLCOT00000000954.1	1883	1905	20	Y	0.091	o1o12	0.36	0	TgCTCCTTCCCTgTTTTTTTCC	-
ENSLCOT00000000954.1	1085	1106	19	R	0.095	o4o7	0.57	0	GGAAtGGcGAGGGAAGAGGAG	-
ENSLCOT00000000954.1	1465	1485	18	R	0.1	o2o6	0.5	0	GAtGGAtGAGAGGAAGGAGA	-
ENSLCOT00000000954.1	1662	1682	18	R	0.1	o5o7	0.4	0	AGAGGtAcAGGAGAGGAAAA	-
ENSLCOT00000000955.1	112	137	23	Y	0.08	o6o9	0.44	0	CTCCTTgTTgCTCTCTCCTCCCTTT	-
ENSLCOT00000000955.1	34	55	19	R	0.095	o9o15	0.48	0	AGGAGGGAAcAGGAGcAGGAA	-
ENSLCOT00000000955.1	79	109	27	R	0.1	o7o11o21	0.6	0	GGAGAGGcAGGcAGGGAGGGAcAGAGGGAG	-
ENSLCOT00000000955.1	78	108	27	R	0.1	o8o12o22	0.57	0	AGGAGAGGcAGGcAGGGAGGGAcAGAGGGA	-
ENSLCOT00000000955.1	697	717	18	R	0.1	o14o16	0.35	0	AGAGGAGAAGAAGAcAtAGA	-
ENSLCOT00000000955.1	1981	2004	21	R	0.087	o10o16	0.61	0	GGGGGGGGAAcAGGAGcAGGAGA	-
ENSLCOT00000000955.1	525	545	18	M	0.1	o4o8	0.65	0	GGGTaTTGaGGGGGGGTTGG	-
ENSLCOT00000000988.1	554	570	15	R	0.062	o13	0.12	0	AAAAAGAGAAAAAcAA	-
ENSLCOT00000000988.1	345	366	19	M	0.095	o1o8	0.19	0	TaTGTTTTaTTTGTTGTTTGT	-
ENSLCOT00000000988.1	347	371	22	M	0.083	o6o19	0.17	0	TGTTTTaTTTGTTGTTTGTcTTTT	-
ENSLCOT00000000988.1	691	714	21	M	0.087	o9o13	0.13	0	TTGTTTGTGaTTTaTTTTTTTTT	-
ENSLCOT00000000989.1	446	470	22	R	0.083	o16o18	0.46	0	GAGAAGAGAAGGGAAAtGcAGGAG	-
ENSLCOT00000000989.1	641	657	16	M	0		0.38	0	TGGTTTTGGTTGTTTG	-
ENSLCOT00000001086.1	705	735	27	Y	0.1	o1o9o15	0.3	0	TaTCTTTCTaCTCTTaTCCTTCCTTTCTTT	-
ENSLCOT00000001086.1	707	737	28	Y	0.067	o7o13	0.33	0	TCTTTCTaCTCTTaTCCTTCCTTTCTTTTC	-
ENSLCOT00000001086.1	708	738	28	Y	0.067	o6o12	0.37	0	CTTTCTaCTCTTaTCCTTCCTTTCTTTTCC	-
ENSLCOT00000001086.1	709	739	28	Y	0.067	o5o11	0.33	0	TTTCTaCTCTTaTCCTTCCTTTCTTTTCCT	-
ENSLCOT00000001086.1	710	740	28	Y	0.067	o4o10	0.33	0	TTCTaCTCTTaTCCTTCCTTTCTTTTCCTT	-
ENSLCOT00000001086.1	712	742	27	Y	0.1	o2o8o28	0.33	0	CTaCTCTTaTCCTTCCTTTCTTTTCCTTaT	-
ENSLCOT00000001086.1	715	745	27	Y	0.1	o5o25o27	0.3	0	CTCTTaTCCTTCCTTTCTTTTCCTTaTaTT	-
ENSLCOT00000001086.1	716	746	27	Y	0.1	o4o24o26	0.27	0	TCTTaTCCTTCCTTTCTTTTCCTTaTaTTT	-
ENSLCOT00000001086.1	717	747	27	Y	0.1	o3o23o25	0.27	0	CTTaTCCTTCCTTTCTTTTCCTTaTaTTTT	-
ENSLCOT00000001086.1	718	748	27	Y	0.1	o2o22o24	0.27	0	TTaTCCTTCCTTTCTTTTCCTTaTaTTTTC	-
ENSLCOT00000001086.1	719	749	27	Y	0.1	o1o21o23	0.27	0	TaTCCTTCCTTTCTTTTCCTTaTaTTTTCT	-
ENSLCOT00000001086.1	721	750	27	Y	0.069	o19o21	0.28	0	TCCTTCCTTTCTTTTCCTTaTaTTTTCTT	-
ENSLCOT00000001086.1	591	607	15	M	0.062	o12	0.38	0	GTGTTTTGTGGGcTTT	-
ENSLCOT00000001108.1	936	959	21	Y	0.087	o1o7	0.48	0	TaCTTCCaTTCTCCTCTCCCTTC	-
ENSLCOT00000001108.1	938	968	27	Y	0.1	o5o21o27	0.5	0	CTTCCaTTCTCCTCTCCCTTCaTCTCCaCT	-
ENSLCOT00000001108.1	939	969	27	Y	0.1	o4o20o26	0.5	0	TTCCaTTCTCCTCTCCCTTCaTCTCCaCTC	-
ENSLCOT00000001108.1	940	970	27	Y	0.1	o3o19o25	0.53	0	TCCaTTCTCCTCTCCCTTCaTCTCCaCTCC	-
ENSLCOT00000001108.1	38	57	19	R	0		0.53	0	GGGAAAGGGAGGGGAAAAA	-
ENSLCOT00000001108.1	1023	1045	20	R	0.091	o1o6	0.59	0	GcAGGGtGGGGAGGAGAAGAAG	-
ENSLCOT00000001108.1	1339	1355	15	R	0.062	o4	0.56	0	AAAGtGGGAGGAGAGG	-
ENSLCOT00000001108.1	274	304	27	M	0.1	o2o7o27	0.4	0	TGaGTTGaGGTTTGTGTTTGTTTGGTTcGG	-
ENSLCOT00000001108.1	275	305	27	M	0.1	o1o6o26	0.4	0	GaGTTGaGGTTTGTGTTTGTTTGGTTcGGT	-
ENSLCOT00000001108.1	277	307	28	M	0.067	o4o24	0.37	0	GTTGaGGTTTGTGTTTGTTTGGTTcGGTTT	-
ENSLCOT00000001108.1	278	308	28	M	0.067	o3o23	0.37	0	TTGaGGTTTGTGTTTGTTTGGTTcGGTTTG	-
ENSLCOT00000001108.1	279	309	28	M	0.067	o2o22	0.4	0	TGaGGTTTGTGTTTGTTTGGTTcGGTTTGG	-
ENSLCOT00000001108.1	280	310	28	M	0.067	o1o21	0.43	0	GaGGTTTGTGTTTGTTTGGTTcGGTTTGGG	-
ENSLCOT00000001108.1	282	311	28	M	0.034	o19	0.45	0	GGTTTGTGTTTGTTTGGTTcGGTTTGGGG	-
ENSLCOT00000001108.1	283	313	28	M	0.067	o18o28	0.43	0	GTTTGTGTTTGTTTGGTTcGGTTTGGGGcG	-
ENSLCOT00000001108.1	284	314	28	M	0.067	o17o27	0.43	0	TTTGTGTTTGTTTGGTTcGGTTTGGGGcGG	-
ENSLCOT00000001108.1	285	315	28	M	0.067	o16o26	0.43	0	TTGTGTTTGTTTGGTTcGGTTTGGGGcGGT	-
ENSLCOT00000001108.1	286	316	28	M	0.067	o15o25	0.43	0	TGTGTTTGTTTGGTTcGGTTTGGGGcGGTT	-
ENSLCOT00000001108.1	287	317	28	M	0.067	o14o24	0.43	0	GTGTTTGTTTGGTTcGGTTTGGGGcGGTTT	-
ENSLCOT00000001108.1	288	318	28	M	0.067	o13o23	0.4	0	TGTTTGTTTGGTTcGGTTTGGGGcGGTTTT	-
ENSLCOT00000001108.1	289	319	28	M	0.067	o12o22	0.4	0	GTTTGTTTGGTTcGGTTTGGGGcGGTTTTT	-
ENSLCOT00000001108.1	290	320	28	M	0.067	o11o21	0.37	0	TTTGTTTGGTTcGGTTTGGGGcGGTTTTTT	-
ENSLCOT00000001108.1	291	321	28	M	0.067	o10o20	0.37	0	TTGTTTGGTTcGGTTTGGGGcGGTTTTTTT	-
ENSLCOT00000001108.1	292	322	28	M	0.067	o9o19	0.4	0	TGTTTGGTTcGGTTTGGGGcGGTTTTTTTG	-
ENSLCOT00000001108.1	293	323	28	M	0.067	o8o18	0.4	0	GTTTGGTTcGGTTTGGGGcGGTTTTTTTGT	-
ENSLCOT00000001108.1	295	325	27	M	0.1	o6o16o28	0.37	0	TTGGTTcGGTTTGGGGcGGTTTTTTTGTcT	-
ENSLCOT00000001108.1	296	326	27	M	0.1	o5o15o27	0.37	0	TGGTTcGGTTTGGGGcGGTTTTTTTGTcTT	-
ENSLCOT00000001108.1	297	327	27	M	0.1	o4o14o26	0.37	0	GGTTcGGTTTGGGGcGGTTTTTTTGTcTTT	-
ENSLCOT00000001108.1	298	328	27	M	0.1	o3o13o25	0.33	0	GTTcGGTTTGGGGcGGTTTTTTTGTcTTTT	-
ENSLCOT00000001108.1	299	329	27	M	0.1	o2o12o24	0.3	0	TTcGGTTTGGGGcGGTTTTTTTGTcTTTTT	-
ENSLCOT00000001108.1	300	330	27	M	0.1	o1o11o23	0.3	0	TcGGTTTGGGGcGGTTTTTTTGTcTTTTTT	-
ENSLCOT00000001108.1	302	332	28	M	0.067	o9o21	0.3	0	GGTTTGGGGcGGTTTTTTTGTcTTTTTTTT	-
ENSLCOT00000001108.1	303	333	28	M	0.067	o8o20	0.27	0	GTTTGGGGcGGTTTTTTTGTcTTTTTTTTT	-
ENSLCOT00000001157.1	259	275	15	Y	0.062	o3	0.69	0	CTCaCCCCTCTCTCCC	-
ENSLCOT00000001157.1	36	54	17	R	0.056	o12	0.72	0	GGGGAGAGGGGGtGGGAA	-
ENSLCOT00000001157.1	157	173	15	M	0.062	o3	0.62	0	GGTcGTGGTGGGTTGG	-
ENSLCOT00000001262.1	337	357	18	R	0.1	o2o18	0.4	0	AAcAAGAGGGAAGGAGGAtA	-
ENSLCOT00000001262.1	334	355	19	R	0.095	o2o5	0.48	0	GGcAAcAAGAGGGAAGGAGGA	-
ENSLCOT00000001324.1	153	170	16	R	0.059	o9	0.41	0	AAAGAAGAGcGAGAAGG	-
ENSLCOT00000001324.1	175	194	19	R	0		0.42	0	AAGGGGAAGAAAGGAAAAG	-
ENSLCOT00000001324.1	439	457	17	R	0.056	o10	0.83	0	GGGGGGAGGGtGGAGGGG	-
ENSLCOT00000001324.1	421	451	27	M	0.1	o1o4o24	0.5	0	GcTTcGTTGTTGTGTTTTGGGGGGaGGGTG	-
ENSLCOT00000001324.1	423	452	27	M	0.069	o2o22	0.52	0	TTcGTTGTTGTGTTTTGGGGGGaGGGTGG	-
ENSLCOT00000001324.1	424	454	27	M	0.1	o1o21o28	0.53	0	TcGTTGTTGTGTTTTGGGGGGaGGGTGGaG	-
ENSLCOT00000001324.1	426	456	28	M	0.067	o19o26	0.6	0	GTTGTTGTGTTTTGGGGGGaGGGTGGaGGG	-
ENSLCOT00000001324.1	427	457	28	M	0.067	o18o25	0.6	0	TTGTTGTGTTTTGGGGGGaGGGTGGaGGGG	-
ENSLCOT00000001324.1	428	458	28	M	0.067	o17o24	0.6	0	TGTTGTGTTTTGGGGGGaGGGTGGaGGGGT	-
ENSLCOT00000001405.1	194	215	19	R	0.095	o5o14	0.52	0	GGAAGtGAAGGAAGcAAGGGG	-
ENSLCOT00000001405.1	379	409	29	R	0.033	o18	0.4	0	GGAGGAAGAGGAAGAAAAtGAAGAAAGAGA	-
ENSLCOT00000001405.1	378	408	29	R	0.033	o19	0.4	0	AGGAGGAAGAGGAAGAAAAtGAAGAAAGAG	-
ENSLCOT00000001405.1	377	407	29	R	0.033	o20	0.4	0	GAGGAGGAAGAGGAAGAAAAtGAAGAAAGA	-
ENSLCOT00000001405.1	376	406	29	R	0.033	o21	0.4	0	AGAGGAGGAAGAGGAAGAAAAtGAAGAAAG	-
ENSLCOT00000001405.1	375	405	29	R	0.033	o22	0.4	0	GAGAGGAGGAAGAGGAAGAAAAtGAAGAAA	-
ENSLCOT00000001405.1	374	404	29	R	0.033	o23	0.43	0	GGAGAGGAGGAAGAGGAAGAAAAtGAAGAA	-
ENSLCOT00000001405.1	373	403	29	R	0.033	o24	0.43	0	AGGAGAGGAGGAAGAGGAAGAAAAtGAAGA	-
ENSLCOT00000001405.1	372	402	29	R	0.033	o25	0.43	0	AAGGAGAGGAGGAAGAGGAAGAAAAtGAAG	-
ENSLCOT00000001405.1	371	401	29	R	0.033	o26	0.4	0	AAAGGAGAGGAGGAAGAGGAAGAAAAtGAA	-
ENSLCOT00000001405.1	370	400	29	R	0.033	o27	0.4	0	AAAAGGAGAGGAGGAAGAGGAAGAAAAtGA	-
ENSLCOT00000001405.1	369	399	29	R	0.033	o28	0.4	0	AAAAAGGAGAGGAGGAAGAGGAAGAAAAtG	-
ENSLCOT00000001405.1	367	397	30	R	0		0.4	0	GAAAAAAGGAGAGGAGGAAGAGGAAGAAAA	-
ENSLCOT00000001405.1	366	396	30	R	0		0.43	0	GGAAAAAAGGAGAGGAGGAAGAGGAAGAAA	-
ENSLCOT00000001405.1	539	568	27	R	0.069	o22o25	0.48	0	GAGAGGAAGAGGAGAAGAGGAAcAGtGAG	-
ENSLCOT00000001405.1	537	567	27	R	0.1	o1o24o27	0.47	0	GtGAGAGGAAGAGGAGAAGAGGAAcAGtGA	-
ENSLCOT00000001405.1	536	566	27	R	0.1	o2o25o28	0.47	0	AGtGAGAGGAAGAGGAGAAGAGGAAcAGtG	-
ENSLCOT00000001405.1	587	607	18	R	0.1	o7o16	0.5	0	GAGAGAAcGGAGAGAGtGAG	-
ENSLCOT00000001405.1	893	909	15	R	0.062	o5	0.44	0	AGAGAcAAGGGGAGAA	-
ENSLCOT00000001437.1	889	910	19	Y	0.095	o3o9	0.48	0	CTTgCCTCCaCCCCTTTTTCT	-
ENSLCOT00000001437.1	893	923	27	Y	0.1	o5o17o23	0.47	0	CCTCCaCCCCTTTTTCTaCTCCCgCTTTTT	-
ENSLCOT00000001437.1	894	924	27	Y	0.1	o4o16o22	0.47	0	CTCCaCCCCTTTTTCTaCTCCCgCTTTTTC	-
ENSLCOT00000001437.1	895	925	27	Y	0.1	o3o15o21	0.47	0	TCCaCCCCTTTTTCTaCTCCCgCTTTTTCC	-
ENSLCOT00000001437.1	896	926	27	Y	0.1	o2o14o20	0.47	0	CCaCCCCTTTTTCTaCTCCCgCTTTTTCCT	-
ENSLCOT00000001437.1	899	929	27	Y	0.1	o11o17o27	0.47	0	CCCCTTTTTCTaCTCCCgCTTTTTCCTgCC	-
ENSLCOT00000001437.1	911	941	27	Y	0.1	o5o15o18	0.43	0	CTCCCgCTTTTTCCTgCCgTCTTTCTCTCT	-
ENSLCOT00000001437.1	912	942	27	Y	0.1	o4o14o17	0.43	0	TCCCgCTTTTTCCTgCCgTCTTTCTCTCTC	-
ENSLCOT00000001437.1	1084	1105	20	Y	0.048	o8	0.52	0	CCCTTCTTgCTCCTCTCCCTT	-
ENSLCOT00000001437.1	569	592	21	R	0.087	o5o19	0.35	0	GAAAGcAAGAGAAAGGAGAtAGA	-
ENSLCOT00000001437.1	566	588	20	R	0.091	o2o8	0.41	0	GGtGAAAGcAAGAGAAAGGAGA	-
ENSLCOT00000001437.1	720	750	27	R	0.1	o8o22o27	0.4	0	AAAGAAGAcAAAGAGGAGAAGGtGAGAtGG	-
ENSLCOT00000001437.1	719	749	27	R	0.1	o9o23o28	0.4	0	GAAAGAAGAcAAAGAGGAGAAGGtGAGAtG	-
ENSLCOT00000001437.1	717	747	28	R	0.067	o11o25	0.37	0	AAGAAAGAAGAcAAAGAGGAGAAGGtGAGA	-
ENSLCOT00000001437.1	1182	1199	16	R	0.059	o6	0.24	0	GAAAAAcAGAAGAGAAA	-
ENSLCOT00000001437.1	1450	1466	15	M	0.062	o9	0.56	0	TGGTGTGTGcTGTGGG	-
