# Sequence-ID	Start	End	Score	Motif	Error-rate	Errors	Guanine-rate	Duplicates	TFO	Duplicate locations
ENSLCOT00000000003.1	77	96	19	Y	0		0.79	-1	TCTCCCCCCTCTCCCCCCC	-
ENSLCOT00000000003.1	338	357	18	Y	0.053	o4	0.58	-1	TCTCACCCCTCTCTCTCCT	-
ENSLCOT00000000003.1	437	456	18	Y	0.053	o4	0.58	-1	TCTCACCCCTCTCTCTCCT	-
ENSLCOT00000000003.1	516	535	18	Y	0.053	o4	0.58	-1	TCTCACCCCTCTCTCTCCT	-
ENSLCOT00000000003.1	712	735	21	Y	0.087	o4o21	0.78	-1	CCCTGCCCCTCCCCCCCTCCCGC	-
ENSLCOT00000000003.1	933	947	13	Y	0.071	o4	0.64	-1	CCCCACCTCCTTCT	-
ENSLCOT00000000003.1	11	25	13	M	0.071	o5	0.64	-1	GGGTTCTGGGGGGT	-
ENSLCOT00000000003.1	29	47	17	M	0.056	o16	0.44	-1	GGGTGTTTTTTGGGGTCT	-
ENSLCOT00000000003.1	49	65	15	M	0.062	o6	0.56	-1	GGGTGGATTTTGGGGT	-
ENSLCOT00000000003.1	110	124	13	M	0.071	o2	0.57	-1	TGAGTTTGGGGGGT	-
ENSLCOT00000000003.1	128	146	17	M	0.056	o16	0.5	-1	GGGTGGTTTTTGGGGTCT	-
ENSLCOT00000000003.1	148	164	15	M	0.062	o2	0.56	-1	GGATGGGTTTTGGGGT	-
ENSLCOT00000000003.1	151	166	14	M	0.067	o13	0.47	-1	TGGGTTTTGGGGTCT	-
ENSLCOT00000000003.1	168	184	16	M	0		0.62	-1	GGGTGGGTTTTGGGGT	-
ENSLCOT00000000003.1	188	204	15	M	0.062	o11	0.5	-1	GGGTGGTTTTTAGGGT	-
ENSLCOT00000000003.1	208	226	17	M	0.056	o16	0.5	-1	GGGTGGTTTTTGGGGTCT	-
ENSLCOT00000000003.1	228	246	17	M	0.056	o16	0.44	-1	GGGTGTTTTTTGGGGTCT	-
ENSLCOT00000000003.1	248	264	15	M	0.062	o2	0.62	-1	GGATGGTTTGGGGGGT	-
ENSLCOT00000000003.1	251	266	14	M	0.067	o13	0.53	-1	TGGTTTGGGGGGTCT	-
ENSLCOT00000000003.1	268	284	15	M	0.062	o6	0.56	-1	GGGTGGATTTTGGGGT	-
ENSLCOT00000000003.1	288	306	17	M	0.056	o16	0.44	-1	GGGTGTTTTTTGGGGTCT	-
ENSLCOT00000000003.1	308	324	15	M	0.062	o6	0.56	-1	GGGTGGATTTTGGGGT	-
ENSLCOT00000000003.1	368	384	15	M	0.062	o6	0.56	-1	GGGTGGATTTTGGGGT	-
ENSLCOT00000000003.1	388	404	16	M	0		0.56	-1	GGGTGGTTTTTGGGGT	-
ENSLCOT00000000003.1	408	426	17	M	0.056	o16	0.5	-1	GGGTGGTTTTTGGGGTCT	-
ENSLCOT00000000003.1	467	485	17	M	0.056	o16	0.5	-1	GGGTGGTTTTTGGGGTCT	-
ENSLCOT00000000003.1	546	564	17	M	0.056	o16	0.5	-1	GGGTGGTTTTTGGGGTCT	-
ENSLCOT00000000003.1	566	582	15	M	0.062	o6	0.56	-1	GGGTGGATTTTGGGGT	-
ENSLCOT00000000003.1	586	603	16	M	0.059	o15	0.47	-1	GGGTGTTTTTGGGGTCT	-
ENSLCOT00000000003.1	605	622	17	M	0		0.53	-1	GGGTGGTTTTTTGGGGT	-
ENSLCOT00000000003.1	625	642	16	M	0.059	o9	0.53	-1	GGGGTGTTTATTGGGGT	-
ENSLCOT00000000010.1	256	284	26	Y	0.071	o3o10	0.68	-1	CCCACCCCCCGCCCCTTTCTCCCTCCTT	-
ENSLCOT00000000010.1	257	285	26	Y	0.071	o2o9	0.68	-1	CCACCCCCCGCCCCTTTCTCCCTCCTTC	-
ENSLCOT00000000010.1	647	662	14	R	0.067	o6	0.53	-1	AAAGGGCGAGAGGGA	-
ENSLCOT00000000010.1	685	702	16	R	0.059	o11	0.76	-1	GGGGGGAGGGACGGGGA	-
ENSLCOT00000000010.1	36	52	16	M	0		0.69	-1	GGTTGTGGGTGGGGGT	-
ENSLCOT00000000010.1	54	82	27	M	0.036	o25	0.57	-1	TTTGTGGGTGGGGTTGTGGGTGTGGCTG	-
ENSLCOT00000000010.1	56	84	26	M	0.071	o23o26	0.61	-1	TGTGGGTGGGGTTGTGGGTGTGGCTGAG	-
ENSLCOT00000000010.1	57	85	26	M	0.071	o22o25	0.61	-1	GTGGGTGGGGTTGTGGGTGTGGCTGAGT	-
ENSLCOT00000000010.1	58	86	26	M	0.071	o21o24	0.61	-1	TGGGTGGGGTTGTGGGTGTGGCTGAGTG	-
ENSLCOT00000000010.1	59	87	26	M	0.071	o20o23	0.61	-1	GGGTGGGGTTGTGGGTGTGGCTGAGTGT	-
ENSLCOT00000000010.1	60	88	26	M	0.071	o19o22	0.61	-1	GGTGGGGTTGTGGGTGTGGCTGAGTGTG	-
ENSLCOT00000000010.1	61	89	26	M	0.071	o18o21	0.61	-1	GTGGGGTTGTGGGTGTGGCTGAGTGTGG	-
ENSLCOT00000000010.1	62	90	26	M	0.071	o17o20	0.61	-1	TGGGGTTGTGGGTGTGGCTGAGTGTGGG	-
ENSLCOT00000000010.1	63	91	26	M	0.071	o16o19	0.61	-1	GGGGTTGTGGGTGTGGCTGAGTGTGGGT	-
ENSLCOT00000000010.1	64	92	26	M	0.071	o15o18	0.61	-1	GGGTTGTGGGTGTGGCTGAGTGTGGGTG	-
ENSLCOT00000000010.1	65	93	26	M	0.071	o14o17	0.57	-1	GGTTGTGGGTGTGGCTGAGTGTGGGTGT	-
ENSLCOT00000000010.1	66	94	26	M	0.071	o13o16	0.57	-1	GTTGTGGGTGTGGCTGAGTGTGGGTGTG	-
ENSLCOT00000000010.1	67	95	26	M	0.071	o12o15	0.57	-1	TTGTGGGTGTGGCTGAGTGTGGGTGTGG	-
ENSLCOT00000000010.1	98	114	15	M	0.062	o3	0.62	-1	TGGCTTGTGGGTGGGG	-
ENSLCOT00000000010.1	137	152	14	M	0.067	o12	0.67	-1	TGGTGGGTGGGGCTG	-
ENSLCOT00000000010.1	174	202	27	M	0.036	o26	0.61	-1	GTGGGTGGGGTTGTTTGTGGGTGGGGCT	-
ENSLCOT00000000046.1	712	727	15	Y	0		0.47	-1	TCTTTTTTTCCCCCC	-
ENSLCOT00000000046.1	990	1007	16	Y	0.059	o2	0.47	-1	TCATTCTCCCTTTCCTC	-
ENSLCOT00000000046.1	1009	1026	16	Y	0.059	o13	0.41	-1	TTCTTCCTCTCTTGCCT	-
ENSLCOT00000000046.1	106	120	13	M	0.071	o5	0.36	-1	TTGGGATTTGGTTT	-
ENSLCOT00000000046.1	699	713	13	M	0.071	o11	0.43	-1	GGGTTTTGTTGAGT	-
ENSLCOT00000000046.1	774	789	14	M	0.067	o2	0.27	-1	TGCTTTTTTTGTTGG	-
ENSLCOT00000000102.1	751	765	13	Y	0.071	o8	0.57	-1	CCCCCCCCATTTTT	-
ENSLCOT00000000102.1	133	147	14	M	0		0.5	-1	TGGTTTTGGGGTGT	-
ENSLCOT00000000102.1	217	231	14	M	0		0.5	-1	GGTTTTTGGGGTGT	-
ENSLCOT00000000102.1	233	247	14	M	0		0.5	-1	TGGTTTTGGGGTGT	-
ENSLCOT00000000102.1	290	304	14	M	0		0.5	-1	TGGTTTTGGGGTGT	-
ENSLCOT00000000102.1	365	381	15	M	0.062	o2	0.56	-1	GGATTTTGGGGGGTTG	-
ENSLCOT00000000102.1	395	413	17	M	0.056	o3	0.39	-1	TTTATTTTTTGGGGGGGT	-
ENSLCOT00000000102.1	477	491	14	M	0		0.57	-1	GGTTTTGGGGGTGT	-
ENSLCOT00000000102.1	567	581	14	M	0		0.57	-1	GGTTTTGGGGGTGT	-
ENSLCOT00000000102.1	608	623	14	M	0.067	o3	0.47	-1	TTGATTTTGGGGGGT	-
ENSLCOT00000000102.1	651	668	17	M	0		0.53	-1	GTGTTGGGTTTTTGGGG	-
ENSLCOT00000000102.1	822	839	16	M	0.059	o4	0.53	-1	GTGTCGGGTTTTTGGGG	-
ENSLCOT00000000118.1	332	360	26	Y	0.071	o11o23	0.21	-1	TTTTTCCTTTTGCTTTCCTTTTTATTCT	-
ENSLCOT00000000118.1	333	361	26	Y	0.071	o10o22	0.21	-1	TTTTCCTTTTGCTTTCCTTTTTATTCTT	-
ENSLCOT00000000118.1	517	535	17	R	0.056	o12	0.33	-1	AAGGAGAGGAAGTAAAAA	-
ENSLCOT00000000120.1	318	334	15	R	0.062	o9	0.44	-1	GGAGAGGAACAAGAAG	-
ENSLCOT00000000120.1	371	385	13	R	0.071	o1	0.5	-1	ACGAGGAGAAGGAG	-
ENSLCOT00000000120.1	394	411	16	R	0.059	o11	0.47	-1	AAGGAGGAGAACGAGAG	-
ENSLCOT00000000120.1	728	756	26	M	0.071	o2o4	0.68	-1	GGCTCTGGGGGGGTGTGTGGGGGGGTTG	-
ENSLCOT00000000120.1	729	757	26	M	0.071	o1o3	0.64	-1	GCTCTGGGGGGGTGTGTGGGGGGGTTGT	-
ENSLCOT00000000120.1	731	758	26	M	0.037	o1	0.67	-1	TCTGGGGGGGTGTGTGGGGGGGTTGTG	-
ENSLCOT00000000128.1	47	75	26	R	0.071	o11o20	0.32	-1	GAAAGAAGAAGCAGAAAAAATGGAGAAG	-
ENSLCOT00000000128.1	41	67	24	R	0.077	o5o17	0.23	-1	AAAAGTGAAAGAAGAAGCAGAAAAAA	-
ENSLCOT00000000128.1	106	121	14	R	0.067	o11	0.4	-1	AGAAGGAAGAGCAGA	-
ENSLCOT00000000128.1	218	236	17	R	0.056	o12	0.28	-1	AGAAGAAAAAAGTAAGAG	-
ENSLCOT00000000128.1	215	230	14	R	0.067	o2	0.2	-1	AATAGAAGAAAAAAG	-
ENSLCOT00000000128.1	760	774	13	R	0.071	o8	0.5	-1	GGAAAAGGCAGAGG	-
ENSLCOT00000000128.1	972	999	25	R	0.074	o13o15	0.37	-1	GAAGAAAAGGAAGCACAGGAGGAAGAA	-
ENSLCOT00000000142.1	143	159	15	Y	0.062	o7	0.88	-1	CCCCCCTGCCCCCCCC	-
ENSLCOT00000000142.1	162	176	13	Y	0.071	o7	0.5	-1	TTCTTCCGCCTTCC	-
ENSLCOT00000000142.1	422	438	15	Y	0.062	o8	0.38	-1	TCCCCCCTATTTTTTT	-
ENSLCOT00000000142.1	965	981	16	Y	0		0.75	-1	CTCCCCTCCCTCCCCT	-
ENSLCOT00000000142.1	623	638	14	R	0.067	o6	0.87	-1	GGGGGGCGGGGAGGG	-
ENSLCOT00000000142.1	371	385	13	M	0.071	o3	0.57	-1	TGGATTTTGGGGGG	-
ENSLCOT00000000142.1	404	423	18	M	0.053	o4	0.63	-1	TTGGAGGGGGGTTTGGGGT	-
ENSLCOT00000000142.1	431	446	14	M	0.067	o11	0.33	-1	TTTTTTTGGGGAGTT	-
ENSLCOT00000000142.1	613	629	15	M	0.062	o9	0.69	-1	GTTTTGGGGCGGGGGG	-
ENSLCOT00000000142.1	700	715	14	M	0.067	o7	0.4	-1	TGTTGTTATTTGGGG	-
ENSLCOT00000000142.1	1025	1042	16	M	0.059	o5	0.47	-1	TGTTGAGGTTGGTTGGT	-
ENSLCOT00000000142.1	1083	1097	13	M	0.071	o3	0.64	-1	TTGAGGGGGGTGGT	-
ENSLCOT00000000142.1	1087	1101	13	M	0.071	o10	0.57	-1	GGGGGGTGGTCTTT	-
ENSLCOT00000000182.1	145	162	16	R	0.059	o5	0.65	-1	AGGGGCAGGAGGAGGAG	-
ENSLCOT00000000188.1	801	817	15	Y	0.062	o5	0.56	-1	TTCCCGCTCCTTTCCC	-
ENSLCOT00000000188.1	426	441	14	R	0.067	o10	0.53	-1	AGGAGGAGAGCGAAG	-
ENSLCOT00000000188.1	421	436	14	R	0.067	o4	0.6	-1	GGAGCAGGAGGAGAG	-
ENSLCOT00000000188.1	566	582	15	M	0.062	o5	0.69	-1	GGGGGATTTGGGGGGT	-
ENSLCOT00000000235.1	33	60	25	Y	0.074	o3o12	0.56	-1	CTCACTTTTCCCATCTTTCCCCCTCCC	-
ENSLCOT00000000235.1	37	65	26	Y	0.071	o8o23	0.54	-1	CTTTTCCCATCTTTCCCCCTCCCATTCC	-
ENSLCOT00000000235.1	38	66	26	Y	0.071	o7o22	0.5	-1	TTTTCCCATCTTTCCCCCTCCCATTCCT	-
ENSLCOT00000000235.1	39	67	26	Y	0.071	o6o21	0.54	-1	TTTCCCATCTTTCCCCCTCCCATTCCTC	-
ENSLCOT00000000235.1	40	68	26	Y	0.071	o5o20	0.57	-1	TTCCCATCTTTCCCCCTCCCATTCCTCC	-
ENSLCOT00000000235.1	41	69	26	Y	0.071	o4o19	0.57	-1	TCCCATCTTTCCCCCTCCCATTCCTCCT	-
ENSLCOT00000000235.1	42	70	26	Y	0.071	o3o18	0.57	-1	CCCATCTTTCCCCCTCCCATTCCTCCTT	-
ENSLCOT00000000235.1	43	71	26	Y	0.071	o2o17	0.54	-1	CCATCTTTCCCCCTCCCATTCCTCCTTT	-
ENSLCOT00000000235.1	44	72	26	Y	0.071	o1o16	0.54	-1	CATCTTTCCCCCTCCCATTCCTCCTTTC	-
ENSLCOT00000000235.1	46	74	27	Y	0.036	o14	0.5	-1	TCTTTCCCCCTCCCATTCCTCCTTTCTT	-
ENSLCOT00000000235.1	47	75	27	Y	0.036	o13	0.5	-1	CTTTCCCCCTCCCATTCCTCCTTTCTTT	-
ENSLCOT00000000235.1	48	76	27	Y	0.036	o12	0.46	-1	TTTCCCCCTCCCATTCCTCCTTTCTTTT	-
ENSLCOT00000000235.1	49	77	27	Y	0.036	o11	0.46	-1	TTCCCCCTCCCATTCCTCCTTTCTTTTT	-
ENSLCOT00000000235.1	50	78	27	Y	0.036	o10	0.46	-1	TCCCCCTCCCATTCCTCCTTTCTTTTTT	-
ENSLCOT00000000235.1	51	79	27	Y	0.036	o9	0.5	-1	CCCCCTCCCATTCCTCCTTTCTTTTTTC	-
ENSLCOT00000000235.1	52	80	27	Y	0.036	o8	0.5	-1	CCCCTCCCATTCCTCCTTTCTTTTTTCC	-
ENSLCOT00000000235.1	53	81	27	Y	0.036	o7	0.5	-1	CCCTCCCATTCCTCCTTTCTTTTTTCCC	-
ENSLCOT00000000235.1	266	280	13	R	0.071	o3	0.43	-1	GGACAAGGAGAAGA	-
ENSLCOT00000000240.1	602	628	24	Y	0.077	o9o16	0.31	-1	TTCTCCTTTATTTCCTATCTTTCTCT	-
ENSLCOT00000000240.1	1038	1053	14	Y	0.067	o9	0.67	-1	CCTCCTCTCACCCCT	-
ENSLCOT00000000240.1	308	323	14	R	0.067	o10	0.67	-1	GGGAGGGAAGTGGAG	-
ENSLCOT00000000240.1	365	379	13	R	0.071	o4	0.36	-1	AGGATGGAGAAAAA	-
ENSLCOT00000000240.1	340	364	22	R	0.083	o18o21	0.38	-1	GAGGAGAGGAAAGAAAAATGACAG	-
ENSLCOT00000000240.1	338	361	21	R	0.087	o1o20	0.35	-1	ATGAGGAGAGGAAAGAAAAATGA	-
ENSLCOT00000000240.1	332	358	24	R	0.077	o5o7	0.35	-1	AAAGGCATGAGGAGAGGAAAGAAAAA	-
ENSLCOT00000000240.1	736	750	13	R	0.071	o7	0.36	-1	AAAAGAGTGGAAAG	-
ENSLCOT00000000240.1	992	1008	15	R	0.062	o7	0.25	-1	GAAGAAACAGAGAAAA	-
ENSLCOT00000000240.1	774	788	13	M	0.071	o5	0.43	-1	GGTTGCTTTGTGTG	-
ENSLCOT00000000242.1	448	462	13	R	0.071	o1	0.36	-1	ATAAGAGAGAGAAG	-
ENSLCOT00000000242.1	500	527	27	R	0		0.48	-1	GAAAAAGGGGGAAAAAAAGAGAGGGGG	-
ENSLCOT00000000242.1	529	543	13	R	0.071	o12	0.29	-1	GAAAGAAAAAGACG	-
ENSLCOT00000000242.1	562	580	18	R	0		0.28	-1	AAGAGAGAAAAAAGAAAG	-
ENSLCOT00000000242.1	588	614	24	R	0.077	o18o22	0.46	-1	GAGAGGAGAGAAGAGAGGCAGATAGA	-
ENSLCOT00000000242.1	173	188	14	M	0.067	o9	0.27	-1	TTTTGTTTTAGTGTG	-
ENSLCOT00000000271.1	417	431	13	Y	0.071	o10	0.71	-1	TCCCCCCCTCACCT	-
ENSLCOT00000000271.1	953	967	13	Y	0.071	o10	0.36	-1	TTTCTTTCCTACCT	-
ENSLCOT00000000271.1	1048	1063	15	Y	0		0.67	-1	CTCCCTTCCTCCTCC	-
ENSLCOT00000000271.1	178	192	13	R	0.071	o12	0.43	-1	AGGAAGGAGGAACA	-
ENSLCOT00000000271.1	341	355	14	R	0		0.5	-1	GGGGAGAAGAAAGA	-
ENSLCOT00000000271.1	778	803	23	R	0.08	o14o21	0.48	-1	AGGAGGAAGAGAAGCAGGGGGCAAA	-
ENSLCOT00000000271.1	776	799	21	R	0.087	o1o16	0.57	-1	GCAGGAGGAAGAGAAGCAGGGGG	-
ENSLCOT00000000271.1	852	867	14	R	0.067	o5	0.6	-1	GAGGGCAGGGAAGGA	-
ENSLCOT00000000271.1	1209	1226	16	R	0.059	o11	0.59	-1	AGAGGGAGGGGCAGGAA	-
ENSLCOT00000000271.1	1205	1220	14	R	0.067	o3	0.6	-1	AGACAGAGGGAGGGG	-
ENSLCOT00000000271.1	259	275	15	M	0.062	o9	0.69	-1	TGTGGTGTGAGGGGGG	-
ENSLCOT00000000271.1	966	980	13	M	0.071	o4	0.43	-1	TGTGAGGTTTGGTT	-
ENSLCOT00000000271.1	1247	1263	15	M	0.062	o9	0.62	-1	TTGTGTGGGAGGGTGG	-
ENSLCOT00000000315.1	3	17	13	R	0.071	o7	0.36	-1	GAGGAGATAGAAAA	-
ENSLCOT00000000337.1	1012	1026	13	Y	0.071	o2	0.5	-1	CTGCTCTCTCTCCT	-
ENSLCOT00000000337.1	1039	1055	15	Y	0.062	o8	0.38	-1	TCTTTCCCACTTTTCT	-
ENSLCOT00000000337.1	959	975	15	R	0.062	o4	0.5	-1	AGGATGGGAAGAGAGA	-
ENSLCOT00000000350.1	253	272	18	R	0.053	o12	0.53	-1	GGAGGAGGAGAACAAGGAG	-
ENSLCOT00000000350.1	522	538	15	R	0.062	o1	0.75	-1	GTGGGGGGAGGAGGGA	-
ENSLCOT00000000350.1	777	793	15	R	0.062	o11	0.62	-1	GAGGGAGGGGACAGGA	-
ENSLCOT00000000350.1	772	788	15	R	0.062	o4	0.69	-1	AGGGCGAGGGAGGGGA	-
ENSLCOT00000000350.1	801	815	13	R	0.071	o8	0.57	-1	GGAGGGGACAGAGA	-
ENSLCOT00000000350.1	160	176	15	M	0.062	o11	0.69	-1	GGTGGTGGTGGCGGTG	-
ENSLCOT00000000350.1	519	533	13	M	0.071	o11	0.79	-1	GGTGTGGGGGGAGG	-
ENSLCOT00000000350.1	554	574	19	M	0.05	o9	0.7	-1	TGGTGGGGTCTGGGGGTGGG	-
ENSLCOT00000000363.1	791	806	14	Y	0.067	o4	0.73	-1	CCCCATCCCCTCTCC	-
ENSLCOT00000000363.1	61	75	13	R	0.071	o11	0.71	-1	GAGGGGGGGAGCGA	-
ENSLCOT00000000363.1	58	72	13	R	0.071	o2	0.79	-1	GGCGAGGGGGGGAG	-
ENSLCOT00000000543.1	344	372	26	R	0.071	o7o19	0.36	-1	AAGAAGATGAAGAAGAAGATGAAGAAGG	-
ENSLCOT00000000572.1	134	153	18	Y	0.053	o9	0.58	-1	TCCCTCCTTGCCCCTTCTC	-
ENSLCOT00000000572.1	223	238	14	R	0.067	o10	0.67	-1	GGGGAAGGGGCGAGA	-
ENSLCOT00000000572.1	218	233	14	R	0.067	o4	0.73	-1	GGAGCGGGGAAGGGG	-
ENSLCOT00000000572.1	468	482	13	R	0.071	o2	0.64	-1	GATGGGGAGGGAGA	-
ENSLCOT00000000572.1	566	582	15	R	0.062	o4	0.62	-1	AGGACGAGGAGGGGGA	-
ENSLCOT00000000572.1	706	724	17	R	0.056	o6	0.5	-1	AAGGGGTAAAAAAGGGGG	-
ENSLCOT00000000572.1	684	700	15	R	0.062	o8	0.69	-1	GGGAAAGGTGAGGGGG	-
ENSLCOT00000000576.1	387	402	14	R	0.067	o2	0.53	-1	AGTGAAAGGGGGAAG	-
ENSLCOT00000000576.1	468	485	16	R	0.059	o5	0.41	-1	GAGAATGGAAAGAGAAG	-
ENSLCOT00000000576.1	495	512	16	R	0.059	o13	0.35	-1	AGAAGAGAAGAAGCAAG	-
ENSLCOT00000000577.1	52	66	13	Y	0.071	o8	0.21	-1	TTTTTCTTATTTCC	-
ENSLCOT00000000577.1	628	643	14	Y	0.067	o5	0.2	-1	TTTTTATTTTCTCCT	-
ENSLCOT00000000577.1	653	669	15	Y	0.062	o4	0.12	-1	TTTTGCCTTTTTTTTT	-
ENSLCOT00000000577.1	658	675	16	Y	0.059	o11	0.35	-1	CCTTTTTTTTTGCCTCC	-
ENSLCOT00000000577.1	1093	1108	14	Y	0.067	o2	0.4	-1	CTGCTTTTCCCCTTT	-
ENSLCOT00000000577.1	1514	1530	15	Y	0.062	o2	0.31	-1	TTGCTCTCCTTTTCTT	-
ENSLCOT00000000577.1	1517	1533	15	Y	0.062	o13	0.38	-1	CTCTCCTTTTCTTACT	-
ENSLCOT00000000577.1	161	176	14	R	0.067	o1	0.33	-1	GTAAGAAGAAAAAGG	-
ENSLCOT00000000577.1	420	436	15	R	0.062	o12	0.38	-1	GGGAGAAGAAAACAAG	-
ENSLCOT00000000577.1	690	709	18	R	0.053	o7	0.42	-1	GAGGAAACAAAAGGGGAAG	-
ENSLCOT00000000577.1	980	994	13	R	0.071	o2	0.36	-1	GACAGAAGAGAGAA	-
ENSLCOT00000000577.1	145	160	14	M	0.067	o2	0.33	-1	TTATGGTGGTTTTTG	-
ENSLCOT00000000577.1	148	163	14	M	0.067	o12	0.4	-1	TGGTGGTTTTTGCGT	-
ENSLCOT00000000577.1	1116	1142	24	M	0.077	o5o15	0.42	-1	TGGTGCTTGTTGGTTAGTTTGGTGTG	-
ENSLCOT00000000577.1	1122	1148	24	M	0.077	o9o20	0.38	-1	TTGTTGGTTAGTTTGGTGTGATGGTT	-
ENSLCOT00000000578.1	52	66	13	Y	0.071	o8	0.21	-1	TTTTTCTTATTTCC	-
ENSLCOT00000000578.1	559	574	14	Y	0.067	o5	0.2	-1	TTTTTATTTTCTCCT	-
ENSLCOT00000000578.1	584	600	15	Y	0.062	o4	0.12	-1	TTTTGCCTTTTTTTTT	-
ENSLCOT00000000578.1	589	606	16	Y	0.059	o11	0.35	-1	CCTTTTTTTTTGCCTCC	-
ENSLCOT00000000578.1	1024	1039	14	Y	0.067	o2	0.4	-1	CTGCTTTTCCCCTTT	-
ENSLCOT00000000578.1	1445	1461	15	Y	0.062	o2	0.31	-1	TTGCTCTCCTTTTCTT	-
ENSLCOT00000000578.1	1448	1464	15	Y	0.062	o13	0.38	-1	CTCTCCTTTTCTTACT	-
ENSLCOT00000000578.1	161	176	14	R	0.067	o1	0.33	-1	GTAAGAAGAAAAAGG	-
ENSLCOT00000000578.1	351	367	15	R	0.062	o12	0.38	-1	GGGAGAAGAAAACAAG	-
ENSLCOT00000000578.1	621	640	18	R	0.053	o7	0.42	-1	GAGGAAACAAAAGGGGAAG	-
ENSLCOT00000000578.1	911	925	13	R	0.071	o2	0.36	-1	GACAGAAGAGAGAA	-
ENSLCOT00000000578.1	145	160	14	M	0.067	o2	0.33	-1	TTATGGTGGTTTTTG	-
ENSLCOT00000000578.1	148	163	14	M	0.067	o12	0.4	-1	TGGTGGTTTTTGCGT	-
ENSLCOT00000000578.1	1047	1073	24	M	0.077	o5o15	0.42	-1	TGGTGCTTGTTGGTTAGTTTGGTGTG	-
ENSLCOT00000000578.1	1053	1079	24	M	0.077	o9o20	0.38	-1	TTGTTGGTTAGTTTGGTGTGATGGTT	-
ENSLCOT00000000580.1	365	380	14	Y	0.067	o5	0.2	-1	TTTTTATTTTCTCCT	-
ENSLCOT00000000580.1	390	406	15	Y	0.062	o4	0.12	-1	TTTTGCCTTTTTTTTT	-
ENSLCOT00000000580.1	395	412	16	Y	0.059	o11	0.35	-1	CCTTTTTTTTTGCCTCC	-
ENSLCOT00000000580.1	830	845	14	Y	0.067	o2	0.4	-1	CTGCTTTTCCCCTTT	-
ENSLCOT00000000580.1	1251	1267	15	Y	0.062	o2	0.31	-1	TTGCTCTCCTTTTCTT	-
ENSLCOT00000000580.1	1254	1270	15	Y	0.062	o13	0.38	-1	CTCTCCTTTTCTTACT	-
ENSLCOT00000000580.1	157	173	15	R	0.062	o12	0.38	-1	GGGAGAAGAAAACAAG	-
ENSLCOT00000000580.1	427	446	18	R	0.053	o7	0.42	-1	GAGGAAACAAAAGGGGAAG	-
ENSLCOT00000000580.1	717	731	13	R	0.071	o2	0.36	-1	GACAGAAGAGAGAA	-
ENSLCOT00000000580.1	853	879	24	M	0.077	o5o15	0.42	-1	TGGTGCTTGTTGGTTAGTTTGGTGTG	-
ENSLCOT00000000580.1	859	885	24	M	0.077	o9o20	0.38	-1	TTGTTGGTTAGTTTGGTGTGATGGTT	-
ENSLCOT00000000582.1	598	613	14	Y	0.067	o5	0.2	-1	TTTTTATTTTCTCCT	-
ENSLCOT00000000582.1	623	639	15	Y	0.062	o4	0.12	-1	TTTTGCCTTTTTTTTT	-
ENSLCOT00000000582.1	628	645	16	Y	0.059	o11	0.35	-1	CCTTTTTTTTTGCCTCC	-
ENSLCOT00000000582.1	1063	1078	14	Y	0.067	o2	0.4	-1	CTGCTTTTCCCCTTT	-
ENSLCOT00000000582.1	1484	1500	15	Y	0.062	o2	0.31	-1	TTGCTCTCCTTTTCTT	-
ENSLCOT00000000582.1	1487	1503	15	Y	0.062	o13	0.38	-1	CTCTCCTTTTCTTACT	-
ENSLCOT00000000582.1	202	230	26	R	0.071	o4o24	0.11	-1	AAAATAAGAAAGAAAAAAAGAAAATAAA	-
ENSLCOT00000000582.1	201	229	26	R	0.071	o5o25	0.11	-1	AAAAATAAGAAAGAAAAAAAGAAAATAA	-
ENSLCOT00000000582.1	200	228	26	R	0.071	o6o26	0.11	-1	AAAAAATAAGAAAGAAAAAAAGAAAATA	-
ENSLCOT00000000582.1	198	226	27	R	0.036	o8	0.14	-1	AGAAAAAATAAGAAAGAAAAAAAGAAAA	-
ENSLCOT00000000582.1	197	225	27	R	0.036	o9	0.14	-1	AAGAAAAAATAAGAAAGAAAAAAAGAAA	-
ENSLCOT00000000582.1	195	223	26	R	0.071	o1o11	0.14	-1	ATAAGAAAAAATAAGAAAGAAAAAAAGA	-
ENSLCOT00000000582.1	194	222	26	R	0.071	o2o12	0.14	-1	AATAAGAAAAAATAAGAAAGAAAAAAAG	-
ENSLCOT00000000582.1	390	406	15	R	0.062	o12	0.38	-1	GGGAGAAGAAAACAAG	-
ENSLCOT00000000582.1	660	679	18	R	0.053	o7	0.42	-1	GAGGAAACAAAAGGGGAAG	-
ENSLCOT00000000582.1	950	964	13	R	0.071	o2	0.36	-1	GACAGAAGAGAGAA	-
ENSLCOT00000000582.1	60	74	13	M	0.071	o2	0.64	-1	GGCTGGGTTTGGGG	-
ENSLCOT00000000582.1	63	78	14	M	0.067	o11	0.67	-1	TGGGTTTGGGGAGGG	-
ENSLCOT00000000582.1	154	171	16	M	0.059	o7	0.35	-1	GTGTGTTCTGTTGGTTT	-
ENSLCOT00000000582.1	1086	1112	24	M	0.077	o5o15	0.42	-1	TGGTGCTTGTTGGTTAGTTTGGTGTG	-
ENSLCOT00000000582.1	1092	1118	24	M	0.077	o9o20	0.38	-1	TTGTTGGTTAGTTTGGTGTGATGGTT	-
ENSLCOT00000000621.1	64	81	16	R	0.059	o10	0.53	-1	AGAGAGAGGGCAGAGGA	-
ENSLCOT00000000621.1	956	970	14	R	0		0.71	-1	GAGGGAGGGGGAAG	-
ENSLCOT00000000621.1	1093	1108	14	R	0.067	o3	0.73	-1	GAGCGGGGGAAGGGG	-
ENSLCOT00000000730.1	649	665	15	Y	0.062	o6	0.44	-1	TTCTCTGCTTCCTTCC	-
ENSLCOT00000000730.1	656	670	13	Y	0.071	o9	0.5	-1	CTTCCTTCCACCTT	-
ENSLCOT00000000730.1	986	1014	26	Y	0.071	o3o17	0.39	-1	TCTGTCCTTTCTTCTCCATCCTTTCTTC	-
ENSLCOT00000000730.1	987	1015	26	Y	0.071	o2o16	0.39	-1	CTGTCCTTTCTTCTCCATCCTTTCTTCT	-
ENSLCOT00000000730.1	988	1016	26	Y	0.071	o1o15	0.36	-1	TGTCCTTTCTTCTCCATCCTTTCTTCTT	-
ENSLCOT00000000730.1	990	1017	26	Y	0.037	o13	0.41	-1	TCCTTTCTTCTCCATCCTTTCTTCTTC	-
ENSLCOT00000000730.1	991	1019	26	Y	0.071	o12o26	0.39	-1	CCTTTCTTCTCCATCCTTTCTTCTTCAT	-
ENSLCOT00000000730.1	992	1020	26	Y	0.071	o11o25	0.39	-1	CTTTCTTCTCCATCCTTTCTTCTTCATC	-
ENSLCOT00000000730.1	993	1021	26	Y	0.071	o10o24	0.39	-1	TTTCTTCTCCATCCTTTCTTCTTCATCC	-
ENSLCOT00000000954.1	483	506	21	Y	0.087	o5o15	0.7	-1	TCCCCATCTCCCCCCACCTCCTC	-
ENSLCOT00000000954.1	559	576	16	Y	0.059	o2	0.71	-1	CCACCCTCTCTCCCTCC	-
ENSLCOT00000000954.1	843	858	14	Y	0.067	o12	0.53	-1	TTCTCTTTCCCCACC	-
ENSLCOT00000000954.1	957	971	13	Y	0.071	o4	0.5	-1	TCTCGCCTCTTCCT	-
ENSLCOT00000000954.1	962	977	14	Y	0.067	o9	0.47	-1	CCTCTTCCTGTCTCT	-
ENSLCOT00000000954.1	1232	1248	15	Y	0.062	o6	0.62	-1	CTCCCCATCCTTCCCT	-
ENSLCOT00000000954.1	1281	1296	14	Y	0.067	o5	0.73	-1	CCCCTGCCCCTTCCC	-
ENSLCOT00000000954.1	1611	1625	13	Y	0.071	o7	0.29	-1	CTTCTTTATTTTCC	-
ENSLCOT00000000954.1	1885	1905	19	Y	0.05	o10	0.4	-1	CTCCTTCCCTGTTTTTTTCC	-
ENSLCOT00000000954.1	1090	1106	15	R	0.062	o2	0.62	-1	GGCGAGGGAAGAGGAG	-
ENSLCOT00000000954.1	1468	1485	16	R	0.059	o3	0.53	-1	GGATGAGAGGAAGGAGA	-
ENSLCOT00000000954.1	1668	1682	13	R	0.071	o1	0.36	-1	ACAGGAGAGGAAAA	-
ENSLCOT00000000954.1	357	371	13	M	0.071	o11	0.57	-1	TGGTGGTGGTGATG	-
ENSLCOT00000000954.1	2076	2090	13	M	0.071	o3	0.43	-1	GGGATTGTTTTTGG	-
ENSLCOT00000000955.1	112	137	23	Y	0.08	o6o9	0.44	-1	CTCCTTGTTGCTCTCTCCTCCCTTT	-
ENSLCOT00000000955.1	196	210	13	Y	0.071	o6	0.57	-1	CTCTCCACCTTCCT	-
ENSLCOT00000000955.1	1156	1171	15	Y	0		0.73	-1	CCCTCCTTCCTCCCC	-
ENSLCOT00000000955.1	34	49	14	R	0.067	o9	0.53	-1	AGGAGGGAACAGGAG	-
ENSLCOT00000000955.1	91	109	17	R	0.056	o9	0.61	-1	AGGGAGGGACAGAGGGAG	-
ENSLCOT00000000955.1	697	713	15	R	0.062	o14	0.38	-1	AGAGGAGAAGAAGACA	-
ENSLCOT00000000955.1	1300	1314	13	R	0.071	o7	0.43	-1	GAGGAAACAGAGGA	-
ENSLCOT00000000955.1	1981	2004	21	R	0.087	o10o16	0.61	-1	GGGGGGGGAACAGGAGCAGGAGA	-
ENSLCOT00000000955.1	530	545	14	M	0.067	o3	0.67	-1	TTGAGGGGGGGTTGG	-
ENSLCOT00000000955.1	534	548	13	M	0.071	o11	0.71	-1	GGGGGGGTTGGCTG	-
ENSLCOT00000000955.1	1409	1423	13	M	0.071	o6	0.64	-1	TGGGGGCTGTGGGT	-
ENSLCOT00000000983.1	76	91	14	R	0.067	o1	0.6	-1	GTGGAGGAAGAGGAG	-
ENSLCOT00000000983.1	218	233	14	R	0.067	o10	0.4	-1	GAAAGGAAGACGAGA	-
ENSLCOT00000000988.1	1075	1089	13	Y	0.071	o6	0.29	-1	CTTCTTACTTTTCT	-
ENSLCOT00000000988.1	554	570	15	R	0.062	o13	0.12	-1	AAAAAGAGAAAAACAA	-
ENSLCOT00000000988.1	246	260	13	M	0.071	o3	0.36	-1	TTGCTGGTTTTGTG	-
ENSLCOT00000000988.1	347	371	22	M	0.083	o6o19	0.17	-1	TGTTTTATTTGTTGTTTGTCTTTT	-
ENSLCOT00000000988.1	691	714	21	M	0.087	o9o13	0.13	-1	TTGTTTGTGATTTATTTTTTTTT	-
ENSLCOT00000000988.1	853	867	13	M	0.071	o2	0.21	-1	TTATTTGTGTTTGT	-
ENSLCOT00000000989.1	267	283	15	Y	0.062	o1	0.31	-1	TGTCTCTTTTTCTCTC	-
ENSLCOT00000000989.1	269	296	25	Y	0.074	o14o20	0.33	-1	TCTCTTTTTCTCTCACTTCTGCTCTTT	-
ENSLCOT00000000989.1	520	535	14	Y	0.067	o8	0.6	-1	CCTCTCCTGCCTCCT	-
ENSLCOT00000000989.1	196	212	15	R	0.062	o6	0.31	-1	GGAAGATAGAAAAAGA	-
ENSLCOT00000000989.1	446	470	22	R	0.083	o16o18	0.46	-1	GAGAAGAGAAGGGAAATGCAGGAG	-
ENSLCOT00000000989.1	158	172	13	M	0.071	o4	0.21	-1	TGTTCTTGTTTGTT	-
ENSLCOT00000000989.1	641	657	16	M	0		0.38	-1	TGGTTTTGGTTGTTTG	-
ENSLCOT00000000990.1	267	283	15	Y	0.062	o1	0.31	-1	TGTCTCTTTTTCTCTC	-
ENSLCOT00000000990.1	269	296	25	Y	0.074	o14o20	0.33	-1	TCTCTTTTTCTCTCACTTCTGCTCTTT	-
ENSLCOT00000000990.1	196	212	15	R	0.062	o6	0.31	-1	GGAAGATAGAAAAAGA	-
ENSLCOT00000000990.1	158	172	13	M	0.071	o4	0.21	-1	TGTTCTTGTTTGTT	-
ENSLCOT00000000991.1	267	283	15	Y	0.062	o1	0.31	-1	TGTCTCTTTTTCTCTC	-
ENSLCOT00000000991.1	269	296	25	Y	0.074	o14o20	0.33	-1	TCTCTTTTTCTCTCACTTCTGCTCTTT	-
ENSLCOT00000000991.1	196	212	15	R	0.062	o6	0.31	-1	GGAAGATAGAAAAAGA	-
ENSLCOT00000000991.1	158	172	13	M	0.071	o4	0.21	-1	TGTTCTTGTTTGTT	-
ENSLCOT00000000992.1	267	283	15	Y	0.062	o1	0.31	-1	TGTCTCTTTTTCTCTC	-
ENSLCOT00000000992.1	269	296	25	Y	0.074	o14o20	0.33	-1	TCTCTTTTTCTCTCACTTCTGCTCTTT	-
ENSLCOT00000000992.1	196	212	15	R	0.062	o6	0.31	-1	GGAAGATAGAAAAAGA	-
ENSLCOT00000000992.1	158	172	13	M	0.071	o4	0.21	-1	TGTTCTTGTTTGTT	-
ENSLCOT00000000992.1	448	462	13	M	0.071	o8	0.43	-1	TTGTTGGGATGTTG	-
ENSLCOT00000000993.1	267	283	15	Y	0.062	o1	0.31	-1	TGTCTCTTTTTCTCTC	-
ENSLCOT00000000993.1	269	296	25	Y	0.074	o14o20	0.33	-1	TCTCTTTTTCTCTCACTTCTGCTCTTT	-
ENSLCOT00000000993.1	196	212	15	R	0.062	o6	0.31	-1	GGAAGATAGAAAAAGA	-
ENSLCOT00000000993.1	158	172	13	M	0.071	o4	0.21	-1	TGTTCTTGTTTGTT	-
ENSLCOT00000001086.1	440	454	13	Y	0.071	o2	0.36	-1	TTGTTCTTCCTCTC	-
ENSLCOT00000001086.1	707	735	26	Y	0.071	o7o13	0.32	-1	TCTTTCTACTCTTATCCTTCCTTTCTTT	-
ENSLCOT00000001086.1	708	736	26	Y	0.071	o6o12	0.32	-1	CTTTCTACTCTTATCCTTCCTTTCTTTT	-
ENSLCOT00000001086.1	709	737	26	Y	0.071	o5o11	0.32	-1	TTTCTACTCTTATCCTTCCTTTCTTTTC	-
ENSLCOT00000001086.1	710	738	26	Y	0.071	o4o10	0.36	-1	TTCTACTCTTATCCTTCCTTTCTTTTCC	-
ENSLCOT00000001086.1	711	739	26	Y	0.071	o3o9	0.36	-1	TCTACTCTTATCCTTCCTTTCTTTTCCT	-
ENSLCOT00000001086.1	712	740	26	Y	0.071	o2o8	0.36	-1	CTACTCTTATCCTTCCTTTCTTTTCCTT	-
ENSLCOT00000001086.1	715	742	25	Y	0.074	o5o25	0.33	-1	CTCTTATCCTTCCTTTCTTTTCCTTAT	-
ENSLCOT00000001086.1	721	749	26	Y	0.071	o19o21	0.29	-1	TCCTTCCTTTCTTTTCCTTATATTTTCT	-
ENSLCOT00000001086.1	722	750	26	Y	0.071	o18o20	0.29	-1	CCTTCCTTTCTTTTCCTTATATTTTCTT	-
ENSLCOT00000001086.1	218	233	14	R	0.067	o13	0.33	-1	GGGAAAAAAAGAATG	-
ENSLCOT00000001086.1	591	607	15	M	0.062	o12	0.38	-1	GTGTTTTGTGGGCTTT	-
ENSLCOT00000001108.1	383	397	13	Y	0.071	o8	0.64	-1	CCCCTTCCATCTCC	-
ENSLCOT00000001108.1	936	959	21	Y	0.087	o1o7	0.48	-1	TACTTCCATTCTCCTCTCCCTTC	-
ENSLCOT00000001108.1	938	965	25	Y	0.074	o5o21	0.52	-1	CTTCCATTCTCCTCTCCCTTCATCTCC	-
ENSLCOT00000001108.1	944	970	24	Y	0.077	o15o21	0.54	-1	TTCTCCTCTCCCTTCATCTCCACTCC	-
ENSLCOT00000001108.1	38	57	19	R	0		0.53	-1	GGGAAAGGGAGGGGAAAAA	-
ENSLCOT00000001108.1	1025	1045	19	R	0.05	o4	0.6	-1	AGGGTGGGGAGGAGAAGAAG	-
ENSLCOT00000001108.1	1339	1355	15	R	0.062	o4	0.56	-1	AAAGTGGGAGGAGAGG	-
ENSLCOT00000001108.1	274	301	25	M	0.074	o2o7	0.37	-1	TGAGTTGAGGTTTGTGTTTGTTTGGTT	-
ENSLCOT00000001108.1	277	305	26	M	0.071	o4o24	0.39	-1	GTTGAGGTTTGTGTTTGTTTGGTTCGGT	-
ENSLCOT00000001108.1	278	306	26	M	0.071	o3o23	0.36	-1	TTGAGGTTTGTGTTTGTTTGGTTCGGTT	-
ENSLCOT00000001108.1	279	307	26	M	0.071	o2o22	0.36	-1	TGAGGTTTGTGTTTGTTTGGTTCGGTTT	-
ENSLCOT00000001108.1	280	308	26	M	0.071	o1o21	0.39	-1	GAGGTTTGTGTTTGTTTGGTTCGGTTTG	-
ENSLCOT00000001108.1	282	310	27	M	0.036	o19	0.43	-1	GGTTTGTGTTTGTTTGGTTCGGTTTGGG	-
ENSLCOT00000001108.1	283	311	27	M	0.036	o18	0.43	-1	GTTTGTGTTTGTTTGGTTCGGTTTGGGG	-
ENSLCOT00000001108.1	285	313	26	M	0.071	o16o26	0.43	-1	TTGTGTTTGTTTGGTTCGGTTTGGGGCG	-
ENSLCOT00000001108.1	286	314	26	M	0.071	o15o25	0.46	-1	TGTGTTTGTTTGGTTCGGTTTGGGGCGG	-
ENSLCOT00000001108.1	287	315	26	M	0.071	o14o24	0.46	-1	GTGTTTGTTTGGTTCGGTTTGGGGCGGT	-
ENSLCOT00000001108.1	288	316	26	M	0.071	o13o23	0.43	-1	TGTTTGTTTGGTTCGGTTTGGGGCGGTT	-
ENSLCOT00000001108.1	289	317	26	M	0.071	o12o22	0.43	-1	GTTTGTTTGGTTCGGTTTGGGGCGGTTT	-
ENSLCOT00000001108.1	290	318	26	M	0.071	o11o21	0.39	-1	TTTGTTTGGTTCGGTTTGGGGCGGTTTT	-
ENSLCOT00000001108.1	291	319	26	M	0.071	o10o20	0.39	-1	TTGTTTGGTTCGGTTTGGGGCGGTTTTT	-
ENSLCOT00000001108.1	292	320	26	M	0.071	o9o19	0.39	-1	TGTTTGGTTCGGTTTGGGGCGGTTTTTT	-
ENSLCOT00000001108.1	293	321	26	M	0.071	o8o18	0.39	-1	GTTTGGTTCGGTTTGGGGCGGTTTTTTT	-
ENSLCOT00000001108.1	294	322	26	M	0.071	o7o17	0.39	-1	TTTGGTTCGGTTTGGGGCGGTTTTTTTG	-
ENSLCOT00000001108.1	295	323	26	M	0.071	o6o16	0.39	-1	TTGGTTCGGTTTGGGGCGGTTTTTTTGT	-
ENSLCOT00000001108.1	302	330	26	M	0.071	o9o21	0.32	-1	GGTTTGGGGCGGTTTTTTTGTCTTTTTT	-
ENSLCOT00000001108.1	303	331	26	M	0.071	o8o20	0.29	-1	GTTTGGGGCGGTTTTTTTGTCTTTTTTT	-
ENSLCOT00000001108.1	304	332	26	M	0.071	o7o19	0.25	-1	TTTGGGGCGGTTTTTTTGTCTTTTTTTT	-
ENSLCOT00000001108.1	305	333	26	M	0.071	o6o18	0.25	-1	TTGGGGCGGTTTTTTTGTCTTTTTTTTT	-
ENSLCOT00000001157.1	259	275	15	Y	0.062	o3	0.69	-1	CTCACCCCTCTCTCCC	-
ENSLCOT00000001157.1	36	54	17	R	0.056	o12	0.72	-1	GGGGAGAGGGGGTGGGAA	-
ENSLCOT00000001157.1	157	173	15	M	0.062	o3	0.62	-1	GGTCGTGGTGGGTTGG	-
ENSLCOT00000001262.1	829	843	13	Y	0.071	o3	0.21	-1	CTTATTTCTCTTTT	-
ENSLCOT00000001262.1	15	29	13	R	0.071	o4	0.36	-1	AGGATAAGGGAAAA	-
ENSLCOT00000001262.1	340	357	16	R	0.059	o15	0.47	-1	AAGAGGGAAGGAGGATA	-
ENSLCOT00000001262.1	337	355	17	R	0.056	o2	0.44	-1	AACAAGAGGGAAGGAGGA	-
ENSLCOT00000001311.1	31	46	15	M	0		0.27	-1	TTTTGTGTTTGTGTT	-
ENSLCOT00000001324.1	89	104	14	Y	0.067	o13	0.47	-1	TTTTCCCTCCCTTGC	-
ENSLCOT00000001324.1	153	170	16	R	0.059	o9	0.41	-1	AAAGAAGAGCGAGAAGG	-
ENSLCOT00000001324.1	175	194	19	R	0		0.42	-1	AAGGGGAAGAAAGGAAAAG	-
ENSLCOT00000001324.1	205	219	13	R	0.071	o11	0.36	-1	AAGGAGGGAAACAA	-
ENSLCOT00000001324.1	202	216	13	R	0.071	o2	0.5	-1	GGCAAGGAGGGAAA	-
ENSLCOT00000001324.1	439	457	17	R	0.056	o10	0.83	-1	GGGGGGAGGGTGGAGGGG	-
ENSLCOT00000001324.1	421	445	22	M	0.083	o1o4	0.46	-1	GCTTCGTTGTTGTGTTTTGGGGGG	-
ENSLCOT00000001324.1	423	451	26	M	0.071	o2o22	0.5	-1	TTCGTTGTTGTGTTTTGGGGGGAGGGTG	-
ENSLCOT00000001324.1	424	452	26	M	0.071	o1o21	0.54	-1	TCGTTGTTGTGTTTTGGGGGGAGGGTGG	-
ENSLCOT00000001324.1	426	454	26	M	0.071	o19o26	0.57	-1	GTTGTTGTGTTTTGGGGGGAGGGTGGAG	-
ENSLCOT00000001324.1	427	455	26	M	0.071	o18o25	0.57	-1	TTGTTGTGTTTTGGGGGGAGGGTGGAGG	-
ENSLCOT00000001324.1	428	456	26	M	0.071	o17o24	0.61	-1	TGTTGTGTTTTGGGGGGAGGGTGGAGGG	-
ENSLCOT00000001324.1	429	457	26	M	0.071	o16o23	0.64	-1	GTTGTGTTTTGGGGGGAGGGTGGAGGGG	-
ENSLCOT00000001324.1	430	458	26	M	0.071	o15o22	0.61	-1	TTGTGTTTTGGGGGGAGGGTGGAGGGGT	-
ENSLCOT00000001405.1	304	318	13	Y	0.071	o5	0.36	-1	TCTCTGTTTCCTTC	-
ENSLCOT00000001405.1	1085	1100	15	Y	0		0.4	-1	CCTTCTTTTCTCCTT	-
ENSLCOT00000001405.1	200	215	14	R	0.067	o8	0.53	-1	GAAGGAAGCAAGGGG	-
ENSLCOT00000001405.1	194	208	13	R	0.071	o5	0.5	-1	GGAAGTGAAGGAAG	-
ENSLCOT00000001405.1	248	263	14	R	0.067	o5	0.4	-1	AAGAATGGAAGAAGG	-
ENSLCOT00000001405.1	381	409	27	R	0.036	o16	0.36	-1	AGGAAGAGGAAGAAAATGAAGAAAGAGA	-
ENSLCOT00000001405.1	380	408	27	R	0.036	o17	0.39	-1	GAGGAAGAGGAAGAAAATGAAGAAAGAG	-
ENSLCOT00000001405.1	379	407	27	R	0.036	o18	0.39	-1	GGAGGAAGAGGAAGAAAATGAAGAAAGA	-
ENSLCOT00000001405.1	378	406	27	R	0.036	o19	0.39	-1	AGGAGGAAGAGGAAGAAAATGAAGAAAG	-
ENSLCOT00000001405.1	377	405	27	R	0.036	o20	0.39	-1	GAGGAGGAAGAGGAAGAAAATGAAGAAA	-
ENSLCOT00000001405.1	376	404	27	R	0.036	o21	0.39	-1	AGAGGAGGAAGAGGAAGAAAATGAAGAA	-
ENSLCOT00000001405.1	375	403	27	R	0.036	o22	0.43	-1	GAGAGGAGGAAGAGGAAGAAAATGAAGA	-
ENSLCOT00000001405.1	374	402	27	R	0.036	o23	0.46	-1	GGAGAGGAGGAAGAGGAAGAAAATGAAG	-
ENSLCOT00000001405.1	373	401	27	R	0.036	o24	0.43	-1	AGGAGAGGAGGAAGAGGAAGAAAATGAA	-
ENSLCOT00000001405.1	372	400	27	R	0.036	o25	0.43	-1	AAGGAGAGGAGGAAGAGGAAGAAAATGA	-
ENSLCOT00000001405.1	371	399	27	R	0.036	o26	0.43	-1	AAAGGAGAGGAGGAAGAGGAAGAAAATG	-
ENSLCOT00000001405.1	369	397	28	R	0		0.39	-1	AAAAAGGAGAGGAGGAAGAGGAAGAAAA	-
ENSLCOT00000001405.1	368	396	28	R	0		0.39	-1	AAAAAAGGAGAGGAGGAAGAGGAAGAAA	-
ENSLCOT00000001405.1	367	395	28	R	0		0.43	-1	GAAAAAAGGAGAGGAGGAAGAGGAAGAA	-
ENSLCOT00000001405.1	366	394	28	R	0		0.46	-1	GGAAAAAAGGAGAGGAGGAAGAGGAAGA	-
ENSLCOT00000001405.1	507	521	13	R	0.071	o4	0.43	-1	AAAGCGAAGGGAGA	-
ENSLCOT00000001405.1	540	568	26	R	0.071	o21o24	0.46	-1	AGAGGAAGAGGAGAAGAGGAACAGTGAG	-
ENSLCOT00000001405.1	539	567	26	R	0.071	o22o25	0.46	-1	GAGAGGAAGAGGAGAAGAGGAACAGTGA	-
ENSLCOT00000001405.1	536	564	26	R	0.071	o2o25	0.46	-1	AGTGAGAGGAAGAGGAGAAGAGGAACAG	-
ENSLCOT00000001405.1	587	603	15	R	0.062	o7	0.5	-1	GAGAGAACGGAGAGAG	-
ENSLCOT00000001405.1	893	909	15	R	0.062	o5	0.44	-1	AGAGACAAGGGGAGAA	-
ENSLCOT00000001437.1	893	916	21	Y	0.087	o5o17	0.57	-1	CCTCCACCCCTTTTTCTACTCCC	-
ENSLCOT00000001437.1	899	926	25	Y	0.074	o11o17	0.44	-1	CCCCTTTTTCTACTCCCGCTTTTTCCT	-
ENSLCOT00000001437.1	917	942	23	Y	0.08	o9o12	0.4	-1	CTTTTTCCTGCCGTCTTTCTCTCTC	-
ENSLCOT00000001437.1	1084	1105	20	Y	0.048	o8	0.52	-1	CCCTTCTTGCTCCTCTCCCTT	-
ENSLCOT00000001437.1	441	456	15	R	0		0.47	-1	AGAAGGAAGAAGGGA	-
ENSLCOT00000001437.1	569	592	21	R	0.087	o5o19	0.35	-1	GAAAGCAAGAGAAAGGAGATAGA	-
ENSLCOT00000001437.1	719	747	26	R	0.071	o9o23	0.39	-1	GAAAGAAGACAAAGAGGAGAAGGTGAGA	-
ENSLCOT00000001437.1	718	746	26	R	0.071	o10o24	0.39	-1	AGAAAGAAGACAAAGAGGAGAAGGTGAG	-
ENSLCOT00000001437.1	717	745	26	R	0.071	o11o25	0.36	-1	AAGAAAGAAGACAAAGAGGAGAAGGTGA	-
ENSLCOT00000001437.1	1182	1199	16	R	0.059	o6	0.24	-1	GAAAAACAGAAGAGAAA	-
ENSLCOT00000001437.1	1450	1466	15	M	0.062	o9	0.56	-1	TGGTGTGTGCTGTGGG	-
