# Sequence-ID	Start	End	Score	Motif	Error-rate	Errors	Guanine-rate	Duplicates	TFO	Duplicate locations
ENSLCOT00000000003.1	77	96	19	Y	0		0.79	0	TCTCCCCCCTCTCCCCCCC	-
ENSLCOT00000000003.1	338	357	18	Y	0.053	o4	0.58	0	TCTCACCCCTCTCTCTCCT	-
ENSLCOT00000000003.1	437	456	18	Y	0.053	o4	0.58	0	TCTCACCCCTCTCTCTCCT	-
ENSLCOT00000000003.1	516	535	18	Y	0.053	o4	0.58	0	TCTCACCCCTCTCTCTCCT	-
ENSLCOT00000000003.1	712	735	21	Y	0.087	o4o21	0.78	0	CCCTGCCCCTCCCCCCCTCCCGC	-
ENSLCOT00000000003.1	29	47	17	M	0.056	o16	0.44	0	GGGTGTTTTTTGGGGTCT	-
ENSLCOT00000000003.1	49	65	15	M	0.062	o6	0.56	0	GGGTGGATTTTGGGGT	-
ENSLCOT00000000003.1	128	146	17	M	0.056	o16	0.5	0	GGGTGGTTTTTGGGGTCT	-
ENSLCOT00000000003.1	148	164	15	M	0.062	o2	0.56	0	GGATGGGTTTTGGGGT	-
ENSLCOT00000000003.1	168	184	16	M	0		0.62	0	GGGTGGGTTTTGGGGT	-
ENSLCOT00000000003.1	188	204	15	M	0.062	o11	0.5	0	GGGTGGTTTTTAGGGT	-
ENSLCOT00000000003.1	208	226	17	M	0.056	o16	0.5	0	GGGTGGTTTTTGGGGTCT	-
ENSLCOT00000000003.1	228	246	17	M	0.056	o16	0.44	0	GGGTGTTTTTTGGGGTCT	-
ENSLCOT00000000003.1	248	264	15	M	0.062	o2	0.62	0	GGATGGTTTGGGGGGT	-
ENSLCOT00000000003.1	268	284	15	M	0.062	o6	0.56	0	GGGTGGATTTTGGGGT	-
ENSLCOT00000000003.1	288	306	17	M	0.056	o16	0.44	0	GGGTGTTTTTTGGGGTCT	-
ENSLCOT00000000003.1	308	324	15	M	0.062	o6	0.56	0	GGGTGGATTTTGGGGT	-
ENSLCOT00000000003.1	368	384	15	M	0.062	o6	0.56	0	GGGTGGATTTTGGGGT	-
ENSLCOT00000000003.1	388	404	16	M	0		0.56	0	GGGTGGTTTTTGGGGT	-
ENSLCOT00000000003.1	408	426	17	M	0.056	o16	0.5	0	GGGTGGTTTTTGGGGTCT	-
ENSLCOT00000000003.1	467	485	17	M	0.056	o16	0.5	0	GGGTGGTTTTTGGGGTCT	-
ENSLCOT00000000003.1	546	564	17	M	0.056	o16	0.5	0	GGGTGGTTTTTGGGGTCT	-
ENSLCOT00000000003.1	566	582	15	M	0.062	o6	0.56	0	GGGTGGATTTTGGGGT	-
ENSLCOT00000000003.1	586	603	16	M	0.059	o15	0.47	0	GGGTGTTTTTGGGGTCT	-
ENSLCOT00000000003.1	605	622	17	M	0		0.53	0	GGGTGGTTTTTTGGGGT	-
ENSLCOT00000000003.1	625	642	16	M	0.059	o9	0.53	0	GGGGTGTTTATTGGGGT	-
ENSLCOT00000000010.1	254	285	27	Y	0.13	o1o5o12	0.68	0	CACCCACCCCCCGCCCCTTTCTCCCTCCTTC	-
ENSLCOT00000000010.1	685	702	16	R	0.059	o11	0.76	0	GGGGGGAGGGACGGGGA	-
ENSLCOT00000000010.1	36	52	16	M	0		0.69	0	GGTTGTGGGTGGGGGT	-
ENSLCOT00000000010.1	54	95	28	M	0.32	o25o28	0.59	0	TTTGTGGGTGGGGTTGTGGGTGTGGCTGAGTGTGGGTGTGG	-
ENSLCOT00000000010.1	98	114	15	M	0.062	o3	0.62	0	TGGCTTGTGGGTGGGG	-
ENSLCOT00000000010.1	174	202	27	M	0.036	o26	0.61	0	GTGGGTGGGGTTGTTTGTGGGTGGGGCT	-
ENSLCOT00000000046.1	990	1007	16	Y	0.059	o2	0.47	0	TCATTCTCCCTTTCCTC	-
ENSLCOT00000000046.1	1009	1029	18	Y	0.1	o13o17	0.4	0	TTCTTCCTCTCTTGCCTGTC	-
ENSLCOT00000000046.1	699	721	20	M	0.091	o11o14	0.27	0	GGGTTTTGTTGAGTCTTTTTTT	-
ENSLCOT00000000102.1	365	381	15	M	0.062	o2	0.56	0	GGATTTTGGGGGGTTG	-
ENSLCOT00000000102.1	395	413	17	M	0.056	o3	0.39	0	TTTATTTTTTGGGGGGGT	-
ENSLCOT00000000102.1	651	668	17	M	0		0.53	0	GTGTTGGGTTTTTGGGG	-
ENSLCOT00000000102.1	822	839	16	M	0.059	o4	0.53	0	GTGTCGGGTTTTTGGGG	-
ENSLCOT00000000118.1	332	361	27	Y	0.069	o11o23	0.21	0	TTTTTCCTTTTGCTTTCCTTTTTATTCTT	-
ENSLCOT00000000118.1	517	535	17	R	0.056	o12	0.33	0	AAGGAGAGGAAGTAAAAA	-
ENSLCOT00000000120.1	318	334	15	R	0.062	o9	0.44	0	GGAGAGGAACAAGAAG	-
ENSLCOT00000000120.1	394	411	16	R	0.059	o11	0.47	0	AAGGAGGAGAACGAGAG	-
ENSLCOT00000000120.1	728	758	28	M	0.067	o2o4	0.67	0	GGCTCTGGGGGGGTGTGTGGGGGGGTTGTG	-
ENSLCOT00000000128.1	41	75	27	R	0.21	o5o17o26	0.29	0	AAAAGTGAAAGAAGAAGCAGAAAAAATGGAGAAG	-
ENSLCOT00000000128.1	215	236	19	R	0.095	o2o15	0.24	0	AATAGAAGAAAAAAGTAAGAG	-
ENSLCOT00000000128.1	972	1009	19	R	0.49	o13o15o27o29	0.3	0	GAAGAAAAGGAAGCACAGGAGGAAGAATGTAAAAAAA	-
ENSLCOT00000000142.1	143	159	15	Y	0.062	o7	0.88	0	CCCCCCTGCCCCCCCC	-
ENSLCOT00000000142.1	422	438	15	Y	0.062	o8	0.38	0	TCCCCCCTATTTTTTT	-
ENSLCOT00000000142.1	965	981	16	Y	0		0.75	0	CTCCCCTCCCTCCCCT	-
ENSLCOT00000000142.1	618	638	18	R	0.1	o4o11	0.85	0	GGGGCGGGGGGCGGGGAGGG	-
ENSLCOT00000000142.1	404	423	18	M	0.053	o4	0.63	0	TTGGAGGGGGGTTTGGGGT	-
ENSLCOT00000000142.1	613	634	19	M	0.095	o9o16	0.71	0	GTTTTGGGGCGGGGGGCGGGG	-
ENSLCOT00000000142.1	1022	1042	18	M	0.1	o2o8	0.4	0	TTATGTTGAGGTTGGTTGGT	-
ENSLCOT00000000182.1	145	162	16	R	0.059	o5	0.65	0	AGGGGCAGGAGGAGGAG	-
ENSLCOT00000000188.1	801	817	15	Y	0.062	o5	0.56	0	TTCCCGCTCCTTTCCC	-
ENSLCOT00000000188.1	421	441	18	R	0.1	o4o15	0.55	0	GGAGCAGGAGGAGAGCGAAG	-
ENSLCOT00000000188.1	566	582	15	M	0.062	o5	0.69	0	GGGGGATTTGGGGGGT	-
ENSLCOT00000000235.1	28	81	27	Y	0.49	o4o8o17o32	0.49	0	CTCCACTCACTTTTCCCATCTTTCCCCCTCCCATTCCTCCTTTCTTTTTTCCC	-
ENSLCOT00000000240.1	602	628	24	Y	0.077	o9o16	0.31	0	TTCTCCTTTATTTCCTATCTTTCTCT	-
ENSLCOT00000000240.1	332	364	22	R	0.31	o5o7o26o29	0.34	0	AAAGGCATGAGGAGAGGAAAGAAAAATGACAG	-
ENSLCOT00000000240.1	992	1008	15	R	0.062	o7	0.25	0	GAAGAAACAGAGAAAA	-
ENSLCOT00000000242.1	500	527	27	R	0		0.48	0	GAAAAAGGGGGAAAAAAAGAGAGGGGG	-
ENSLCOT00000000242.1	562	580	18	R	0		0.28	0	AAGAGAGAAAAAAGAAAG	-
ENSLCOT00000000242.1	588	620	27	R	0.16	o18o22o26	0.47	0	GAGAGGAGAGAAGAGAGGCAGATAGATGGAGA	-
ENSLCOT00000000271.1	776	803	23	R	0.15	o1o16o23	0.48	0	GCAGGAGGAAGAGAAGCAGGGGGCAAA	-
ENSLCOT00000000271.1	1205	1229	18	R	0.25	o3o15o21	0.46	0	AGACAGAGGGAGGGGCAGGAACAA	-
ENSLCOT00000000271.1	259	275	15	M	0.062	o9	0.69	0	TGTGGTGTGAGGGGGG	-
ENSLCOT00000000271.1	1247	1263	15	M	0.062	o9	0.62	0	TTGTGTGGGAGGGTGG	-
ENSLCOT00000000315.1	191	211	18	R	0.1	o8o11	0.25	0	AGAGAAAACAGCAGAGAAAA	-
ENSLCOT00000000337.1	1039	1060	19	Y	0.095	o8o16	0.38	0	TCTTTCCCACTTTTCTACTTC	-
ENSLCOT00000000337.1	959	975	15	R	0.062	o4	0.5	0	AGGATGGGAAGAGAGA	-
ENSLCOT00000000350.1	421	441	18	Y	0.1	o6o13	0.45	0	CCTCCTGCCTTTCACCTTTT	-
ENSLCOT00000000350.1	253	272	18	R	0.053	o12	0.53	0	GGAGGAGGAGAACAAGGAG	-
ENSLCOT00000000350.1	522	538	15	R	0.062	o1	0.75	0	GTGGGGGGAGGAGGGA	-
ENSLCOT00000000350.1	772	793	19	R	0.095	o4o16	0.62	0	AGGGCGAGGGAGGGGACAGGA	-
ENSLCOT00000000350.1	160	176	15	M	0.062	o11	0.69	0	GGTGGTGGTGGCGGTG	-
ENSLCOT00000000350.1	554	574	19	M	0.05	o9	0.7	0	TGGTGGGGTCTGGGGGTGGG	-
ENSLCOT00000000543.1	344	372	26	R	0.071	o7o19	0.36	0	AAGAAGATGAAGAAGAAGATGAAGAAGG	-
ENSLCOT00000000572.1	134	153	18	Y	0.053	o9	0.58	0	TCCCTCCTTGCCCCTTCTC	-
ENSLCOT00000000572.1	218	238	18	R	0.1	o4o15	0.65	0	GGAGCGGGGAAGGGGCGAGA	-
ENSLCOT00000000572.1	566	582	15	R	0.062	o4	0.62	0	AGGACGAGGAGGGGGA	-
ENSLCOT00000000572.1	704	724	18	R	0.1	o1o8	0.45	0	ACAAGGGGTAAAAAAGGGGG	-
ENSLCOT00000000572.1	684	700	15	R	0.062	o8	0.69	0	GGGAAAGGTGAGGGGG	-
ENSLCOT00000000576.1	468	485	16	R	0.059	o5	0.41	0	GAGAATGGAAAGAGAAG	-
ENSLCOT00000000576.1	495	512	16	R	0.059	o13	0.35	0	AGAAGAGAAGAAGCAAG	-
ENSLCOT00000000582.1	190	230	28	R	0.3	o3o6o16o36	0.1	0	AAATAATAAGAAAAAATAAGAAAGAAAAAAAGAAAATAAA	-
ENSLCOT00000000582.1	63	83	18	M	0.1	o11o15	0.6	0	TGGGTTTGGGGAGGGAGTGT	-
ENSLCOT00000000582.1	154	171	16	M	0.059	o7	0.35	0	GTGTGTTCTGTTGGTTT	-
ENSLCOT00000000621.1	64	85	19	R	0.095	o10o17	0.48	0	AGAGAGAGGGCAGAGGATAGA	-
ENSLCOT00000000730.1	645	670	18	Y	0.28	o3o10o20	0.44	0	CCTGTTCTCTGCTTCCTTCCACCTT	-
ENSLCOT00000000730.1	982	1021	27	Y	0.31	o3o7o21o35	0.41	0	TCCATCTGTCCTTTCTTCTCCATCCTTTCTTCTTCATCC	-
ENSLCOT00000000954.1	483	506	21	Y	0.087	o5o15	0.7	0	TCCCCATCTCCCCCCACCTCCTC	-
ENSLCOT00000000954.1	559	576	16	Y	0.059	o2	0.71	0	CCACCCTCTCTCCCTCC	-
ENSLCOT00000000954.1	957	977	18	Y	0.1	o4o14	0.45	0	TCTCGCCTCTTCCTGTCTCT	-
ENSLCOT00000000954.1	1232	1248	15	Y	0.062	o6	0.62	0	CTCCCCATCCTTCCCT	-
ENSLCOT00000000954.1	1883	1905	20	Y	0.091	o1o12	0.36	0	TGCTCCTTCCCTGTTTTTTTCC	-
ENSLCOT00000000954.1	1085	1106	19	R	0.095	o4o7	0.57	0	GGAATGGCGAGGGAAGAGGAG	-
ENSLCOT00000000954.1	1465	1485	18	R	0.1	o2o6	0.5	0	GATGGATGAGAGGAAGGAGA	-
ENSLCOT00000000954.1	1662	1682	18	R	0.1	o5o7	0.4	0	AGAGGTACAGGAGAGGAAAA	-
ENSLCOT00000000955.1	112	137	23	Y	0.08	o6o9	0.44	0	CTCCTTGTTGCTCTCTCCTCCCTTT	-
ENSLCOT00000000955.1	34	55	19	R	0.095	o9o15	0.48	0	AGGAGGGAACAGGAGCAGGAA	-
ENSLCOT00000000955.1	78	109	27	R	0.13	o8o12o22	0.58	0	AGGAGAGGCAGGCAGGGAGGGACAGAGGGAG	-
ENSLCOT00000000955.1	697	717	18	R	0.1	o14o16	0.35	0	AGAGGAGAAGAAGACATAGA	-
ENSLCOT00000000955.1	1981	2004	21	R	0.087	o10o16	0.61	0	GGGGGGGGAACAGGAGCAGGAGA	-
ENSLCOT00000000955.1	525	545	18	M	0.1	o4o8	0.65	0	GGGTATTGAGGGGGGGTTGG	-
ENSLCOT00000000988.1	554	570	15	R	0.062	o13	0.12	0	AAAAAGAGAAAAACAA	-
ENSLCOT00000000988.1	345	371	19	M	0.27	o1o8o21	0.15	0	TATGTTTTATTTGTTGTTTGTCTTTT	-
ENSLCOT00000000988.1	691	714	21	M	0.087	o9o13	0.13	0	TTGTTTGTGATTTATTTTTTTTT	-
ENSLCOT00000000989.1	446	470	22	R	0.083	o16o18	0.46	0	GAGAAGAGAAGGGAAATGCAGGAG	-
ENSLCOT00000000989.1	641	657	16	M	0		0.38	0	TGGTTTTGGTTGTTTG	-
ENSLCOT00000001086.1	705	750	27	Y	0.4	o1o9o15o35o37	0.27	0	TATCTTTCTACTCTTATCCTTCCTTTCTTTTCCTTATATTTTCTT	-
ENSLCOT00000001086.1	591	607	15	M	0.062	o12	0.38	0	GTGTTTTGTGGGCTTT	-
ENSLCOT00000001108.1	936	970	21	Y	0.38	o1o7o23o29	0.5	0	TACTTCCATTCTCCTCTCCCTTCATCTCCACTCC	-
ENSLCOT00000001108.1	38	57	19	R	0		0.53	0	GGGAAAGGGAGGGGAAAAA	-
ENSLCOT00000001108.1	1023	1045	20	R	0.091	o1o6	0.59	0	GCAGGGTGGGGAGGAGAAGAAG	-
ENSLCOT00000001108.1	1339	1355	15	R	0.062	o4	0.56	0	AAAGTGGGAGGAGAGG	-
ENSLCOT00000001108.1	274	333	27	M	0.54	o2o7o27o37o49	0.32	0	TGAGTTGAGGTTTGTGTTTGTTTGGTTCGGTTTGGGGCGGTTTTTTTGTCTTTTTTTTT	-
ENSLCOT00000001157.1	259	275	15	Y	0.062	o3	0.69	0	CTCACCCCTCTCTCCC	-
ENSLCOT00000001157.1	36	54	17	R	0.056	o12	0.72	0	GGGGAGAGGGGGTGGGAA	-
ENSLCOT00000001157.1	157	173	15	M	0.062	o3	0.62	0	GGTCGTGGTGGGTTGG	-
ENSLCOT00000001262.1	334	357	18	R	0.22	o2o5o21	0.43	0	GGCAACAAGAGGGAAGGAGGATA	-
ENSLCOT00000001324.1	153	170	16	R	0.059	o9	0.41	0	AAAGAAGAGCGAGAAGG	-
ENSLCOT00000001324.1	175	194	19	R	0		0.42	0	AAGGGGAAGAAAGGAAAAG	-
ENSLCOT00000001324.1	439	457	17	R	0.056	o10	0.83	0	GGGGGGAGGGTGGAGGGG	-
ENSLCOT00000001324.1	421	458	27	M	0.27	o1o4o24o31	0.54	0	GCTTCGTTGTTGTGTTTTGGGGGGAGGGTGGAGGGGT	-
ENSLCOT00000001405.1	194	215	19	R	0.095	o5o14	0.52	0	GGAAGTGAAGGAAGCAAGGGG	-
ENSLCOT00000001405.1	366	409	29	R	0.33	o31	0.4	0	GGAAAAAAGGAGAGGAGGAAGAGGAAGAAAATGAAGAAAGAGA	-
ENSLCOT00000001405.1	536	568	27	R	0.16	o2o25o28	0.47	0	AGTGAGAGGAAGAGGAGAAGAGGAACAGTGAG	-
ENSLCOT00000001405.1	587	607	18	R	0.1	o7o16	0.5	0	GAGAGAACGGAGAGAGTGAG	-
ENSLCOT00000001405.1	893	909	15	R	0.062	o5	0.44	0	AGAGACAAGGGGAGAA	-
ENSLCOT00000001437.1	889	942	19	Y	0.64	o3o9o21o27o37o40	0.45	0	CTTGCCTCCACCCCTTTTTCTACTCCCGCTTTTTCCTGCCGTCTTTCTCTCTC	-
ENSLCOT00000001437.1	1084	1105	20	Y	0.048	o8	0.52	0	CCCTTCTTGCTCCTCTCCCTT	-
ENSLCOT00000001437.1	566	592	21	R	0.19	o2o8o22	0.38	0	GGTGAAAGCAAGAGAAAGGAGATAGA	-
ENSLCOT00000001437.1	717	750	27	R	0.18	o11o25o30	0.39	0	AAGAAAGAAGACAAAGAGGAGAAGGTGAGATGG	-
ENSLCOT00000001437.1	1182	1199	16	R	0.059	o6	0.24	0	GAAAAACAGAAGAGAAA	-
ENSLCOT00000001437.1	1450	1466	15	M	0.062	o9	0.56	0	TGGTGTGTGCTGTGGG	-
