# Sequence-ID	Start	End	Score	Motif	Error-rate	Errors	Guanine-rate	Duplicates	TFO	Duplicate locations
ENSLCOT00000000003.1	77	96	10	Y	0.47		0.79	0	TCTCCCCCCTCTCCCCCCC	-
ENSLCOT00000000003.1	343	357	10	Y	0.29		0.64	2	CCCCTCTCTCTCCT	-
ENSLCOT00000000003.1	442	456	10	Y	0.29		0.64	2	CCCCTCTCTCTCCT	-
ENSLCOT00000000003.1	521	535	10	Y	0.29		0.64	2	CCCCTCTCTCTCCT	-
ENSLCOT00000000003.1	654	664	10	Y	0		0.7	2	TCTCTCCCCC	-
ENSLCOT00000000003.1	717	733	10	Y	0.38		0.88	0	CCCCTCCCCCCCTCCC	-
ENSLCOT00000000003.1	29	45	10	M	0.38		0.5	2	GGGTGTTTTTTGGGGT	-
ENSLCOT00000000003.1	113	124	10	M	0.091		0.64	1	GTTTGGGGGGT	ENSLCOT00000000003.1:253-264;
ENSLCOT00000000003.1	151	164	10	M	0.23		0.54	1	TGGGTTTTGGGGT	ENSLCOT00000000003.1:171-184;
ENSLCOT00000000003.1	168	184	10	M	0.38		0.62	0	GGGTGGGTTTTGGGGT	-
ENSLCOT00000000003.1	228	244	10	M	0.38		0.5	2	GGGTGTTTTTTGGGGT	-
ENSLCOT00000000003.1	251	264	10	M	0.23		0.62	0	TGGTTTGGGGGGT	-
ENSLCOT00000000003.1	288	304	10	M	0.38		0.5	2	GGGTGTTTTTTGGGGT	-
ENSLCOT00000000003.1	586	601	10	M	0.33		0.53	0	GGGTGTTTTTGGGGT	-
ENSLCOT00000000003.1	605	622	10	M	0.41		0.53	0	GGGTGGTTTTTTGGGGT	-
ENSLCOT00000000003.1	697	707	10	M	0		0.9	1	GGGGGGGGGT	ENSLCOT00000000543.1:261-271;
ENSLCOT00000000010.1	267	285	10	Y	0.44		0.61	0	CCCCTTTCTCCCTCCTTC	-
ENSLCOT00000000010.1	921	931	10	Y	0		0.6	2	CTTCTCCCTC	-
ENSLCOT00000000010.1	685	696	10	R	0.091		0.82	0	GGGGGGAGGGA	-
ENSLCOT00000000010.1	20	32	10	M	0.17		0.75	1	GGTGGGTGGGGT	ENSLCOT00000000142.1:969-981;
ENSLCOT00000000010.1	36	52	10	M	0.38		0.69	0	GGTTGTGGGTGGGGGT	-
ENSLCOT00000000010.1	54	79	10	M	0.6		0.6	0	TTTGTGGGTGGGGTTGTGGGTGTGG	-
ENSLCOT00000000010.1	83	95	10	M	0.17		0.67	0	GTGTGGGTGTGG	-
ENSLCOT00000000010.1	137	149	10	M	0.17		0.75	0	TGGTGGGTGGGG	-
ENSLCOT00000000010.1	174	200	10	M	0.62		0.65	0	GTGGGTGGGGTTGTTTGTGGGTGGGG	-
ENSLCOT00000000010.1	341	351	10	M	0		0.7	1	GGTTTGGGGG	ENSLCOT00000000003.1:252-262;
ENSLCOT00000000010.1	632	643	10	M	0.091		0.73	0	TTTGGGGGGGG	-
ENSLCOT00000000046.1	712	727	10	Y	0.33		0.47	0	TCTTTTTTTCCCCCC	-
ENSLCOT00000000046.1	993	1007	10	Y	0.29		0.5	0	TTCTCCCTTTCCTC	-
ENSLCOT00000000046.1	1009	1022	10	Y	0.23		0.38	0	TTCTTCCTCTCTT	-
ENSLCOT00000000046.1	692	702	10	R	0		0.4	1	AAGAAAAGGG	ENSLCOT00000000046.1:699-709;
ENSLCOT00000000046.1	871	884	10	R	0.23		0.23	0	AAAAGGAAAGAAA	-
ENSLCOT00000000046.1	699	710	10	M	0.091		0.45	0	GGGTTTTGTTG	-
ENSLCOT00000000046.1	777	789	10	M	0.17		0.25	0	TTTTTTTGTTGG	-
ENSLCOT00000000055.1	152	162	10	R	0		0.4	0	GGAGAGAAAA	-
ENSLCOT00000000102.1	985	997	10	Y	0.17		0.42	0	CCCCTTTTTTTC	-
ENSLCOT00000000102.1	2	13	10	M	0.091		0.55	2	GTTTTGGGGGT	-
ENSLCOT00000000102.1	133	147	10	M	0.29		0.5	2	TGGTTTTGGGGTGT	-
ENSLCOT00000000102.1	176	189	10	M	0.23		0.46	0	GGTTTTGGGTTGT	-
ENSLCOT00000000102.1	201	214	10	M	0.23		0.38	0	TTTTTTGGGGTGT	-
ENSLCOT00000000102.1	217	231	10	M	0.29		0.5	0	GGTTTTTGGGGTGT	-
ENSLCOT00000000102.1	233	247	10	M	0.29		0.5	2	TGGTTTTGGGGTGT	-
ENSLCOT00000000102.1	290	304	10	M	0.29		0.5	2	TGGTTTTGGGGTGT	-
ENSLCOT00000000102.1	316	328	10	M	0.17		0.5	0	TTTTTGGGGGGT	-
ENSLCOT00000000102.1	368	381	10	M	0.23		0.54	0	TTTTGGGGGGTTG	-
ENSLCOT00000000102.1	399	413	10	M	0.29		0.5	0	TTTTTTGGGGGGGT	-
ENSLCOT00000000102.1	477	491	10	M	0.29		0.57	1	GGTTTTGGGGGTGT	ENSLCOT00000000102.1:567-581;
ENSLCOT00000000102.1	567	581	10	M	0.29		0.57	1	GGTTTTGGGGGTGT	ENSLCOT00000000102.1:477-491;
ENSLCOT00000000102.1	592	605	10	M	0.23		0.38	0	GTTTTTTGGGGTT	-
ENSLCOT00000000102.1	651	668	10	M	0.41		0.53	0	GTGTTGGGTTTTTGGGG	-
ENSLCOT00000000102.1	827	839	10	M	0.17		0.58	1	GGGTTTTTGGGG	ENSLCOT00000000102.1:656-668;
ENSLCOT00000000102.1	1026	1037	10	M	0.091		0.45	2	TTTTTGGGGGT	-
ENSLCOT00000000102.1	1043	1055	10	M	0.17		0.42	1	TTTTTTGGGGGT	ENSLCOT00000000242.1:510-522;
ENSLCOT00000000102.1	1094	1104	10	M	0		0.3	0	TTTTTTGGGT	-
ENSLCOT00000000102.1	1126	1138	10	M	0.17		0.5	2	GTTTTTGGGGTG	-
ENSLCOT00000000102.1	1142	1154	10	M	0.17		0.5	2	GTTTTTGGGGTG	-
ENSLCOT00000000118.1	332	343	10	Y	0.091		0.18	0	TTTTTCCTTTT	-
ENSLCOT00000000118.1	344	355	10	Y	0.091		0.27	0	CTTTCCTTTTT	-
ENSLCOT00000000118.1	390	403	10	R	0.23		0.38	0	AAAAAGAGGAGGA	-
ENSLCOT00000000118.1	517	529	10	R	0.17		0.5	0	AAGGAGAGGAAG	-
ENSLCOT00000000120.1	127	138	10	R	0.091		0.45	0	AAGAGGAGGAA	-
ENSLCOT00000000120.1	373	385	10	R	0.17		0.58	0	GAGGAGAAGGAG	-
ENSLCOT00000000120.1	394	405	10	R	0.091		0.45	0	AAGGAGGAGAA	-
ENSLCOT00000000120.1	48	59	10	M	0.091		0.73	1	GTGGGTGGGTG	ENSLCOT00000000235.1:318-329;
ENSLCOT00000000120.1	733	758	10	M	0.6		0.72	0	TGGGGGGGTGTGTGGGGGGGTTGTG	-
ENSLCOT00000000120.1	802	812	10	M	0		0.6	0	TGGGGTTTGG	-
ENSLCOT00000000128.1	47	58	10	R	0.091		0.36	0	GAAAGAAGAAG	-
ENSLCOT00000000128.1	106	117	10	R	0.091		0.45	0	AGAAGGAAGAG	-
ENSLCOT00000000128.1	218	230	10	R	0.17		0.25	0	AGAAGAAAAAAG	-
ENSLCOT00000000128.1	439	449	10	R	0		0.5	1	AAGGGGAGAA	ENSLCOT00000001405.1:899-909;
ENSLCOT00000000128.1	494	504	10	R	0		0.5	1	GAGGAGGAAA	ENSLCOT00000000350.1:439-449;
ENSLCOT00000000128.1	683	693	10	R	0		0.4	0	GAAGGAGAAA	-
ENSLCOT00000000128.1	988	999	10	R	0.091		0.45	0	AGGAGGAAGAA	-
ENSLCOT00000000128.1	972	985	10	R	0.23		0.38	0	GAAGAAAAGGAAG	-
ENSLCOT00000000128.1	1188	1198	10	M	0		0.3	0	GGTTTTTTGT	-
ENSLCOT00000000142.1	461	473	10	Y	0.17		0.58	0	TTTCTTCCCCCC	-
ENSLCOT00000000142.1	530	541	10	Y	0.091		0.73	0	TCCCTCCCCTC	-
ENSLCOT00000000142.1	965	981	10	Y	0.38		0.75	0	CTCCCCTCCCTCCCCT	-
ENSLCOT00000000142.1	250	262	10	M	0.17		0.75	0	TGGGGGGGGTTG	-
ENSLCOT00000000142.1	409	423	10	M	0.29		0.71	0	GGGGGGTTTGGGGT	-
ENSLCOT00000000142.1	1031	1042	10	M	0.091		0.55	0	GGTTGGTTGGT	-
ENSLCOT00000000142.1	1087	1097	10	M	0		0.8	0	GGGGGGTGGT	-
ENSLCOT00000000182.1	151	162	10	R	0.091		0.64	1	AGGAGGAGGAG	ENSLCOT00000000350.1:443-454;
ENSLCOT00000000188.1	807	817	10	Y	0		0.6	0	CTCCTTTCCC	-
ENSLCOT00000000188.1	426	436	10	R	0		0.6	0	AGGAGGAGAG	-
ENSLCOT00000000188.1	466	482	10	R	0.38		0.88	0	GGGGGGGGGGGGAAGG	-
ENSLCOT00000000188.1	561	572	10	R	0.091		0.64	0	GGAAAGGGGGA	-
ENSLCOT00000000188.1	464	478	10	M	0.29		0.86	1	TTGGGGGGGGGGGG	ENSLCOT00000000188.1:468-482;
ENSLCOT00000000188.1	489	501	10	M	0.17		0.58	0	GTTTTTGGGGGG	-
ENSLCOT00000000188.1	542	552	10	M	0		0.8	1	TGGGGGGGGT	ENSLCOT00000000142.1:250-260;
ENSLCOT00000000235.1	46	60	10	Y	0.29		0.64	0	TCTTTCCCCCTCCC	-
ENSLCOT00000000235.1	61	81	10	Y	0.5		0.4	0	TTCCTCCTTTCTTTTTTCCC	-
ENSLCOT00000000235.1	143	154	10	Y	0.091		0.45	0	TCCCTTTTCCT	-
ENSLCOT00000000235.1	380	392	10	Y	0.17		0.67	0	CCTTCCCTTCCC	-
ENSLCOT00000000235.1	270	280	10	R	0		0.4	0	AAGGAGAAGA	-
ENSLCOT00000000235.1	318	329	10	M	0.091		0.73	1	GTGGGTGGGTG	ENSLCOT00000000120.1:48-59;
ENSLCOT00000000240.1	125	135	10	Y	0		0.4	1	TCCTTTTCCT	ENSLCOT00000000989.1:641-651;
ENSLCOT00000000240.1	1294	1306	10	Y	0.17		0.17	0	TTCTCTTTTTTT	-
ENSLCOT00000000240.1	308	318	10	R	0		0.7	1	GGGAGGGAAG	ENSLCOT00000000955.1:420-430;
ENSLCOT00000000240.1	340	358	10	R	0.44		0.39	0	GAGGAGAGGAAAGAAAAA	-
ENSLCOT00000000240.1	541	551	10	R	0		0.8	1	GGGGAGGAGG	ENSLCOT00000000350.1:526-536;
ENSLCOT00000000240.1	675	685	10	M	0		0.5	1	GGTGGTGTTT	ENSLCOT00000000118.1:391-401;
ENSLCOT00000000240.1	1388	1398	10	M	0		0.3	0	GTTTTGTGTT	-
ENSLCOT00000000242.1	47	58	10	Y	0.091		0.55	0	CCCTCTTTCCT	-
ENSLCOT00000000242.1	450	462	10	R	0.17		0.42	0	AAGAGAGAGAAG	-
ENSLCOT00000000242.1	500	527	10	R	0.63		0.48	0	GAAAAAGGGGGAAAAAAAGAGAGGGGG	-
ENSLCOT00000000242.1	529	541	10	R	0.17		0.25	0	GAAAGAAAAAGA	-
ENSLCOT00000000242.1	562	580	10	R	0.44		0.28	0	AAGAGAGAAAAAAGAAAG	-
ENSLCOT00000000242.1	588	606	10	R	0.44		0.56	0	GAGAGGAGAGAAGAGAGG	-
ENSLCOT00000000271.1	569	579	10	Y	0		0.5	1	CTTCTTCCCT	ENSLCOT00000000576.1:310-320;
ENSLCOT00000000271.1	699	709	10	Y	0		0.5	0	TTTCCCTCTC	-
ENSLCOT00000000271.1	1048	1063	10	Y	0.33		0.67	0	CTCCCTTCCTCCTCC	-
ENSLCOT00000000271.1	1077	1087	10	Y	0		0.5	0	CTCTCCCTTT	-
ENSLCOT00000000271.1	1330	1340	10	Y	0		0.4	0	TTTTCTCCCT	-
ENSLCOT00000000271.1	178	190	10	R	0.17		0.5	0	AGGAAGGAGGAA	-
ENSLCOT00000000271.1	267	277	10	R	0		0.7	0	GAGGGGGGAA	-
ENSLCOT00000000271.1	341	355	10	R	0.29		0.5	0	GGGGAGAAGAAAGA	-
ENSLCOT00000000271.1	778	792	10	R	0.29		0.5	0	AGGAGGAAGAGAAG	-
ENSLCOT00000000271.1	1209	1220	10	R	0.091		0.73	0	AGAGGGAGGGG	-
ENSLCOT00000000271.1	1160	1171	10	M	0.091		0.55	0	TGGGTTTGGGT	-
ENSLCOT00000000337.1	426	436	10	Y	0		0.5	0	TCTTCCCTCT	-
ENSLCOT00000000337.1	964	975	10	R	0.091		0.55	0	GGGAAGAGAGA	-
ENSLCOT00000000337.1	1288	1298	10	R	0		0.1	1	AAAGAAAAAA	ENSLCOT00000000582.1:213-223;
ENSLCOT00000000350.1	435	455	10	Y	0.5		0.5	0	CCTTTTTCCTCCTCCTCCTT	-
ENSLCOT00000000350.1	253	265	10	R	0.17		0.58	0	GGAGGAGGAGAA	-
ENSLCOT00000000350.1	524	538	10	R	0.29		0.79	0	GGGGGGAGGAGGGA	-
ENSLCOT00000000350.1	777	788	10	R	0.091		0.73	1	GAGGGAGGGGA	ENSLCOT00000000142.1:966-977;
ENSLCOT00000000350.1	160	171	10	M	0.091		0.73	1	GGTGGTGGTGG	ENSLCOT00000000350.1:442-453;
ENSLCOT00000000350.1	519	530	10	M	0.091		0.82	1	GGTGTGGGGGG	ENSLCOT00000000003.1:84-95;
ENSLCOT00000000350.1	564	574	10	M	0		0.8	2	TGGGGGTGGG	-
ENSLCOT00000000363.1	796	806	10	Y	0		0.7	1	TCCCCTCTCC	ENSLCOT00000001262.1:64-74;
ENSLCOT00000000363.1	1094	1104	10	Y	0		0.6	0	CCCCTCTTCT	-
ENSLCOT00000000363.1	61	72	10	R	0.091		0.82	1	GAGGGGGGGAG	ENSLCOT00000000003.1:720-731;
ENSLCOT00000000363.1	1297	1307	10	M	0		0.7	0	GGTGGTGGGT	-
ENSLCOT00000000543.1	261	271	10	Y	0		0.9	1	CCCCCCCCCT	ENSLCOT00000000003.1:697-707;
ENSLCOT00000000543.1	352	363	10	R	0.091		0.36	1	GAAGAAGAAGA	ENSLCOT00000001405.1:181-192;
ENSLCOT00000000572.1	223	233	10	R	0		0.8	2	GGGGAAGGGG	-
ENSLCOT00000000572.1	367	377	10	R	0		0.8	2	GGGGAAGGGG	-
ENSLCOT00000000572.1	571	582	10	R	0.091		0.73	0	GAGGAGGGGGA	-
ENSLCOT00000000572.1	713	724	10	R	0.091		0.45	0	AAAAAAGGGGG	-
ENSLCOT00000000576.1	281	292	10	Y	0.091		0.45	0	CTTCCTTCTCT	-
ENSLCOT00000000576.1	145	156	10	R	0.091		0.55	0	GGAAGGAAAGG	-
ENSLCOT00000000576.1	239	249	10	R	0		0.4	0	GAAGGAAAGA	-
ENSLCOT00000000576.1	310	320	10	R	0		0.5	1	AGGGAAGAAG	ENSLCOT00000000271.1:569-579;
ENSLCOT00000000576.1	390	402	10	R	0.17		0.58	0	GAAAGGGGGAAG	-
ENSLCOT00000000576.1	474	485	10	R	0.091		0.45	0	GGAAAGAGAAG	-
ENSLCOT00000000576.1	495	508	10	R	0.23		0.38	0	AGAAGAGAAGAAG	-
ENSLCOT00000000577.1	83	95	10	R	0.17		0.5	1	GGAAGAAAGGAG	ENSLCOT00000000578.1:83-95;
ENSLCOT00000000577.1	163	176	10	R	0.23		0.31	1	AAGAAGAAAAAGG	ENSLCOT00000000578.1:163-176;
ENSLCOT00000000577.1	148	160	10	M	0.17		0.42	1	TGGTGGTTTTTG	ENSLCOT00000000578.1:148-160;
ENSLCOT00000000578.1	83	95	10	R	0.17		0.5	1	GGAAGAAAGGAG	ENSLCOT00000000577.1:83-95;
ENSLCOT00000000578.1	163	176	10	R	0.23		0.31	1	AAGAAGAAAAAGG	ENSLCOT00000000577.1:163-176;
ENSLCOT00000000578.1	148	160	10	M	0.17		0.42	1	TGGTGGTTTTTG	ENSLCOT00000000577.1:148-160;
ENSLCOT00000000582.1	39	49	10	Y	0		0.6	2	TCTCCCTCTC	-
ENSLCOT00000000582.1	26	37	10	R	0.091		0.55	0	AGAGGGAGAGA	-
ENSLCOT00000000582.1	207	226	10	R	0.47		0.16	0	AAGAAAGAAAAAAAGAAAA	-
ENSLCOT00000000582.1	63	74	10	M	0.091		0.64	0	TGGGTTTGGGG	-
ENSLCOT00000000621.1	1174	1184	10	Y	0		0.5	0	TTCCCTTCCT	-
ENSLCOT00000000621.1	479	490	10	R	0.091		0.36	0	AAAGGAGAGAA	-
ENSLCOT00000000621.1	956	970	10	R	0.29		0.71	0	GAGGGAGGGGGAAG	-
ENSLCOT00000000621.1	1097	1108	10	R	0.091		0.82	0	GGGGGAAGGGG	-
ENSLCOT00000000621.1	98	109	10	M	0.091		0.91	2	GGGGTGGGGGG	-
ENSLCOT00000000730.1	990	1003	10	Y	0.23		0.46	0	TCCTTTCTTCTCC	-
ENSLCOT00000000730.1	1004	1017	10	Y	0.23		0.38	0	TCCTTTCTTCTTC	-
ENSLCOT00000000954.1	562	576	10	Y	0.29		0.71	0	CCCTCTCTCCCTCC	-
ENSLCOT00000000954.1	754	765	10	Y	0.091		0.82	2	CCCCCTCTCCC	-
ENSLCOT00000000954.1	805	815	10	Y	0		0.7	1	TCTTCCCCCC	ENSLCOT00000000142.1:463-473;
ENSLCOT00000000954.1	843	855	10	Y	0.17		0.5	0	TTCTCTTTCCCC	-
ENSLCOT00000000954.1	1885	1895	10	Y	0		0.6	1	CTCCTTCCCT	ENSLCOT00000001262.1:342-352;
ENSLCOT00000000954.1	1093	1106	10	R	0.23		0.62	0	GAGGGAAGAGGAG	-
ENSLCOT00000000954.1	1386	1398	10	R	0.17		0.58	0	GGAAGGAGAGGA	-
ENSLCOT00000000954.1	1472	1485	10	R	0.23		0.54	0	GAGAGGAAGGAGA	-
ENSLCOT00000000954.1	1670	1682	10	R	0.17		0.42	0	AGGAGAGGAAAA	-
ENSLCOT00000000954.1	357	368	10	M	0.091		0.64	1	TGGTGGTGGTG	ENSLCOT00000000350.1:441-452;
ENSLCOT00000000954.1	2080	2090	10	M	0		0.3	0	TTGTTTTTGG	-
ENSLCOT00000000955.1	122	137	10	Y	0.33		0.53	0	CTCTCTCCTCCCTTT	-
ENSLCOT00000000955.1	419	430	10	Y	0.091		0.73	0	CCTTCCCTCCC	-
ENSLCOT00000000955.1	1156	1171	10	Y	0.33		0.73	0	CCCTCCTTCCTCCCC	-
ENSLCOT00000000955.1	697	711	10	R	0.29		0.43	0	AGAGGAGAAGAAGA	-
ENSLCOT00000000955.1	157	167	10	M	0		0.7	2	TGTGTGGGGG	-
ENSLCOT00000000955.1	534	545	10	M	0.091		0.82	0	GGGGGGGTTGG	-
ENSLCOT00000000955.1	2236	2246	10	M	0		0.5	0	TTTGGTGGGT	-
ENSLCOT00000000983.1	164	174	10	Y	0		0.6	1	CTCCTTCTCC	ENSLCOT00000000120.1:373-383;
ENSLCOT00000000983.1	78	91	10	R	0.23		0.62	0	GGAGGAAGAGGAG	-
ENSLCOT00000000983.1	218	228	10	R	0		0.4	0	GAAAGGAAGA	-
ENSLCOT00000000988.1	526	536	10	Y	0		0.4	1	TCTCTTCTCT	ENSLCOT00000000242.1:590-600;
ENSLCOT00000000988.1	1192	1202	10	Y	0		0.5	0	TCTCTCCTTC	-
ENSLCOT00000000988.1	554	567	10	R	0.23		0.15	0	AAAAAGAGAAAAA	-
ENSLCOT00000000988.1	250	260	10	M	0		0.4	1	TGGTTTTGTG	ENSLCOT00000001108.1:366-376;
ENSLCOT00000000988.1	354	366	10	M	0.17		0.25	0	TTTGTTGTTTGT	-
ENSLCOT00000000988.1	856	867	10	M	0.091		0.27	2	TTTGTGTTTGT	-
ENSLCOT00000000989.1	446	462	10	R	0.38		0.44	0	GAGAAGAGAAGGGAAA	-
ENSLCOT00000000989.1	641	666	10	M	0.6		0.24	0	TGGTTTTGGTTGTTTGTTTTTTTTT	-
ENSLCOT00000001086.1	443	454	10	Y	0.091		0.45	1	TTCTTCCTCTC	ENSLCOT00000000046.1:1009-1020;
ENSLCOT00000001086.1	721	740	10	Y	0.47		0.37	0	TCCTTCCTTTCTTTTCCTT	-
ENSLCOT00000001086.1	218	231	10	R	0.23		0.31	0	GGGAAAAAAAGAA	-
ENSLCOT00000001086.1	591	603	10	M	0.17		0.5	0	GTGTTTTGTGGG	-
ENSLCOT00000001108.1	322	333	10	Y	0.091		0.091	1	TCTTTTTTTTT	ENSLCOT00000000989.1:655-666;
ENSLCOT00000001108.1	906	918	10	Y	0.17		0.42	0	CCTCTTTTTCCT	-
ENSLCOT00000001108.1	944	959	10	Y	0.33		0.53	0	TTCTCCTCTCCCTTC	-
ENSLCOT00000001108.1	1440	1450	10	Y	0		0.7	0	CCCCTTCCCT	-
ENSLCOT00000001108.1	38	57	10	R	0.47		0.53	0	GGGAAAGGGAGGGGAAAAA	-
ENSLCOT00000001108.1	1030	1045	10	R	0.33		0.6	0	GGGGAGGAGAAGAAG	-
ENSLCOT00000001108.1	1315	1326	10	R	0.091		0.64	0	GAGGAAGGGGA	-
ENSLCOT00000001108.1	1344	1355	10	R	0.091		0.73	0	GGGAGGAGAGG	-
ENSLCOT00000001108.1	118	128	10	M	0		0.4	1	TGTGTGTGTT	ENSLCOT00000000242.1:452-462;
ENSLCOT00000001108.1	282	301	10	M	0.47		0.37	0	GGTTTGTGTTTGTTTGGTT	-
ENSLCOT00000001108.1	312	323	10	M	0.091		0.27	0	GGTTTTTTTGT	-
ENSLCOT00000001108.1	366	379	10	M	0.23		0.38	0	TGGTTTTGTGTGT	-
ENSLCOT00000001157.1	263	275	10	Y	0.17		0.75	1	CCCCTCTCTCCC	ENSLCOT00000000120.1:737-749;
ENSLCOT00000001157.1	36	48	10	R	0.17		0.83	1	GGGGAGAGGGGG	ENSLCOT00000000003.1:81-93;
ENSLCOT00000001157.1	187	197	10	R	0		0.5	2	GGAGAAGAAG	-
ENSLCOT00000001157.1	161	173	10	M	0.17		0.67	0	GTGGTGGGTTGG	-
ENSLCOT00000001182.1	491	501	10	R	0		0.4	0	AAAGGAGAAG	-
ENSLCOT00000001262.1	64	75	10	Y	0.091		0.73	0	TCCCCTCTCCC	-
ENSLCOT00000001262.1	132	142	10	Y	0		0.5	1	TCCCCTTCTT	ENSLCOT00000000010.1:179-189;
ENSLCOT00000001262.1	833	843	10	Y	0		0.2	1	TTTCTCTTTT	ENSLCOT00000000988.1:556-566;
ENSLCOT00000001262.1	340	355	10	R	0.33		0.53	0	AAGAGGGAAGGAGGA	-
ENSLCOT00000001262.1	95	106	10	M	0.091		0.36	0	TGTGTGGTTTT	-
ENSLCOT00000001262.1	435	445	10	M	0		0.4	1	GGTTTTGTGT	ENSLCOT00000001108.1:367-377;
ENSLCOT00000001262.1	626	636	10	M	0		0.6	0	GGGGGTTTTG	-
ENSLCOT00000001311.1	31	46	10	M	0.33		0.27	0	TTTTGTGTTTGTGTT	-
ENSLCOT00000001312.1	8	22	14	Y	0		0.14	0	TTTTTTTTTTTTCC	-
ENSLCOT00000001324.1	89	102	10	Y	0.23		0.46	0	TTTTCCCTCCCTT	-
ENSLCOT00000001324.1	175	194	10	R	0.47		0.42	0	AAGGGGAAGAAAGGAAAAG	-
ENSLCOT00000001324.1	205	216	10	R	0.091		0.45	0	AAGGAGGGAAA	-
ENSLCOT00000001324.1	458	470	10	R	0.17		1	2	GGGGGGGGGGGG	-
ENSLCOT00000001324.1	426	445	10	M	0.47		0.53	0	GTTGTTGTGTTTTGGGGGG	-
ENSLCOT00000001324.1	453	470	10	M	0.41		0.94	0	GGGGTGGGGGGGGGGGG	-
ENSLCOT00000001405.1	1085	1100	10	Y	0.33		0.4	0	CCTTCTTTTCTCCTT	-
ENSLCOT00000001405.1	178	193	10	R	0.33		0.33	0	GGAAGAAGAAGAAAA	-
ENSLCOT00000001405.1	398	409	10	R	0.091		0.36	0	GAAGAAAGAGA	-
ENSLCOT00000001405.1	366	397	10	R	0.68		0.42	0	GGAAAAAAGGAGAGGAGGAAGAGGAAGAAAA	-
ENSLCOT00000001405.1	539	561	10	R	0.55		0.5	0	GAGAGGAAGAGGAGAAGAGGAA	-
ENSLCOT00000001405.1	899	909	10	R	0		0.5	1	AAGGGGAGAA	ENSLCOT00000000128.1:439-449;
ENSLCOT00000001405.1	1338	1349	10	R	0.091		0.55	0	GGAGGAGAGAA	-
ENSLCOT00000001405.1	623	633	10	M	0		0.5	0	GGTGGTTTTG	-
ENSLCOT00000001405.1	1200	1211	10	M	0.091		0.45	0	GTGTTGTTTGG	-
ENSLCOT00000001437.1	899	910	10	Y	0.091		0.45	0	CCCCTTTTTCT	-
ENSLCOT00000001437.1	930	942	10	Y	0.17		0.42	0	TCTTTCTCTCTC	-
ENSLCOT00000001437.1	1093	1105	10	Y	0.17		0.58	1	CTCCTCTCCCTT	ENSLCOT00000001108.1:946-958;
ENSLCOT00000001437.1	1353	1363	10	Y	0		0.7	1	CTCTCCCTCC	ENSLCOT00000000954.1:566-576;
ENSLCOT00000001437.1	441	456	10	R	0.33		0.47	0	AGAAGGAAGAAGGGA	-
ENSLCOT00000001437.1	575	588	10	R	0.23		0.38	0	AAGAGAAAGGAGA	-
ENSLCOT00000001437.1	667	677	10	R	0		0.6	0	AGAGGAGAGG	-
ENSLCOT00000001437.1	729	742	10	R	0.23		0.46	0	AAAGAGGAGAAGG	-
ENSLCOT00000001437.1	717	728	10	R	0.091		0.27	0	AAGAAAGAAGA	-
ENSLCOT00000001437.1	1189	1199	10	R	0		0.3	0	AGAAGAGAAA	-
ENSLCOT00000001437.1	1330	1341	10	R	0.091		0.64	0	GGGGAAGGGAA	-
ENSLCOT00000001437.1	323	333	10	M	0		0.6	2	TGGGGGTTTG	-
