# Sequence-ID	Start	End	Score	Motif	Error-rate	Errors	Guanine-rate	Duplicates	TFO	Duplicate locations
ENSLCOT00000000003.1	338	357	18	Y	0.053	o4	0.58	-1	TCTCaCCCCTCTCTCTCCT	-
ENSLCOT00000000003.1	437	456	18	Y	0.053	o4	0.58	-1	TCTCaCCCCTCTCTCTCCT	-
ENSLCOT00000000003.1	516	535	18	Y	0.053	o4	0.58	-1	TCTCaCCCCTCTCTCTCCT	-
ENSLCOT00000000003.1	29	45	16	M	0		0.5	-1	GGGTGTTTTTTGGGGT	-
ENSLCOT00000000003.1	49	65	15	M	0.062	o6	0.56	-1	GGGTGGaTTTTGGGGT	-
ENSLCOT00000000003.1	128	146	17	M	0.056	o16	0.5	-1	GGGTGGTTTTTGGGGTcT	-
ENSLCOT00000000003.1	148	164	15	M	0.062	o2	0.56	-1	GGaTGGGTTTTGGGGT	-
ENSLCOT00000000003.1	168	184	16	M	0		0.62	-1	GGGTGGGTTTTGGGGT	-
ENSLCOT00000000003.1	188	204	15	M	0.062	o11	0.5	-1	GGGTGGTTTTTaGGGT	-
ENSLCOT00000000003.1	208	226	17	M	0.056	o16	0.5	-1	GGGTGGTTTTTGGGGTcT	-
ENSLCOT00000000003.1	228	244	16	M	0		0.5	-1	GGGTGTTTTTTGGGGT	-
ENSLCOT00000000003.1	248	264	15	M	0.062	o2	0.62	-1	GGaTGGTTTGGGGGGT	-
ENSLCOT00000000003.1	268	284	15	M	0.062	o6	0.56	-1	GGGTGGaTTTTGGGGT	-
ENSLCOT00000000003.1	288	304	16	M	0		0.5	-1	GGGTGTTTTTTGGGGT	-
ENSLCOT00000000003.1	308	324	15	M	0.062	o6	0.56	-1	GGGTGGaTTTTGGGGT	-
ENSLCOT00000000003.1	368	384	15	M	0.062	o6	0.56	-1	GGGTGGaTTTTGGGGT	-
ENSLCOT00000000003.1	388	404	16	M	0		0.56	-1	GGGTGGTTTTTGGGGT	-
ENSLCOT00000000003.1	408	426	17	M	0.056	o16	0.5	-1	GGGTGGTTTTTGGGGTcT	-
ENSLCOT00000000003.1	467	485	17	M	0.056	o16	0.5	-1	GGGTGGTTTTTGGGGTcT	-
ENSLCOT00000000003.1	546	564	17	M	0.056	o16	0.5	-1	GGGTGGTTTTTGGGGTcT	-
ENSLCOT00000000003.1	566	582	15	M	0.062	o6	0.56	-1	GGGTGGaTTTTGGGGT	-
ENSLCOT00000000003.1	605	622	17	M	0		0.53	-1	GGGTGGTTTTTTGGGGT	-
ENSLCOT00000000003.1	625	642	16	M	0.059	o9	0.53	-1	GGGGTGTTTaTTGGGGT	-
ENSLCOT00000000010.1	256	285	27	Y	0.069	o3o10	0.69	-1	CCCaCCCCCCgCCCCTTTCTCCCTCCTTC	-
ENSLCOT00000000010.1	36	66	28	M	0.067	o16o17	0.6	-1	GGTTGTGGGTGGGGGTaaTTTGTGGGTGGG	-
ENSLCOT00000000010.1	37	67	28	M	0.067	o15o16	0.6	-1	GTTGTGGGTGGGGGTaaTTTGTGGGTGGGG	-
ENSLCOT00000000010.1	38	68	28	M	0.067	o14o15	0.57	-1	TTGTGGGTGGGGGTaaTTTGTGGGTGGGGT	-
ENSLCOT00000000010.1	39	69	28	M	0.067	o13o14	0.57	-1	TGTGGGTGGGGGTaaTTTGTGGGTGGGGTT	-
ENSLCOT00000000010.1	40	70	28	M	0.067	o12o13	0.6	-1	GTGGGTGGGGGTaaTTTGTGGGTGGGGTTG	-
ENSLCOT00000000010.1	41	71	28	M	0.067	o11o12	0.57	-1	TGGGTGGGGGTaaTTTGTGGGTGGGGTTGT	-
ENSLCOT00000000010.1	42	72	28	M	0.067	o10o11	0.6	-1	GGGTGGGGGTaaTTTGTGGGTGGGGTTGTG	-
ENSLCOT00000000010.1	43	73	28	M	0.067	o9o10	0.6	-1	GGTGGGGGTaaTTTGTGGGTGGGGTTGTGG	-
ENSLCOT00000000010.1	44	74	28	M	0.067	o8o9	0.6	-1	GTGGGGGTaaTTTGTGGGTGGGGTTGTGGG	-
ENSLCOT00000000010.1	45	75	28	M	0.067	o7o8	0.57	-1	TGGGGGTaaTTTGTGGGTGGGGTTGTGGGT	-
ENSLCOT00000000010.1	46	76	28	M	0.067	o6o7	0.6	-1	GGGGGTaaTTTGTGGGTGGGGTTGTGGGTG	-
ENSLCOT00000000010.1	47	77	28	M	0.067	o5o6	0.57	-1	GGGGTaaTTTGTGGGTGGGGTTGTGGGTGT	-
ENSLCOT00000000010.1	48	78	28	M	0.067	o4o5	0.57	-1	GGGTaaTTTGTGGGTGGGGTTGTGGGTGTG	-
ENSLCOT00000000010.1	49	79	28	M	0.067	o3o4	0.57	-1	GGTaaTTTGTGGGTGGGGTTGTGGGTGTGG	-
ENSLCOT00000000010.1	54	84	28	M	0.067	o25o28	0.57	-1	TTTGTGGGTGGGGTTGTGGGTGTGGcTGaG	-
ENSLCOT00000000010.1	55	85	28	M	0.067	o24o27	0.57	-1	TTGTGGGTGGGGTTGTGGGTGTGGcTGaGT	-
ENSLCOT00000000010.1	56	86	28	M	0.067	o23o26	0.6	-1	TGTGGGTGGGGTTGTGGGTGTGGcTGaGTG	-
ENSLCOT00000000010.1	57	87	28	M	0.067	o22o25	0.6	-1	GTGGGTGGGGTTGTGGGTGTGGcTGaGTGT	-
ENSLCOT00000000010.1	58	88	28	M	0.067	o21o24	0.6	-1	TGGGTGGGGTTGTGGGTGTGGcTGaGTGTG	-
ENSLCOT00000000010.1	59	89	28	M	0.067	o20o23	0.63	-1	GGGTGGGGTTGTGGGTGTGGcTGaGTGTGG	-
ENSLCOT00000000010.1	60	90	28	M	0.067	o19o22	0.63	-1	GGTGGGGTTGTGGGTGTGGcTGaGTGTGGG	-
ENSLCOT00000000010.1	61	91	28	M	0.067	o18o21	0.6	-1	GTGGGGTTGTGGGTGTGGcTGaGTGTGGGT	-
ENSLCOT00000000010.1	62	92	28	M	0.067	o17o20	0.6	-1	TGGGGTTGTGGGTGTGGcTGaGTGTGGGTG	-
ENSLCOT00000000010.1	63	93	28	M	0.067	o16o19	0.6	-1	GGGGTTGTGGGTGTGGcTGaGTGTGGGTGT	-
ENSLCOT00000000010.1	64	94	28	M	0.067	o15o18	0.6	-1	GGGTTGTGGGTGTGGcTGaGTGTGGGTGTG	-
ENSLCOT00000000010.1	65	95	28	M	0.067	o14o17	0.6	-1	GGTTGTGGGTGTGGcTGaGTGTGGGTGTGG	-
ENSLCOT00000000010.1	98	114	15	M	0.062	o3	0.62	-1	TGGcTTGTGGGTGGGG	-
ENSLCOT00000000010.1	174	202	27	M	0.036	o26	0.61	-1	GTGGGTGGGGTTGTTTGTGGGTGGGGcT	-
ENSLCOT00000000046.1	991	1007	15	Y	0.062	o1	0.5	-1	CaTTCTCCCTTTCCTC	-
ENSLCOT00000000102.1	275	303	26	M	0.071	o13o14	0.5	-1	GGTTTTGGGGTGTccTGGTTTTGGGGTG	-
ENSLCOT00000000102.1	365	381	15	M	0.062	o2	0.56	-1	GGaTTTTGGGGGGTTG	-
ENSLCOT00000000102.1	651	668	17	M	0		0.53	-1	GTGTTGGGTTTTTGGGG	-
ENSLCOT00000000102.1	822	839	16	M	0.059	o4	0.53	-1	GTGTcGGGTTTTTGGGG	-
ENSLCOT00000000120.1	395	411	15	R	0.062	o10	0.5	-1	AGGAGGAGAAcGAGAG	-
ENSLCOT00000000120.1	728	758	28	M	0.067	o2o4	0.67	-1	GGcTcTGGGGGGGTGTGTGGGGGGGTTGTG	-
ENSLCOT00000000120.1	733	761	26	M	0.071	o25o26	0.64	-1	TGGGGGGGTGTGTGGGGGGGTTGTGccT	-
ENSLCOT00000000142.1	404	423	18	M	0.053	o4	0.63	-1	TTGGaGGGGGGTTTGGGGT	-
ENSLCOT00000000142.1	613	629	15	M	0.062	o9	0.69	-1	GTTTTGGGGcGGGGGG	-
ENSLCOT00000000142.1	1025	1041	15	M	0.062	o5	0.5	-1	TGTTGaGGTTGGTTGG	-
ENSLCOT00000000142.1	1026	1042	15	M	0.062	o4	0.5	-1	GTTGaGGTTGGTTGGT	-
ENSLCOT00000000182.1	145	162	16	R	0.059	o5	0.65	-1	AGGGGcAGGAGGAGGAG	-
ENSLCOT00000000188.1	801	817	15	Y	0.062	o5	0.56	-1	TTCCCgCTCCTTTCCC	-
ENSLCOT00000000188.1	566	582	15	M	0.062	o5	0.69	-1	GGGGGaTTTGGGGGGT	-
ENSLCOT00000000235.1	33	60	25	Y	0.074	o3o12	0.56	-1	CTCaCTTTTCCCaTCTTTCCCCCTCCC	-
ENSLCOT00000000235.1	37	67	28	Y	0.067	o8o23	0.53	-1	CTTTTCCCaTCTTTCCCCCTCCCaTTCCTC	-
ENSLCOT00000000235.1	38	68	28	Y	0.067	o7o22	0.53	-1	TTTTCCCaTCTTTCCCCCTCCCaTTCCTCC	-
ENSLCOT00000000235.1	39	69	28	Y	0.067	o6o21	0.53	-1	TTTCCCaTCTTTCCCCCTCCCaTTCCTCCT	-
ENSLCOT00000000235.1	40	70	28	Y	0.067	o5o20	0.53	-1	TTCCCaTCTTTCCCCCTCCCaTTCCTCCTT	-
ENSLCOT00000000235.1	41	71	28	Y	0.067	o4o19	0.53	-1	TCCCaTCTTTCCCCCTCCCaTTCCTCCTTT	-
ENSLCOT00000000235.1	42	72	28	Y	0.067	o3o18	0.57	-1	CCCaTCTTTCCCCCTCCCaTTCCTCCTTTC	-
ENSLCOT00000000235.1	43	73	28	Y	0.067	o2o17	0.53	-1	CCaTCTTTCCCCCTCCCaTTCCTCCTTTCT	-
ENSLCOT00000000235.1	44	74	28	Y	0.067	o1o16	0.5	-1	CaTCTTTCCCCCTCCCaTTCCTCCTTTCTT	-
ENSLCOT00000000235.1	47	75	27	Y	0.036	o13	0.5	-1	CTTTCCCCCTCCCaTTCCTCCTTTCTTT	-
ENSLCOT00000000235.1	50	80	29	Y	0.033	o10	0.5	-1	TCCCCCTCCCaTTCCTCCTTTCTTTTTTCC	-
ENSLCOT00000000235.1	51	81	29	Y	0.033	o9	0.53	-1	CCCCCTCCCaTTCCTCCTTTCTTTTTTCCC	-
ENSLCOT00000000242.1	588	610	21	R	0.045	o18	0.5	-1	GAGAGGAGAGAAGAGAGGcAGA	-
ENSLCOT00000000242.1	506	534	26	R	0.071	o21o22	0.5	-1	GGGGGAAAAAAAGAGAGGGGGttGAAAG	-
ENSLCOT00000000242.1	505	531	24	R	0.077	o22o23	0.5	-1	AGGGGGAAAAAAAGAGAGGGGGttGA	-
ENSLCOT00000000242.1	504	530	24	R	0.077	o23o24	0.5	-1	AAGGGGGAAAAAAAGAGAGGGGGttG	-
ENSLCOT00000000242.1	503	527	24	R	0		0.5	-1	AAAGGGGGAAAAAAAGAGAGGGGG	-
ENSLCOT00000000271.1	778	799	20	R	0.048	o14	0.57	-1	AGGAGGAAGAGAAGcAGGGGG	-
ENSLCOT00000000271.1	776	792	15	R	0.062	o1	0.5	-1	GcAGGAGGAAGAGAAG	-
ENSLCOT00000000271.1	1209	1226	16	R	0.059	o11	0.59	-1	AGAGGGAGGGGcAGGAA	-
ENSLCOT00000000271.1	259	275	15	M	0.062	o9	0.69	-1	TGTGGTGTGaGGGGGG	-
ENSLCOT00000000271.1	1247	1263	15	M	0.062	o9	0.62	-1	TTGTGTGGGaGGGTGG	-
ENSLCOT00000000337.1	959	975	15	R	0.062	o4	0.5	-1	AGGAtGGGAAGAGAGA	-
ENSLCOT00000000350.1	421	451	28	Y	0.067	o6o13	0.5	-1	CCTCCTgCCTTTCaCCTTTTTCCTCCTCCT	-
ENSLCOT00000000350.1	422	452	28	Y	0.067	o5o12	0.5	-1	CTCCTgCCTTTCaCCTTTTTCCTCCTCCTC	-
ENSLCOT00000000350.1	423	453	28	Y	0.067	o4o11	0.5	-1	TCCTgCCTTTCaCCTTTTTCCTCCTCCTCC	-
ENSLCOT00000000350.1	424	454	28	Y	0.067	o3o10	0.5	-1	CCTgCCTTTCaCCTTTTTCCTCCTCCTCCT	-
ENSLCOT00000000350.1	433	455	21	Y	0.045	o1	0.5	-1	CaCCTTTTTCCTCCTCCTCCTT	-
ENSLCOT00000000350.1	253	272	18	R	0.053	o12	0.53	-1	GGAGGAGGAGAAcAAGGAG	-
ENSLCOT00000000350.1	777	793	15	R	0.062	o11	0.62	-1	GAGGGAGGGGAcAGGA	-
ENSLCOT00000000350.1	772	788	15	R	0.062	o4	0.69	-1	AGGGcGAGGGAGGGGA	-
ENSLCOT00000000350.1	160	176	15	M	0.062	o11	0.69	-1	GGTGGTGGTGGcGGTG	-
ENSLCOT00000000350.1	554	574	19	M	0.05	o9	0.7	-1	TGGTGGGGTcTGGGGGTGGG	-
ENSLCOT00000000572.1	134	153	18	Y	0.053	o9	0.58	-1	TCCCTCCTTgCCCCTTCTC	-
ENSLCOT00000000572.1	566	582	15	R	0.062	o4	0.62	-1	AGGAcGAGGAGGGGGA	-
ENSLCOT00000000572.1	706	724	17	R	0.056	o6	0.5	-1	AAGGGGtAAAAAAGGGGG	-
ENSLCOT00000000572.1	684	700	15	R	0.062	o8	0.69	-1	GGGAAAGGtGAGGGGG	-
ENSLCOT00000000621.1	64	81	16	R	0.059	o10	0.53	-1	AGAGAGAGGGcAGAGGA	-
ENSLCOT00000000730.1	991	1007	15	Y	0.062	o12	0.5	-1	CCTTTCTTCTCCaTCC	-
ENSLCOT00000000954.1	489	505	15	Y	0.062	o9	0.69	-1	TCTCCCCCCaCCTCCT	-
ENSLCOT00000000954.1	559	575	15	Y	0.062	o2	0.69	-1	CCaCCCTCTCTCCCTC	-
ENSLCOT00000000954.1	560	576	15	Y	0.062	o1	0.69	-1	CaCCCTCTCTCCCTCC	-
ENSLCOT00000000954.1	1232	1248	15	Y	0.062	o6	0.62	-1	CTCCCCaTCCTTCCCT	-
ENSLCOT00000000954.1	1090	1106	15	R	0.062	o2	0.62	-1	GGcGAGGGAAGAGGAG	-
ENSLCOT00000000954.1	1468	1485	16	R	0.059	o3	0.53	-1	GGAtGAGAGGAAGGAGA	-
ENSLCOT00000000955.1	119	135	15	Y	0.062	o2	0.5	-1	TTgCTCTCTCCTCCCT	-
ENSLCOT00000000955.1	120	136	15	Y	0.062	o1	0.5	-1	TgCTCTCTCCTCCCTT	-
ENSLCOT00000000955.1	91	109	17	R	0.056	o9	0.61	-1	AGGGAGGGAcAGAGGGAG	-
ENSLCOT00000000955.1	1981	1997	15	R	0.062	o10	0.69	-1	GGGGGGGGAAcAGGAG	-
ENSLCOT00000001108.1	938	965	25	Y	0.074	o5o21	0.52	-1	CTTCCaTTCTCCTCTCCCTTCaTCTCC	-
ENSLCOT00000001108.1	944	970	24	Y	0.077	o15o21	0.54	-1	TTCTCCTCTCCCTTCaTCTCCaCTCC	-
ENSLCOT00000001108.1	38	57	19	R	0		0.53	-1	GGGAAAGGGAGGGGAAAAA	-
ENSLCOT00000001108.1	1025	1045	19	R	0.05	o4	0.6	-1	AGGGtGGGGAGGAGAAGAAG	-
ENSLCOT00000001108.1	1339	1355	15	R	0.062	o4	0.56	-1	AAAGtGGGAGGAGAGG	-
ENSLCOT00000001108.1	293	311	17	M	0.056	o8	0.5	-1	GTTTGGTTcGGTTTGGGG	-
ENSLCOT00000001108.1	302	318	15	M	0.062	o9	0.5	-1	GGTTTGGGGcGGTTTT	-
ENSLCOT00000001157.1	259	275	15	Y	0.062	o3	0.69	-1	CTCaCCCCTCTCTCCC	-
ENSLCOT00000001157.1	38	54	15	R	0.062	o10	0.69	-1	GGAGAGGGGGtGGGAA	-
ENSLCOT00000001157.1	157	173	15	M	0.062	o3	0.62	-1	GGTcGTGGTGGGTTGG	-
ENSLCOT00000001262.1	341	357	15	R	0.062	o14	0.5	-1	AGAGGGAAGGAGGAtA	-
ENSLCOT00000001262.1	338	354	15	R	0.062	o1	0.5	-1	AcAAGAGGGAAGGAGG	-
ENSLCOT00000001324.1	423	452	27	M	0.069	o2o22	0.52	-1	TTcGTTGTTGTGTTTTGGGGGGaGGGTGG	-
ENSLCOT00000001324.1	426	456	28	M	0.067	o19o26	0.6	-1	GTTGTTGTGTTTTGGGGGGaGGGTGGaGGG	-
ENSLCOT00000001324.1	427	457	28	M	0.067	o18o25	0.6	-1	TTGTTGTGTTTTGGGGGGaGGGTGGaGGGG	-
ENSLCOT00000001324.1	428	458	28	M	0.067	o17o24	0.6	-1	TGTTGTGTTTTGGGGGGaGGGTGGaGGGGT	-
ENSLCOT00000001324.1	429	459	28	M	0.067	o16o23	0.63	-1	GTTGTGTTTTGGGGGGaGGGTGGaGGGGTG	-
ENSLCOT00000001324.1	430	460	28	M	0.067	o15o22	0.63	-1	TTGTGTTTTGGGGGGaGGGTGGaGGGGTGG	-
ENSLCOT00000001324.1	431	461	28	M	0.067	o14o21	0.67	-1	TGTGTTTTGGGGGGaGGGTGGaGGGGTGGG	-
ENSLCOT00000001324.1	432	462	28	M	0.067	o13o20	0.7	-1	GTGTTTTGGGGGGaGGGTGGaGGGGTGGGG	-
ENSLCOT00000001324.1	433	463	28	M	0.067	o12o19	0.7	-1	TGTTTTGGGGGGaGGGTGGaGGGGTGGGGG	-
ENSLCOT00000001405.1	374	396	22	R	0		0.5	-1	GGAGAGGAGGAAGAGGAAGAAA	-
ENSLCOT00000001405.1	373	395	22	R	0		0.5	-1	AGGAGAGGAGGAAGAGGAAGAA	-
ENSLCOT00000001405.1	372	394	22	R	0		0.5	-1	AAGGAGAGGAGGAAGAGGAAGA	-
ENSLCOT00000001405.1	371	393	22	R	0		0.5	-1	AAAGGAGAGGAGGAAGAGGAAG	-
ENSLCOT00000001405.1	366	390	24	R	0		0.5	-1	GGAAAAAAGGAGAGGAGGAAGAGG	-
ENSLCOT00000001405.1	587	603	15	R	0.062	o7	0.5	-1	GAGAGAAcGGAGAGAG	-
ENSLCOT00000001405.1	537	561	23	R	0.042	o1	0.5	-1	GtGAGAGGAAGAGGAGAAGAGGAA	-
ENSLCOT00000001405.1	536	560	23	R	0.042	o2	0.5	-1	AGtGAGAGGAAGAGGAGAAGAGGA	-
ENSLCOT00000001437.1	893	910	16	Y	0.059	o5	0.53	-1	CCTCCaCCCCTTTTTCT	-
ENSLCOT00000001437.1	899	916	16	Y	0.059	o11	0.53	-1	CCCCTTTTTCTaCTCCC	-
ENSLCOT00000001437.1	1084	1105	20	Y	0.048	o8	0.52	-1	CCCTTCTTgCTCCTCTCCCTT	-
ENSLCOT00000001437.1	731	747	15	R	0.062	o11	0.5	-1	AGAGGAGAAGGtGAGA	-
ENSLCOT00000001437.1	730	746	15	R	0.062	o12	0.5	-1	AAGAGGAGAAGGtGAG	-
ENSLCOT00000001437.1	1450	1466	15	M	0.062	o9	0.56	-1	TGGTGTGTGcTGTGGG	-
