# Sequence-ID	Start	End	Score	Motif	Error-rate	Errors	Guanine-rate	Duplicates	TFO	Duplicate locations
ENSLCOT00000000003.1	77	90	13	Y	0		0.69	0	TCTCCCCCCTCTC	-
ENSLCOT00000000003.1	338	352	13	Y	0.071	o4	0.57	0	TCTCACCCCTCTCT	-
ENSLCOT00000000003.1	339	353	13	Y	0.071	o3	0.64	1	CTCACCCCTCTCTC	ENSLCOT00000001157.1:259-273;
ENSLCOT00000000003.1	340	354	13	Y	0.071	o2	0.57	0	TCACCCCTCTCTCT	-
ENSLCOT00000000003.1	341	355	13	Y	0.071	o1	0.64	0	CACCCCTCTCTCTC	-
ENSLCOT00000000003.1	343	357	14	Y	0		0.64	0	CCCCTCTCTCTCCT	-
ENSLCOT00000000003.1	437	451	13	Y	0.071	o4	0.57	0	TCTCACCCCTCTCT	-
ENSLCOT00000000003.1	438	452	13	Y	0.071	o3	0.64	1	CTCACCCCTCTCTC	ENSLCOT00000001157.1:259-273;
ENSLCOT00000000003.1	439	453	13	Y	0.071	o2	0.57	0	TCACCCCTCTCTCT	-
ENSLCOT00000000003.1	440	454	13	Y	0.071	o1	0.64	0	CACCCCTCTCTCTC	-
ENSLCOT00000000003.1	442	456	14	Y	0		0.64	0	CCCCTCTCTCTCCT	-
ENSLCOT00000000003.1	516	530	13	Y	0.071	o4	0.57	0	TCTCACCCCTCTCT	-
ENSLCOT00000000003.1	517	531	13	Y	0.071	o3	0.64	1	CTCACCCCTCTCTC	ENSLCOT00000001157.1:259-273;
ENSLCOT00000000003.1	518	532	13	Y	0.071	o2	0.57	0	TCACCCCTCTCTCT	-
ENSLCOT00000000003.1	519	533	13	Y	0.071	o1	0.64	0	CACCCCTCTCTCTC	-
ENSLCOT00000000003.1	521	535	14	Y	0		0.64	0	CCCCTCTCTCTCCT	-
ENSLCOT00000000003.1	654	664	10	Y	0		0.7	2	TCTCTCCCCC	-
ENSLCOT00000000003.1	933	947	13	Y	0.071	o4	0.64	0	CCCCACCTCCTTCT	-
ENSLCOT00000000003.1	11	25	13	M	0.071	o5	0.64	0	GGGTTCTGGGGGGT	-
ENSLCOT00000000003.1	29	43	14	M	0		0.5	0	GGGTGTTTTTTGGG	-
ENSLCOT00000000003.1	30	44	14	M	0		0.5	0	GGTGTTTTTTGGGG	-
ENSLCOT00000000003.1	49	63	13	M	0.071	o6	0.57	0	GGGTGGATTTTGGG	-
ENSLCOT00000000003.1	50	64	13	M	0.071	o5	0.57	0	GGTGGATTTTGGGG	-
ENSLCOT00000000003.1	51	65	13	M	0.071	o4	0.5	0	GTGGATTTTGGGGT	-
ENSLCOT00000000003.1	110	124	13	M	0.071	o2	0.57	0	TGAGTTTGGGGGGT	-
ENSLCOT00000000003.1	113	126	12	M	0.077	o11	0.54	0	GTTTGGGGGGTCT	-
ENSLCOT00000000003.1	128	142	14	M	0		0.57	0	GGGTGGTTTTTGGG	-
ENSLCOT00000000003.1	129	143	14	M	0		0.57	0	GGTGGTTTTTGGGG	-
ENSLCOT00000000003.1	130	144	14	M	0		0.5	0	GTGGTTTTTGGGGT	-
ENSLCOT00000000003.1	148	162	13	M	0.071	o2	0.57	0	GGATGGGTTTTGGG	-
ENSLCOT00000000003.1	149	163	13	M	0.071	o1	0.57	0	GATGGGTTTTGGGG	-
ENSLCOT00000000003.1	151	164	13	M	0		0.54	0	TGGGTTTTGGGGT	-
ENSLCOT00000000003.1	152	166	13	M	0.071	o12	0.5	0	GGGTTTTGGGGTCT	-
ENSLCOT00000000003.1	168	182	14	M	0		0.64	0	GGGTGGGTTTTGGG	-
ENSLCOT00000000003.1	169	183	14	M	0		0.64	0	GGTGGGTTTTGGGG	-
ENSLCOT00000000003.1	170	184	14	M	0		0.57	0	GTGGGTTTTGGGGT	-
ENSLCOT00000000003.1	188	202	13	M	0.071	o11	0.5	0	GGGTGGTTTTTAGG	-
ENSLCOT00000000003.1	189	203	13	M	0.071	o10	0.5	0	GGTGGTTTTTAGGG	-
ENSLCOT00000000003.1	208	222	14	M	0		0.57	0	GGGTGGTTTTTGGG	-
ENSLCOT00000000003.1	209	223	14	M	0		0.57	0	GGTGGTTTTTGGGG	-
ENSLCOT00000000003.1	210	224	14	M	0		0.5	0	GTGGTTTTTGGGGT	-
ENSLCOT00000000003.1	228	242	14	M	0		0.5	0	GGGTGTTTTTTGGG	-
ENSLCOT00000000003.1	229	243	14	M	0		0.5	0	GGTGTTTTTTGGGG	-
ENSLCOT00000000003.1	248	262	13	M	0.071	o2	0.64	0	GGATGGTTTGGGGG	-
ENSLCOT00000000003.1	249	263	13	M	0.071	o1	0.64	0	GATGGTTTGGGGGG	-
ENSLCOT00000000003.1	251	264	13	M	0		0.62	0	TGGTTTGGGGGGT	-
ENSLCOT00000000003.1	252	266	13	M	0.071	o12	0.57	0	GGTTTGGGGGGTCT	-
ENSLCOT00000000003.1	268	282	13	M	0.071	o6	0.57	0	GGGTGGATTTTGGG	-
ENSLCOT00000000003.1	269	283	13	M	0.071	o5	0.57	0	GGTGGATTTTGGGG	-
ENSLCOT00000000003.1	270	284	13	M	0.071	o4	0.5	0	GTGGATTTTGGGGT	-
ENSLCOT00000000003.1	288	302	14	M	0		0.5	0	GGGTGTTTTTTGGG	-
ENSLCOT00000000003.1	289	303	14	M	0		0.5	0	GGTGTTTTTTGGGG	-
ENSLCOT00000000003.1	308	322	13	M	0.071	o6	0.57	0	GGGTGGATTTTGGG	-
ENSLCOT00000000003.1	309	323	13	M	0.071	o5	0.57	0	GGTGGATTTTGGGG	-
ENSLCOT00000000003.1	310	324	13	M	0.071	o4	0.5	0	GTGGATTTTGGGGT	-
ENSLCOT00000000003.1	368	382	13	M	0.071	o6	0.57	0	GGGTGGATTTTGGG	-
ENSLCOT00000000003.1	369	383	13	M	0.071	o5	0.57	0	GGTGGATTTTGGGG	-
ENSLCOT00000000003.1	370	384	13	M	0.071	o4	0.5	0	GTGGATTTTGGGGT	-
ENSLCOT00000000003.1	388	402	14	M	0		0.57	0	GGGTGGTTTTTGGG	-
ENSLCOT00000000003.1	389	403	14	M	0		0.57	0	GGTGGTTTTTGGGG	-
ENSLCOT00000000003.1	390	404	14	M	0		0.5	0	GTGGTTTTTGGGGT	-
ENSLCOT00000000003.1	408	422	14	M	0		0.57	0	GGGTGGTTTTTGGG	-
ENSLCOT00000000003.1	409	423	14	M	0		0.57	0	GGTGGTTTTTGGGG	-
ENSLCOT00000000003.1	410	424	14	M	0		0.5	0	GTGGTTTTTGGGGT	-
ENSLCOT00000000003.1	467	481	14	M	0		0.57	0	GGGTGGTTTTTGGG	-
ENSLCOT00000000003.1	468	482	14	M	0		0.57	0	GGTGGTTTTTGGGG	-
ENSLCOT00000000003.1	469	483	14	M	0		0.5	0	GTGGTTTTTGGGGT	-
ENSLCOT00000000003.1	546	560	14	M	0		0.57	0	GGGTGGTTTTTGGG	-
ENSLCOT00000000003.1	547	561	14	M	0		0.57	0	GGTGGTTTTTGGGG	-
ENSLCOT00000000003.1	548	562	14	M	0		0.5	0	GTGGTTTTTGGGGT	-
ENSLCOT00000000003.1	566	580	13	M	0.071	o6	0.57	0	GGGTGGATTTTGGG	-
ENSLCOT00000000003.1	567	581	13	M	0.071	o5	0.57	0	GGTGGATTTTGGGG	-
ENSLCOT00000000003.1	568	582	13	M	0.071	o4	0.5	0	GTGGATTTTGGGGT	-
ENSLCOT00000000003.1	586	600	14	M	0		0.57	0	GGGTGTTTTTGGGG	-
ENSLCOT00000000003.1	587	601	14	M	0		0.5	0	GGTGTTTTTGGGGT	-
ENSLCOT00000000003.1	605	619	14	M	0		0.5	0	GGGTGGTTTTTTGG	-
ENSLCOT00000000003.1	606	620	14	M	0		0.5	0	GGTGGTTTTTTGGG	-
ENSLCOT00000000003.1	607	621	14	M	0		0.5	0	GTGGTTTTTTGGGG	-
ENSLCOT00000000003.1	625	639	13	M	0.071	o9	0.5	0	GGGGTGTTTATTGG	-
ENSLCOT00000000003.1	626	640	13	M	0.071	o8	0.5	0	GGGTGTTTATTGGG	-
ENSLCOT00000000003.1	627	641	13	M	0.071	o7	0.5	0	GGTGTTTATTGGGG	-
ENSLCOT00000000010.1	261	274	12	Y	0.077	o5	0.69	0	CCCCCGCCCCTTT	-
ENSLCOT00000000010.1	262	276	13	Y	0.071	o4	0.64	0	CCCCGCCCCTTTCT	-
ENSLCOT00000000010.1	263	277	13	Y	0.071	o3	0.64	0	CCCGCCCCTTTCTC	-
ENSLCOT00000000010.1	264	278	13	Y	0.071	o2	0.64	0	CCGCCCCTTTCTCC	-
ENSLCOT00000000010.1	265	279	13	Y	0.071	o1	0.64	0	CGCCCCTTTCTCCC	-
ENSLCOT00000000010.1	267	281	14	Y	0		0.64	0	CCCCTTTCTCCCTC	-
ENSLCOT00000000010.1	268	282	14	Y	0		0.64	0	CCCTTTCTCCCTCC	-
ENSLCOT00000000010.1	269	283	14	Y	0		0.57	0	CCTTTCTCCCTCCT	-
ENSLCOT00000000010.1	270	284	14	Y	0		0.5	0	CTTTCTCCCTCCTT	-
ENSLCOT00000000010.1	271	285	14	Y	0		0.5	0	TTTCTCCCTCCTTC	-
ENSLCOT00000000010.1	921	931	10	Y	0		0.6	0	CTTCTCCCTC	-
ENSLCOT00000000010.1	689	702	12	R	0.077	o7	0.69	0	GGAGGGACGGGGA	-
ENSLCOT00000000010.1	648	662	13	R	0.071	o5	0.57	0	AAGGGCGAGAGGGA	-
ENSLCOT00000000010.1	647	661	13	R	0.071	o6	0.57	0	AAAGGGCGAGAGGG	-
ENSLCOT00000000010.1	2	15	12	M	0.077	o8	0.69	0	GTTTGGGGAGGGG	-
ENSLCOT00000000010.1	22	32	10	M	0		0.7	2	TGGGTGGGGT	-
ENSLCOT00000000010.1	36	49	13	M	0		0.69	0	GGTTGTGGGTGGG	-
ENSLCOT00000000010.1	37	50	13	M	0		0.69	0	GTTGTGGGTGGGG	-
ENSLCOT00000000010.1	38	52	14	M	0		0.64	0	TTGTGGGTGGGGGT	-
ENSLCOT00000000010.1	54	68	14	M	0		0.57	0	TTTGTGGGTGGGGT	-
ENSLCOT00000000010.1	55	69	14	M	0		0.57	0	TTGTGGGTGGGGTT	-
ENSLCOT00000000010.1	56	70	14	M	0		0.64	0	TGTGGGTGGGGTTG	-
ENSLCOT00000000010.1	57	71	14	M	0		0.64	0	GTGGGTGGGGTTGT	-
ENSLCOT00000000010.1	58	72	14	M	0		0.64	0	TGGGTGGGGTTGTG	-
ENSLCOT00000000010.1	60	73	13	M	0		0.69	0	GGTGGGGTTGTGG	-
ENSLCOT00000000010.1	61	75	14	M	0		0.64	0	GTGGGGTTGTGGGT	-
ENSLCOT00000000010.1	62	76	14	M	0		0.64	0	TGGGGTTGTGGGTG	-
ENSLCOT00000000010.1	63	77	14	M	0		0.64	0	GGGGTTGTGGGTGT	-
ENSLCOT00000000010.1	64	78	14	M	0		0.64	0	GGGTTGTGGGTGTG	-
ENSLCOT00000000010.1	65	79	14	M	0		0.64	0	GGTTGTGGGTGTGG	-
ENSLCOT00000000010.1	67	81	13	M	0.071	o12	0.5	0	TTGTGGGTGTGGCT	-
ENSLCOT00000000010.1	68	82	13	M	0.071	o11	0.57	0	TGTGGGTGTGGCTG	-
ENSLCOT00000000010.1	80	94	13	M	0.071	o2	0.57	0	TGAGTGTGGGTGTG	-
ENSLCOT00000000010.1	81	95	13	M	0.071	o1	0.64	0	GAGTGTGGGTGTGG	-
ENSLCOT00000000010.1	98	112	13	M	0.071	o3	0.57	0	TGGCTTGTGGGTGG	-
ENSLCOT00000000010.1	99	113	13	M	0.071	o2	0.64	0	GGCTTGTGGGTGGG	-
ENSLCOT00000000010.1	100	114	13	M	0.071	o1	0.64	0	GCTTGTGGGTGGGG	-
ENSLCOT00000000010.1	137	151	13	M	0.071	o12	0.64	0	TGGTGGGTGGGGCT	-
ENSLCOT00000000010.1	139	152	12	M	0.077	o10	0.69	1	GTGGGTGGGGCTG	ENSLCOT00000000572.1:469-482;
ENSLCOT00000000010.1	174	188	14	M	0		0.64	0	GTGGGTGGGGTTGT	-
ENSLCOT00000000010.1	175	189	14	M	0		0.57	0	TGGGTGGGGTTGTT	-
ENSLCOT00000000010.1	176	190	14	M	0		0.57	0	GGGTGGGGTTGTTT	-
ENSLCOT00000000010.1	177	191	14	M	0		0.57	0	GGTGGGGTTGTTTG	-
ENSLCOT00000000010.1	178	192	14	M	0		0.5	0	GTGGGGTTGTTTGT	-
ENSLCOT00000000010.1	179	193	14	M	0		0.5	0	TGGGGTTGTTTGTG	-
ENSLCOT00000000010.1	180	194	14	M	0		0.57	0	GGGGTTGTTTGTGG	-
ENSLCOT00000000010.1	181	195	14	M	0		0.57	0	GGGTTGTTTGTGGG	-
ENSLCOT00000000010.1	182	196	14	M	0		0.5	0	GGTTGTTTGTGGGT	-
ENSLCOT00000000010.1	183	197	14	M	0		0.5	0	GTTGTTTGTGGGTG	-
ENSLCOT00000000010.1	184	198	14	M	0		0.5	0	TTGTTTGTGGGTGG	-
ENSLCOT00000000010.1	185	199	14	M	0		0.57	0	TGTTTGTGGGTGGG	-
ENSLCOT00000000010.1	186	200	14	M	0		0.64	0	GTTTGTGGGTGGGG	-
ENSLCOT00000000010.1	188	202	13	M	0.071	o12	0.57	0	TTGTGGGTGGGGCT	-
ENSLCOT00000000010.1	341	351	10	M	0		0.7	1	GGTTTGGGGG	ENSLCOT00000000003.1:252-262;
ENSLCOT00000000010.1	632	642	10	M	0		0.7	1	TTTGGGGGGG	ENSLCOT00000000102.1:402-412;
ENSLCOT00000000046.1	242	255	12	Y	0.077	o5	0.62	0	CCTTCATCTCCCC	-
ENSLCOT00000000046.1	713	727	14	Y	0		0.5	0	CTTTTTTTCCCCCC	-
ENSLCOT00000000046.1	991	1005	13	Y	0.071	o1	0.5	0	CATTCTCCCTTTCC	-
ENSLCOT00000000046.1	993	1007	14	Y	0		0.5	0	TTCTCCCTTTCCTC	-
ENSLCOT00000000046.1	1011	1025	13	Y	0.071	o11	0.5	0	CTTCCTCTCTTGCC	-
ENSLCOT00000000102.1	344	357	12	Y	0.077	o8	0.69	0	TCCCCCCCATTCC	-
ENSLCOT00000000102.1	751	765	13	Y	0.071	o8	0.57	0	CCCCCCCCATTTTT	-
ENSLCOT00000000102.1	2	13	11	M	0		0.55	0	GTTTTGGGGGT	-
ENSLCOT00000000102.1	20	32	12	M	0		0.5	0	GTTTTGGGGTGT	-
ENSLCOT00000000102.1	61	74	13	M	0		0.54	0	GGTTTTGGGGTGT	-
ENSLCOT00000000102.1	77	90	13	M	0		0.54	0	GGTTTTGGGGTGT	-
ENSLCOT00000000102.1	120	130	10	M	0		0.5	2	TTTTGGGGTG	-
ENSLCOT00000000102.1	121	131	10	M	0		0.5	0	TTTGGGGTGT	-
ENSLCOT00000000102.1	133	147	14	M	0		0.5	0	TGGTTTTGGGGTGT	-
ENSLCOT00000000102.1	176	188	12	M	0		0.5	0	GGTTTTGGGTTG	-
ENSLCOT00000000102.1	203	213	10	M	0		0.5	2	TTTTGGGGTG	-
ENSLCOT00000000102.1	204	214	10	M	0		0.5	0	TTTGGGGTGT	-
ENSLCOT00000000102.1	217	231	14	M	0		0.5	0	GGTTTTTGGGGTGT	-
ENSLCOT00000000102.1	233	247	14	M	0		0.5	0	TGGTTTTGGGGTGT	-
ENSLCOT00000000102.1	275	288	13	M	0		0.54	0	GGTTTTGGGGTGT	-
ENSLCOT00000000102.1	290	304	14	M	0		0.5	0	TGGTTTTGGGGTGT	-
ENSLCOT00000000102.1	316	328	12	M	0		0.5	0	TTTTTGGGGGGT	-
ENSLCOT00000000102.1	365	379	13	M	0.071	o2	0.57	0	GGATTTTGGGGGGT	-
ENSLCOT00000000102.1	366	380	13	M	0.071	o1	0.5	0	GATTTTGGGGGGTT	-
ENSLCOT00000000102.1	368	381	13	M	0		0.54	0	TTTTGGGGGGTTG	-
ENSLCOT00000000102.1	399	413	14	M	0		0.5	0	TTTTTTGGGGGGGT	-
ENSLCOT00000000102.1	420	432	12	M	0		0.5	0	GTTTTGGGGTGT	-
ENSLCOT00000000102.1	463	473	10	M	0		0.5	2	TTTTGGGGTG	-
ENSLCOT00000000102.1	464	474	10	M	0		0.5	0	TTTGGGGTGT	-
ENSLCOT00000000102.1	477	491	14	M	0		0.57	0	GGTTTTGGGGGTGT	-
ENSLCOT00000000102.1	519	532	12	M	0.077	o1	0.54	0	GATTTTGGGGGGT	-
ENSLCOT00000000102.1	521	534	12	M	0.077	o11	0.54	0	TTTTGGGGGGTCG	-
ENSLCOT00000000102.1	552	564	12	M	0		0.5	0	GTTTTGGGGTGT	-
ENSLCOT00000000102.1	567	581	14	M	0		0.57	0	GGTTTTGGGGGTGT	-
ENSLCOT00000000102.1	608	622	13	M	0.071	o3	0.5	0	TTGATTTTGGGGGG	-
ENSLCOT00000000102.1	609	623	13	M	0.071	o2	0.5	0	TGATTTTGGGGGGT	-
ENSLCOT00000000102.1	612	625	12	M	0.077	o11	0.54	0	TTTTGGGGGGTCG	-
ENSLCOT00000000102.1	651	661	10	M	0		0.5	0	GTGTTGGGTT	-
ENSLCOT00000000102.1	653	667	14	M	0		0.5	0	GTTGGGTTTTTGGG	-
ENSLCOT00000000102.1	654	668	14	M	0		0.5	0	TTGGGTTTTTGGGG	-
ENSLCOT00000000102.1	761	771	10	M	0		0.5	2	TTTTGGGGTG	-
ENSLCOT00000000102.1	783	793	10	M	0		0.5	2	TTTTGGGGTG	-
ENSLCOT00000000102.1	784	794	10	M	0		0.5	0	TTTGGGGTGT	-
ENSLCOT00000000102.1	824	838	13	M	0.071	o2	0.5	0	GTCGGGTTTTTGGG	-
ENSLCOT00000000102.1	825	839	13	M	0.071	o1	0.5	0	TCGGGTTTTTGGGG	-
ENSLCOT00000000102.1	1027	1037	10	M	0		0.5	1	TTTTGGGGGT	ENSLCOT00000000242.1:505-515;
ENSLCOT00000000102.1	1045	1055	10	M	0		0.5	1	TTTTGGGGGT	ENSLCOT00000000242.1:505-515;
ENSLCOT00000000102.1	1126	1138	12	M	0		0.5	0	GTTTTTGGGGTG	-
ENSLCOT00000000102.1	1142	1154	12	M	0		0.5	0	GTTTTTGGGGTG	-
ENSLCOT00000000118.1	159	172	12	R	0.077	o8	0.69	0	GAGGGGAGCAGGG	-
ENSLCOT00000000118.1	393	403	10	R	0		0.5	1	AAGAGGAGGA	ENSLCOT00000000120.1:127-137;
ENSLCOT00000000118.1	392	402	10	R	0		0.5	1	AAAGAGGAGG	ENSLCOT00000000240.1:675-685;
ENSLCOT00000000118.1	517	529	12	R	0		0.5	0	AAGGAGAGGAAG	-
ENSLCOT00000000120.1	127	137	10	R	0		0.5	1	AAGAGGAGGA	ENSLCOT00000000118.1:393-403;
ENSLCOT00000000120.1	397	411	13	R	0.071	o8	0.5	0	GAGGAGAACGAGAG	-
ENSLCOT00000000120.1	396	410	13	R	0.071	o9	0.5	0	GGAGGAGAACGAGA	-
ENSLCOT00000000120.1	395	409	13	R	0.071	o10	0.5	0	AGGAGGAGAACGAG	-
ENSLCOT00000000120.1	394	404	10	R	0		0.5	0	AAGGAGGAGA	-
ENSLCOT00000000120.1	371	385	13	R	0.071	o1	0.5	0	ACGAGGAGAAGGAG	-
ENSLCOT00000000120.1	48	58	10	M	0		0.7	1	GTGGGTGGGT	ENSLCOT00000000235.1:318-328;
ENSLCOT00000000120.1	49	59	10	M	0		0.7	1	TGGGTGGGTG	ENSLCOT00000000235.1:319-329;
ENSLCOT00000000120.1	731	745	13	M	0.071	o1	0.64	0	TCTGGGGGGGTGTG	-
ENSLCOT00000000120.1	733	746	13	M	0		0.69	0	TGGGGGGGTGTGT	-
ENSLCOT00000000120.1	738	748	10	M	0		0.7	2	GGGTGTGTGG	-
ENSLCOT00000000120.1	739	749	10	M	0		0.7	2	GGTGTGTGGG	-
ENSLCOT00000000120.1	740	750	10	M	0		0.7	0	GTGTGTGGGG	-
ENSLCOT00000000120.1	741	755	14	M	0		0.64	0	TGTGTGGGGGGGTT	-
ENSLCOT00000000120.1	743	757	14	M	0		0.64	0	TGTGGGGGGGTTGT	-
ENSLCOT00000000120.1	745	758	13	M	0		0.69	0	TGGGGGGGTTGTG	-
ENSLCOT00000000120.1	802	812	10	M	0		0.6	0	TGGGGTTTGG	-
ENSLCOT00000000128.1	107	117	10	R	0		0.5	0	GAAGGAAGAG	-
ENSLCOT00000000128.1	439	449	10	R	0		0.5	1	AAGGGGAGAA	ENSLCOT00000001405.1:899-909;
ENSLCOT00000000128.1	494	504	10	R	0		0.5	1	GAGGAGGAAA	ENSLCOT00000000350.1:439-449;
ENSLCOT00000000128.1	760	774	13	R	0.071	o8	0.5	0	GGAAAAGGCAGAGG	-
ENSLCOT00000000128.1	989	999	10	R	0		0.5	0	GGAGGAAGAA	-
ENSLCOT00000000142.1	162	176	13	Y	0.071	o7	0.5	0	TTCTTCCGCCTTCC	-
ENSLCOT00000000142.1	461	473	12	Y	0		0.58	0	TTTCTTCCCCCC	-
ENSLCOT00000000142.1	894	907	12	Y	0.077	o9	0.54	0	CCTCTCCTTGCTC	-
ENSLCOT00000000142.1	555	568	12	R	0.077	o8	0.69	0	AGAGGGGGTGGAG	-
ENSLCOT00000000142.1	371	385	13	M	0.071	o3	0.57	0	TGGATTTTGGGGGG	-
ENSLCOT00000000142.1	375	388	12	M	0.077	o10	0.54	0	TTTTGGGGGGCGT	-
ENSLCOT00000000142.1	404	418	13	M	0.071	o4	0.57	0	TTGGAGGGGGGTTT	-
ENSLCOT00000000142.1	405	419	13	M	0.071	o3	0.64	0	TGGAGGGGGGTTTG	-
ENSLCOT00000000142.1	407	420	12	M	0.077	o1	0.69	0	GAGGGGGGTTTGG	-
ENSLCOT00000000142.1	410	423	13	M	0		0.69	0	GGGGGTTTGGGGT	-
ENSLCOT00000000142.1	613	627	13	M	0.071	o9	0.64	0	GTTTTGGGGCGGGG	-
ENSLCOT00000000142.1	614	628	13	M	0.071	o8	0.64	0	TTTTGGGGCGGGGG	-
ENSLCOT00000000142.1	1026	1040	13	M	0.071	o4	0.5	0	GTTGAGGTTGGTTG	-
ENSLCOT00000000142.1	1027	1041	13	M	0.071	o3	0.5	0	TTGAGGTTGGTTGG	-
ENSLCOT00000000142.1	1028	1042	13	M	0.071	o2	0.5	0	TGAGGTTGGTTGGT	-
ENSLCOT00000000142.1	1083	1097	13	M	0.071	o3	0.64	0	TTGAGGGGGGTGGT	-
ENSLCOT00000000142.1	1087	1101	13	M	0.071	o10	0.57	0	GGGGGGTGGTCTTT	-
ENSLCOT00000000182.1	148	162	13	R	0.071	o2	0.64	0	GGCAGGAGGAGGAG	-
ENSLCOT00000000182.1	147	161	13	R	0.071	o3	0.64	0	GGGCAGGAGGAGGA	-
ENSLCOT00000000182.1	145	159	13	R	0.071	o5	0.64	0	AGGGGCAGGAGGAG	-
ENSLCOT00000000182.1	92	105	12	M	0.077	o8	0.69	0	TGTGGGGGAGGTG	-
ENSLCOT00000000188.1	801	815	13	Y	0.071	o5	0.5	0	TTCCCGCTCCTTTC	-
ENSLCOT00000000188.1	802	816	13	Y	0.071	o4	0.57	0	TCCCGCTCCTTTCC	-
ENSLCOT00000000188.1	803	817	13	Y	0.071	o3	0.64	0	CCCGCTCCTTTCCC	-
ENSLCOT00000000188.1	427	441	13	R	0.071	o9	0.57	0	GGAGGAGAGCGAAG	-
ENSLCOT00000000188.1	426	440	13	R	0.071	o10	0.5	0	AGGAGGAGAGCGAA	-
ENSLCOT00000000188.1	422	436	13	R	0.071	o3	0.57	0	GAGCAGGAGGAGAG	-
ENSLCOT00000000188.1	421	435	13	R	0.071	o4	0.57	0	GGAGCAGGAGGAGA	-
ENSLCOT00000000188.1	561	572	11	R	0		0.64	0	GGAAAGGGGGA	-
ENSLCOT00000000188.1	489	501	12	M	0		0.58	0	GTTTTTGGGGGG	-
ENSLCOT00000000188.1	566	579	12	M	0.077	o5	0.69	0	GGGGGATTTGGGG	-
ENSLCOT00000000188.1	567	580	12	M	0.077	o4	0.69	0	GGGGATTTGGGGG	-
ENSLCOT00000000188.1	568	582	13	M	0.071	o3	0.64	0	GGGATTTGGGGGGT	-
ENSLCOT00000000235.1	40	54	13	Y	0.071	o5	0.5	0	TTCCCATCTTTCCC	-
ENSLCOT00000000235.1	41	55	13	Y	0.071	o4	0.57	0	TCCCATCTTTCCCC	-
ENSLCOT00000000235.1	42	56	13	Y	0.071	o3	0.64	0	CCCATCTTTCCCCC	-
ENSLCOT00000000235.1	43	57	13	Y	0.071	o2	0.57	0	CCATCTTTCCCCCT	-
ENSLCOT00000000235.1	44	58	13	Y	0.071	o1	0.57	0	CATCTTTCCCCCTC	-
ENSLCOT00000000235.1	46	60	14	Y	0		0.64	0	TCTTTCCCCCTCCC	-
ENSLCOT00000000235.1	48	62	13	Y	0.071	o12	0.57	0	TTTCCCCCTCCCAT	-
ENSLCOT00000000235.1	49	63	13	Y	0.071	o11	0.57	0	TTCCCCCTCCCATT	-
ENSLCOT00000000235.1	50	64	13	Y	0.071	o10	0.64	0	TCCCCCTCCCATTC	-
ENSLCOT00000000235.1	52	66	13	Y	0.071	o8	0.64	0	CCCCTCCCATTCCT	-
ENSLCOT00000000235.1	53	67	13	Y	0.071	o7	0.64	0	CCCTCCCATTCCTC	-
ENSLCOT00000000235.1	54	68	13	Y	0.071	o6	0.64	0	CCTCCCATTCCTCC	-
ENSLCOT00000000235.1	55	69	13	Y	0.071	o5	0.57	0	CTCCCATTCCTCCT	-
ENSLCOT00000000235.1	56	70	13	Y	0.071	o4	0.5	0	TCCCATTCCTCCTT	-
ENSLCOT00000000235.1	57	71	13	Y	0.071	o3	0.5	0	CCCATTCCTCCTTT	-
ENSLCOT00000000235.1	58	72	13	Y	0.071	o2	0.5	0	CCATTCCTCCTTTC	-
ENSLCOT00000000235.1	63	73	10	Y	0		0.5	0	CCTCCTTTCT	-
ENSLCOT00000000235.1	143	153	10	Y	0		0.5	2	TCCCTTTTCC	-
ENSLCOT00000000235.1	144	154	10	Y	0		0.5	0	CCCTTTTCCT	-
ENSLCOT00000000235.1	380	392	12	Y	0		0.67	0	CCTTCCCTTCCC	-
ENSLCOT00000000235.1	318	328	10	M	0		0.7	1	GTGGGTGGGT	ENSLCOT00000000120.1:48-58;
ENSLCOT00000000235.1	319	329	10	M	0		0.7	1	TGGGTGGGTG	ENSLCOT00000000120.1:49-59;
ENSLCOT00000000240.1	1038	1051	12	Y	0.077	o9	0.69	0	CCTCCTCTCACCC	-
ENSLCOT00000000240.1	1039	1053	13	Y	0.071	o8	0.64	0	CTCCTCTCACCCCT	-
ENSLCOT00000000240.1	340	354	14	R	0		0.5	0	GAGGAGAGGAAAGA	-
ENSLCOT00000000240.1	309	323	13	R	0.071	o9	0.64	0	GGAGGGAAGTGGAG	-
ENSLCOT00000000240.1	308	322	13	R	0.071	o10	0.64	0	GGGAGGGAAGTGGA	-
ENSLCOT00000000240.1	305	318	12	R	0.077	o2	0.62	0	AGTGGGAGGGAAG	-
ENSLCOT00000000240.1	675	685	10	M	0		0.5	1	GGTGGTGTTT	ENSLCOT00000000118.1:392-402;
ENSLCOT00000000242.1	47	58	11	Y	0		0.55	0	CCCTCTTTCCT	-
ENSLCOT00000000242.1	595	609	13	R	0.071	o11	0.5	0	GAGAAGAGAGGCAG	-
ENSLCOT00000000242.1	592	606	14	R	0		0.57	0	GGAGAGAAGAGAGG	-
ENSLCOT00000000242.1	591	605	14	R	0		0.5	0	AGGAGAGAAGAGAG	-
ENSLCOT00000000242.1	590	604	14	R	0		0.5	0	GAGGAGAGAAGAGA	-
ENSLCOT00000000242.1	589	603	14	R	0		0.5	0	AGAGGAGAGAAGAG	-
ENSLCOT00000000242.1	588	602	14	R	0		0.5	0	GAGAGGAGAGAAGA	-
ENSLCOT00000000242.1	513	527	14	R	0		0.5	0	AAAAAGAGAGGGGG	-
ENSLCOT00000000242.1	504	514	10	R	0		0.5	0	AAGGGGGAAA	-
ENSLCOT00000000242.1	503	513	10	R	0		0.5	2	AAAGGGGGAA	-
ENSLCOT00000000242.1	500	512	12	R	0		0.5	0	GAAAAAGGGGGA	-
ENSLCOT00000000242.1	452	462	10	R	0		0.5	0	GAGAGAGAAG	-
ENSLCOT00000000271.1	378	391	12	Y	0.077	o7	0.69	0	CCTCCTCACCCCT	-
ENSLCOT00000000271.1	414	427	12	Y	0.077	o2	0.69	0	CTGTCCCCCCCTC	-
ENSLCOT00000000271.1	569	579	10	Y	0		0.5	1	CTTCTTCCCT	ENSLCOT00000000576.1:310-320;
ENSLCOT00000000271.1	699	709	10	Y	0		0.5	0	TTTCCCTCTC	-
ENSLCOT00000000271.1	1048	1062	14	Y	0		0.64	0	CTCCCTTCCTCCTC	-
ENSLCOT00000000271.1	1049	1063	14	Y	0		0.64	0	TCCCTTCCTCCTCC	-
ENSLCOT00000000271.1	1077	1087	10	Y	0		0.5	0	CTCTCCCTTT	-
ENSLCOT00000000271.1	178	190	12	R	0		0.5	0	AGGAAGGAGGAA	-
ENSLCOT00000000271.1	267	277	10	R	0		0.7	0	GAGGGGGGAA	-
ENSLCOT00000000271.1	341	355	14	R	0		0.5	0	GGGGAGAAGAAAGA	-
ENSLCOT00000000271.1	785	799	13	R	0.071	o7	0.57	0	AGAGAAGCAGGGGG	-
ENSLCOT00000000271.1	784	798	13	R	0.071	o8	0.5	0	AAGAGAAGCAGGGG	-
ENSLCOT00000000271.1	783	797	13	R	0.071	o9	0.5	0	GAAGAGAAGCAGGG	-
ENSLCOT00000000271.1	782	796	13	R	0.071	o10	0.5	0	GGAAGAGAAGCAGG	-
ENSLCOT00000000271.1	778	792	14	R	0		0.5	0	AGGAGGAAGAGAAG	-
ENSLCOT00000000271.1	776	790	13	R	0.071	o1	0.5	0	GCAGGAGGAAGAGA	-
ENSLCOT00000000271.1	853	867	13	R	0.071	o4	0.57	0	AGGGCAGGGAAGGA	-
ENSLCOT00000000271.1	852	866	13	R	0.071	o5	0.64	0	GAGGGCAGGGAAGG	-
ENSLCOT00000000271.1	1212	1226	13	R	0.071	o8	0.64	0	GGGAGGGGCAGGAA	-
ENSLCOT00000000271.1	1211	1225	13	R	0.071	o9	0.64	0	AGGGAGGGGCAGGA	-
ENSLCOT00000000271.1	1209	1223	13	R	0.071	o11	0.64	0	AGAGGGAGGGGCAG	-
ENSLCOT00000000271.1	1206	1220	13	R	0.071	o2	0.64	0	GACAGAGGGAGGGG	-
ENSLCOT00000000271.1	1205	1219	13	R	0.071	o3	0.57	0	AGACAGAGGGAGGG	-
ENSLCOT00000000271.1	79	92	12	M	0.077	o3	0.54	0	TGGCTGTGGTTGG	-
ENSLCOT00000000271.1	259	273	13	M	0.071	o9	0.64	0	TGTGGTGTGAGGGG	-
ENSLCOT00000000271.1	261	274	12	M	0.077	o7	0.69	0	TGGTGTGAGGGGG	-
ENSLCOT00000000271.1	401	414	12	M	0.077	o3	0.62	0	TGGAGGTGTGGTG	-
ENSLCOT00000000271.1	405	418	12	M	0.077	o9	0.54	0	GGTGTGGTGCTGT	-
ENSLCOT00000000271.1	1160	1171	11	M	0		0.55	0	TGGGTTTGGGT	-
ENSLCOT00000000271.1	1247	1261	13	M	0.071	o9	0.57	0	TTGTGTGGGAGGGT	-
ENSLCOT00000000271.1	1248	1262	13	M	0.071	o8	0.64	0	TGTGTGGGAGGGTG	-
ENSLCOT00000000271.1	1250	1263	12	M	0.077	o6	0.69	0	TGTGGGAGGGTGG	-
ENSLCOT00000000337.1	426	436	10	Y	0		0.5	0	TCTTCCCTCT	-
ENSLCOT00000000337.1	1012	1026	13	Y	0.071	o2	0.5	0	CTGCTCTCTCTCCT	-
ENSLCOT00000000337.1	961	975	13	R	0.071	o2	0.5	0	GATGGGAAGAGAGA	-
ENSLCOT00000000337.1	960	974	13	R	0.071	o3	0.57	0	GGATGGGAAGAGAG	-
ENSLCOT00000000337.1	959	973	13	R	0.071	o4	0.5	0	AGGATGGGAAGAGA	-
ENSLCOT00000000337.1	880	893	12	M	0.077	o4	0.54	0	GGTGAGGGTTTGT	-
ENSLCOT00000000350.1	421	434	12	Y	0.077	o6	0.54	0	CCTCCTGCCTTTC	-
ENSLCOT00000000350.1	433	447	13	Y	0.071	o1	0.5	0	CACCTTTTTCCTCC	-
ENSLCOT00000000350.1	435	449	14	Y	0		0.5	0	CCTTTTTCCTCCTC	-
ENSLCOT00000000350.1	436	450	14	Y	0		0.5	0	CTTTTTCCTCCTCC	-
ENSLCOT00000000350.1	438	452	14	Y	0		0.5	0	TTTTCCTCCTCCTC	-
ENSLCOT00000000350.1	439	453	14	Y	0		0.57	0	TTTCCTCCTCCTCC	-
ENSLCOT00000000350.1	440	454	14	Y	0		0.57	0	TTCCTCCTCCTCCT	-
ENSLCOT00000000350.1	441	455	14	Y	0		0.57	0	TCCTCCTCCTCCTT	-
ENSLCOT00000000350.1	506	519	12	Y	0.077	o6	0.62	0	TTCCCTGTCCCCC	-
ENSLCOT00000000350.1	256	270	13	R	0.071	o9	0.5	0	GGAGGAGAACAAGG	-
ENSLCOT00000000350.1	253	267	13	R	0.071	o12	0.5	0	GGAGGAGGAGAACA	-
ENSLCOT00000000350.1	528	538	10	R	0		0.7	0	GGAGGAGGGA	-
ENSLCOT00000000350.1	801	815	13	R	0.071	o8	0.57	0	GGAGGGGACAGAGA	-
ENSLCOT00000000350.1	779	793	13	R	0.071	o9	0.64	0	GGGAGGGGACAGGA	-
ENSLCOT00000000350.1	778	792	13	R	0.071	o10	0.64	0	AGGGAGGGGACAGG	-
ENSLCOT00000000350.1	777	791	13	R	0.071	o11	0.64	0	GAGGGAGGGGACAG	-
ENSLCOT00000000350.1	775	788	12	R	0.077	o1	0.69	0	GCGAGGGAGGGGA	-
ENSLCOT00000000350.1	772	785	12	R	0.077	o4	0.69	0	AGGGCGAGGGAGG	-
ENSLCOT00000000350.1	158	171	12	M	0.077	o1	0.69	0	GCGGTGGTGGTGG	-
ENSLCOT00000000350.1	160	173	12	M	0.077	o11	0.69	0	GGTGGTGGTGGCG	-
ENSLCOT00000000350.1	161	175	13	M	0.071	o10	0.64	0	GTGGTGGTGGCGGT	-
ENSLCOT00000000350.1	162	176	13	M	0.071	o9	0.64	0	TGGTGGTGGCGGTG	-
ENSLCOT00000000350.1	554	568	13	M	0.071	o9	0.64	0	TGGTGGGGTCTGGG	-
ENSLCOT00000000350.1	556	569	12	M	0.077	o7	0.69	0	GTGGGGTCTGGGG	-
ENSLCOT00000000350.1	557	571	13	M	0.071	o6	0.64	0	TGGGGTCTGGGGGT	-
ENSLCOT00000000350.1	559	572	12	M	0.077	o4	0.69	0	GGGTCTGGGGGTG	-
ENSLCOT00000000350.1	560	573	12	M	0.077	o3	0.69	0	GGTCTGGGGGTGG	-
ENSLCOT00000000350.1	561	574	12	M	0.077	o2	0.69	0	GTCTGGGGGTGGG	-
ENSLCOT00000000363.1	791	804	12	Y	0.077	o4	0.69	0	CCCCATCCCCTCT	-
ENSLCOT00000000363.1	792	805	12	Y	0.077	o3	0.69	0	CCCATCCCCTCTC	-
ENSLCOT00000000363.1	793	806	12	Y	0.077	o2	0.69	0	CCATCCCCTCTCC	-
ENSLCOT00000000363.1	1094	1104	10	Y	0		0.6	0	CCCCTCTTCT	-
ENSLCOT00000000363.1	62	75	12	R	0.077	o10	0.69	0	AGGGGGGGAGCGA	-
ENSLCOT00000000363.1	1297	1307	10	M	0		0.7	0	GGTGGTGGGT	-
ENSLCOT00000000572.1	134	148	13	Y	0.071	o9	0.64	0	TCCCTCCTTGCCCC	-
ENSLCOT00000000572.1	135	149	13	Y	0.071	o8	0.64	0	CCCTCCTTGCCCCT	-
ENSLCOT00000000572.1	136	150	13	Y	0.071	o7	0.57	0	CCTCCTTGCCCCTT	-
ENSLCOT00000000572.1	137	151	13	Y	0.071	o6	0.57	0	CTCCTTGCCCCTTC	-
ENSLCOT00000000572.1	138	152	13	Y	0.071	o5	0.5	0	TCCTTGCCCCTTCT	-
ENSLCOT00000000572.1	139	153	13	Y	0.071	o4	0.57	0	CCTTGCCCCTTCTC	-
ENSLCOT00000000572.1	224	238	13	R	0.071	o9	0.64	0	GGGAAGGGGCGAGA	-
ENSLCOT00000000572.1	223	236	12	R	0.077	o10	0.69	0	GGGGAAGGGGCGA	-
ENSLCOT00000000572.1	220	233	12	R	0.077	o2	0.69	0	AGCGGGGAAGGGG	-
ENSLCOT00000000572.1	219	232	12	R	0.077	o3	0.69	0	GAGCGGGGAAGGG	-
ENSLCOT00000000572.1	218	231	12	R	0.077	o4	0.69	0	GGAGCGGGGAAGG	-
ENSLCOT00000000572.1	468	482	13	R	0.071	o2	0.64	0	GATGGGGAGGGAGA	-
ENSLCOT00000000572.1	571	584	12	R	0.077	o11	0.62	0	GAGGAGGGGGACA	-
ENSLCOT00000000572.1	568	582	13	R	0.071	o2	0.64	0	GACGAGGAGGGGGA	-
ENSLCOT00000000572.1	566	580	13	R	0.071	o4	0.64	0	AGGACGAGGAGGGG	-
ENSLCOT00000000572.1	710	724	13	R	0.071	o2	0.5	0	GGTAAAAAAGGGGG	-
ENSLCOT00000000572.1	709	723	13	R	0.071	o3	0.5	0	GGGTAAAAAAGGGG	-
ENSLCOT00000000572.1	708	722	13	R	0.071	o4	0.5	0	GGGGTAAAAAAGGG	-
ENSLCOT00000000572.1	686	700	13	R	0.071	o6	0.64	0	GAAAGGTGAGGGGG	-
ENSLCOT00000000572.1	685	699	13	R	0.071	o7	0.64	0	GGAAAGGTGAGGGG	-
ENSLCOT00000000572.1	684	698	13	R	0.071	o8	0.64	0	GGGAAAGGTGAGGG	-
ENSLCOT00000000572.1	243	256	12	M	0.077	o8	0.54	0	GGGTTTGGCTGTG	-
ENSLCOT00000000576.1	281	291	10	Y	0		0.5	0	CTTCCTTCTC	-
ENSLCOT00000000576.1	145	156	11	R	0		0.55	0	GGAAGGAAAGG	-
ENSLCOT00000000576.1	310	320	10	R	0		0.5	1	AGGGAAGAAG	ENSLCOT00000000271.1:569-579;
ENSLCOT00000000576.1	388	402	13	R	0.071	o1	0.57	0	GTGAAAGGGGGAAG	-
ENSLCOT00000000576.1	387	401	13	R	0.071	o2	0.5	0	AGTGAAAGGGGGAA	-
ENSLCOT00000000577.1	83	95	12	R	0		0.5	1	GGAAGAAAGGAG	ENSLCOT00000000578.1:83-95;
ENSLCOT00000000578.1	83	95	12	R	0		0.5	1	GGAAGAAAGGAG	ENSLCOT00000000577.1:83-95;
ENSLCOT00000000582.1	39	49	10	Y	0		0.6	2	TCTCCCTCTC	-
ENSLCOT00000000582.1	26	37	11	R	0		0.55	0	AGAGGGAGAGA	-
ENSLCOT00000000582.1	60	74	13	M	0.071	o2	0.64	0	GGCTGGGTTTGGGG	-
ENSLCOT00000000582.1	63	77	13	M	0.071	o11	0.64	0	TGGGTTTGGGGAGG	-
ENSLCOT00000000582.1	65	78	12	M	0.077	o9	0.69	0	GGTTTGGGGAGGG	-
ENSLCOT00000000621.1	1174	1184	10	Y	0		0.5	0	TTCCCTTCCT	-
ENSLCOT00000000621.1	67	81	13	R	0.071	o7	0.57	0	GAGAGGGCAGAGGA	-
ENSLCOT00000000621.1	66	80	13	R	0.071	o8	0.57	0	AGAGAGGGCAGAGG	-
ENSLCOT00000000621.1	65	79	13	R	0.071	o9	0.57	0	GAGAGAGGGCAGAG	-
ENSLCOT00000000621.1	64	78	13	R	0.071	o10	0.5	0	AGAGAGAGGGCAGA	-
ENSLCOT00000000621.1	957	970	13	R	0		0.69	0	AGGGAGGGGGAAG	-
ENSLCOT00000000621.1	956	969	13	R	0		0.69	0	GAGGGAGGGGGAA	-
ENSLCOT00000000621.1	1094	1107	12	R	0.077	o2	0.69	0	AGCGGGGGAAGGG	-
ENSLCOT00000000621.1	1093	1106	12	R	0.077	o3	0.69	0	GAGCGGGGGAAGG	-
ENSLCOT00000000621.1	220	233	12	M	0.077	o4	0.69	0	TGGGAGGGTGTGG	-
ENSLCOT00000000730.1	651	665	13	Y	0.071	o4	0.5	0	CTCTGCTTCCTTCC	-
ENSLCOT00000000730.1	656	670	13	Y	0.071	o9	0.5	0	CTTCCTTCCACCTT	-
ENSLCOT00000000730.1	991	1003	12	Y	0		0.5	0	CCTTTCTTCTCC	-
ENSLCOT00000000954.1	483	496	12	Y	0.077	o5	0.69	0	TCCCCATCTCCCC	-
ENSLCOT00000000954.1	489	502	12	Y	0.077	o9	0.69	0	TCTCCCCCCACCT	-
ENSLCOT00000000954.1	559	572	12	Y	0.077	o2	0.69	0	CCACCCTCTCTCC	-
ENSLCOT00000000954.1	560	574	13	Y	0.071	o1	0.64	0	CACCCTCTCTCCCT	-
ENSLCOT00000000954.1	562	575	13	Y	0		0.69	0	CCCTCTCTCCCTC	-
ENSLCOT00000000954.1	563	576	13	Y	0		0.69	0	CCTCTCTCCCTCC	-
ENSLCOT00000000954.1	802	815	12	Y	0.077	o2	0.62	0	TCATCTTCCCCCC	-
ENSLCOT00000000954.1	843	857	13	Y	0.071	o12	0.5	0	TTCTCTTTCCCCAC	-
ENSLCOT00000000954.1	844	858	13	Y	0.071	o11	0.57	0	TCTCTTTCCCCACC	-
ENSLCOT00000000954.1	957	971	13	Y	0.071	o4	0.5	0	TCTCGCCTCTTCCT	-
ENSLCOT00000000954.1	962	976	13	Y	0.071	o9	0.5	0	CCTCTTCCTGTCTC	-
ENSLCOT00000000954.1	1232	1246	13	Y	0.071	o6	0.64	0	CTCCCCATCCTTCC	-
ENSLCOT00000000954.1	1233	1247	13	Y	0.071	o5	0.64	0	TCCCCATCCTTCCC	-
ENSLCOT00000000954.1	1234	1248	13	Y	0.071	o4	0.64	0	CCCCATCCTTCCCT	-
ENSLCOT00000000954.1	1281	1294	12	Y	0.077	o5	0.69	0	CCCCTGCCCCTTC	-
ENSLCOT00000000954.1	1282	1295	12	Y	0.077	o4	0.69	0	CCCTGCCCCTTCC	-
ENSLCOT00000000954.1	1283	1296	12	Y	0.077	o3	0.69	0	CCTGCCCCTTCCC	-
ENSLCOT00000000954.1	1934	1947	12	Y	0.077	o3	0.54	0	TCTGTCCCCCTTC	-
ENSLCOT00000000954.1	1093	1106	13	R	0		0.62	0	GAGGGAAGAGGAG	-
ENSLCOT00000000954.1	1091	1105	13	R	0.071	o1	0.57	0	GCGAGGGAAGAGGA	-
ENSLCOT00000000954.1	1090	1104	13	R	0.071	o2	0.64	0	GGCGAGGGAAGAGG	-
ENSLCOT00000000954.1	1386	1398	12	R	0		0.58	0	GGAAGGAGAGGA	-
ENSLCOT00000000954.1	1472	1485	13	R	0		0.54	0	GAGAGGAAGGAGA	-
ENSLCOT00000000954.1	1470	1484	13	R	0.071	o1	0.5	0	ATGAGAGGAAGGAG	-
ENSLCOT00000000954.1	1469	1483	13	R	0.071	o2	0.5	0	GATGAGAGGAAGGA	-
ENSLCOT00000000954.1	1468	1482	13	R	0.071	o3	0.57	0	GGATGAGAGGAAGG	-
ENSLCOT00000000954.1	1671	1681	10	R	0		0.5	1	GGAGAGGAAA	ENSLCOT00000000240.1:342-352;
ENSLCOT00000000954.1	1670	1680	10	R	0		0.5	2	AGGAGAGGAA	-
ENSLCOT00000000954.1	357	371	13	M	0.071	o11	0.57	0	TGGTGGTGGTGATG	-
ENSLCOT00000000955.1	6	19	12	Y	0.077	o3	0.54	0	CCTGCCTCCTTCT	-
ENSLCOT00000000955.1	119	133	13	Y	0.071	o2	0.5	0	TTGCTCTCTCCTCC	-
ENSLCOT00000000955.1	120	134	13	Y	0.071	o1	0.57	0	TGCTCTCTCCTCCC	-
ENSLCOT00000000955.1	122	136	14	Y	0		0.57	0	CTCTCTCCTCCCTT	-
ENSLCOT00000000955.1	123	137	14	Y	0		0.5	0	TCTCTCCTCCCTTT	-
ENSLCOT00000000955.1	196	210	13	Y	0.071	o6	0.57	0	CTCTCCACCTTCCT	-
ENSLCOT00000000955.1	419	429	10	Y	0		0.7	0	CCTTCCCTCC	-
ENSLCOT00000000955.1	420	430	10	Y	0		0.7	2	CTTCCCTCCC	-
ENSLCOT00000000955.1	1156	1169	13	Y	0		0.69	0	CCCTCCTTCCTCC	-
ENSLCOT00000000955.1	1157	1170	13	Y	0		0.69	0	CCTCCTTCCTCCC	-
ENSLCOT00000000955.1	1158	1171	13	Y	0		0.69	0	CTCCTTCCTCCCC	-
ENSLCOT00000000955.1	35	49	13	R	0.071	o8	0.57	0	GGAGGGAACAGGAG	-
ENSLCOT00000000955.1	34	48	13	R	0.071	o9	0.5	0	AGGAGGGAACAGGA	-
ENSLCOT00000000955.1	95	109	13	R	0.071	o5	0.57	0	AGGGACAGAGGGAG	-
ENSLCOT00000000955.1	94	108	13	R	0.071	o6	0.57	0	GAGGGACAGAGGGA	-
ENSLCOT00000000955.1	93	107	13	R	0.071	o7	0.64	0	GGAGGGACAGAGGG	-
ENSLCOT00000000955.1	92	106	13	R	0.071	o8	0.64	0	GGGAGGGACAGAGG	-
ENSLCOT00000000955.1	91	105	13	R	0.071	o9	0.57	0	AGGGAGGGACAGAG	-
ENSLCOT00000000955.1	87	100	12	R	0.077	o3	0.62	0	AGGCAGGGAGGGA	-
ENSLCOT00000000955.1	698	710	12	R	0		0.5	1	GAGGAGAAGAAG	ENSLCOT00000001108.1:1031-1043;
ENSLCOT00000000955.1	1802	1815	12	R	0.077	o6	0.62	0	AGGGGGCAGAGGA	-
ENSLCOT00000000955.1	1983	1997	13	R	0.071	o8	0.64	0	GGGGGGAACAGGAG	-
ENSLCOT00000000955.1	1982	1996	13	R	0.071	o9	0.64	0	GGGGGGGAACAGGA	-
ENSLCOT00000000955.1	1981	1994	12	R	0.077	o10	0.69	0	GGGGGGGGAACAG	-
ENSLCOT00000000955.1	157	167	10	M	0		0.7	2	TGTGTGGGGG	-
ENSLCOT00000000955.1	530	544	13	M	0.071	o3	0.64	0	TTGAGGGGGGGTTG	-
ENSLCOT00000000955.1	534	547	12	M	0.077	o11	0.69	0	GGGGGGGTTGGCT	-
ENSLCOT00000000955.1	535	548	12	M	0.077	o10	0.69	0	GGGGGGTTGGCTG	-
ENSLCOT00000000955.1	957	970	12	M	0.077	o6	0.69	0	GGGTGGAGTGGTG	-
ENSLCOT00000000955.1	1409	1423	13	M	0.071	o6	0.64	0	TGGGGGCTGTGGGT	-
ENSLCOT00000000955.1	2236	2246	10	M	0		0.5	0	TTTGGTGGGT	-
ENSLCOT00000000983.1	164	174	10	Y	0		0.6	1	CTCCTTCTCC	ENSLCOT00000000120.1:371-381;
ENSLCOT00000000983.1	78	91	13	R	0		0.62	0	GGAGGAAGAGGAG	-
ENSLCOT00000000983.1	76	90	13	R	0.071	o1	0.57	0	GTGGAGGAAGAGGA	-
ENSLCOT00000000988.1	1192	1202	10	Y	0		0.5	0	TCTCTCCTTC	-
ENSLCOT00000000988.1	1120	1133	12	R	0.077	o9	0.54	0	GGAAGGGGATAGA	-
ENSLCOT00000000989.1	520	534	13	Y	0.071	o8	0.64	0	CCTCTCCTGCCTCC	-
ENSLCOT00000000989.1	521	535	13	Y	0.071	o7	0.57	0	CTCTCCTGCCTCCT	-
ENSLCOT00000000989.1	451	461	10	R	0		0.5	0	GAGAAGGGAA	-
ENSLCOT00000000989.1	446	460	14	R	0		0.5	0	GAGAAGAGAAGGGA	-
ENSLCOT00000001086.1	722	732	10	Y	0		0.5	0	CCTTCCTTTC	-
ENSLCOT00000001086.1	591	603	12	M	0		0.5	0	GTGTTTTGTGGG	-
ENSLCOT00000001108.1	378	391	12	Y	0.077	o4	0.62	0	TCCTACCCCTTCC	-
ENSLCOT00000001108.1	383	397	13	Y	0.071	o8	0.64	0	CCCCTTCCATCTCC	-
ENSLCOT00000001108.1	938	952	13	Y	0.071	o5	0.5	0	CTTCCATTCTCCTC	-
ENSLCOT00000001108.1	940	954	13	Y	0.071	o3	0.5	0	TCCATTCTCCTCTC	-
ENSLCOT00000001108.1	941	955	13	Y	0.071	o2	0.57	0	CCATTCTCCTCTCC	-
ENSLCOT00000001108.1	942	956	13	Y	0.071	o1	0.57	0	CATTCTCCTCTCCC	-
ENSLCOT00000001108.1	944	958	14	Y	0		0.5	0	TTCTCCTCTCCCTT	-
ENSLCOT00000001108.1	945	959	14	Y	0		0.57	0	TCTCCTCTCCCTTC	-
ENSLCOT00000001108.1	947	961	13	Y	0.071	o12	0.5	0	TCCTCTCCCTTCAT	-
ENSLCOT00000001108.1	948	962	13	Y	0.071	o11	0.57	0	CCTCTCCCTTCATC	-
ENSLCOT00000001108.1	949	963	13	Y	0.071	o10	0.5	0	CTCTCCCTTCATCT	-
ENSLCOT00000001108.1	950	964	13	Y	0.071	o9	0.5	0	TCTCCCTTCATCTC	-
ENSLCOT00000001108.1	951	965	13	Y	0.071	o8	0.57	0	CTCCCTTCATCTCC	-
ENSLCOT00000001108.1	1440	1450	10	Y	0		0.7	0	CCCCTTCCCT	-
ENSLCOT00000001108.1	43	57	14	R	0		0.5	0	AGGGAGGGGAAAAA	-
ENSLCOT00000001108.1	42	56	14	R	0		0.5	0	AAGGGAGGGGAAAA	-
ENSLCOT00000001108.1	41	55	14	R	0		0.5	0	AAAGGGAGGGGAAA	-
ENSLCOT00000001108.1	40	54	14	R	0		0.57	0	GAAAGGGAGGGGAA	-
ENSLCOT00000001108.1	39	53	14	R	0		0.64	0	GGAAAGGGAGGGGA	-
ENSLCOT00000001108.1	38	51	13	R	0		0.69	0	GGGAAAGGGAGGG	-
ENSLCOT00000001108.1	1031	1045	14	R	0		0.57	0	GGGAGGAGAAGAAG	-
ENSLCOT00000001108.1	1030	1044	14	R	0		0.57	0	GGGGAGGAGAAGAA	-
ENSLCOT00000001108.1	1028	1042	13	R	0.071	o1	0.64	0	GTGGGGAGGAGAAG	-
ENSLCOT00000001108.1	1027	1041	13	R	0.071	o2	0.64	0	GGTGGGGAGGAGAA	-
ENSLCOT00000001108.1	1025	1038	12	R	0.077	o4	0.69	0	AGGGTGGGGAGGA	-
ENSLCOT00000001108.1	1315	1328	12	R	0.077	o11	0.54	0	GAGGAAGGGGATA	-
ENSLCOT00000001108.1	1313	1326	12	R	0.077	o1	0.62	0	GTGAGGAAGGGGA	-
ENSLCOT00000001108.1	1341	1355	13	R	0.071	o2	0.64	0	AGTGGGAGGAGAGG	-
ENSLCOT00000001108.1	1340	1354	13	R	0.071	o3	0.57	0	AAGTGGGAGGAGAG	-
ENSLCOT00000001108.1	1339	1353	13	R	0.071	o4	0.5	0	AAAGTGGGAGGAGA	-
ENSLCOT00000001108.1	296	310	13	M	0.071	o5	0.5	0	TGGTTCGGTTTGGG	-
ENSLCOT00000001108.1	297	311	13	M	0.071	o4	0.57	0	GGTTCGGTTTGGGG	-
ENSLCOT00000001108.1	302	316	13	M	0.071	o9	0.57	0	GGTTTGGGGCGGTT	-
ENSLCOT00000001108.1	303	317	13	M	0.071	o8	0.5	0	GTTTGGGGCGGTTT	-
ENSLCOT00000001157.1	260	274	13	Y	0.071	o2	0.64	0	TCACCCCTCTCTCC	-
ENSLCOT00000001157.1	265	275	10	Y	0		0.7	2	CCTCTCTCCC	-
ENSLCOT00000001157.1	40	54	13	R	0.071	o8	0.64	0	AGAGGGGGTGGGAA	-
ENSLCOT00000001157.1	187	197	10	R	0		0.5	2	GGAGAAGAAG	-
ENSLCOT00000001157.1	157	171	13	M	0.071	o3	0.57	0	GGTCGTGGTGGGTT	-
ENSLCOT00000001157.1	158	172	13	M	0.071	o2	0.57	0	GTCGTGGTGGGTTG	-
ENSLCOT00000001157.1	159	173	13	M	0.071	o1	0.57	0	TCGTGGTGGGTTGG	-
ENSLCOT00000001182.1	785	798	12	R	0.077	o9	0.54	0	AGGGAAGGATGGA	-
ENSLCOT00000001262.1	64	74	10	Y	0		0.7	1	TCCCCTCTCC	ENSLCOT00000000363.1:796-806;
ENSLCOT00000001262.1	132	142	10	Y	0		0.5	1	TCCCCTTCTT	ENSLCOT00000000010.1:179-189;
ENSLCOT00000001262.1	343	357	13	R	0.071	o12	0.5	0	AGGGAAGGAGGATA	-
ENSLCOT00000001262.1	341	355	14	R	0		0.57	0	AGAGGGAAGGAGGA	-
ENSLCOT00000001262.1	340	354	14	R	0		0.57	0	AAGAGGGAAGGAGG	-
ENSLCOT00000001262.1	626	636	10	M	0		0.6	0	GGGGGTTTTG	-
ENSLCOT00000001324.1	89	101	12	Y	0		0.5	0	TTTTCCCTCCCT	-
ENSLCOT00000001324.1	90	104	13	Y	0.071	o12	0.5	0	TTTCCCTCCCTTGC	-
ENSLCOT00000001324.1	202	216	13	R	0.071	o2	0.5	0	GGCAAGGAGGGAAA	-
ENSLCOT00000001324.1	177	191	14	R	0		0.5	0	GGGGAAGAAAGGAA	-
ENSLCOT00000001324.1	176	190	14	R	0		0.5	0	AGGGGAAGAAAGGA	-
ENSLCOT00000001324.1	175	189	14	R	0		0.5	0	AAGGGGAAGAAAGG	-
ENSLCOT00000001324.1	156	170	13	R	0.071	o6	0.5	0	GAAGAGCGAGAAGG	-
ENSLCOT00000001324.1	429	443	14	M	0		0.5	0	GTTGTGTTTTGGGG	-
ENSLCOT00000001324.1	430	444	14	M	0		0.5	0	TTGTGTTTTGGGGG	-
ENSLCOT00000001324.1	431	445	14	M	0		0.57	0	TGTGTTTTGGGGGG	-
ENSLCOT00000001324.1	433	447	13	M	0.071	o12	0.57	0	TGTTTTGGGGGGAG	-
ENSLCOT00000001324.1	434	448	13	M	0.071	o11	0.64	0	GTTTTGGGGGGAGG	-
ENSLCOT00000001324.1	435	449	13	M	0.071	o10	0.64	0	TTTTGGGGGGAGGG	-
ENSLCOT00000001324.1	436	450	13	M	0.071	o9	0.64	0	TTTGGGGGGAGGGT	-
ENSLCOT00000001405.1	201	215	13	R	0.071	o7	0.5	0	AAGGAAGCAAGGGG	-
ENSLCOT00000001405.1	200	214	13	R	0.071	o8	0.5	0	GAAGGAAGCAAGGG	-
ENSLCOT00000001405.1	194	208	13	R	0.071	o5	0.5	0	GGAAGTGAAGGAAG	-
ENSLCOT00000001405.1	380	394	14	R	0		0.5	0	GAGGAAGAGGAAGA	-
ENSLCOT00000001405.1	379	393	14	R	0		0.57	0	GGAGGAAGAGGAAG	-
ENSLCOT00000001405.1	378	392	14	R	0		0.5	0	AGGAGGAAGAGGAA	-
ENSLCOT00000001405.1	377	391	14	R	0		0.57	0	GAGGAGGAAGAGGA	-
ENSLCOT00000001405.1	376	390	14	R	0		0.57	0	AGAGGAGGAAGAGG	-
ENSLCOT00000001405.1	375	389	14	R	0		0.57	0	GAGAGGAGGAAGAG	-
ENSLCOT00000001405.1	374	388	14	R	0		0.57	0	GGAGAGGAGGAAGA	-
ENSLCOT00000001405.1	373	387	14	R	0		0.57	0	AGGAGAGGAGGAAG	-
ENSLCOT00000001405.1	372	386	14	R	0		0.5	0	AAGGAGAGGAGGAA	-
ENSLCOT00000001405.1	371	385	14	R	0		0.5	0	AAAGGAGAGGAGGA	-
ENSLCOT00000001405.1	370	384	14	R	0		0.5	0	AAAAGGAGAGGAGG	-
ENSLCOT00000001405.1	589	603	13	R	0.071	o5	0.5	0	GAGAACGGAGAGAG	-
ENSLCOT00000001405.1	587	601	13	R	0.071	o7	0.5	0	GAGAGAACGGAGAG	-
ENSLCOT00000001405.1	547	561	14	R	0		0.5	0	GAGGAGAAGAGGAA	-
ENSLCOT00000001405.1	546	560	14	R	0		0.5	0	AGAGGAGAAGAGGA	-
ENSLCOT00000001405.1	545	559	14	R	0		0.5	0	AAGAGGAGAAGAGG	-
ENSLCOT00000001405.1	544	558	14	R	0		0.5	0	GAAGAGGAGAAGAG	-
ENSLCOT00000001405.1	543	557	14	R	0		0.5	0	GGAAGAGGAGAAGA	-
ENSLCOT00000001405.1	542	556	14	R	0		0.5	0	AGGAAGAGGAGAAG	-
ENSLCOT00000001405.1	541	555	14	R	0		0.5	0	GAGGAAGAGGAGAA	-
ENSLCOT00000001405.1	540	554	14	R	0		0.5	0	AGAGGAAGAGGAGA	-
ENSLCOT00000001405.1	539	553	14	R	0		0.57	0	GAGAGGAAGAGGAG	-
ENSLCOT00000001405.1	537	551	13	R	0.071	o1	0.57	0	GTGAGAGGAAGAGG	-
ENSLCOT00000001405.1	536	550	13	R	0.071	o2	0.5	0	AGTGAGAGGAAGAG	-
ENSLCOT00000001405.1	899	909	10	R	0		0.5	1	AAGGGGAGAA	ENSLCOT00000000128.1:439-449;
ENSLCOT00000001405.1	894	908	13	R	0.071	o4	0.5	0	GAGACAAGGGGAGA	-
ENSLCOT00000001405.1	893	907	13	R	0.071	o5	0.5	0	AGAGACAAGGGGAG	-
ENSLCOT00000001405.1	1338	1349	11	R	0		0.55	0	GGAGGAGAGAA	-
ENSLCOT00000001405.1	620	633	12	M	0.077	o2	0.54	0	GGAGGTGGTTTTG	-
ENSLCOT00000001437.1	893	907	13	Y	0.071	o5	0.57	0	CCTCCACCCCTTTT	-
ENSLCOT00000001437.1	894	908	13	Y	0.071	o4	0.5	0	CTCCACCCCTTTTT	-
ENSLCOT00000001437.1	895	909	13	Y	0.071	o3	0.5	0	TCCACCCCTTTTTC	-
ENSLCOT00000001437.1	896	910	13	Y	0.071	o2	0.5	0	CCACCCCTTTTTCT	-
ENSLCOT00000001437.1	911	925	13	Y	0.071	o5	0.5	0	CTCCCGCTTTTTCC	-
ENSLCOT00000001437.1	1084	1098	13	Y	0.071	o8	0.5	0	CCCTTCTTGCTCCT	-
ENSLCOT00000001437.1	1085	1099	13	Y	0.071	o7	0.5	0	CCTTCTTGCTCCTC	-
ENSLCOT00000001437.1	1088	1102	13	Y	0.071	o4	0.5	0	TCTTGCTCCTCTCC	-
ENSLCOT00000001437.1	1089	1103	13	Y	0.071	o3	0.57	0	CTTGCTCCTCTCCC	-
ENSLCOT00000001437.1	1090	1104	13	Y	0.071	o2	0.5	0	TTGCTCCTCTCCCT	-
ENSLCOT00000001437.1	1091	1105	13	Y	0.071	o1	0.5	0	TGCTCCTCTCCCTT	-
ENSLCOT00000001437.1	1353	1363	10	Y	0		0.7	1	CTCTCCCTCC	ENSLCOT00000000954.1:566-576;
ENSLCOT00000001437.1	442	456	14	R	0		0.5	0	GAAGGAAGAAGGGA	-
ENSLCOT00000001437.1	441	455	14	R	0		0.5	0	AGAAGGAAGAAGGG	-
ENSLCOT00000001437.1	577	587	10	R	0		0.5	0	GAGAAAGGAG	-
ENSLCOT00000001437.1	667	677	10	R	0		0.6	0	AGAGGAGAGG	-
ENSLCOT00000001437.1	733	747	13	R	0.071	o9	0.5	0	AGGAGAAGGTGAGA	-
ENSLCOT00000001437.1	732	746	13	R	0.071	o10	0.57	0	GAGGAGAAGGTGAG	-
ENSLCOT00000001437.1	731	745	13	R	0.071	o11	0.5	0	AGAGGAGAAGGTGA	-
ENSLCOT00000001437.1	730	744	13	R	0.071	o12	0.5	0	AAGAGGAGAAGGTG	-
ENSLCOT00000001437.1	1330	1341	11	R	0		0.64	0	GGGGAAGGGAA	-
ENSLCOT00000001437.1	1450	1464	13	M	0.071	o9	0.5	0	TGGTGTGTGCTGTG	-
ENSLCOT00000001437.1	1451	1465	13	M	0.071	o8	0.57	0	GGTGTGTGCTGTGG	-
ENSLCOT00000001437.1	1452	1466	13	M	0.071	o7	0.57	0	GTGTGTGCTGTGGG	-
