# Sequence-ID	Start	End	Score	Motif	Error-rate	Errors	Guanine-rate	Duplicates	TFO	Duplicate locations
ENSLCOT00000000003.1	77	90	13	Y	0		0.69	-1	TCTCCCCCCTCTC	-
ENSLCOT00000000003.1	338	357	13	Y	0.32	o4	0.58	-1	TCTCaCCCCTCTCTCTCCT	-
ENSLCOT00000000003.1	437	456	13	Y	0.32	o4	0.58	-1	TCTCaCCCCTCTCTCTCCT	-
ENSLCOT00000000003.1	516	535	13	Y	0.32	o4	0.58	-1	TCTCaCCCCTCTCTCTCCT	-
ENSLCOT00000000003.1	654	664	10	Y	0		0.7	-1	TCTCTCCCCC	-
ENSLCOT00000000003.1	933	947	13	Y	0.071	o4	0.64	-1	CCCCaCCTCCTTCT	-
ENSLCOT00000000003.1	11	25	13	M	0.071	o5	0.64	-1	GGGTTcTGGGGGGT	-
ENSLCOT00000000003.1	29	44	14	M	0.067		0.53	-1	GGGTGTTTTTTGGGG	-
ENSLCOT00000000003.1	49	65	13	M	0.19	o6	0.56	-1	GGGTGGaTTTTGGGGT	-
ENSLCOT00000000003.1	110	126	13	M	0.19	o2o14	0.5	-1	TGaGTTTGGGGGGTcT	-
ENSLCOT00000000003.1	128	144	14	M	0.12		0.56	-1	GGGTGGTTTTTGGGGT	-
ENSLCOT00000000003.1	148	166	13	M	0.28	o2o16	0.5	-1	GGaTGGGTTTTGGGGTcT	-
ENSLCOT00000000003.1	168	184	14	M	0.12		0.62	-1	GGGTGGGTTTTGGGGT	-
ENSLCOT00000000003.1	188	203	13	M	0.13	o11	0.53	-1	GGGTGGTTTTTaGGG	-
ENSLCOT00000000003.1	208	224	14	M	0.12		0.56	-1	GGGTGGTTTTTGGGGT	-
ENSLCOT00000000003.1	228	243	14	M	0.067		0.53	-1	GGGTGTTTTTTGGGG	-
ENSLCOT00000000003.1	248	266	13	M	0.28	o2o16	0.56	-1	GGaTGGTTTGGGGGGTcT	-
ENSLCOT00000000003.1	268	284	13	M	0.19	o6	0.56	-1	GGGTGGaTTTTGGGGT	-
ENSLCOT00000000003.1	288	303	14	M	0.067		0.53	-1	GGGTGTTTTTTGGGG	-
ENSLCOT00000000003.1	308	324	13	M	0.19	o6	0.56	-1	GGGTGGaTTTTGGGGT	-
ENSLCOT00000000003.1	368	384	13	M	0.19	o6	0.56	-1	GGGTGGaTTTTGGGGT	-
ENSLCOT00000000003.1	388	404	14	M	0.12		0.56	-1	GGGTGGTTTTTGGGGT	-
ENSLCOT00000000003.1	408	424	14	M	0.12		0.56	-1	GGGTGGTTTTTGGGGT	-
ENSLCOT00000000003.1	467	483	14	M	0.12		0.56	-1	GGGTGGTTTTTGGGGT	-
ENSLCOT00000000003.1	546	562	14	M	0.12		0.56	-1	GGGTGGTTTTTGGGGT	-
ENSLCOT00000000003.1	566	582	13	M	0.19	o6	0.56	-1	GGGTGGaTTTTGGGGT	-
ENSLCOT00000000003.1	586	601	14	M	0.067		0.53	-1	GGGTGTTTTTGGGGT	-
ENSLCOT00000000003.1	605	621	14	M	0.12		0.56	-1	GGGTGGTTTTTTGGGG	-
ENSLCOT00000000003.1	625	641	13	M	0.19	o9	0.56	-1	GGGGTGTTTaTTGGGG	-
ENSLCOT00000000010.1	261	285	12	Y	0.5	o5	0.67	-1	CCCCCgCCCCTTTCTCCCTCCTTC	-
ENSLCOT00000000010.1	921	931	10	Y	0		0.6	-1	CTTCTCCCTC	-
ENSLCOT00000000010.1	689	702	12	R	0.077	o7	0.69	-1	GGAGGGAcGGGGA	-
ENSLCOT00000000010.1	647	662	13	R	0.13	o6	0.53	-1	AAAGGGcGAGAGGGA	-
ENSLCOT00000000010.1	2	15	12	M	0.077	o8	0.69	-1	GTTTGGGGaGGGG	-
ENSLCOT00000000010.1	22	32	10	M	0		0.7	-1	TGGGTGGGGT	-
ENSLCOT00000000010.1	36	52	13	M	0.19		0.69	-1	GGTTGTGGGTGGGGGT	-
ENSLCOT00000000010.1	54	95	14	M	0.66	o25o28	0.59	-1	TTTGTGGGTGGGGTTGTGGGTGTGGcTGaGTGTGGGTGTGG	-
ENSLCOT00000000010.1	98	114	13	M	0.19	o3	0.62	-1	TGGcTTGTGGGTGGGG	-
ENSLCOT00000000010.1	137	152	13	M	0.13	o12	0.67	-1	TGGTGGGTGGGGcTG	-
ENSLCOT00000000010.1	174	202	14	M	0.5	o26	0.61	-1	GTGGGTGGGGTTGTTTGTGGGTGGGGcT	-
ENSLCOT00000000010.1	341	351	10	M	0		0.7	-1	GGTTTGGGGG	-
ENSLCOT00000000010.1	632	642	10	M	0		0.7	-1	TTTGGGGGGG	-
ENSLCOT00000000046.1	242	255	12	Y	0.077	o5	0.62	-1	CCTTCaTCTCCCC	-
ENSLCOT00000000046.1	713	727	14	Y	0		0.5	-1	CTTTTTTTCCCCCC	-
ENSLCOT00000000046.1	991	1007	13	Y	0.19	o1	0.5	-1	CaTTCTCCCTTTCCTC	-
ENSLCOT00000000046.1	1010	1025	10	Y	0.33	o12	0.47	-1	TCTTCCTCTCTTgCC	-
ENSLCOT00000000102.1	344	357	12	Y	0.077	o8	0.69	-1	TCCCCCCCaTTCC	-
ENSLCOT00000000102.1	751	765	13	Y	0.071	o8	0.57	-1	CCCCCCCCaTTTTT	-
ENSLCOT00000000102.1	2	13	11	M	0		0.55	-1	GTTTTGGGGGT	-
ENSLCOT00000000102.1	20	32	12	M	0		0.5	-1	GTTTTGGGGTGT	-
ENSLCOT00000000102.1	44	54	10	M	0		0.5	-1	GTTTTTGGGG	-
ENSLCOT00000000102.1	61	74	13	M	0		0.54	-1	GGTTTTGGGGTGT	-
ENSLCOT00000000102.1	77	90	13	M	0		0.54	-1	GGTTTTGGGGTGT	-
ENSLCOT00000000102.1	120	131	10	M	0.091		0.45	-1	TTTTGGGGTGT	-
ENSLCOT00000000102.1	133	147	14	M	0		0.5	-1	TGGTTTTGGGGTGT	-
ENSLCOT00000000102.1	159	169	10	M	0		0.5	-1	GTTTTTGGGG	-
ENSLCOT00000000102.1	176	188	12	M	0		0.5	-1	GGTTTTGGGTTG	-
ENSLCOT00000000102.1	203	214	10	M	0.091		0.45	-1	TTTTGGGGTGT	-
ENSLCOT00000000102.1	217	231	14	M	0		0.5	-1	GGTTTTTGGGGTGT	-
ENSLCOT00000000102.1	233	247	14	M	0		0.5	-1	TGGTTTTGGGGTGT	-
ENSLCOT00000000102.1	275	288	13	M	0		0.54	-1	GGTTTTGGGGTGT	-
ENSLCOT00000000102.1	290	304	14	M	0		0.5	-1	TGGTTTTGGGGTGT	-
ENSLCOT00000000102.1	316	328	12	M	0		0.5	-1	TTTTTGGGGGGT	-
ENSLCOT00000000102.1	365	381	13	M	0.19	o2	0.56	-1	GGaTTTTGGGGGGTTG	-
ENSLCOT00000000102.1	399	413	14	M	0		0.5	-1	TTTTTTGGGGGGGT	-
ENSLCOT00000000102.1	420	432	12	M	0		0.5	-1	GTTTTGGGGTGT	-
ENSLCOT00000000102.1	444	454	10	M	0		0.5	-1	GTTTTTGGGG	-
ENSLCOT00000000102.1	463	474	10	M	0.091		0.45	-1	TTTTGGGGTGT	-
ENSLCOT00000000102.1	477	491	14	M	0		0.57	-1	GGTTTTGGGGGTGT	-
ENSLCOT00000000102.1	502	512	10	M	0		0.5	-1	GTTTTTGGGG	-
ENSLCOT00000000102.1	519	534	12	M	0.2	o1o13	0.53	-1	GaTTTTGGGGGGTcG	-
ENSLCOT00000000102.1	552	564	12	M	0		0.5	-1	GTTTTGGGGTGT	-
ENSLCOT00000000102.1	567	581	14	M	0		0.57	-1	GGTTTTGGGGGTGT	-
ENSLCOT00000000102.1	608	625	13	M	0.24	o3o15	0.47	-1	TTGaTTTTGGGGGGTcG	-
ENSLCOT00000000102.1	651	668	10	M	0.41		0.53	-1	GTGTTGGGTTTTTGGGG	-
ENSLCOT00000000102.1	761	771	10	M	0		0.5	-1	TTTTGGGGTG	-
ENSLCOT00000000102.1	783	794	10	M	0.091		0.45	-1	TTTTGGGGTGT	-
ENSLCOT00000000102.1	824	839	13	M	0.13	o2	0.53	-1	GTcGGGTTTTTGGGG	-
ENSLCOT00000000102.1	1026	1037	10	M	0.091		0.45	-1	TTTTTGGGGGT	-
ENSLCOT00000000102.1	1044	1055	10	M	0.091		0.45	-1	TTTTTGGGGGT	-
ENSLCOT00000000102.1	1126	1138	12	M	0		0.5	-1	GTTTTTGGGGTG	-
ENSLCOT00000000102.1	1142	1154	12	M	0		0.5	-1	GTTTTTGGGGTG	-
ENSLCOT00000000118.1	159	172	12	R	0.077	o8	0.69	-1	GAGGGGAGcAGGG	-
ENSLCOT00000000118.1	392	403	10	R	0.091		0.45	-1	AAAGAGGAGGA	-
ENSLCOT00000000118.1	517	529	12	R	0		0.5	-1	AAGGAGAGGAAG	-
ENSLCOT00000000120.1	127	138	10	R	0.091		0.45	-1	AAGAGGAGGAA	-
ENSLCOT00000000120.1	394	411	13	R	0.24	o11	0.47	-1	AAGGAGGAGAAcGAGAG	-
ENSLCOT00000000120.1	371	385	13	R	0.071	o1	0.5	-1	AcGAGGAGAAGGAG	-
ENSLCOT00000000120.1	48	59	10	M	0.091		0.73	-1	GTGGGTGGGTG	-
ENSLCOT00000000120.1	731	758	13	M	0.52	o1	0.67	-1	TcTGGGGGGGTGTGTGGGGGGGTTGTG	-
ENSLCOT00000000120.1	802	812	10	M	0		0.6	-1	TGGGGTTTGG	-
ENSLCOT00000000128.1	107	117	10	R	0		0.5	-1	GAAGGAAGAG	-
ENSLCOT00000000128.1	439	449	10	R	0		0.5	-1	AAGGGGAGAA	-
ENSLCOT00000000128.1	494	504	10	R	0		0.5	-1	GAGGAGGAAA	-
ENSLCOT00000000128.1	760	774	13	R	0.071	o8	0.5	-1	GGAAAAGGcAGAGG	-
ENSLCOT00000000128.1	988	999	10	R	0.091		0.45	-1	AGGAGGAAGAA	-
ENSLCOT00000000142.1	162	176	13	Y	0.071	o7	0.5	-1	TTCTTCCgCCTTCC	-
ENSLCOT00000000142.1	461	473	12	Y	0		0.58	-1	TTTCTTCCCCCC	-
ENSLCOT00000000142.1	530	540	10	Y	0		0.7	-1	TCCCTCCCCT	-
ENSLCOT00000000142.1	894	907	12	Y	0.077	o9	0.54	-1	CCTCTCCTTgCTC	-
ENSLCOT00000000142.1	966	981	10	Y	0.33		0.73	-1	TCCCCTCCCTCCCCT	-
ENSLCOT00000000142.1	555	568	12	R	0.077	o8	0.69	-1	AGAGGGGGtGGAG	-
ENSLCOT00000000142.1	371	388	13	M	0.24	o3o14	0.53	-1	TGGaTTTTGGGGGGcGT	-
ENSLCOT00000000142.1	404	423	13	M	0.32	o4	0.63	-1	TTGGaGGGGGGTTTGGGGT	-
ENSLCOT00000000142.1	613	628	13	M	0.13	o9	0.67	-1	GTTTTGGGGcGGGGG	-
ENSLCOT00000000142.1	1026	1042	13	M	0.19	o4	0.5	-1	GTTGaGGTTGGTTGGT	-
ENSLCOT00000000142.1	1083	1101	13	M	0.28	o3o14	0.5	-1	TTGaGGGGGGTGGTcTTT	-
ENSLCOT00000000182.1	145	162	13	R	0.24	o5	0.65	-1	AGGGGcAGGAGGAGGAG	-
ENSLCOT00000000182.1	92	105	12	M	0.077	o8	0.69	-1	TGTGGGGGaGGTG	-
ENSLCOT00000000188.1	801	817	13	Y	0.19	o5	0.56	-1	TTCCCgCTCCTTTCCC	-
ENSLCOT00000000188.1	421	441	13	R	0.35	o4o15	0.55	-1	GGAGcAGGAGGAGAGcGAAG	-
ENSLCOT00000000188.1	561	572	11	R	0		0.64	-1	GGAAAGGGGGA	-
ENSLCOT00000000188.1	489	501	12	M	0		0.58	-1	GTTTTTGGGGGG	-
ENSLCOT00000000188.1	566	582	12	M	0.25	o5	0.69	-1	GGGGGaTTTGGGGGGT	-
ENSLCOT00000000235.1	40	73	13	Y	0.61	o5o20	0.52	-1	TTCCCaTCTTTCCCCCTCCCaTTCCTCCTTTCT	-
ENSLCOT00000000235.1	143	154	10	Y	0.091		0.45	-1	TCCCTTTTCCT	-
ENSLCOT00000000235.1	380	392	12	Y	0		0.67	-1	CCTTCCCTTCCC	-
ENSLCOT00000000235.1	318	329	10	M	0.091		0.73	-1	GTGGGTGGGTG	-
ENSLCOT00000000240.1	1038	1053	12	Y	0.2	o9	0.67	-1	CCTCCTCTCaCCCCT	-
ENSLCOT00000000240.1	340	354	14	R	0		0.5	-1	GAGGAGAGGAAAGA	-
ENSLCOT00000000240.1	305	323	13	R	0.28	o2o13	0.61	-1	AGtGGGAGGGAAGtGGAG	-
ENSLCOT00000000240.1	675	685	10	M	0		0.5	-1	GGTGGTGTTT	-
ENSLCOT00000000242.1	47	58	11	Y	0		0.55	-1	CCCTCTTTCCT	-
ENSLCOT00000000242.1	588	609	13	R	0.38	o18	0.52	-1	GAGAGGAGAGAAGAGAGGcAG	-
ENSLCOT00000000242.1	500	527	14	R	0.48		0.48	-1	GAAAAAGGGGGAAAAAAAGAGAGGGGG	-
ENSLCOT00000000242.1	452	462	10	R	0		0.5	-1	GAGAGAGAAG	-
ENSLCOT00000000271.1	378	391	12	Y	0.077	o7	0.69	-1	CCTCCTCaCCCCT	-
ENSLCOT00000000271.1	414	427	12	Y	0.077	o2	0.69	-1	CTgTCCCCCCCTC	-
ENSLCOT00000000271.1	569	579	10	Y	0		0.5	-1	CTTCTTCCCT	-
ENSLCOT00000000271.1	699	709	10	Y	0		0.5	-1	TTTCCCTCTC	-
ENSLCOT00000000271.1	1048	1063	14	Y	0.067		0.67	-1	CTCCCTTCCTCCTCC	-
ENSLCOT00000000271.1	1077	1087	10	Y	0		0.5	-1	CTCTCCCTTT	-
ENSLCOT00000000271.1	178	190	12	R	0		0.5	-1	AGGAAGGAGGAA	-
ENSLCOT00000000271.1	267	277	10	R	0		0.7	-1	GAGGGGGGAA	-
ENSLCOT00000000271.1	341	355	14	R	0		0.5	-1	GGGGAGAAGAAAGA	-
ENSLCOT00000000271.1	776	799	13	R	0.43	o1o16	0.57	-1	GcAGGAGGAAGAGAAGcAGGGGG	-
ENSLCOT00000000271.1	852	867	13	R	0.13	o5	0.6	-1	GAGGGcAGGGAAGGA	-
ENSLCOT00000000271.1	1205	1226	13	R	0.38	o3o15	0.52	-1	AGAcAGAGGGAGGGGcAGGAA	-
ENSLCOT00000000271.1	79	92	12	M	0.077	o3	0.54	-1	TGGcTGTGGTTGG	-
ENSLCOT00000000271.1	259	274	13	M	0.13	o9	0.67	-1	TGTGGTGTGaGGGGG	-
ENSLCOT00000000271.1	401	418	12	M	0.29	o3o13	0.53	-1	TGGaGGTGTGGTGcTGT	-
ENSLCOT00000000271.1	1160	1171	11	M	0		0.55	-1	TGGGTTTGGGT	-
ENSLCOT00000000271.1	1247	1263	13	M	0.19	o9	0.62	-1	TTGTGTGGGaGGGTGG	-
ENSLCOT00000000337.1	426	436	10	Y	0		0.5	-1	TCTTCCCTCT	-
ENSLCOT00000000337.1	1012	1026	13	Y	0.071	o2	0.5	-1	CTgCTCTCTCTCCT	-
ENSLCOT00000000337.1	959	975	13	R	0.19	o4	0.5	-1	AGGAtGGGAAGAGAGA	-
ENSLCOT00000000337.1	880	893	12	M	0.077	o4	0.54	-1	GGTGaGGGTTTGT	-
ENSLCOT00000000350.1	421	455	12	Y	0.65	o6o13	0.5	-1	CCTCCTgCCTTTCaCCTTTTTCCTCCTCCTCCTT	-
ENSLCOT00000000350.1	506	519	12	Y	0.077	o6	0.62	-1	TTCCCTgTCCCCC	-
ENSLCOT00000000350.1	253	270	13	R	0.24	o12	0.53	-1	GGAGGAGGAGAAcAAGG	-
ENSLCOT00000000350.1	528	538	10	R	0		0.7	-1	GGAGGAGGGA	-
ENSLCOT00000000350.1	801	815	13	R	0.071	o8	0.57	-1	GGAGGGGAcAGAGA	-
ENSLCOT00000000350.1	772	793	13	R	0.38	o4o16	0.62	-1	AGGGcGAGGGAGGGGAcAGGA	-
ENSLCOT00000000350.1	158	176	12	M	0.33	o1o13	0.67	-1	GcGGTGGTGGTGGcGGTG	-
ENSLCOT00000000350.1	554	574	13	M	0.35	o9	0.7	-1	TGGTGGGGTcTGGGGGTGGG	-
ENSLCOT00000000363.1	791	806	12	Y	0.2	o4	0.73	-1	CCCCaTCCCCTCTCC	-
ENSLCOT00000000363.1	1094	1104	10	Y	0		0.6	-1	CCCCTCTTCT	-
ENSLCOT00000000363.1	62	75	12	R	0.077	o10	0.69	-1	AGGGGGGGAGcGA	-
ENSLCOT00000000363.1	1297	1307	10	M	0		0.7	-1	GGTGGTGGGT	-
ENSLCOT00000000572.1	134	153	13	Y	0.32	o9	0.58	-1	TCCCTCCTTgCCCCTTCTC	-
ENSLCOT00000000572.1	218	238	13	R	0.35	o4o15	0.65	-1	GGAGcGGGGAAGGGGcGAGA	-
ENSLCOT00000000572.1	468	482	13	R	0.071	o2	0.64	-1	GAtGGGGAGGGAGA	-
ENSLCOT00000000572.1	566	584	12	R	0.33	o4o16	0.56	-1	AGGAcGAGGAGGGGGAcA	-
ENSLCOT00000000572.1	708	724	13	R	0.19	o4	0.56	-1	GGGGtAAAAAAGGGGG	-
ENSLCOT00000000572.1	684	700	13	R	0.19	o8	0.69	-1	GGGAAAGGtGAGGGGG	-
ENSLCOT00000000572.1	243	256	12	M	0.077	o8	0.54	-1	GGGTTTGGcTGTG	-
ENSLCOT00000000576.1	281	291	10	Y	0		0.5	-1	CTTCCTTCTC	-
ENSLCOT00000000576.1	145	156	11	R	0		0.55	-1	GGAAGGAAAGG	-
ENSLCOT00000000576.1	310	320	10	R	0		0.5	-1	AGGGAAGAAG	-
ENSLCOT00000000576.1	387	402	13	R	0.13	o2	0.53	-1	AGtGAAAGGGGGAAG	-
ENSLCOT00000000576.1	516	526	10	M	0		0.6	-1	GGTTTTGGGG	-
ENSLCOT00000000577.1	1096	1106	10	Y	0		0.5	-1	CTTTTCCCCT	-
ENSLCOT00000000577.1	83	95	12	R	0		0.5	-1	GGAAGAAAGGAG	-
ENSLCOT00000000577.1	420	430	10	R	0		0.5	-1	GGGAGAAGAA	-
ENSLCOT00000000577.1	699	709	10	R	0		0.5	-1	AAAGGGGAAG	-
ENSLCOT00000000577.1	1599	1609	10	R	0		0.5	-1	GAAAGAGAGG	-
ENSLCOT00000000577.1	1132	1146	13	M	0.071	o10	0.5	-1	GTTTGGTGTGaTGG	-
ENSLCOT00000000578.1	1027	1037	10	Y	0		0.5	-1	CTTTTCCCCT	-
ENSLCOT00000000578.1	83	95	12	R	0		0.5	-1	GGAAGAAAGGAG	-
ENSLCOT00000000578.1	351	361	10	R	0		0.5	-1	GGGAGAAGAA	-
ENSLCOT00000000578.1	630	640	10	R	0		0.5	-1	AAAGGGGAAG	-
ENSLCOT00000000578.1	1530	1540	10	R	0		0.5	-1	GAAAGAGAGG	-
ENSLCOT00000000578.1	1063	1077	13	M	0.071	o10	0.5	-1	GTTTGGTGTGaTGG	-
ENSLCOT00000000580.1	833	843	10	Y	0		0.5	-1	CTTTTCCCCT	-
ENSLCOT00000000580.1	157	167	10	R	0		0.5	-1	GGGAGAAGAA	-
ENSLCOT00000000580.1	436	446	10	R	0		0.5	-1	AAAGGGGAAG	-
ENSLCOT00000000580.1	1336	1346	10	R	0		0.5	-1	GAAAGAGAGG	-
ENSLCOT00000000580.1	869	883	13	M	0.071	o10	0.5	-1	GTTTGGTGTGaTGG	-
ENSLCOT00000000582.1	39	49	10	Y	0		0.6	-1	TCTCCCTCTC	-
ENSLCOT00000000582.1	1066	1076	10	Y	0		0.5	-1	CTTTTCCCCT	-
ENSLCOT00000000582.1	26	37	11	R	0		0.55	-1	AGAGGGAGAGA	-
ENSLCOT00000000582.1	390	400	10	R	0		0.5	-1	GGGAGAAGAA	-
ENSLCOT00000000582.1	669	679	10	R	0		0.5	-1	AAAGGGGAAG	-
ENSLCOT00000000582.1	1569	1579	10	R	0		0.5	-1	GAAAGAGAGG	-
ENSLCOT00000000582.1	60	78	13	M	0.28	o2o14	0.67	-1	GGcTGGGTTTGGGGaGGG	-
ENSLCOT00000000582.1	1102	1116	13	M	0.071	o10	0.5	-1	GTTTGGTGTGaTGG	-
ENSLCOT00000000621.1	1174	1184	10	Y	0		0.5	-1	TTCCCTTCCT	-
ENSLCOT00000000621.1	64	81	13	R	0.24	o10	0.53	-1	AGAGAGAGGGcAGAGGA	-
ENSLCOT00000000621.1	956	970	13	R	0.071		0.71	-1	GAGGGAGGGGGAAG	-
ENSLCOT00000000621.1	1093	1107	12	R	0.14	o3	0.71	-1	GAGcGGGGGAAGGG	-
ENSLCOT00000000621.1	220	233	12	M	0.077	o4	0.69	-1	TGGGaGGGTGTGG	-
ENSLCOT00000000730.1	651	670	13	Y	0.32	o4o14	0.47	-1	CTCTgCTTCCTTCCaCCTT	-
ENSLCOT00000000730.1	991	1003	12	Y	0		0.5	-1	CCTTTCTTCTCC	-
ENSLCOT00000000954.1	483	502	12	Y	0.37	o5o15	0.68	-1	TCCCCaTCTCCCCCCaCCT	-
ENSLCOT00000000954.1	559	576	12	Y	0.29	o2	0.71	-1	CCaCCCTCTCTCCCTCC	-
ENSLCOT00000000954.1	802	815	12	Y	0.077	o2	0.62	-1	TCaTCTTCCCCCC	-
ENSLCOT00000000954.1	843	858	13	Y	0.13	o12	0.53	-1	TTCTCTTTCCCCaCC	-
ENSLCOT00000000954.1	957	976	13	Y	0.32	o4o14	0.47	-1	TCTCgCCTCTTCCTgTCTC	-
ENSLCOT00000000954.1	1232	1248	13	Y	0.19	o6	0.62	-1	CTCCCCaTCCTTCCCT	-
ENSLCOT00000000954.1	1281	1296	12	Y	0.2	o5	0.73	-1	CCCCTgCCCCTTCCC	-
ENSLCOT00000000954.1	1885	1895	10	Y	0		0.6	-1	CTCCTTCCCT	-
ENSLCOT00000000954.1	1934	1947	12	Y	0.077	o3	0.54	-1	TCTgTCCCCCTTC	-
ENSLCOT00000000954.1	1090	1106	13	R	0.19	o2	0.62	-1	GGcGAGGGAAGAGGAG	-
ENSLCOT00000000954.1	1386	1398	12	R	0		0.58	-1	GGAAGGAGAGGA	-
ENSLCOT00000000954.1	1468	1485	13	R	0.24	o3	0.53	-1	GGAtGAGAGGAAGGAGA	-
ENSLCOT00000000954.1	1670	1681	10	R	0.091		0.45	-1	AGGAGAGGAAA	-
ENSLCOT00000000954.1	357	371	13	M	0.071	o11	0.57	-1	TGGTGGTGGTGaTG	-
ENSLCOT00000000955.1	6	19	12	Y	0.077	o3	0.54	-1	CCTgCCTCCTTCT	-
ENSLCOT00000000955.1	119	137	13	Y	0.28	o2	0.44	-1	TTgCTCTCTCCTCCCTTT	-
ENSLCOT00000000955.1	196	210	13	Y	0.071	o6	0.57	-1	CTCTCCaCCTTCCT	-
ENSLCOT00000000955.1	419	430	10	Y	0.091		0.73	-1	CCTTCCCTCCC	-
ENSLCOT00000000955.1	1156	1171	13	Y	0.13		0.73	-1	CCCTCCTTCCTCCCC	-
ENSLCOT00000000955.1	34	49	13	R	0.13	o9	0.53	-1	AGGAGGGAAcAGGAG	-
ENSLCOT00000000955.1	87	109	13	R	0.41	o3o13	0.59	-1	AGGcAGGGAGGGAcAGAGGGAG	-
ENSLCOT00000000955.1	697	710	12	R	0.077		0.46	-1	AGAGGAGAAGAAG	-
ENSLCOT00000000955.1	1802	1815	12	R	0.077	o6	0.62	-1	AGGGGGcAGAGGA	-
ENSLCOT00000000955.1	1981	1997	13	R	0.19	o10	0.69	-1	GGGGGGGGAAcAGGAG	-
ENSLCOT00000000955.1	157	167	10	M	0		0.7	-1	TGTGTGGGGG	-
ENSLCOT00000000955.1	530	548	13	M	0.28	o3o15	0.61	-1	TTGaGGGGGGGTTGGcTG	-
ENSLCOT00000000955.1	957	970	12	M	0.077	o6	0.69	-1	GGGTGGaGTGGTG	-
ENSLCOT00000000955.1	1409	1423	13	M	0.071	o6	0.64	-1	TGGGGGcTGTGGGT	-
ENSLCOT00000000955.1	2236	2246	10	M	0		0.5	-1	TTTGGTGGGT	-
ENSLCOT00000000983.1	164	174	10	Y	0		0.6	-1	CTCCTTCTCC	-
ENSLCOT00000000983.1	76	91	13	R	0.13	o1	0.6	-1	GtGGAGGAAGAGGAG	-
ENSLCOT00000000988.1	1192	1202	10	Y	0		0.5	-1	TCTCTCCTTC	-
ENSLCOT00000000988.1	1120	1133	12	R	0.077	o9	0.54	-1	GGAAGGGGAtAGA	-
ENSLCOT00000000989.1	520	535	13	Y	0.13	o8	0.6	-1	CCTCTCCTgCCTCCT	-
ENSLCOT00000000989.1	446	461	10	R	0.33		0.47	-1	GAGAAGAGAAGGGAA	-
ENSLCOT00000001086.1	444	454	10	Y	0		0.5	-1	TCTTCCTCTC	-
ENSLCOT00000001086.1	722	732	10	Y	0		0.5	-1	CCTTCCTTTC	-
ENSLCOT00000001086.1	591	603	12	M	0		0.5	-1	GTGTTTTGTGGG	-
ENSLCOT00000001108.1	378	397	12	Y	0.37	o4o13	0.58	-1	TCCTaCCCCTTCCaTCTCC	-
ENSLCOT00000001108.1	938	965	13	Y	0.52	o5o21	0.52	-1	CTTCCaTTCTCCTCTCCCTTCaTCTCC	-
ENSLCOT00000001108.1	1440	1450	10	Y	0		0.7	-1	CCCCTTCCCT	-
ENSLCOT00000001108.1	38	57	14	R	0.26		0.53	-1	GGGAAAGGGAGGGGAAAAA	-
ENSLCOT00000001108.1	1025	1045	14	R	0.3	o4	0.6	-1	AGGGtGGGGAGGAGAAGAAG	-
ENSLCOT00000001108.1	1313	1328	12	R	0.2	o1o13	0.53	-1	GtGAGGAAGGGGAtA	-
ENSLCOT00000001108.1	1339	1355	13	R	0.19	o4	0.56	-1	AAAGtGGGAGGAGAGG	-
ENSLCOT00000001108.1	296	317	13	M	0.38	o5o15	0.48	-1	TGGTTcGGTTTGGGGcGGTTT	-
ENSLCOT00000001157.1	259	275	13	Y	0.19	o3	0.69	-1	CTCaCCCCTCTCTCCC	-
ENSLCOT00000001157.1	40	54	13	R	0.071	o8	0.64	-1	AGAGGGGGtGGGAA	-
ENSLCOT00000001157.1	187	197	10	R	0		0.5	-1	GGAGAAGAAG	-
ENSLCOT00000001157.1	157	173	13	M	0.19	o3	0.62	-1	GGTcGTGGTGGGTTGG	-
ENSLCOT00000001182.1	785	798	12	R	0.077	o9	0.54	-1	AGGGAAGGAtGGA	-
ENSLCOT00000001262.1	64	74	10	Y	0		0.7	-1	TCCCCTCTCC	-
ENSLCOT00000001262.1	132	142	10	Y	0		0.5	-1	TCCCCTTCTT	-
ENSLCOT00000001262.1	340	357	13	R	0.24	o15	0.47	-1	AAGAGGGAAGGAGGAtA	-
ENSLCOT00000001262.1	626	636	10	M	0		0.6	-1	GGGGGTTTTG	-
ENSLCOT00000001324.1	89	104	12	Y	0.2	o13	0.47	-1	TTTTCCCTCCCTTgC	-
ENSLCOT00000001324.1	202	216	13	R	0.071	o2	0.5	-1	GGcAAGGAGGGAAA	-
ENSLCOT00000001324.1	175	191	14	R	0.12		0.44	-1	AAGGGGAAGAAAGGAA	-
ENSLCOT00000001324.1	156	170	13	R	0.071	o6	0.5	-1	GAAGAGcGAGAAGG	-
ENSLCOT00000001324.1	429	450	14	M	0.33	o16	0.57	-1	GTTGTGTTTTGGGGGGaGGGT	-
ENSLCOT00000001405.1	194	215	13	R	0.38	o5o14	0.52	-1	GGAAGtGAAGGAAGcAAGGGG	-
ENSLCOT00000001405.1	370	394	14	R	0.42		0.46	-1	AAAAGGAGAGGAGGAAGAGGAAGA	-
ENSLCOT00000001405.1	587	603	13	R	0.19	o7	0.5	-1	GAGAGAAcGGAGAGAG	-
ENSLCOT00000001405.1	536	561	14	R	0.44	o2	0.48	-1	AGtGAGAGGAAGAGGAGAAGAGGAA	-
ENSLCOT00000001405.1	893	909	10	R	0.38	o5	0.44	-1	AGAGAcAAGGGGAGAA	-
ENSLCOT00000001405.1	1338	1349	11	R	0		0.55	-1	GGAGGAGAGAA	-
ENSLCOT00000001405.1	620	633	12	M	0.077	o2	0.54	-1	GGaGGTGGTTTTG	-
ENSLCOT00000001437.1	893	910	13	Y	0.24	o5	0.53	-1	CCTCCaCCCCTTTTTCT	-
ENSLCOT00000001437.1	911	925	13	Y	0.071	o5	0.5	-1	CTCCCgCTTTTTCC	-
ENSLCOT00000001437.1	1084	1105	13	Y	0.38	o8	0.52	-1	CCCTTCTTgCTCCTCTCCCTT	-
ENSLCOT00000001437.1	1353	1363	10	Y	0		0.7	-1	CTCTCCCTCC	-
ENSLCOT00000001437.1	441	456	14	R	0.067		0.47	-1	AGAAGGAAGAAGGGA	-
ENSLCOT00000001437.1	577	587	10	R	0		0.5	-1	GAGAAAGGAG	-
ENSLCOT00000001437.1	667	677	10	R	0		0.6	-1	AGAGGAGAGG	-
ENSLCOT00000001437.1	730	747	13	R	0.24	o12	0.47	-1	AAGAGGAGAAGGtGAGA	-
ENSLCOT00000001437.1	1330	1341	11	R	0		0.64	-1	GGGGAAGGGAA	-
ENSLCOT00000001437.1	323	333	10	M	0		0.6	-1	TGGGGGTTTG	-
ENSLCOT00000001437.1	1450	1466	13	M	0.19	o9	0.56	-1	TGGTGTGTGcTGTGGG	-
