# Sequence-ID	Start	End	Score	Motif	Error-rate	Errors	Guanine-rate	Duplicates	TFO	Duplicate locations
ENSLCOT00000000003.1	77	96	19	Y	0		0.79	-1	TCTCCCCCCTCTCCCCCCC	-
ENSLCOT00000000003.1	717	733	16	Y	0		0.88	-1	CCCCTCCCCCCCTCCC	-
ENSLCOT00000000003.1	29	45	16	M	0		0.5	-1	GGGTGTTTTTTGGGGT	-
ENSLCOT00000000003.1	128	144	16	M	0		0.56	-1	GGGTGGTTTTTGGGGT	-
ENSLCOT00000000003.1	168	184	16	M	0		0.62	-1	GGGTGGGTTTTGGGGT	-
ENSLCOT00000000003.1	208	224	16	M	0		0.56	-1	GGGTGGTTTTTGGGGT	-
ENSLCOT00000000003.1	228	244	16	M	0		0.5	-1	GGGTGTTTTTTGGGGT	-
ENSLCOT00000000003.1	288	304	16	M	0		0.5	-1	GGGTGTTTTTTGGGGT	-
ENSLCOT00000000003.1	388	404	16	M	0		0.56	-1	GGGTGGTTTTTGGGGT	-
ENSLCOT00000000003.1	408	424	16	M	0		0.56	-1	GGGTGGTTTTTGGGGT	-
ENSLCOT00000000003.1	467	483	16	M	0		0.56	-1	GGGTGGTTTTTGGGGT	-
ENSLCOT00000000003.1	546	562	16	M	0		0.56	-1	GGGTGGTTTTTGGGGT	-
ENSLCOT00000000003.1	605	622	17	M	0		0.53	-1	GGGTGGTTTTTTGGGGT	-
ENSLCOT00000000010.1	267	285	18	Y	0		0.61	-1	CCCCTTTCTCCCTCCTTC	-
ENSLCOT00000000010.1	36	52	16	M	0		0.69	-1	GGTTGTGGGTGGGGGT	-
ENSLCOT00000000010.1	54	79	25	M	0		0.6	-1	TTTGTGGGTGGGGTTGTGGGTGTGG	-
ENSLCOT00000000010.1	174	200	26	M	0		0.65	-1	GTGGGTGGGGTTGTTTGTGGGTGGGG	-
ENSLCOT00000000102.1	651	668	17	M	0		0.53	-1	GTGTTGGGTTTTTGGGG	-
ENSLCOT00000000120.1	733	758	25	M	0		0.72	-1	TGGGGGGGTGTGTGGGGGGGTTGTG	-
ENSLCOT00000000142.1	965	981	16	Y	0		0.75	-1	CTCCCCTCCCTCCCCT	-
ENSLCOT00000000188.1	466	482	16	R	0		0.88	-1	GGGGGGGGGGGGAAGG	-
ENSLCOT00000000235.1	61	81	20	Y	0		0.4	-1	TTCCTCCTTTCTTTTTTCCC	-
ENSLCOT00000000240.1	340	358	18	R	0		0.39	-1	GAGGAGAGGAAAGAAAAA	-
ENSLCOT00000000242.1	500	527	27	R	0		0.48	-1	GAAAAAGGGGGAAAAAAAGAGAGGGGG	-
ENSLCOT00000000242.1	562	580	18	R	0		0.28	-1	AAGAGAGAAAAAAGAAAG	-
ENSLCOT00000000242.1	588	606	18	R	0		0.56	-1	GAGAGGAGAGAAGAGAGG	-
ENSLCOT00000000350.1	435	455	20	Y	0		0.5	-1	CCTTTTTCCTCCTCCTCCTT	-
ENSLCOT00000000582.1	207	226	19	R	0		0.16	-1	AAGAAAGAAAAAAAGAAAA	-
ENSLCOT00000000989.1	446	462	16	R	0		0.44	-1	GAGAAGAGAAGGGAAA	-
ENSLCOT00000000989.1	641	668	27	M	0		0.22	-1	TGGTTTTGGTTGTTTGTTTTTTTTTTT	-
ENSLCOT00000001086.1	721	740	19	Y	0		0.37	-1	TCCTTCCTTTCTTTTCCTT	-
ENSLCOT00000001108.1	38	57	19	R	0		0.53	-1	GGGAAAGGGAGGGGAAAAA	-
ENSLCOT00000001108.1	282	301	19	M	0		0.37	-1	GGTTTGTGTTTGTTTGGTT	-
ENSLCOT00000001324.1	175	194	19	R	0		0.42	-1	AAGGGGAAGAAAGGAAAAG	-
ENSLCOT00000001324.1	426	445	19	M	0		0.53	-1	GTTGTTGTGTTTTGGGGGG	-
ENSLCOT00000001324.1	453	470	17	M	0		0.94	-1	GGGGTGGGGGGGGGGGG	-
ENSLCOT00000001405.1	366	397	30	R	0.032		0.42	-1	GGAAAAAAGGAGAGGAGGAAGAGGAAGAAAA	-
ENSLCOT00000001405.1	539	561	22	R	0		0.5	-1	GAGAGGAAGAGGAGAAGAGGAA	-
