# Sequence-ID	Start	End	Score	Motif	Error-rate	Errors	Guanine-rate	Duplicates	TFO	Duplicate locations
ENSLCOT00000000003.1	77	96	19	Y	0		0.79	0	TCTCCCCCCTCTCCCCCCC	-
ENSLCOT00000000003.1	343	357	14	Y	0		0.64	2	CCCCTCTCTCTCCT	-
ENSLCOT00000000003.1	442	456	14	Y	0		0.64	2	CCCCTCTCTCTCCT	-
ENSLCOT00000000003.1	521	535	14	Y	0		0.64	2	CCCCTCTCTCTCCT	-
ENSLCOT00000000003.1	654	664	10	Y	0		0.7	2	TCTCTCCCCC	-
ENSLCOT00000000003.1	712	733	20	Y	0.048	o4	0.81	0	CCCTgCCCCTCCCCCCCTCCC	-
ENSLCOT00000000003.1	29	45	16	M	0		0.5	2	GGGTGTTTTTTGGGGT	-
ENSLCOT00000000003.1	113	124	11	M	0		0.64	1	GTTTGGGGGGT	-
ENSLCOT00000000003.1	151	164	13	M	0		0.54	1	TGGGTTTTGGGGT	-
ENSLCOT00000000003.1	168	184	16	M	0		0.62	0	GGGTGGGTTTTGGGGT	-
ENSLCOT00000000003.1	228	244	16	M	0		0.5	2	GGGTGTTTTTTGGGGT	-
ENSLCOT00000000003.1	251	264	13	M	0		0.62	0	TGGTTTGGGGGGT	-
ENSLCOT00000000003.1	288	304	16	M	0		0.5	2	GGGTGTTTTTTGGGGT	-
ENSLCOT00000000003.1	586	601	15	M	0		0.53	0	GGGTGTTTTTGGGGT	-
ENSLCOT00000000003.1	605	622	17	M	0		0.53	0	GGGTGGTTTTTTGGGGT	-
ENSLCOT00000000003.1	697	707	10	M	0		0.9	1	GGGGGGGGGT	-
ENSLCOT00000000010.1	260	285	24	Y	0.04	o6	0.68	0	CCCCCCgCCCCTTTCTCCCTCCTTC	-
ENSLCOT00000000010.1	921	931	10	Y	0		0.6	2	CTTCTCCCTC	-
ENSLCOT00000000010.1	685	696	11	R	0		0.82	0	GGGGGGAGGGA	-
ENSLCOT00000000010.1	20	32	12	M	0		0.75	1	GGTGGGTGGGGT	-
ENSLCOT00000000010.1	36	52	16	M	0		0.69	0	GGTTGTGGGTGGGGGT	-
ENSLCOT00000000010.1	54	95	39	M	0.049	o25o28	0.59	0	TTTGTGGGTGGGGTTGTGGGTGTGGcTGaGTGTGGGTGTGG	-
ENSLCOT00000000010.1	137	149	12	M	0		0.75	0	TGGTGGGTGGGG	-
ENSLCOT00000000010.1	174	202	27	M	0.036	o26	0.61	0	GTGGGTGGGGTTGTTTGTGGGTGGGGcT	-
ENSLCOT00000000010.1	341	351	10	M	0		0.7	1	GGTTTGGGGG	-
ENSLCOT00000000010.1	632	643	11	M	0		0.73	0	TTTGGGGGGGG	-
ENSLCOT00000000046.1	712	727	15	Y	0		0.47	0	TCTTTTTTTCCCCCC	-
ENSLCOT00000000046.1	993	1007	14	Y	0		0.5	0	TTCTCCCTTTCCTC	-
ENSLCOT00000000046.1	1009	1022	13	Y	0		0.38	0	TTCTTCCTCTCTT	-
ENSLCOT00000000046.1	692	702	10	R	0		0.4	1	AAGAAAAGGG	-
ENSLCOT00000000046.1	871	884	13	R	0		0.23	0	AAAAGGAAAGAAA	-
ENSLCOT00000000046.1	699	710	11	M	0		0.45	0	GGGTTTTGTTG	-
ENSLCOT00000000046.1	777	789	12	M	0		0.25	0	TTTTTTTGTTGG	-
ENSLCOT00000000055.1	152	162	10	R	0		0.4	0	GGAGAGAAAA	-
ENSLCOT00000000102.1	985	997	12	Y	0		0.42	0	CCCCTTTTTTTC	-
ENSLCOT00000000102.1	2	13	11	M	0		0.55	2	GTTTTGGGGGT	-
ENSLCOT00000000102.1	133	147	14	M	0		0.5	2	TGGTTTTGGGGTGT	-
ENSLCOT00000000102.1	176	189	13	M	0		0.46	0	GGTTTTGGGTTGT	-
ENSLCOT00000000102.1	201	214	13	M	0		0.38	0	TTTTTTGGGGTGT	-
ENSLCOT00000000102.1	217	231	14	M	0		0.5	0	GGTTTTTGGGGTGT	-
ENSLCOT00000000102.1	233	247	14	M	0		0.5	2	TGGTTTTGGGGTGT	-
ENSLCOT00000000102.1	290	304	14	M	0		0.5	2	TGGTTTTGGGGTGT	-
ENSLCOT00000000102.1	316	328	12	M	0		0.5	0	TTTTTGGGGGGT	-
ENSLCOT00000000102.1	368	381	13	M	0		0.54	0	TTTTGGGGGGTTG	-
ENSLCOT00000000102.1	399	413	14	M	0		0.5	0	TTTTTTGGGGGGGT	-
ENSLCOT00000000102.1	477	491	14	M	0		0.57	1	GGTTTTGGGGGTGT	-
ENSLCOT00000000102.1	567	581	14	M	0		0.57	1	GGTTTTGGGGGTGT	-
ENSLCOT00000000102.1	592	605	13	M	0		0.38	0	GTTTTTTGGGGTT	-
ENSLCOT00000000102.1	651	668	17	M	0		0.53	0	GTGTTGGGTTTTTGGGG	-
ENSLCOT00000000102.1	827	839	12	M	0		0.58	1	GGGTTTTTGGGG	-
ENSLCOT00000000102.1	1026	1037	11	M	0		0.45	2	TTTTTGGGGGT	-
ENSLCOT00000000102.1	1043	1055	12	M	0		0.42	1	TTTTTTGGGGGT	-
ENSLCOT00000000102.1	1094	1104	10	M	0		0.3	0	TTTTTTGGGT	-
ENSLCOT00000000102.1	1126	1138	12	M	0		0.5	2	GTTTTTGGGGTG	-
ENSLCOT00000000102.1	1142	1154	12	M	0		0.5	2	GTTTTTGGGGTG	-
ENSLCOT00000000118.1	332	355	22	Y	0.043	o11	0.22	0	TTTTTCCTTTTgCTTTCCTTTTT	-
ENSLCOT00000000118.1	390	403	13	R	0		0.38	0	AAAAAGAGGAGGA	-
ENSLCOT00000000118.1	517	529	12	R	0		0.5	0	AAGGAGAGGAAG	-
ENSLCOT00000000120.1	127	138	11	R	0		0.45	0	AAGAGGAGGAA	-
ENSLCOT00000000120.1	373	385	12	R	0		0.58	0	GAGGAGAAGGAG	-
ENSLCOT00000000120.1	394	405	11	R	0		0.45	0	AAGGAGGAGAA	-
ENSLCOT00000000120.1	48	59	11	M	0		0.73	1	GTGGGTGGGTG	-
ENSLCOT00000000120.1	731	758	26	M	0.037	o1	0.67	0	TcTGGGGGGGTGTGTGGGGGGGTTGTG	-
ENSLCOT00000000120.1	802	812	10	M	0		0.6	0	TGGGGTTTGG	-
ENSLCOT00000000128.1	47	67	19	R	0.05	o11	0.25	0	GAAAGAAGAAGcAGAAAAAA	-
ENSLCOT00000000128.1	106	117	11	R	0		0.45	0	AGAAGGAAGAG	-
ENSLCOT00000000128.1	218	230	12	R	0		0.25	0	AGAAGAAAAAAG	-
ENSLCOT00000000128.1	439	449	10	R	0		0.5	1	AAGGGGAGAA	-
ENSLCOT00000000128.1	494	504	10	R	0		0.5	1	GAGGAGGAAA	-
ENSLCOT00000000128.1	683	693	10	R	0		0.4	0	GAAGGAGAAA	-
ENSLCOT00000000128.1	988	999	11	R	0		0.45	0	AGGAGGAAGAA	-
ENSLCOT00000000128.1	972	985	13	R	0		0.38	0	GAAGAAAAGGAAG	-
ENSLCOT00000000128.1	1188	1198	10	M	0		0.3	0	GGTTTTTTGT	-
ENSLCOT00000000142.1	461	473	12	Y	0		0.58	0	TTTCTTCCCCCC	-
ENSLCOT00000000142.1	530	541	11	Y	0		0.73	0	TCCCTCCCCTC	-
ENSLCOT00000000142.1	965	981	16	Y	0		0.75	0	CTCCCCTCCCTCCCCT	-
ENSLCOT00000000142.1	250	262	12	M	0		0.75	0	TGGGGGGGGTTG	-
ENSLCOT00000000142.1	409	423	14	M	0		0.71	0	GGGGGGTTTGGGGT	-
ENSLCOT00000000142.1	1031	1042	11	M	0		0.55	0	GGTTGGTTGGT	-
ENSLCOT00000000142.1	1087	1097	10	M	0		0.8	0	GGGGGGTGGT	-
ENSLCOT00000000182.1	151	162	11	R	0		0.64	1	AGGAGGAGGAG	-
ENSLCOT00000000188.1	807	817	10	Y	0		0.6	0	CTCCTTTCCC	-
ENSLCOT00000000188.1	426	436	10	R	0		0.6	0	AGGAGGAGAG	-
ENSLCOT00000000188.1	466	487	20	R	0.048	o16	0.86	0	GGGGGGGGGGGGAAGGtGGGG	-
ENSLCOT00000000188.1	561	572	11	R	0		0.64	0	GGAAAGGGGGA	-
ENSLCOT00000000188.1	464	478	14	M	0		0.86	1	TTGGGGGGGGGGGG	-
ENSLCOT00000000188.1	489	501	12	M	0		0.58	0	GTTTTTGGGGGG	-
ENSLCOT00000000188.1	542	552	10	M	0		0.8	1	TGGGGGGGGT	-
ENSLCOT00000000235.1	37	81	42	Y	0.045	o8o23	0.48	0	CTTTTCCCaTCTTTCCCCCTCCCaTTCCTCCTTTCTTTTTTCCC	-
ENSLCOT00000000235.1	143	154	11	Y	0		0.45	0	TCCCTTTTCCT	-
ENSLCOT00000000235.1	380	392	12	Y	0		0.67	0	CCTTCCCTTCCC	-
ENSLCOT00000000235.1	270	280	10	R	0		0.4	0	AAGGAGAAGA	-
ENSLCOT00000000235.1	318	329	11	M	0		0.73	1	GTGGGTGGGTG	-
ENSLCOT00000000240.1	125	135	10	Y	0		0.4	1	TCCTTTTCCT	-
ENSLCOT00000000240.1	1294	1306	12	Y	0		0.17	0	TTCTCTTTTTTT	-
ENSLCOT00000000240.1	308	318	10	R	0		0.7	1	GGGAGGGAAG	-
ENSLCOT00000000240.1	340	361	20	R	0.048	o18	0.38	0	GAGGAGAGGAAAGAAAAAtGA	-
ENSLCOT00000000240.1	338	358	19	R	0.05	o1	0.35	0	AtGAGGAGAGGAAAGAAAAA	-
ENSLCOT00000000240.1	541	551	10	R	0		0.8	1	GGGGAGGAGG	-
ENSLCOT00000000240.1	675	685	10	M	0		0.5	1	GGTGGTGTTT	-
ENSLCOT00000000240.1	1388	1398	10	M	0		0.3	0	GTTTTGTGTT	-
ENSLCOT00000000242.1	47	58	11	Y	0		0.55	0	CCCTCTTTCCT	-
ENSLCOT00000000242.1	450	462	12	R	0		0.42	0	AAGAGAGAGAAG	-
ENSLCOT00000000242.1	500	527	27	R	0		0.48	0	GAAAAAGGGGGAAAAAAAGAGAGGGGG	-
ENSLCOT00000000242.1	529	541	12	R	0		0.25	0	GAAAGAAAAAGA	-
ENSLCOT00000000242.1	562	580	18	R	0		0.28	0	AAGAGAGAAAAAAGAAAG	-
ENSLCOT00000000242.1	588	610	21	R	0.045	o18	0.5	0	GAGAGGAGAGAAGAGAGGcAGA	-
ENSLCOT00000000271.1	569	579	10	Y	0		0.5	1	CTTCTTCCCT	-
ENSLCOT00000000271.1	699	709	10	Y	0		0.5	0	TTTCCCTCTC	-
ENSLCOT00000000271.1	1048	1063	15	Y	0		0.67	0	CTCCCTTCCTCCTCC	-
ENSLCOT00000000271.1	1077	1087	10	Y	0		0.5	0	CTCTCCCTTT	-
ENSLCOT00000000271.1	1330	1340	10	Y	0		0.4	0	TTTTCTCCCT	-
ENSLCOT00000000271.1	178	190	12	R	0		0.5	0	AGGAAGGAGGAA	-
ENSLCOT00000000271.1	267	277	10	R	0		0.7	0	GAGGGGGGAA	-
ENSLCOT00000000271.1	341	355	14	R	0		0.5	0	GGGGAGAAGAAAGA	-
ENSLCOT00000000271.1	778	799	20	R	0.048	o14	0.57	0	AGGAGGAAGAGAAGcAGGGGG	-
ENSLCOT00000000271.1	1209	1220	11	R	0		0.73	0	AGAGGGAGGGG	-
ENSLCOT00000000271.1	1160	1171	11	M	0		0.55	0	TGGGTTTGGGT	-
ENSLCOT00000000337.1	426	436	10	Y	0		0.5	0	TCTTCCCTCT	-
ENSLCOT00000000337.1	964	975	11	R	0		0.55	0	GGGAAGAGAGA	-
ENSLCOT00000000337.1	1288	1298	10	R	0		0.1	2	AAAGAAAAAA	-
ENSLCOT00000000350.1	428	455	26	Y	0.037	o6	0.48	0	CCTTTCaCCTTTTTCCTCCTCCTCCTT	-
ENSLCOT00000000350.1	253	265	12	R	0		0.58	0	GGAGGAGGAGAA	-
ENSLCOT00000000350.1	524	538	14	R	0		0.79	0	GGGGGGAGGAGGGA	-
ENSLCOT00000000350.1	777	788	11	R	0		0.73	1	GAGGGAGGGGA	-
ENSLCOT00000000350.1	160	171	11	M	0		0.73	1	GGTGGTGGTGG	-
ENSLCOT00000000350.1	519	530	11	M	0		0.82	1	GGTGTGGGGGG	-
ENSLCOT00000000350.1	554	574	19	M	0.05	o9	0.7	0	TGGTGGGGTcTGGGGGTGGG	-
ENSLCOT00000000363.1	796	806	10	Y	0		0.7	1	TCCCCTCTCC	-
ENSLCOT00000000363.1	1094	1104	10	Y	0		0.6	0	CCCCTCTTCT	-
ENSLCOT00000000363.1	61	72	11	R	0		0.82	1	GAGGGGGGGAG	-
ENSLCOT00000000363.1	1297	1307	10	M	0		0.7	0	GGTGGTGGGT	-
ENSLCOT00000000543.1	261	271	10	Y	0		0.9	1	CCCCCCCCCT	-
ENSLCOT00000000543.1	352	372	19	R	0.05	o11	0.4	0	GAAGAAGAAGAtGAAGAAGG	-
ENSLCOT00000000572.1	223	233	10	R	0		0.8	2	GGGGAAGGGG	-
ENSLCOT00000000572.1	367	377	10	R	0		0.8	2	GGGGAAGGGG	-
ENSLCOT00000000572.1	571	582	11	R	0		0.73	0	GAGGAGGGGGA	-
ENSLCOT00000000572.1	713	724	11	R	0		0.45	0	AAAAAAGGGGG	-
ENSLCOT00000000576.1	281	292	11	Y	0		0.45	0	CTTCCTTCTCT	-
ENSLCOT00000000576.1	145	156	11	R	0		0.55	0	GGAAGGAAAGG	-
ENSLCOT00000000576.1	239	249	10	R	0		0.4	0	GAAGGAAAGA	-
ENSLCOT00000000576.1	310	320	10	R	0		0.5	1	AGGGAAGAAG	-
ENSLCOT00000000576.1	390	402	12	R	0		0.58	0	GAAAGGGGGAAG	-
ENSLCOT00000000576.1	474	485	11	R	0		0.45	0	GGAAAGAGAAG	-
ENSLCOT00000000576.1	495	508	13	R	0		0.38	0	AGAAGAGAAGAAG	-
ENSLCOT00000000577.1	83	95	12	R	0		0.5	1	GGAAGAAAGGAG	-
ENSLCOT00000000577.1	163	176	13	R	0		0.31	1	AAGAAGAAAAAGG	-
ENSLCOT00000000577.1	148	160	12	M	0		0.42	1	TGGTGGTTTTTG	-
ENSLCOT00000000578.1	83	95	12	R	0		0.5	1	GGAAGAAAGGAG	-
ENSLCOT00000000578.1	163	176	13	R	0		0.31	1	AAGAAGAAAAAGG	-
ENSLCOT00000000578.1	148	160	12	M	0		0.42	1	TGGTGGTTTTTG	-
ENSLCOT00000000582.1	39	49	10	Y	0		0.6	2	TCTCCCTCTC	-
ENSLCOT00000000582.1	26	37	11	R	0		0.55	0	AGAGGGAGAGA	-
ENSLCOT00000000582.1	207	230	22	R	0.043	o19	0.13	0	AAGAAAGAAAAAAAGAAAAtAAA	-
ENSLCOT00000000582.1	197	226	28	R	0.034	o9	0.14	0	AAGAAAAAAtAAGAAAGAAAAAAAGAAAA	-
ENSLCOT00000000582.1	63	74	11	M	0		0.64	0	TGGGTTTGGGG	-
ENSLCOT00000000621.1	1174	1184	10	Y	0		0.5	0	TTCCCTTCCT	-
ENSLCOT00000000621.1	479	490	11	R	0		0.36	0	AAAGGAGAGAA	-
ENSLCOT00000000621.1	956	970	14	R	0		0.71	0	GAGGGAGGGGGAAG	-
ENSLCOT00000000621.1	1097	1108	11	R	0		0.82	0	GGGGGAAGGGG	-
ENSLCOT00000000621.1	98	109	11	M	0		0.91	2	GGGGTGGGGGG	-
ENSLCOT00000000730.1	990	1017	26	Y	0.037	o13	0.41	0	TCCTTTCTTCTCCaTCCTTTCTTCTTC	-
ENSLCOT00000000954.1	562	576	14	Y	0		0.71	0	CCCTCTCTCCCTCC	-
ENSLCOT00000000954.1	754	765	11	Y	0		0.82	2	CCCCCTCTCCC	-
ENSLCOT00000000954.1	805	815	10	Y	0		0.7	1	TCTTCCCCCC	-
ENSLCOT00000000954.1	843	855	12	Y	0		0.5	0	TTCTCTTTCCCC	-
ENSLCOT00000000954.1	1885	1905	19	Y	0.05	o10	0.4	0	CTCCTTCCCTgTTTTTTTCC	-
ENSLCOT00000000954.1	1093	1106	13	R	0		0.62	0	GAGGGAAGAGGAG	-
ENSLCOT00000000954.1	1386	1398	12	R	0		0.58	0	GGAAGGAGAGGA	-
ENSLCOT00000000954.1	1472	1485	13	R	0		0.54	0	GAGAGGAAGGAGA	-
ENSLCOT00000000954.1	1670	1682	12	R	0		0.42	0	AGGAGAGGAAAA	-
ENSLCOT00000000954.1	357	368	11	M	0		0.64	1	TGGTGGTGGTG	-
ENSLCOT00000000954.1	2080	2090	10	M	0		0.3	0	TTGTTTTTGG	-
ENSLCOT00000000955.1	122	137	15	Y	0		0.53	0	CTCTCTCCTCCCTTT	-
ENSLCOT00000000955.1	419	430	11	Y	0		0.73	0	CCTTCCCTCCC	-
ENSLCOT00000000955.1	1156	1171	15	Y	0		0.73	0	CCCTCCTTCCTCCCC	-
ENSLCOT00000000955.1	697	711	14	R	0		0.43	0	AGAGGAGAAGAAGA	-
ENSLCOT00000000955.1	157	167	10	M	0		0.7	2	TGTGTGGGGG	-
ENSLCOT00000000955.1	534	545	11	M	0		0.82	0	GGGGGGGTTGG	-
ENSLCOT00000000955.1	2236	2246	10	M	0		0.5	0	TTTGGTGGGT	-
ENSLCOT00000000983.1	164	174	10	Y	0		0.6	1	CTCCTTCTCC	-
ENSLCOT00000000983.1	78	91	13	R	0		0.62	0	GGAGGAAGAGGAG	-
ENSLCOT00000000983.1	218	228	10	R	0		0.4	0	GAAAGGAAGA	-
ENSLCOT00000000988.1	526	536	10	Y	0		0.4	1	TCTCTTCTCT	-
ENSLCOT00000000988.1	1192	1202	10	Y	0		0.5	0	TCTCTCCTTC	-
ENSLCOT00000000988.1	554	567	13	R	0		0.15	0	AAAAAGAGAAAAA	-
ENSLCOT00000000988.1	250	260	10	M	0		0.4	1	TGGTTTTGTG	-
ENSLCOT00000000988.1	354	366	12	M	0		0.25	0	TTTGTTGTTTGT	-
ENSLCOT00000000988.1	856	867	11	M	0		0.27	2	TTTGTGTTTGT	-
ENSLCOT00000000989.1	446	462	16	R	0		0.44	0	GAGAAGAGAAGGGAAA	-
ENSLCOT00000000989.1	641	668	27	M	0		0.22	0	TGGTTTTGGTTGTTTGTTTTTTTTTTT	-
ENSLCOT00000001086.1	443	454	11	Y	0		0.45	1	TTCTTCCTCTC	-
ENSLCOT00000001086.1	715	740	24	Y	0.04	o5	0.36	0	CTCTTaTCCTTCCTTTCTTTTCCTT	-
ENSLCOT00000001086.1	721	742	20	Y	0.048	o19	0.33	0	TCCTTCCTTTCTTTTCCTTaT	-
ENSLCOT00000001086.1	218	231	13	R	0		0.31	0	GGGAAAAAAAGAA	-
ENSLCOT00000001086.1	591	603	12	M	0		0.5	0	GTGTTTTGTGGG	-
ENSLCOT00000001108.1	322	332	10	Y	0		0.1	1	TCTTTTTTTT	-
ENSLCOT00000001108.1	906	918	12	Y	0		0.42	0	CCTCTTTTTCCT	-
ENSLCOT00000001108.1	938	959	20	Y	0.048	o5	0.52	0	CTTCCaTTCTCCTCTCCCTTC	-
ENSLCOT00000001108.1	944	965	20	Y	0.048	o15	0.52	0	TTCTCCTCTCCCTTCaTCTCC	-
ENSLCOT00000001108.1	1440	1450	10	Y	0		0.7	0	CCCCTTCCCT	-
ENSLCOT00000001108.1	38	57	19	R	0		0.53	0	GGGAAAGGGAGGGGAAAAA	-
ENSLCOT00000001108.1	1025	1045	19	R	0.05	o4	0.6	0	AGGGtGGGGAGGAGAAGAAG	-
ENSLCOT00000001108.1	1315	1326	11	R	0		0.64	0	GAGGAAGGGGA	-
ENSLCOT00000001108.1	1344	1355	11	R	0		0.73	0	GGGAGGAGAGG	-
ENSLCOT00000001108.1	118	128	10	M	0		0.4	1	TGTGTGTGTT	-
ENSLCOT00000001108.1	277	301	23	M	0.042	o4	0.38	0	GTTGaGGTTTGTGTTTGTTTGGTT	-
ENSLCOT00000001108.1	282	323	39	M	0.049	o19o29	0.39	0	GGTTTGTGTTTGTTTGGTTcGGTTTGGGGcGGTTTTTTTGT	-
ENSLCOT00000001108.1	312	333	20	M	0.048	o11	0.14	0	GGTTTTTTTGTcTTTTTTTTT	-
ENSLCOT00000001108.1	366	379	13	M	0		0.38	0	TGGTTTTGTGTGT	-
ENSLCOT00000001157.1	263	275	12	Y	0		0.75	1	CCCCTCTCTCCC	-
ENSLCOT00000001157.1	36	48	12	R	0		0.83	1	GGGGAGAGGGGG	-
ENSLCOT00000001157.1	187	197	10	R	0		0.5	2	GGAGAAGAAG	-
ENSLCOT00000001157.1	161	173	12	M	0		0.67	0	GTGGTGGGTTGG	-
ENSLCOT00000001182.1	491	501	10	R	0		0.4	0	AAAGGAGAAG	-
ENSLCOT00000001262.1	64	75	11	Y	0		0.73	0	TCCCCTCTCCC	-
ENSLCOT00000001262.1	132	142	10	Y	0		0.5	1	TCCCCTTCTT	-
ENSLCOT00000001262.1	833	843	10	Y	0		0.2	1	TTTCTCTTTT	-
ENSLCOT00000001262.1	340	355	15	R	0		0.53	0	AAGAGGGAAGGAGGA	-
ENSLCOT00000001262.1	95	106	11	M	0		0.36	0	TGTGTGGTTTT	-
ENSLCOT00000001262.1	435	445	10	M	0		0.4	1	GGTTTTGTGT	-
ENSLCOT00000001262.1	626	636	10	M	0		0.6	0	GGGGGTTTTG	-
ENSLCOT00000001311.1	31	46	15	M	0		0.27	0	TTTTGTGTTTGTGTT	-
ENSLCOT00000001312.1	8	22	14	Y	0		0.14	0	TTTTTTTTTTTTCC	-
ENSLCOT00000001324.1	89	102	13	Y	0		0.46	0	TTTTCCCTCCCTT	-
ENSLCOT00000001324.1	175	194	19	R	0		0.42	0	AAGGGGAAGAAAGGAAAAG	-
ENSLCOT00000001324.1	205	216	11	R	0		0.45	0	AAGGAGGGAAA	-
ENSLCOT00000001324.1	458	479	20	R	0.048	o12	0.9	0	GGGGGGGGGGGGcAGGGGGGG	-
ENSLCOT00000001324.1	450	470	19	R	0.05	o7	0.9	0	GGAGGGGtGGGGGGGGGGGG	-
ENSLCOT00000001324.1	423	445	21	M	0.045	o2	0.45	0	TTcGTTGTTGTGTTTTGGGGGG	-
ENSLCOT00000001324.1	426	470	42	M	0.045	o19o26	0.7	0	GTTGTTGTGTTTTGGGGGGaGGGTGGaGGGGTGGGGGGGGGGGG	-
ENSLCOT00000001405.1	1085	1100	15	Y	0		0.4	0	CCTTCTTTTCTCCTT	-
ENSLCOT00000001405.1	178	199	20	R	0.048	o15	0.38	0	GGAAGAAGAAGAAAAtGGAAG	-
ENSLCOT00000001405.1	366	409	42	R	0.023	o31	0.4	0	GGAAAAAAGGAGAGGAGGAAGAGGAAGAAAAtGAAGAAAGAGA	-
ENSLCOT00000001405.1	539	564	24	R	0.04	o22	0.48	0	GAGAGGAAGAGGAGAAGAGGAAcAG	-
ENSLCOT00000001405.1	536	561	24	R	0.04	o2	0.48	0	AGtGAGAGGAAGAGGAGAAGAGGAA	-
ENSLCOT00000001405.1	899	909	10	R	0		0.5	1	AAGGGGAGAA	-
ENSLCOT00000001405.1	1338	1349	11	R	0		0.55	0	GGAGGAGAGAA	-
ENSLCOT00000001405.1	623	633	10	M	0		0.5	0	GGTGGTTTTG	-
ENSLCOT00000001405.1	1200	1211	11	M	0		0.45	0	GTGTTGTTTGG	-
ENSLCOT00000001437.1	899	910	11	Y	0		0.45	0	CCCCTTTTTCT	-
ENSLCOT00000001437.1	930	942	12	Y	0		0.42	0	TCTTTCTCTCTC	-
ENSLCOT00000001437.1	1084	1105	20	Y	0.048	o8	0.52	0	CCCTTCTTgCTCCTCTCCCTT	-
ENSLCOT00000001437.1	1353	1363	10	Y	0		0.7	1	CTCTCCCTCC	-
ENSLCOT00000001437.1	441	456	15	R	0		0.47	0	AGAAGGAAGAAGGGA	-
ENSLCOT00000001437.1	575	588	13	R	0		0.38	0	AAGAGAAAGGAGA	-
ENSLCOT00000001437.1	667	677	10	R	0		0.6	0	AGAGGAGAGG	-
ENSLCOT00000001437.1	717	742	24	R	0.04	o11	0.36	0	AAGAAAGAAGAcAAAGAGGAGAAGG	-
ENSLCOT00000001437.1	1189	1199	10	R	0		0.3	0	AGAAGAGAAA	-
ENSLCOT00000001437.1	1330	1341	11	R	0		0.64	0	GGGGAAGGGAA	-
ENSLCOT00000001437.1	323	333	10	M	0		0.6	2	TGGGGGTTTG	-
