# Sequence-ID	Start	End	Score	Motif	Error-rate	Errors	Guanine-rate	Duplicates	TFO	Duplicate locations
ENSLCOT00000000003.1	77	96	19	Y	0		0.79	0	TCTCCCCCCTCTCCCCCCC	-
ENSLCOT00000000003.1	712	733	20	Y	0.048	o4	0.81	0	CCCTGCCCCTCCCCCCCTCCC	-
ENSLCOT00000000003.1	29	45	16	M	0		0.5	0	GGGTGTTTTTTGGGGT	-
ENSLCOT00000000003.1	128	144	16	M	0		0.56	0	GGGTGGTTTTTGGGGT	-
ENSLCOT00000000003.1	168	184	16	M	0		0.62	0	GGGTGGGTTTTGGGGT	-
ENSLCOT00000000003.1	208	224	16	M	0		0.56	0	GGGTGGTTTTTGGGGT	-
ENSLCOT00000000003.1	228	244	16	M	0		0.5	0	GGGTGTTTTTTGGGGT	-
ENSLCOT00000000003.1	288	304	16	M	0		0.5	0	GGGTGTTTTTTGGGGT	-
ENSLCOT00000000003.1	388	404	16	M	0		0.56	0	GGGTGGTTTTTGGGGT	-
ENSLCOT00000000003.1	408	424	16	M	0		0.56	0	GGGTGGTTTTTGGGGT	-
ENSLCOT00000000003.1	467	483	16	M	0		0.56	0	GGGTGGTTTTTGGGGT	-
ENSLCOT00000000003.1	546	562	16	M	0		0.56	0	GGGTGGTTTTTGGGGT	-
ENSLCOT00000000003.1	605	622	17	M	0		0.53	0	GGGTGGTTTTTTGGGGT	-
ENSLCOT00000000010.1	260	285	24	Y	0.04	o6	0.68	0	CCCCCCGCCCCTTTCTCCCTCCTTC	-
ENSLCOT00000000010.1	36	52	16	M	0		0.69	0	GGTTGTGGGTGGGGGT	-
ENSLCOT00000000010.1	54	82	27	M	0.036	o25	0.57	0	TTTGTGGGTGGGGTTGTGGGTGTGGCTG	-
ENSLCOT00000000010.1	174	202	27	M	0.036	o26	0.61	0	GTGGGTGGGGTTGTTTGTGGGTGGGGCT	-
ENSLCOT00000000102.1	651	668	17	M	0		0.53	0	GTGTTGGGTTTTTGGGG	-
ENSLCOT00000000118.1	332	355	22	Y	0.043	o11	0.22	0	TTTTTCCTTTTGCTTTCCTTTTT	-
ENSLCOT00000000120.1	731	758	26	M	0.037	o1	0.67	0	TCTGGGGGGGTGTGTGGGGGGGTTGTG	-
ENSLCOT00000000128.1	47	67	19	R	0.05	o11	0.25	0	GAAAGAAGAAGCAGAAAAAA	-
ENSLCOT00000000142.1	965	981	16	Y	0		0.75	0	CTCCCCTCCCTCCCCT	-
ENSLCOT00000000188.1	466	487	20	R	0.048	o16	0.86	0	GGGGGGGGGGGGAAGGTGGGG	-
ENSLCOT00000000235.1	37	60	22	Y	0.043	o8	0.57	0	CTTTTCCCATCTTTCCCCCTCCC	-
ENSLCOT00000000235.1	46	76	29	Y	0.033	o14	0.47	0	TCTTTCCCCCTCCCATTCCTCCTTTCTTTT	-
ENSLCOT00000000235.1	47	77	29	Y	0.033	o13	0.47	0	CTTTCCCCCTCCCATTCCTCCTTTCTTTTT	-
ENSLCOT00000000235.1	48	78	29	Y	0.033	o12	0.43	0	TTTCCCCCTCCCATTCCTCCTTTCTTTTTT	-
ENSLCOT00000000235.1	49	79	29	Y	0.033	o11	0.47	0	TTCCCCCTCCCATTCCTCCTTTCTTTTTTC	-
ENSLCOT00000000235.1	50	80	29	Y	0.033	o10	0.5	0	TCCCCCTCCCATTCCTCCTTTCTTTTTTCC	-
ENSLCOT00000000235.1	51	81	29	Y	0.033	o9	0.53	0	CCCCCTCCCATTCCTCCTTTCTTTTTTCCC	-
ENSLCOT00000000240.1	340	361	20	R	0.048	o18	0.38	0	GAGGAGAGGAAAGAAAAATGA	-
ENSLCOT00000000240.1	338	358	19	R	0.05	o1	0.35	0	ATGAGGAGAGGAAAGAAAAA	-
ENSLCOT00000000242.1	500	527	27	R	0		0.48	0	GAAAAAGGGGGAAAAAAAGAGAGGGGG	-
ENSLCOT00000000242.1	562	580	18	R	0		0.28	0	AAGAGAGAAAAAAGAAAG	-
ENSLCOT00000000242.1	588	610	21	R	0.045	o18	0.5	0	GAGAGGAGAGAAGAGAGGCAGA	-
ENSLCOT00000000271.1	778	799	20	R	0.048	o14	0.57	0	AGGAGGAAGAGAAGCAGGGGG	-
ENSLCOT00000000350.1	428	455	26	Y	0.037	o6	0.48	0	CCTTTCACCTTTTTCCTCCTCCTCCTT	-
ENSLCOT00000000350.1	554	574	19	M	0.05	o9	0.7	0	TGGTGGGGTCTGGGGGTGGG	-
ENSLCOT00000000543.1	352	372	19	R	0.05	o11	0.4	0	GAAGAAGAAGATGAAGAAGG	-
ENSLCOT00000000582.1	207	230	22	R	0.043	o19	0.13	0	AAGAAAGAAAAAAAGAAAATAAA	-
ENSLCOT00000000582.1	197	226	28	R	0.034	o9	0.14	0	AAGAAAAAATAAGAAAGAAAAAAAGAAAA	-
ENSLCOT00000000730.1	990	1017	26	Y	0.037	o13	0.41	0	TCCTTTCTTCTCCATCCTTTCTTCTTC	-
ENSLCOT00000000954.1	1885	1905	19	Y	0.05	o10	0.4	0	CTCCTTCCCTGTTTTTTTCC	-
ENSLCOT00000000989.1	446	462	16	R	0		0.44	0	GAGAAGAGAAGGGAAA	-
ENSLCOT00000000989.1	641	668	27	M	0		0.22	0	TGGTTTTGGTTGTTTGTTTTTTTTTTT	-
ENSLCOT00000001086.1	715	740	24	Y	0.04	o5	0.36	0	CTCTTATCCTTCCTTTCTTTTCCTT	-
ENSLCOT00000001086.1	721	742	20	Y	0.048	o19	0.33	0	TCCTTCCTTTCTTTTCCTTAT	-
ENSLCOT00000001108.1	938	959	20	Y	0.048	o5	0.52	0	CTTCCATTCTCCTCTCCCTTC	-
ENSLCOT00000001108.1	944	965	20	Y	0.048	o15	0.52	0	TTCTCCTCTCCCTTCATCTCC	-
ENSLCOT00000001108.1	38	57	19	R	0		0.53	0	GGGAAAGGGAGGGGAAAAA	-
ENSLCOT00000001108.1	1025	1045	19	R	0.05	o4	0.6	0	AGGGTGGGGAGGAGAAGAAG	-
ENSLCOT00000001108.1	277	301	23	M	0.042	o4	0.38	0	GTTGAGGTTTGTGTTTGTTTGGTT	-
ENSLCOT00000001108.1	282	311	28	M	0.034	o19	0.45	0	GGTTTGTGTTTGTTTGGTTCGGTTTGGGG	-
ENSLCOT00000001108.1	302	323	20	M	0.048	o9	0.43	0	GGTTTGGGGCGGTTTTTTTGT	-
ENSLCOT00000001108.1	312	333	20	M	0.048	o11	0.14	0	GGTTTTTTTGTCTTTTTTTTT	-
ENSLCOT00000001324.1	175	194	19	R	0		0.42	0	AAGGGGAAGAAAGGAAAAG	-
ENSLCOT00000001324.1	458	479	20	R	0.048	o12	0.9	0	GGGGGGGGGGGGCAGGGGGGG	-
ENSLCOT00000001324.1	450	470	19	R	0.05	o7	0.9	0	GGAGGGGTGGGGGGGGGGGG	-
ENSLCOT00000001324.1	423	445	21	M	0.045	o2	0.45	0	TTCGTTGTTGTGTTTTGGGGGG	-
ENSLCOT00000001324.1	426	452	25	M	0.038	o19	0.58	0	GTTGTTGTGTTTTGGGGGGAGGGTGG	-
ENSLCOT00000001324.1	446	470	23	M	0.042	o6	0.88	0	GGGTGGAGGGGTGGGGGGGGGGGG	-
ENSLCOT00000001405.1	178	199	20	R	0.048	o15	0.38	0	GGAAGAAGAAGAAAATGGAAG	-
ENSLCOT00000001405.1	379	409	29	R	0.033	o18	0.4	0	GGAGGAAGAGGAAGAAAATGAAGAAAGAGA	-
ENSLCOT00000001405.1	378	408	29	R	0.033	o19	0.4	0	AGGAGGAAGAGGAAGAAAATGAAGAAAGAG	-
ENSLCOT00000001405.1	377	407	29	R	0.033	o20	0.4	0	GAGGAGGAAGAGGAAGAAAATGAAGAAAGA	-
ENSLCOT00000001405.1	376	406	29	R	0.033	o21	0.4	0	AGAGGAGGAAGAGGAAGAAAATGAAGAAAG	-
ENSLCOT00000001405.1	375	405	29	R	0.033	o22	0.4	0	GAGAGGAGGAAGAGGAAGAAAATGAAGAAA	-
ENSLCOT00000001405.1	374	404	29	R	0.033	o23	0.43	0	GGAGAGGAGGAAGAGGAAGAAAATGAAGAA	-
ENSLCOT00000001405.1	373	403	29	R	0.033	o24	0.43	0	AGGAGAGGAGGAAGAGGAAGAAAATGAAGA	-
ENSLCOT00000001405.1	372	402	29	R	0.033	o25	0.43	0	AAGGAGAGGAGGAAGAGGAAGAAAATGAAG	-
ENSLCOT00000001405.1	371	401	29	R	0.033	o26	0.4	0	AAAGGAGAGGAGGAAGAGGAAGAAAATGAA	-
ENSLCOT00000001405.1	370	400	29	R	0.033	o27	0.4	0	AAAAGGAGAGGAGGAAGAGGAAGAAAATGA	-
ENSLCOT00000001405.1	369	399	29	R	0.033	o28	0.4	0	AAAAAGGAGAGGAGGAAGAGGAAGAAAATG	-
ENSLCOT00000001405.1	367	397	30	R	0		0.4	0	GAAAAAAGGAGAGGAGGAAGAGGAAGAAAA	-
ENSLCOT00000001405.1	366	396	30	R	0		0.43	0	GGAAAAAAGGAGAGGAGGAAGAGGAAGAAA	-
ENSLCOT00000001405.1	539	564	24	R	0.04	o22	0.48	0	GAGAGGAAGAGGAGAAGAGGAACAG	-
ENSLCOT00000001405.1	536	561	24	R	0.04	o2	0.48	0	AGTGAGAGGAAGAGGAGAAGAGGAA	-
ENSLCOT00000001437.1	1084	1105	20	Y	0.048	o8	0.52	0	CCCTTCTTGCTCCTCTCCCTT	-
ENSLCOT00000001437.1	717	742	24	R	0.04	o11	0.36	0	AAGAAAGAAGACAAAGAGGAGAAGG	-
