# Sequence-ID	Start	End	Score	Motif	Error-rate	Errors	Guanine-rate	Duplicates	TFO	Duplicate locations
ENSLCOT00000000003.1	77	96	19	Y	0		0.79	-1	TCTCCCCCCTCTCCCCCCC	-
ENSLCOT00000000003.1	338	357	18	Y	0.053	o4	0.58	-1	TCTCaCCCCTCTCTCTCCT	-
ENSLCOT00000000003.1	437	456	18	Y	0.053	o4	0.58	-1	TCTCaCCCCTCTCTCTCCT	-
ENSLCOT00000000003.1	516	535	18	Y	0.053	o4	0.58	-1	TCTCaCCCCTCTCTCTCCT	-
ENSLCOT00000000003.1	712	735	21	Y	0.087	o4o21	0.78	-1	CCCTgCCCCTCCCCCCCTCCCgC	-
ENSLCOT00000000003.1	933	947	13	Y	0.071	o4	0.64	-1	CCCCaCCTCCTTCT	-
ENSLCOT00000000003.1	11	25	13	M	0.071	o5	0.64	-1	GGGTTcTGGGGGGT	-
ENSLCOT00000000003.1	29	47	17	M	0.056	o16	0.44	-1	GGGTGTTTTTTGGGGTcT	-
ENSLCOT00000000003.1	49	65	15	M	0.062	o6	0.56	-1	GGGTGGaTTTTGGGGT	-
ENSLCOT00000000003.1	110	124	13	M	0.071	o2	0.57	-1	TGaGTTTGGGGGGT	-
ENSLCOT00000000003.1	128	146	17	M	0.056	o16	0.5	-1	GGGTGGTTTTTGGGGTcT	-
ENSLCOT00000000003.1	148	164	15	M	0.062	o2	0.56	-1	GGaTGGGTTTTGGGGT	-
ENSLCOT00000000003.1	151	166	14	M	0.067	o13	0.47	-1	TGGGTTTTGGGGTcT	-
ENSLCOT00000000003.1	168	184	16	M	0		0.62	-1	GGGTGGGTTTTGGGGT	-
ENSLCOT00000000003.1	188	204	15	M	0.062	o11	0.5	-1	GGGTGGTTTTTaGGGT	-
ENSLCOT00000000003.1	208	226	17	M	0.056	o16	0.5	-1	GGGTGGTTTTTGGGGTcT	-
ENSLCOT00000000003.1	228	246	17	M	0.056	o16	0.44	-1	GGGTGTTTTTTGGGGTcT	-
ENSLCOT00000000003.1	248	264	15	M	0.062	o2	0.62	-1	GGaTGGTTTGGGGGGT	-
ENSLCOT00000000003.1	251	266	14	M	0.067	o13	0.53	-1	TGGTTTGGGGGGTcT	-
ENSLCOT00000000003.1	268	284	15	M	0.062	o6	0.56	-1	GGGTGGaTTTTGGGGT	-
ENSLCOT00000000003.1	288	306	17	M	0.056	o16	0.44	-1	GGGTGTTTTTTGGGGTcT	-
ENSLCOT00000000003.1	308	324	15	M	0.062	o6	0.56	-1	GGGTGGaTTTTGGGGT	-
ENSLCOT00000000003.1	368	384	15	M	0.062	o6	0.56	-1	GGGTGGaTTTTGGGGT	-
ENSLCOT00000000003.1	388	404	16	M	0		0.56	-1	GGGTGGTTTTTGGGGT	-
ENSLCOT00000000003.1	408	426	17	M	0.056	o16	0.5	-1	GGGTGGTTTTTGGGGTcT	-
ENSLCOT00000000003.1	467	485	17	M	0.056	o16	0.5	-1	GGGTGGTTTTTGGGGTcT	-
ENSLCOT00000000003.1	546	564	17	M	0.056	o16	0.5	-1	GGGTGGTTTTTGGGGTcT	-
ENSLCOT00000000003.1	566	582	15	M	0.062	o6	0.56	-1	GGGTGGaTTTTGGGGT	-
ENSLCOT00000000003.1	586	603	16	M	0.059	o15	0.47	-1	GGGTGTTTTTGGGGTcT	-
ENSLCOT00000000003.1	605	622	17	M	0		0.53	-1	GGGTGGTTTTTTGGGGT	-
ENSLCOT00000000003.1	625	642	16	M	0.059	o9	0.53	-1	GGGGTGTTTaTTGGGGT	-
ENSLCOT00000000010.1	256	285	27	Y	0.069	o3o10	0.69	-1	CCCaCCCCCCgCCCCTTTCTCCCTCCTTC	-
ENSLCOT00000000010.1	647	662	14	R	0.067	o6	0.53	-1	AAAGGGcGAGAGGGA	-
ENSLCOT00000000010.1	685	702	16	R	0.059	o11	0.76	-1	GGGGGGAGGGAcGGGGA	-
ENSLCOT00000000010.1	36	52	16	M	0		0.69	-1	GGTTGTGGGTGGGGGT	-
ENSLCOT00000000010.1	54	84	28	M	0.067	o25o28	0.57	-1	TTTGTGGGTGGGGTTGTGGGTGTGGcTGaG	-
ENSLCOT00000000010.1	55	85	28	M	0.067	o24o27	0.57	-1	TTGTGGGTGGGGTTGTGGGTGTGGcTGaGT	-
ENSLCOT00000000010.1	56	86	28	M	0.067	o23o26	0.6	-1	TGTGGGTGGGGTTGTGGGTGTGGcTGaGTG	-
ENSLCOT00000000010.1	57	87	28	M	0.067	o22o25	0.6	-1	GTGGGTGGGGTTGTGGGTGTGGcTGaGTGT	-
ENSLCOT00000000010.1	58	88	28	M	0.067	o21o24	0.6	-1	TGGGTGGGGTTGTGGGTGTGGcTGaGTGTG	-
ENSLCOT00000000010.1	59	89	28	M	0.067	o20o23	0.63	-1	GGGTGGGGTTGTGGGTGTGGcTGaGTGTGG	-
ENSLCOT00000000010.1	60	90	28	M	0.067	o19o22	0.63	-1	GGTGGGGTTGTGGGTGTGGcTGaGTGTGGG	-
ENSLCOT00000000010.1	61	91	28	M	0.067	o18o21	0.6	-1	GTGGGGTTGTGGGTGTGGcTGaGTGTGGGT	-
ENSLCOT00000000010.1	62	92	28	M	0.067	o17o20	0.6	-1	TGGGGTTGTGGGTGTGGcTGaGTGTGGGTG	-
ENSLCOT00000000010.1	63	93	28	M	0.067	o16o19	0.6	-1	GGGGTTGTGGGTGTGGcTGaGTGTGGGTGT	-
ENSLCOT00000000010.1	64	94	28	M	0.067	o15o18	0.6	-1	GGGTTGTGGGTGTGGcTGaGTGTGGGTGTG	-
ENSLCOT00000000010.1	65	95	28	M	0.067	o14o17	0.6	-1	GGTTGTGGGTGTGGcTGaGTGTGGGTGTGG	-
ENSLCOT00000000010.1	98	114	15	M	0.062	o3	0.62	-1	TGGcTTGTGGGTGGGG	-
ENSLCOT00000000010.1	137	152	14	M	0.067	o12	0.67	-1	TGGTGGGTGGGGcTG	-
ENSLCOT00000000010.1	174	202	27	M	0.036	o26	0.61	-1	GTGGGTGGGGTTGTTTGTGGGTGGGGcT	-
ENSLCOT00000000046.1	712	727	15	Y	0		0.47	-1	TCTTTTTTTCCCCCC	-
ENSLCOT00000000046.1	990	1007	16	Y	0.059	o2	0.47	-1	TCaTTCTCCCTTTCCTC	-
ENSLCOT00000000046.1	1009	1026	16	Y	0.059	o13	0.41	-1	TTCTTCCTCTCTTgCCT	-
ENSLCOT00000000046.1	106	120	13	M	0.071	o5	0.36	-1	TTGGGaTTTGGTTT	-
ENSLCOT00000000046.1	699	713	13	M	0.071	o11	0.43	-1	GGGTTTTGTTGaGT	-
ENSLCOT00000000046.1	774	789	14	M	0.067	o2	0.27	-1	TGcTTTTTTTGTTGG	-
ENSLCOT00000000102.1	751	765	13	Y	0.071	o8	0.57	-1	CCCCCCCCaTTTTT	-
ENSLCOT00000000102.1	133	147	14	M	0		0.5	-1	TGGTTTTGGGGTGT	-
ENSLCOT00000000102.1	217	231	14	M	0		0.5	-1	GGTTTTTGGGGTGT	-
ENSLCOT00000000102.1	233	247	14	M	0		0.5	-1	TGGTTTTGGGGTGT	-
ENSLCOT00000000102.1	290	304	14	M	0		0.5	-1	TGGTTTTGGGGTGT	-
ENSLCOT00000000102.1	365	381	15	M	0.062	o2	0.56	-1	GGaTTTTGGGGGGTTG	-
ENSLCOT00000000102.1	395	413	17	M	0.056	o3	0.39	-1	TTTaTTTTTTGGGGGGGT	-
ENSLCOT00000000102.1	477	491	14	M	0		0.57	-1	GGTTTTGGGGGTGT	-
ENSLCOT00000000102.1	567	581	14	M	0		0.57	-1	GGTTTTGGGGGTGT	-
ENSLCOT00000000102.1	608	623	14	M	0.067	o3	0.47	-1	TTGaTTTTGGGGGGT	-
ENSLCOT00000000102.1	651	668	17	M	0		0.53	-1	GTGTTGGGTTTTTGGGG	-
ENSLCOT00000000102.1	822	839	16	M	0.059	o4	0.53	-1	GTGTcGGGTTTTTGGGG	-
ENSLCOT00000000118.1	332	361	27	Y	0.069	o11o23	0.21	-1	TTTTTCCTTTTgCTTTCCTTTTTaTTCTT	-
ENSLCOT00000000118.1	517	535	17	R	0.056	o12	0.33	-1	AAGGAGAGGAAGtAAAAA	-
ENSLCOT00000000120.1	318	334	15	R	0.062	o9	0.44	-1	GGAGAGGAAcAAGAAG	-
ENSLCOT00000000120.1	371	385	13	R	0.071	o1	0.5	-1	AcGAGGAGAAGGAG	-
ENSLCOT00000000120.1	394	411	16	R	0.059	o11	0.47	-1	AAGGAGGAGAAcGAGAG	-
ENSLCOT00000000120.1	728	758	28	M	0.067	o2o4	0.67	-1	GGcTcTGGGGGGGTGTGTGGGGGGGTTGTG	-
ENSLCOT00000000128.1	47	75	26	R	0.071	o11o20	0.32	-1	GAAAGAAGAAGcAGAAAAAAtGGAGAAG	-
ENSLCOT00000000128.1	41	67	24	R	0.077	o5o17	0.23	-1	AAAAGtGAAAGAAGAAGcAGAAAAAA	-
ENSLCOT00000000128.1	106	121	14	R	0.067	o11	0.4	-1	AGAAGGAAGAGcAGA	-
ENSLCOT00000000128.1	218	236	17	R	0.056	o12	0.28	-1	AGAAGAAAAAAGtAAGAG	-
ENSLCOT00000000128.1	215	230	14	R	0.067	o2	0.2	-1	AAtAGAAGAAAAAAG	-
ENSLCOT00000000128.1	760	774	13	R	0.071	o8	0.5	-1	GGAAAAGGcAGAGG	-
ENSLCOT00000000128.1	972	999	25	R	0.074	o13o15	0.37	-1	GAAGAAAAGGAAGcAcAGGAGGAAGAA	-
ENSLCOT00000000142.1	143	159	15	Y	0.062	o7	0.88	-1	CCCCCCTgCCCCCCCC	-
ENSLCOT00000000142.1	162	176	13	Y	0.071	o7	0.5	-1	TTCTTCCgCCTTCC	-
ENSLCOT00000000142.1	422	438	15	Y	0.062	o8	0.38	-1	TCCCCCCTaTTTTTTT	-
ENSLCOT00000000142.1	965	981	16	Y	0		0.75	-1	CTCCCCTCCCTCCCCT	-
ENSLCOT00000000142.1	623	638	14	R	0.067	o6	0.87	-1	GGGGGGcGGGGAGGG	-
ENSLCOT00000000142.1	371	385	13	M	0.071	o3	0.57	-1	TGGaTTTTGGGGGG	-
ENSLCOT00000000142.1	404	423	18	M	0.053	o4	0.63	-1	TTGGaGGGGGGTTTGGGGT	-
ENSLCOT00000000142.1	431	446	14	M	0.067	o11	0.33	-1	TTTTTTTGGGGaGTT	-
ENSLCOT00000000142.1	613	629	15	M	0.062	o9	0.69	-1	GTTTTGGGGcGGGGGG	-
ENSLCOT00000000142.1	700	715	14	M	0.067	o7	0.4	-1	TGTTGTTaTTTGGGG	-
ENSLCOT00000000142.1	1025	1042	16	M	0.059	o5	0.47	-1	TGTTGaGGTTGGTTGGT	-
ENSLCOT00000000142.1	1083	1097	13	M	0.071	o3	0.64	-1	TTGaGGGGGGTGGT	-
ENSLCOT00000000142.1	1087	1101	13	M	0.071	o10	0.57	-1	GGGGGGTGGTcTTT	-
ENSLCOT00000000182.1	145	162	16	R	0.059	o5	0.65	-1	AGGGGcAGGAGGAGGAG	-
ENSLCOT00000000188.1	801	817	15	Y	0.062	o5	0.56	-1	TTCCCgCTCCTTTCCC	-
ENSLCOT00000000188.1	426	441	14	R	0.067	o10	0.53	-1	AGGAGGAGAGcGAAG	-
ENSLCOT00000000188.1	421	436	14	R	0.067	o4	0.6	-1	GGAGcAGGAGGAGAG	-
ENSLCOT00000000188.1	566	582	15	M	0.062	o5	0.69	-1	GGGGGaTTTGGGGGGT	-
ENSLCOT00000000235.1	33	60	25	Y	0.074	o3o12	0.56	-1	CTCaCTTTTCCCaTCTTTCCCCCTCCC	-
ENSLCOT00000000235.1	37	67	28	Y	0.067	o8o23	0.53	-1	CTTTTCCCaTCTTTCCCCCTCCCaTTCCTC	-
ENSLCOT00000000235.1	38	68	28	Y	0.067	o7o22	0.53	-1	TTTTCCCaTCTTTCCCCCTCCCaTTCCTCC	-
ENSLCOT00000000235.1	39	69	28	Y	0.067	o6o21	0.53	-1	TTTCCCaTCTTTCCCCCTCCCaTTCCTCCT	-
ENSLCOT00000000235.1	40	70	28	Y	0.067	o5o20	0.53	-1	TTCCCaTCTTTCCCCCTCCCaTTCCTCCTT	-
ENSLCOT00000000235.1	41	71	28	Y	0.067	o4o19	0.53	-1	TCCCaTCTTTCCCCCTCCCaTTCCTCCTTT	-
ENSLCOT00000000235.1	42	72	28	Y	0.067	o3o18	0.57	-1	CCCaTCTTTCCCCCTCCCaTTCCTCCTTTC	-
ENSLCOT00000000235.1	43	73	28	Y	0.067	o2o17	0.53	-1	CCaTCTTTCCCCCTCCCaTTCCTCCTTTCT	-
ENSLCOT00000000235.1	44	74	28	Y	0.067	o1o16	0.5	-1	CaTCTTTCCCCCTCCCaTTCCTCCTTTCTT	-
ENSLCOT00000000235.1	46	76	29	Y	0.033	o14	0.47	-1	TCTTTCCCCCTCCCaTTCCTCCTTTCTTTT	-
ENSLCOT00000000235.1	47	77	29	Y	0.033	o13	0.47	-1	CTTTCCCCCTCCCaTTCCTCCTTTCTTTTT	-
ENSLCOT00000000235.1	48	78	29	Y	0.033	o12	0.43	-1	TTTCCCCCTCCCaTTCCTCCTTTCTTTTTT	-
ENSLCOT00000000235.1	49	79	29	Y	0.033	o11	0.47	-1	TTCCCCCTCCCaTTCCTCCTTTCTTTTTTC	-
ENSLCOT00000000235.1	50	80	29	Y	0.033	o10	0.5	-1	TCCCCCTCCCaTTCCTCCTTTCTTTTTTCC	-
ENSLCOT00000000235.1	51	81	29	Y	0.033	o9	0.53	-1	CCCCCTCCCaTTCCTCCTTTCTTTTTTCCC	-
ENSLCOT00000000235.1	266	280	13	R	0.071	o3	0.43	-1	GGAcAAGGAGAAGA	-
ENSLCOT00000000240.1	602	628	24	Y	0.077	o9o16	0.31	-1	TTCTCCTTTaTTTCCTaTCTTTCTCT	-
ENSLCOT00000000240.1	1038	1053	14	Y	0.067	o9	0.67	-1	CCTCCTCTCaCCCCT	-
ENSLCOT00000000240.1	308	323	14	R	0.067	o10	0.67	-1	GGGAGGGAAGtGGAG	-
ENSLCOT00000000240.1	365	379	13	R	0.071	o4	0.36	-1	AGGAtGGAGAAAAA	-
ENSLCOT00000000240.1	340	364	22	R	0.083	o18o21	0.38	-1	GAGGAGAGGAAAGAAAAAtGAcAG	-
ENSLCOT00000000240.1	338	361	21	R	0.087	o1o20	0.35	-1	AtGAGGAGAGGAAAGAAAAAtGA	-
ENSLCOT00000000240.1	332	358	24	R	0.077	o5o7	0.35	-1	AAAGGcAtGAGGAGAGGAAAGAAAAA	-
ENSLCOT00000000240.1	736	750	13	R	0.071	o7	0.36	-1	AAAAGAGtGGAAAG	-
ENSLCOT00000000240.1	992	1008	15	R	0.062	o7	0.25	-1	GAAGAAAcAGAGAAAA	-
ENSLCOT00000000240.1	774	788	13	M	0.071	o5	0.43	-1	GGTTGcTTTGTGTG	-
ENSLCOT00000000242.1	448	462	13	R	0.071	o1	0.36	-1	AtAAGAGAGAGAAG	-
ENSLCOT00000000242.1	500	527	27	R	0		0.48	-1	GAAAAAGGGGGAAAAAAAGAGAGGGGG	-
ENSLCOT00000000242.1	529	543	13	R	0.071	o12	0.29	-1	GAAAGAAAAAGAcG	-
ENSLCOT00000000242.1	562	580	18	R	0		0.28	-1	AAGAGAGAAAAAAGAAAG	-
ENSLCOT00000000242.1	588	614	24	R	0.077	o18o22	0.46	-1	GAGAGGAGAGAAGAGAGGcAGAtAGA	-
ENSLCOT00000000242.1	173	188	14	M	0.067	o9	0.27	-1	TTTTGTTTTaGTGTG	-
ENSLCOT00000000271.1	417	431	13	Y	0.071	o10	0.71	-1	TCCCCCCCTCaCCT	-
ENSLCOT00000000271.1	953	967	13	Y	0.071	o10	0.36	-1	TTTCTTTCCTaCCT	-
ENSLCOT00000000271.1	1048	1063	15	Y	0		0.67	-1	CTCCCTTCCTCCTCC	-
ENSLCOT00000000271.1	178	192	13	R	0.071	o12	0.43	-1	AGGAAGGAGGAAcA	-
ENSLCOT00000000271.1	341	355	14	R	0		0.5	-1	GGGGAGAAGAAAGA	-
ENSLCOT00000000271.1	778	803	23	R	0.08	o14o21	0.48	-1	AGGAGGAAGAGAAGcAGGGGGcAAA	-
ENSLCOT00000000271.1	776	799	21	R	0.087	o1o16	0.57	-1	GcAGGAGGAAGAGAAGcAGGGGG	-
ENSLCOT00000000271.1	852	867	14	R	0.067	o5	0.6	-1	GAGGGcAGGGAAGGA	-
ENSLCOT00000000271.1	1209	1226	16	R	0.059	o11	0.59	-1	AGAGGGAGGGGcAGGAA	-
ENSLCOT00000000271.1	1205	1220	14	R	0.067	o3	0.6	-1	AGAcAGAGGGAGGGG	-
ENSLCOT00000000271.1	259	275	15	M	0.062	o9	0.69	-1	TGTGGTGTGaGGGGGG	-
ENSLCOT00000000271.1	966	980	13	M	0.071	o4	0.43	-1	TGTGaGGTTTGGTT	-
ENSLCOT00000000271.1	1247	1263	15	M	0.062	o9	0.62	-1	TTGTGTGGGaGGGTGG	-
ENSLCOT00000000315.1	3	17	13	R	0.071	o7	0.36	-1	GAGGAGAtAGAAAA	-
ENSLCOT00000000337.1	1012	1026	13	Y	0.071	o2	0.5	-1	CTgCTCTCTCTCCT	-
ENSLCOT00000000337.1	1039	1055	15	Y	0.062	o8	0.38	-1	TCTTTCCCaCTTTTCT	-
ENSLCOT00000000337.1	959	975	15	R	0.062	o4	0.5	-1	AGGAtGGGAAGAGAGA	-
ENSLCOT00000000350.1	253	272	18	R	0.053	o12	0.53	-1	GGAGGAGGAGAAcAAGGAG	-
ENSLCOT00000000350.1	522	538	15	R	0.062	o1	0.75	-1	GtGGGGGGAGGAGGGA	-
ENSLCOT00000000350.1	777	793	15	R	0.062	o11	0.62	-1	GAGGGAGGGGAcAGGA	-
ENSLCOT00000000350.1	772	788	15	R	0.062	o4	0.69	-1	AGGGcGAGGGAGGGGA	-
ENSLCOT00000000350.1	801	815	13	R	0.071	o8	0.57	-1	GGAGGGGAcAGAGA	-
ENSLCOT00000000350.1	160	176	15	M	0.062	o11	0.69	-1	GGTGGTGGTGGcGGTG	-
ENSLCOT00000000350.1	519	533	13	M	0.071	o11	0.79	-1	GGTGTGGGGGGaGG	-
ENSLCOT00000000350.1	554	574	19	M	0.05	o9	0.7	-1	TGGTGGGGTcTGGGGGTGGG	-
ENSLCOT00000000363.1	791	806	14	Y	0.067	o4	0.73	-1	CCCCaTCCCCTCTCC	-
ENSLCOT00000000363.1	61	75	13	R	0.071	o11	0.71	-1	GAGGGGGGGAGcGA	-
ENSLCOT00000000363.1	58	72	13	R	0.071	o2	0.79	-1	GGcGAGGGGGGGAG	-
ENSLCOT00000000543.1	344	372	26	R	0.071	o7o19	0.36	-1	AAGAAGAtGAAGAAGAAGAtGAAGAAGG	-
ENSLCOT00000000572.1	134	153	18	Y	0.053	o9	0.58	-1	TCCCTCCTTgCCCCTTCTC	-
ENSLCOT00000000572.1	223	238	14	R	0.067	o10	0.67	-1	GGGGAAGGGGcGAGA	-
ENSLCOT00000000572.1	218	233	14	R	0.067	o4	0.73	-1	GGAGcGGGGAAGGGG	-
ENSLCOT00000000572.1	468	482	13	R	0.071	o2	0.64	-1	GAtGGGGAGGGAGA	-
ENSLCOT00000000572.1	566	582	15	R	0.062	o4	0.62	-1	AGGAcGAGGAGGGGGA	-
ENSLCOT00000000572.1	706	724	17	R	0.056	o6	0.5	-1	AAGGGGtAAAAAAGGGGG	-
ENSLCOT00000000572.1	684	700	15	R	0.062	o8	0.69	-1	GGGAAAGGtGAGGGGG	-
ENSLCOT00000000576.1	387	402	14	R	0.067	o2	0.53	-1	AGtGAAAGGGGGAAG	-
ENSLCOT00000000576.1	468	485	16	R	0.059	o5	0.41	-1	GAGAAtGGAAAGAGAAG	-
ENSLCOT00000000576.1	495	512	16	R	0.059	o13	0.35	-1	AGAAGAGAAGAAGcAAG	-
ENSLCOT00000000577.1	52	66	13	Y	0.071	o8	0.21	-1	TTTTTCTTaTTTCC	-
ENSLCOT00000000577.1	628	643	14	Y	0.067	o5	0.2	-1	TTTTTaTTTTCTCCT	-
ENSLCOT00000000577.1	653	669	15	Y	0.062	o4	0.12	-1	TTTTgCCTTTTTTTTT	-
ENSLCOT00000000577.1	658	675	16	Y	0.059	o11	0.35	-1	CCTTTTTTTTTgCCTCC	-
ENSLCOT00000000577.1	1093	1108	14	Y	0.067	o2	0.4	-1	CTgCTTTTCCCCTTT	-
ENSLCOT00000000577.1	1514	1530	15	Y	0.062	o2	0.31	-1	TTgCTCTCCTTTTCTT	-
ENSLCOT00000000577.1	1517	1533	15	Y	0.062	o13	0.38	-1	CTCTCCTTTTCTTaCT	-
ENSLCOT00000000577.1	161	176	14	R	0.067	o1	0.33	-1	GtAAGAAGAAAAAGG	-
ENSLCOT00000000577.1	420	436	15	R	0.062	o12	0.38	-1	GGGAGAAGAAAAcAAG	-
ENSLCOT00000000577.1	690	709	18	R	0.053	o7	0.42	-1	GAGGAAAcAAAAGGGGAAG	-
ENSLCOT00000000577.1	980	994	13	R	0.071	o2	0.36	-1	GAcAGAAGAGAGAA	-
ENSLCOT00000000577.1	145	160	14	M	0.067	o2	0.33	-1	TTaTGGTGGTTTTTG	-
ENSLCOT00000000577.1	148	163	14	M	0.067	o12	0.4	-1	TGGTGGTTTTTGcGT	-
ENSLCOT00000000577.1	1116	1142	24	M	0.077	o5o15	0.42	-1	TGGTGcTTGTTGGTTaGTTTGGTGTG	-
ENSLCOT00000000577.1	1122	1148	24	M	0.077	o9o20	0.38	-1	TTGTTGGTTaGTTTGGTGTGaTGGTT	-
ENSLCOT00000000578.1	52	66	13	Y	0.071	o8	0.21	-1	TTTTTCTTaTTTCC	-
ENSLCOT00000000578.1	559	574	14	Y	0.067	o5	0.2	-1	TTTTTaTTTTCTCCT	-
ENSLCOT00000000578.1	584	600	15	Y	0.062	o4	0.12	-1	TTTTgCCTTTTTTTTT	-
ENSLCOT00000000578.1	589	606	16	Y	0.059	o11	0.35	-1	CCTTTTTTTTTgCCTCC	-
ENSLCOT00000000578.1	1024	1039	14	Y	0.067	o2	0.4	-1	CTgCTTTTCCCCTTT	-
ENSLCOT00000000578.1	1445	1461	15	Y	0.062	o2	0.31	-1	TTgCTCTCCTTTTCTT	-
ENSLCOT00000000578.1	1448	1464	15	Y	0.062	o13	0.38	-1	CTCTCCTTTTCTTaCT	-
ENSLCOT00000000578.1	161	176	14	R	0.067	o1	0.33	-1	GtAAGAAGAAAAAGG	-
ENSLCOT00000000578.1	351	367	15	R	0.062	o12	0.38	-1	GGGAGAAGAAAAcAAG	-
ENSLCOT00000000578.1	621	640	18	R	0.053	o7	0.42	-1	GAGGAAAcAAAAGGGGAAG	-
ENSLCOT00000000578.1	911	925	13	R	0.071	o2	0.36	-1	GAcAGAAGAGAGAA	-
ENSLCOT00000000578.1	145	160	14	M	0.067	o2	0.33	-1	TTaTGGTGGTTTTTG	-
ENSLCOT00000000578.1	148	163	14	M	0.067	o12	0.4	-1	TGGTGGTTTTTGcGT	-
ENSLCOT00000000578.1	1047	1073	24	M	0.077	o5o15	0.42	-1	TGGTGcTTGTTGGTTaGTTTGGTGTG	-
ENSLCOT00000000578.1	1053	1079	24	M	0.077	o9o20	0.38	-1	TTGTTGGTTaGTTTGGTGTGaTGGTT	-
ENSLCOT00000000580.1	365	380	14	Y	0.067	o5	0.2	-1	TTTTTaTTTTCTCCT	-
ENSLCOT00000000580.1	390	406	15	Y	0.062	o4	0.12	-1	TTTTgCCTTTTTTTTT	-
ENSLCOT00000000580.1	395	412	16	Y	0.059	o11	0.35	-1	CCTTTTTTTTTgCCTCC	-
ENSLCOT00000000580.1	830	845	14	Y	0.067	o2	0.4	-1	CTgCTTTTCCCCTTT	-
ENSLCOT00000000580.1	1251	1267	15	Y	0.062	o2	0.31	-1	TTgCTCTCCTTTTCTT	-
ENSLCOT00000000580.1	1254	1270	15	Y	0.062	o13	0.38	-1	CTCTCCTTTTCTTaCT	-
ENSLCOT00000000580.1	157	173	15	R	0.062	o12	0.38	-1	GGGAGAAGAAAAcAAG	-
ENSLCOT00000000580.1	427	446	18	R	0.053	o7	0.42	-1	GAGGAAAcAAAAGGGGAAG	-
ENSLCOT00000000580.1	717	731	13	R	0.071	o2	0.36	-1	GAcAGAAGAGAGAA	-
ENSLCOT00000000580.1	853	879	24	M	0.077	o5o15	0.42	-1	TGGTGcTTGTTGGTTaGTTTGGTGTG	-
ENSLCOT00000000580.1	859	885	24	M	0.077	o9o20	0.38	-1	TTGTTGGTTaGTTTGGTGTGaTGGTT	-
ENSLCOT00000000582.1	598	613	14	Y	0.067	o5	0.2	-1	TTTTTaTTTTCTCCT	-
ENSLCOT00000000582.1	623	639	15	Y	0.062	o4	0.12	-1	TTTTgCCTTTTTTTTT	-
ENSLCOT00000000582.1	628	645	16	Y	0.059	o11	0.35	-1	CCTTTTTTTTTgCCTCC	-
ENSLCOT00000000582.1	1063	1078	14	Y	0.067	o2	0.4	-1	CTgCTTTTCCCCTTT	-
ENSLCOT00000000582.1	1484	1500	15	Y	0.062	o2	0.31	-1	TTgCTCTCCTTTTCTT	-
ENSLCOT00000000582.1	1487	1503	15	Y	0.062	o13	0.38	-1	CTCTCCTTTTCTTaCT	-
ENSLCOT00000000582.1	200	230	28	R	0.067	o6o26	0.1	-1	AAAAAAtAAGAAAGAAAAAAAGAAAAtAAA	-
ENSLCOT00000000582.1	199	229	28	R	0.067	o7o27	0.13	-1	GAAAAAAtAAGAAAGAAAAAAAGAAAAtAA	-
ENSLCOT00000000582.1	198	228	28	R	0.067	o8o28	0.13	-1	AGAAAAAAtAAGAAAGAAAAAAAGAAAAtA	-
ENSLCOT00000000582.1	197	226	28	R	0.034	o9	0.14	-1	AAGAAAAAAtAAGAAAGAAAAAAAGAAAA	-
ENSLCOT00000000582.1	195	225	28	R	0.067	o1o11	0.13	-1	AtAAGAAAAAAtAAGAAAGAAAAAAAGAAA	-
ENSLCOT00000000582.1	194	224	28	R	0.067	o2o12	0.13	-1	AAtAAGAAAAAAtAAGAAAGAAAAAAAGAA	-
ENSLCOT00000000582.1	390	406	15	R	0.062	o12	0.38	-1	GGGAGAAGAAAAcAAG	-
ENSLCOT00000000582.1	660	679	18	R	0.053	o7	0.42	-1	GAGGAAAcAAAAGGGGAAG	-
ENSLCOT00000000582.1	950	964	13	R	0.071	o2	0.36	-1	GAcAGAAGAGAGAA	-
ENSLCOT00000000582.1	60	74	13	M	0.071	o2	0.64	-1	GGcTGGGTTTGGGG	-
ENSLCOT00000000582.1	63	78	14	M	0.067	o11	0.67	-1	TGGGTTTGGGGaGGG	-
ENSLCOT00000000582.1	154	171	16	M	0.059	o7	0.35	-1	GTGTGTTcTGTTGGTTT	-
ENSLCOT00000000582.1	1086	1112	24	M	0.077	o5o15	0.42	-1	TGGTGcTTGTTGGTTaGTTTGGTGTG	-
ENSLCOT00000000582.1	1092	1118	24	M	0.077	o9o20	0.38	-1	TTGTTGGTTaGTTTGGTGTGaTGGTT	-
ENSLCOT00000000621.1	64	81	16	R	0.059	o10	0.53	-1	AGAGAGAGGGcAGAGGA	-
ENSLCOT00000000621.1	956	970	14	R	0		0.71	-1	GAGGGAGGGGGAAG	-
ENSLCOT00000000621.1	1093	1108	14	R	0.067	o3	0.73	-1	GAGcGGGGGAAGGGG	-
ENSLCOT00000000730.1	649	665	15	Y	0.062	o6	0.44	-1	TTCTCTgCTTCCTTCC	-
ENSLCOT00000000730.1	656	670	13	Y	0.071	o9	0.5	-1	CTTCCTTCCaCCTT	-
ENSLCOT00000000730.1	986	1016	28	Y	0.067	o3o17	0.37	-1	TCTgTCCTTTCTTCTCCaTCCTTTCTTCTT	-
ENSLCOT00000000730.1	987	1017	28	Y	0.067	o2o16	0.4	-1	CTgTCCTTTCTTCTCCaTCCTTTCTTCTTC	-
ENSLCOT00000000730.1	990	1020	28	Y	0.067	o13o27	0.4	-1	TCCTTTCTTCTCCaTCCTTTCTTCTTCaTC	-
ENSLCOT00000000730.1	991	1021	28	Y	0.067	o12o26	0.43	-1	CCTTTCTTCTCCaTCCTTTCTTCTTCaTCC	-
ENSLCOT00000000954.1	483	506	21	Y	0.087	o5o15	0.7	-1	TCCCCaTCTCCCCCCaCCTCCTC	-
ENSLCOT00000000954.1	559	576	16	Y	0.059	o2	0.71	-1	CCaCCCTCTCTCCCTCC	-
ENSLCOT00000000954.1	843	858	14	Y	0.067	o12	0.53	-1	TTCTCTTTCCCCaCC	-
ENSLCOT00000000954.1	957	971	13	Y	0.071	o4	0.5	-1	TCTCgCCTCTTCCT	-
ENSLCOT00000000954.1	962	977	14	Y	0.067	o9	0.47	-1	CCTCTTCCTgTCTCT	-
ENSLCOT00000000954.1	1232	1248	15	Y	0.062	o6	0.62	-1	CTCCCCaTCCTTCCCT	-
ENSLCOT00000000954.1	1281	1296	14	Y	0.067	o5	0.73	-1	CCCCTgCCCCTTCCC	-
ENSLCOT00000000954.1	1611	1625	13	Y	0.071	o7	0.29	-1	CTTCTTTaTTTTCC	-
ENSLCOT00000000954.1	1885	1905	19	Y	0.05	o10	0.4	-1	CTCCTTCCCTgTTTTTTTCC	-
ENSLCOT00000000954.1	1090	1106	15	R	0.062	o2	0.62	-1	GGcGAGGGAAGAGGAG	-
ENSLCOT00000000954.1	1468	1485	16	R	0.059	o3	0.53	-1	GGAtGAGAGGAAGGAGA	-
ENSLCOT00000000954.1	1668	1682	13	R	0.071	o1	0.36	-1	AcAGGAGAGGAAAA	-
ENSLCOT00000000954.1	357	371	13	M	0.071	o11	0.57	-1	TGGTGGTGGTGaTG	-
ENSLCOT00000000954.1	2076	2090	13	M	0.071	o3	0.43	-1	GGGaTTGTTTTTGG	-
ENSLCOT00000000955.1	112	137	23	Y	0.08	o6o9	0.44	-1	CTCCTTgTTgCTCTCTCCTCCCTTT	-
ENSLCOT00000000955.1	196	210	13	Y	0.071	o6	0.57	-1	CTCTCCaCCTTCCT	-
ENSLCOT00000000955.1	1156	1171	15	Y	0		0.73	-1	CCCTCCTTCCTCCCC	-
ENSLCOT00000000955.1	34	49	14	R	0.067	o9	0.53	-1	AGGAGGGAAcAGGAG	-
ENSLCOT00000000955.1	91	109	17	R	0.056	o9	0.61	-1	AGGGAGGGAcAGAGGGAG	-
ENSLCOT00000000955.1	697	713	15	R	0.062	o14	0.38	-1	AGAGGAGAAGAAGAcA	-
ENSLCOT00000000955.1	1300	1314	13	R	0.071	o7	0.43	-1	GAGGAAAcAGAGGA	-
ENSLCOT00000000955.1	1981	2004	21	R	0.087	o10o16	0.61	-1	GGGGGGGGAAcAGGAGcAGGAGA	-
ENSLCOT00000000955.1	530	545	14	M	0.067	o3	0.67	-1	TTGaGGGGGGGTTGG	-
ENSLCOT00000000955.1	534	548	13	M	0.071	o11	0.71	-1	GGGGGGGTTGGcTG	-
ENSLCOT00000000955.1	1409	1423	13	M	0.071	o6	0.64	-1	TGGGGGcTGTGGGT	-
ENSLCOT00000000983.1	76	91	14	R	0.067	o1	0.6	-1	GtGGAGGAAGAGGAG	-
ENSLCOT00000000983.1	218	233	14	R	0.067	o10	0.4	-1	GAAAGGAAGAcGAGA	-
ENSLCOT00000000988.1	1075	1089	13	Y	0.071	o6	0.29	-1	CTTCTTaCTTTTCT	-
ENSLCOT00000000988.1	554	570	15	R	0.062	o13	0.12	-1	AAAAAGAGAAAAAcAA	-
ENSLCOT00000000988.1	246	260	13	M	0.071	o3	0.36	-1	TTGcTGGTTTTGTG	-
ENSLCOT00000000988.1	347	371	22	M	0.083	o6o19	0.17	-1	TGTTTTaTTTGTTGTTTGTcTTTT	-
ENSLCOT00000000988.1	691	714	21	M	0.087	o9o13	0.13	-1	TTGTTTGTGaTTTaTTTTTTTTT	-
ENSLCOT00000000988.1	853	867	13	M	0.071	o2	0.21	-1	TTaTTTGTGTTTGT	-
ENSLCOT00000000989.1	267	283	15	Y	0.062	o1	0.31	-1	TgTCTCTTTTTCTCTC	-
ENSLCOT00000000989.1	269	296	25	Y	0.074	o14o20	0.33	-1	TCTCTTTTTCTCTCaCTTCTgCTCTTT	-
ENSLCOT00000000989.1	520	535	14	Y	0.067	o8	0.6	-1	CCTCTCCTgCCTCCT	-
ENSLCOT00000000989.1	196	212	15	R	0.062	o6	0.31	-1	GGAAGAtAGAAAAAGA	-
ENSLCOT00000000989.1	446	470	22	R	0.083	o16o18	0.46	-1	GAGAAGAGAAGGGAAAtGcAGGAG	-
ENSLCOT00000000989.1	158	172	13	M	0.071	o4	0.21	-1	TGTTcTTGTTTGTT	-
ENSLCOT00000000989.1	641	657	16	M	0		0.38	-1	TGGTTTTGGTTGTTTG	-
ENSLCOT00000000990.1	267	283	15	Y	0.062	o1	0.31	-1	TgTCTCTTTTTCTCTC	-
ENSLCOT00000000990.1	269	296	25	Y	0.074	o14o20	0.33	-1	TCTCTTTTTCTCTCaCTTCTgCTCTTT	-
ENSLCOT00000000990.1	196	212	15	R	0.062	o6	0.31	-1	GGAAGAtAGAAAAAGA	-
ENSLCOT00000000990.1	158	172	13	M	0.071	o4	0.21	-1	TGTTcTTGTTTGTT	-
ENSLCOT00000000991.1	267	283	15	Y	0.062	o1	0.31	-1	TgTCTCTTTTTCTCTC	-
ENSLCOT00000000991.1	269	296	25	Y	0.074	o14o20	0.33	-1	TCTCTTTTTCTCTCaCTTCTgCTCTTT	-
ENSLCOT00000000991.1	196	212	15	R	0.062	o6	0.31	-1	GGAAGAtAGAAAAAGA	-
ENSLCOT00000000991.1	158	172	13	M	0.071	o4	0.21	-1	TGTTcTTGTTTGTT	-
ENSLCOT00000000992.1	267	283	15	Y	0.062	o1	0.31	-1	TgTCTCTTTTTCTCTC	-
ENSLCOT00000000992.1	269	296	25	Y	0.074	o14o20	0.33	-1	TCTCTTTTTCTCTCaCTTCTgCTCTTT	-
ENSLCOT00000000992.1	196	212	15	R	0.062	o6	0.31	-1	GGAAGAtAGAAAAAGA	-
ENSLCOT00000000992.1	158	172	13	M	0.071	o4	0.21	-1	TGTTcTTGTTTGTT	-
ENSLCOT00000000992.1	448	462	13	M	0.071	o8	0.43	-1	TTGTTGGGaTGTTG	-
ENSLCOT00000000993.1	267	283	15	Y	0.062	o1	0.31	-1	TgTCTCTTTTTCTCTC	-
ENSLCOT00000000993.1	269	296	25	Y	0.074	o14o20	0.33	-1	TCTCTTTTTCTCTCaCTTCTgCTCTTT	-
ENSLCOT00000000993.1	196	212	15	R	0.062	o6	0.31	-1	GGAAGAtAGAAAAAGA	-
ENSLCOT00000000993.1	158	172	13	M	0.071	o4	0.21	-1	TGTTcTTGTTTGTT	-
ENSLCOT00000001086.1	440	454	13	Y	0.071	o2	0.36	-1	TTgTTCTTCCTCTC	-
ENSLCOT00000001086.1	707	737	28	Y	0.067	o7o13	0.33	-1	TCTTTCTaCTCTTaTCCTTCCTTTCTTTTC	-
ENSLCOT00000001086.1	708	738	28	Y	0.067	o6o12	0.37	-1	CTTTCTaCTCTTaTCCTTCCTTTCTTTTCC	-
ENSLCOT00000001086.1	709	739	28	Y	0.067	o5o11	0.33	-1	TTTCTaCTCTTaTCCTTCCTTTCTTTTCCT	-
ENSLCOT00000001086.1	710	740	28	Y	0.067	o4o10	0.33	-1	TTCTaCTCTTaTCCTTCCTTTCTTTTCCTT	-
ENSLCOT00000001086.1	715	742	25	Y	0.074	o5o25	0.33	-1	CTCTTaTCCTTCCTTTCTTTTCCTTaT	-
ENSLCOT00000001086.1	721	750	27	Y	0.069	o19o21	0.28	-1	TCCTTCCTTTCTTTTCCTTaTaTTTTCTT	-
ENSLCOT00000001086.1	218	233	14	R	0.067	o13	0.33	-1	GGGAAAAAAAGAAtG	-
ENSLCOT00000001086.1	591	607	15	M	0.062	o12	0.38	-1	GTGTTTTGTGGGcTTT	-
ENSLCOT00000001108.1	383	397	13	Y	0.071	o8	0.64	-1	CCCCTTCCaTCTCC	-
ENSLCOT00000001108.1	936	959	21	Y	0.087	o1o7	0.48	-1	TaCTTCCaTTCTCCTCTCCCTTC	-
ENSLCOT00000001108.1	938	965	25	Y	0.074	o5o21	0.52	-1	CTTCCaTTCTCCTCTCCCTTCaTCTCC	-
ENSLCOT00000001108.1	944	970	24	Y	0.077	o15o21	0.54	-1	TTCTCCTCTCCCTTCaTCTCCaCTCC	-
ENSLCOT00000001108.1	38	57	19	R	0		0.53	-1	GGGAAAGGGAGGGGAAAAA	-
ENSLCOT00000001108.1	1025	1045	19	R	0.05	o4	0.6	-1	AGGGtGGGGAGGAGAAGAAG	-
ENSLCOT00000001108.1	1339	1355	15	R	0.062	o4	0.56	-1	AAAGtGGGAGGAGAGG	-
ENSLCOT00000001108.1	274	301	25	M	0.074	o2o7	0.37	-1	TGaGTTGaGGTTTGTGTTTGTTTGGTT	-
ENSLCOT00000001108.1	277	307	28	M	0.067	o4o24	0.37	-1	GTTGaGGTTTGTGTTTGTTTGGTTcGGTTT	-
ENSLCOT00000001108.1	278	308	28	M	0.067	o3o23	0.37	-1	TTGaGGTTTGTGTTTGTTTGGTTcGGTTTG	-
ENSLCOT00000001108.1	279	309	28	M	0.067	o2o22	0.4	-1	TGaGGTTTGTGTTTGTTTGGTTcGGTTTGG	-
ENSLCOT00000001108.1	280	310	28	M	0.067	o1o21	0.43	-1	GaGGTTTGTGTTTGTTTGGTTcGGTTTGGG	-
ENSLCOT00000001108.1	282	311	28	M	0.034	o19	0.45	-1	GGTTTGTGTTTGTTTGGTTcGGTTTGGGG	-
ENSLCOT00000001108.1	283	313	28	M	0.067	o18o28	0.43	-1	GTTTGTGTTTGTTTGGTTcGGTTTGGGGcG	-
ENSLCOT00000001108.1	284	314	28	M	0.067	o17o27	0.43	-1	TTTGTGTTTGTTTGGTTcGGTTTGGGGcGG	-
ENSLCOT00000001108.1	285	315	28	M	0.067	o16o26	0.43	-1	TTGTGTTTGTTTGGTTcGGTTTGGGGcGGT	-
ENSLCOT00000001108.1	286	316	28	M	0.067	o15o25	0.43	-1	TGTGTTTGTTTGGTTcGGTTTGGGGcGGTT	-
ENSLCOT00000001108.1	287	317	28	M	0.067	o14o24	0.43	-1	GTGTTTGTTTGGTTcGGTTTGGGGcGGTTT	-
ENSLCOT00000001108.1	288	318	28	M	0.067	o13o23	0.4	-1	TGTTTGTTTGGTTcGGTTTGGGGcGGTTTT	-
ENSLCOT00000001108.1	289	319	28	M	0.067	o12o22	0.4	-1	GTTTGTTTGGTTcGGTTTGGGGcGGTTTTT	-
ENSLCOT00000001108.1	290	320	28	M	0.067	o11o21	0.37	-1	TTTGTTTGGTTcGGTTTGGGGcGGTTTTTT	-
ENSLCOT00000001108.1	291	321	28	M	0.067	o10o20	0.37	-1	TTGTTTGGTTcGGTTTGGGGcGGTTTTTTT	-
ENSLCOT00000001108.1	292	322	28	M	0.067	o9o19	0.4	-1	TGTTTGGTTcGGTTTGGGGcGGTTTTTTTG	-
ENSLCOT00000001108.1	293	323	28	M	0.067	o8o18	0.4	-1	GTTTGGTTcGGTTTGGGGcGGTTTTTTTGT	-
ENSLCOT00000001108.1	302	332	28	M	0.067	o9o21	0.3	-1	GGTTTGGGGcGGTTTTTTTGTcTTTTTTTT	-
ENSLCOT00000001108.1	303	333	28	M	0.067	o8o20	0.27	-1	GTTTGGGGcGGTTTTTTTGTcTTTTTTTTT	-
ENSLCOT00000001157.1	259	275	15	Y	0.062	o3	0.69	-1	CTCaCCCCTCTCTCCC	-
ENSLCOT00000001157.1	36	54	17	R	0.056	o12	0.72	-1	GGGGAGAGGGGGtGGGAA	-
ENSLCOT00000001157.1	157	173	15	M	0.062	o3	0.62	-1	GGTcGTGGTGGGTTGG	-
ENSLCOT00000001262.1	829	843	13	Y	0.071	o3	0.21	-1	CTTaTTTCTCTTTT	-
ENSLCOT00000001262.1	15	29	13	R	0.071	o4	0.36	-1	AGGAtAAGGGAAAA	-
ENSLCOT00000001262.1	340	357	16	R	0.059	o15	0.47	-1	AAGAGGGAAGGAGGAtA	-
ENSLCOT00000001262.1	337	355	17	R	0.056	o2	0.44	-1	AAcAAGAGGGAAGGAGGA	-
ENSLCOT00000001311.1	31	46	15	M	0		0.27	-1	TTTTGTGTTTGTGTT	-
ENSLCOT00000001324.1	89	104	14	Y	0.067	o13	0.47	-1	TTTTCCCTCCCTTgC	-
ENSLCOT00000001324.1	153	170	16	R	0.059	o9	0.41	-1	AAAGAAGAGcGAGAAGG	-
ENSLCOT00000001324.1	175	194	19	R	0		0.42	-1	AAGGGGAAGAAAGGAAAAG	-
ENSLCOT00000001324.1	205	219	13	R	0.071	o11	0.36	-1	AAGGAGGGAAAcAA	-
ENSLCOT00000001324.1	202	216	13	R	0.071	o2	0.5	-1	GGcAAGGAGGGAAA	-
ENSLCOT00000001324.1	439	457	17	R	0.056	o10	0.83	-1	GGGGGGAGGGtGGAGGGG	-
ENSLCOT00000001324.1	421	445	22	M	0.083	o1o4	0.46	-1	GcTTcGTTGTTGTGTTTTGGGGGG	-
ENSLCOT00000001324.1	423	452	27	M	0.069	o2o22	0.52	-1	TTcGTTGTTGTGTTTTGGGGGGaGGGTGG	-
ENSLCOT00000001324.1	426	456	28	M	0.067	o19o26	0.6	-1	GTTGTTGTGTTTTGGGGGGaGGGTGGaGGG	-
ENSLCOT00000001324.1	427	457	28	M	0.067	o18o25	0.6	-1	TTGTTGTGTTTTGGGGGGaGGGTGGaGGGG	-
ENSLCOT00000001324.1	428	458	28	M	0.067	o17o24	0.6	-1	TGTTGTGTTTTGGGGGGaGGGTGGaGGGGT	-
ENSLCOT00000001405.1	304	318	13	Y	0.071	o5	0.36	-1	TCTCTgTTTCCTTC	-
ENSLCOT00000001405.1	1085	1100	15	Y	0		0.4	-1	CCTTCTTTTCTCCTT	-
ENSLCOT00000001405.1	200	215	14	R	0.067	o8	0.53	-1	GAAGGAAGcAAGGGG	-
ENSLCOT00000001405.1	194	208	13	R	0.071	o5	0.5	-1	GGAAGtGAAGGAAG	-
ENSLCOT00000001405.1	248	263	14	R	0.067	o5	0.4	-1	AAGAAtGGAAGAAGG	-
ENSLCOT00000001405.1	379	409	29	R	0.033	o18	0.4	-1	GGAGGAAGAGGAAGAAAAtGAAGAAAGAGA	-
ENSLCOT00000001405.1	378	408	29	R	0.033	o19	0.4	-1	AGGAGGAAGAGGAAGAAAAtGAAGAAAGAG	-
ENSLCOT00000001405.1	377	407	29	R	0.033	o20	0.4	-1	GAGGAGGAAGAGGAAGAAAAtGAAGAAAGA	-
ENSLCOT00000001405.1	376	406	29	R	0.033	o21	0.4	-1	AGAGGAGGAAGAGGAAGAAAAtGAAGAAAG	-
ENSLCOT00000001405.1	375	405	29	R	0.033	o22	0.4	-1	GAGAGGAGGAAGAGGAAGAAAAtGAAGAAA	-
ENSLCOT00000001405.1	374	404	29	R	0.033	o23	0.43	-1	GGAGAGGAGGAAGAGGAAGAAAAtGAAGAA	-
ENSLCOT00000001405.1	373	403	29	R	0.033	o24	0.43	-1	AGGAGAGGAGGAAGAGGAAGAAAAtGAAGA	-
ENSLCOT00000001405.1	372	402	29	R	0.033	o25	0.43	-1	AAGGAGAGGAGGAAGAGGAAGAAAAtGAAG	-
ENSLCOT00000001405.1	371	401	29	R	0.033	o26	0.4	-1	AAAGGAGAGGAGGAAGAGGAAGAAAAtGAA	-
ENSLCOT00000001405.1	370	400	29	R	0.033	o27	0.4	-1	AAAAGGAGAGGAGGAAGAGGAAGAAAAtGA	-
ENSLCOT00000001405.1	369	399	29	R	0.033	o28	0.4	-1	AAAAAGGAGAGGAGGAAGAGGAAGAAAAtG	-
ENSLCOT00000001405.1	367	397	30	R	0		0.4	-1	GAAAAAAGGAGAGGAGGAAGAGGAAGAAAA	-
ENSLCOT00000001405.1	366	396	30	R	0		0.43	-1	GGAAAAAAGGAGAGGAGGAAGAGGAAGAAA	-
ENSLCOT00000001405.1	507	521	13	R	0.071	o4	0.43	-1	AAAGcGAAGGGAGA	-
ENSLCOT00000001405.1	539	568	27	R	0.069	o22o25	0.48	-1	GAGAGGAAGAGGAGAAGAGGAAcAGtGAG	-
ENSLCOT00000001405.1	536	564	26	R	0.071	o2o25	0.46	-1	AGtGAGAGGAAGAGGAGAAGAGGAAcAG	-
ENSLCOT00000001405.1	587	603	15	R	0.062	o7	0.5	-1	GAGAGAAcGGAGAGAG	-
ENSLCOT00000001405.1	893	909	15	R	0.062	o5	0.44	-1	AGAGAcAAGGGGAGAA	-
ENSLCOT00000001437.1	893	916	21	Y	0.087	o5o17	0.57	-1	CCTCCaCCCCTTTTTCTaCTCCC	-
ENSLCOT00000001437.1	899	926	25	Y	0.074	o11o17	0.44	-1	CCCCTTTTTCTaCTCCCgCTTTTTCCT	-
ENSLCOT00000001437.1	917	942	23	Y	0.08	o9o12	0.4	-1	CTTTTTCCTgCCgTCTTTCTCTCTC	-
ENSLCOT00000001437.1	1084	1105	20	Y	0.048	o8	0.52	-1	CCCTTCTTgCTCCTCTCCCTT	-
ENSLCOT00000001437.1	441	456	15	R	0		0.47	-1	AGAAGGAAGAAGGGA	-
ENSLCOT00000001437.1	569	592	21	R	0.087	o5o19	0.35	-1	GAAAGcAAGAGAAAGGAGAtAGA	-
ENSLCOT00000001437.1	717	747	28	R	0.067	o11o25	0.37	-1	AAGAAAGAAGAcAAAGAGGAGAAGGtGAGA	-
ENSLCOT00000001437.1	1182	1199	16	R	0.059	o6	0.24	-1	GAAAAAcAGAAGAGAAA	-
ENSLCOT00000001437.1	1450	1466	15	M	0.062	o9	0.56	-1	TGGTGTGTGcTGTGGG	-
