# Sequence-ID	Start	End	Score	Motif	Error-rate	Errors	Guanine-rate	Duplicates	TFO	Duplicate locations
ENSLCOT00000000003.1	77	90	13	Y	0		0.69	0	TCTCCCCCCTCTC	-
ENSLCOT00000000003.1	338	357	18	Y	0.053	o4	0.58	2	TCTCACCCCTCTCTCTCCT	-
ENSLCOT00000000003.1	437	456	18	Y	0.053	o4	0.58	2	TCTCACCCCTCTCTCTCCT	-
ENSLCOT00000000003.1	516	535	18	Y	0.053	o4	0.58	2	TCTCACCCCTCTCTCTCCT	-
ENSLCOT00000000003.1	654	664	10	Y	0		0.7	2	TCTCTCCCCC	-
ENSLCOT00000000003.1	933	947	13	Y	0.071	o4	0.64	0	CCCCACCTCCTTCT	-
ENSLCOT00000000003.1	11	25	13	M	0.071	o5	0.64	0	GGGTTCTGGGGGGT	-
ENSLCOT00000000003.1	29	45	16	M	0		0.5	2	GGGTGTTTTTTGGGGT	-
ENSLCOT00000000003.1	110	124	13	M	0.071	o2	0.57	0	TGAGTTTGGGGGGT	-
ENSLCOT00000000003.1	113	126	12	M	0.077	o11	0.54	1	GTTTGGGGGGTCT	-
ENSLCOT00000000003.1	148	164	15	M	0.062	o2	0.56	0	GGATGGGTTTTGGGGT	-
ENSLCOT00000000003.1	152	166	13	M	0.071	o12	0.5	0	GGGTTTTGGGGTCT	-
ENSLCOT00000000003.1	168	184	16	M	0		0.62	0	GGGTGGGTTTTGGGGT	-
ENSLCOT00000000003.1	188	204	15	M	0.062	o11	0.5	0	GGGTGGTTTTTAGGGT	-
ENSLCOT00000000003.1	228	244	16	M	0		0.5	2	GGGTGTTTTTTGGGGT	-
ENSLCOT00000000003.1	248	264	15	M	0.062	o2	0.62	0	GGATGGTTTGGGGGGT	-
ENSLCOT00000000003.1	251	266	14	M	0.067	o13	0.53	0	TGGTTTGGGGGGTCT	-
ENSLCOT00000000003.1	288	304	16	M	0		0.5	2	GGGTGTTTTTTGGGGT	-
ENSLCOT00000000003.1	586	601	15	M	0		0.53	0	GGGTGTTTTTGGGGT	-
ENSLCOT00000000003.1	605	622	17	M	0		0.53	0	GGGTGGTTTTTTGGGGT	-
ENSLCOT00000000003.1	625	642	16	M	0.059	o9	0.53	0	GGGGTGTTTATTGGGGT	-
ENSLCOT00000000010.1	256	285	27	Y	0.069	o3o10	0.69	0	CCCACCCCCCGCCCCTTTCTCCCTCCTTC	-
ENSLCOT00000000010.1	921	931	10	Y	0		0.6	2	CTTCTCCCTC	-
ENSLCOT00000000010.1	689	702	12	R	0.077	o7	0.69	0	GGAGGGACGGGGA	-
ENSLCOT00000000010.1	647	662	14	R	0.067	o6	0.53	0	AAAGGGCGAGAGGGA	-
ENSLCOT00000000010.1	2	15	12	M	0.077	o8	0.69	0	GTTTGGGGAGGGG	-
ENSLCOT00000000010.1	36	95	55	M	0.068	o16o17o43o46	0.59	0	GGTTGTGGGTGGGGGTAATTTGTGGGTGGGGTTGTGGGTGTGGCTGAGTGTGGGTGTGG	-
ENSLCOT00000000010.1	98	114	15	M	0.062	o3	0.62	0	TGGCTTGTGGGTGGGG	-
ENSLCOT00000000010.1	137	152	14	M	0.067	o12	0.67	0	TGGTGGGTGGGGCTG	-
ENSLCOT00000000010.1	174	202	27	M	0.036	o26	0.61	0	GTGGGTGGGGTTGTTTGTGGGTGGGGCT	-
ENSLCOT00000000010.1	341	351	10	M	0		0.7	1	GGTTTGGGGG	-
ENSLCOT00000000010.1	632	642	10	M	0		0.7	1	TTTGGGGGGG	-
ENSLCOT00000000046.1	242	255	12	Y	0.077	o5	0.62	0	CCTTCATCTCCCC	-
ENSLCOT00000000046.1	713	727	14	Y	0		0.5	0	CTTTTTTTCCCCCC	-
ENSLCOT00000000046.1	991	1007	15	Y	0.062	o1	0.5	0	CATTCTCCCTTTCCTC	-
ENSLCOT00000000046.1	1011	1025	13	Y	0.071	o11	0.5	0	CTTCCTCTCTTGCC	-
ENSLCOT00000000102.1	344	357	12	Y	0.077	o8	0.69	0	TCCCCCCCATTCC	-
ENSLCOT00000000102.1	751	765	13	Y	0.071	o8	0.57	0	CCCCCCCCATTTTT	-
ENSLCOT00000000102.1	2	13	11	M	0		0.55	2	GTTTTGGGGGT	-
ENSLCOT00000000102.1	133	147	14	M	0		0.5	2	TGGTTTTGGGGTGT	-
ENSLCOT00000000102.1	176	188	12	M	0		0.5	0	GGTTTTGGGTTG	-
ENSLCOT00000000102.1	217	231	14	M	0		0.5	0	GGTTTTTGGGGTGT	-
ENSLCOT00000000102.1	233	247	14	M	0		0.5	2	TGGTTTTGGGGTGT	-
ENSLCOT00000000102.1	275	303	26	M	0.071	o13o14	0.5	0	GGTTTTGGGGTGTCCTGGTTTTGGGGTG	-
ENSLCOT00000000102.1	290	304	14	M	0		0.5	2	TGGTTTTGGGGTGT	-
ENSLCOT00000000102.1	316	328	12	M	0		0.5	0	TTTTTGGGGGGT	-
ENSLCOT00000000102.1	365	381	15	M	0.062	o2	0.56	0	GGATTTTGGGGGGTTG	-
ENSLCOT00000000102.1	399	413	14	M	0		0.5	0	TTTTTTGGGGGGGT	-
ENSLCOT00000000102.1	477	491	14	M	0		0.57	1	GGTTTTGGGGGTGT	-
ENSLCOT00000000102.1	519	532	12	M	0.077	o1	0.54	2	GATTTTGGGGGGT	-
ENSLCOT00000000102.1	521	534	12	M	0.077	o11	0.54	1	TTTTGGGGGGTCG	-
ENSLCOT00000000102.1	567	581	14	M	0		0.57	1	GGTTTTGGGGGTGT	-
ENSLCOT00000000102.1	608	622	13	M	0.071	o3	0.5	0	TTGATTTTGGGGGG	-
ENSLCOT00000000102.1	609	623	13	M	0.071	o2	0.5	0	TGATTTTGGGGGGT	-
ENSLCOT00000000102.1	612	625	12	M	0.077	o11	0.54	1	TTTTGGGGGGTCG	-
ENSLCOT00000000102.1	651	668	17	M	0		0.53	0	GTGTTGGGTTTTTGGGG	-
ENSLCOT00000000102.1	822	839	16	M	0.059	o4	0.53	0	GTGTCGGGTTTTTGGGG	-
ENSLCOT00000000102.1	1126	1138	12	M	0		0.5	2	GTTTTTGGGGTG	-
ENSLCOT00000000102.1	1142	1154	12	M	0		0.5	2	GTTTTTGGGGTG	-
ENSLCOT00000000118.1	159	172	12	R	0.077	o8	0.69	0	GAGGGGAGCAGGG	-
ENSLCOT00000000118.1	393	403	10	R	0		0.5	1	AAGAGGAGGA	-
ENSLCOT00000000118.1	392	402	10	R	0		0.5	1	AAAGAGGAGG	-
ENSLCOT00000000118.1	517	529	12	R	0		0.5	0	AAGGAGAGGAAG	-
ENSLCOT00000000120.1	127	137	10	R	0		0.5	1	AAGAGGAGGA	-
ENSLCOT00000000120.1	395	411	15	R	0.062	o10	0.5	0	AGGAGGAGAACGAGAG	-
ENSLCOT00000000120.1	394	404	10	R	0		0.5	0	AAGGAGGAGA	-
ENSLCOT00000000120.1	371	385	13	R	0.071	o1	0.5	0	ACGAGGAGAAGGAG	-
ENSLCOT00000000120.1	48	58	10	M	0		0.7	1	GTGGGTGGGT	-
ENSLCOT00000000120.1	49	59	10	M	0		0.7	1	TGGGTGGGTG	-
ENSLCOT00000000120.1	728	758	28	M	0.067	o2o4	0.67	0	GGCTCTGGGGGGGTGTGTGGGGGGGTTGTG	-
ENSLCOT00000000120.1	733	761	26	M	0.071	o25o26	0.64	0	TGGGGGGGTGTGTGGGGGGGTTGTGCCT	-
ENSLCOT00000000120.1	802	812	10	M	0		0.6	0	TGGGGTTTGG	-
ENSLCOT00000000128.1	107	117	10	R	0		0.5	0	GAAGGAAGAG	-
ENSLCOT00000000128.1	439	449	10	R	0		0.5	1	AAGGGGAGAA	-
ENSLCOT00000000128.1	494	504	10	R	0		0.5	1	GAGGAGGAAA	-
ENSLCOT00000000128.1	760	774	13	R	0.071	o8	0.5	0	GGAAAAGGCAGAGG	-
ENSLCOT00000000128.1	989	999	10	R	0		0.5	0	GGAGGAAGAA	-
ENSLCOT00000000142.1	162	176	13	Y	0.071	o7	0.5	0	TTCTTCCGCCTTCC	-
ENSLCOT00000000142.1	461	473	12	Y	0		0.58	0	TTTCTTCCCCCC	-
ENSLCOT00000000142.1	894	907	12	Y	0.077	o9	0.54	0	CCTCTCCTTGCTC	-
ENSLCOT00000000142.1	555	568	12	R	0.077	o8	0.69	0	AGAGGGGGTGGAG	-
ENSLCOT00000000142.1	371	385	13	M	0.071	o3	0.57	0	TGGATTTTGGGGGG	-
ENSLCOT00000000142.1	375	388	12	M	0.077	o10	0.54	0	TTTTGGGGGGCGT	-
ENSLCOT00000000142.1	404	423	18	M	0.053	o4	0.63	0	TTGGAGGGGGGTTTGGGGT	-
ENSLCOT00000000142.1	613	629	15	M	0.062	o9	0.69	0	GTTTTGGGGCGGGGGG	-
ENSLCOT00000000142.1	1025	1041	15	M	0.062	o5	0.5	0	TGTTGAGGTTGGTTGG	-
ENSLCOT00000000142.1	1026	1042	15	M	0.062	o4	0.5	0	GTTGAGGTTGGTTGGT	-
ENSLCOT00000000142.1	1083	1097	13	M	0.071	o3	0.64	0	TTGAGGGGGGTGGT	-
ENSLCOT00000000142.1	1087	1101	13	M	0.071	o10	0.57	0	GGGGGGTGGTCTTT	-
ENSLCOT00000000182.1	145	162	16	R	0.059	o5	0.65	0	AGGGGCAGGAGGAGGAG	-
ENSLCOT00000000182.1	92	105	12	M	0.077	o8	0.69	0	TGTGGGGGAGGTG	-
ENSLCOT00000000188.1	801	817	15	Y	0.062	o5	0.56	0	TTCCCGCTCCTTTCCC	-
ENSLCOT00000000188.1	426	441	14	R	0.067	o10	0.53	0	AGGAGGAGAGCGAAG	-
ENSLCOT00000000188.1	421	436	14	R	0.067	o4	0.6	0	GGAGCAGGAGGAGAG	-
ENSLCOT00000000188.1	561	572	11	R	0		0.64	0	GGAAAGGGGGA	-
ENSLCOT00000000188.1	489	501	12	M	0		0.58	0	GTTTTTGGGGGG	-
ENSLCOT00000000188.1	566	582	15	M	0.062	o5	0.69	0	GGGGGATTTGGGGGGT	-
ENSLCOT00000000235.1	33	73	37	Y	0.075	o3o12o27	0.5	0	CTCACTTTTCCCATCTTTCCCCCTCCCATTCCTCCTTTCT	-
ENSLCOT00000000235.1	40	74	32	Y	0.059	o5o20	0.5	0	TTCCCATCTTTCCCCCTCCCATTCCTCCTTTCTT	-
ENSLCOT00000000235.1	41	81	38	Y	0.05	o4o19	0.5	0	TCCCATCTTTCCCCCTCCCATTCCTCCTTTCTTTTTTCCC	-
ENSLCOT00000000235.1	143	153	10	Y	0		0.5	2	TCCCTTTTCC	-
ENSLCOT00000000235.1	144	154	10	Y	0		0.5	0	CCCTTTTCCT	-
ENSLCOT00000000235.1	380	392	12	Y	0		0.67	0	CCTTCCCTTCCC	-
ENSLCOT00000000235.1	318	328	10	M	0		0.7	1	GTGGGTGGGT	-
ENSLCOT00000000235.1	319	329	10	M	0		0.7	1	TGGGTGGGTG	-
ENSLCOT00000000240.1	1038	1053	14	Y	0.067	o9	0.67	0	CCTCCTCTCACCCCT	-
ENSLCOT00000000240.1	340	354	14	R	0		0.5	0	GAGGAGAGGAAAGA	-
ENSLCOT00000000240.1	308	323	14	R	0.067	o10	0.67	0	GGGAGGGAAGTGGAG	-
ENSLCOT00000000240.1	305	318	12	R	0.077	o2	0.62	0	AGTGGGAGGGAAG	-
ENSLCOT00000000240.1	675	685	10	M	0		0.5	1	GGTGGTGTTT	-
ENSLCOT00000000242.1	47	58	11	Y	0		0.55	0	CCCTCTTTCCT	-
ENSLCOT00000000242.1	588	610	21	R	0.045	o18	0.5	0	GAGAGGAGAGAAGAGAGGCAGA	-
ENSLCOT00000000242.1	506	534	26	R	0.071	o21o22	0.5	0	GGGGGAAAAAAAGAGAGGGGGTTGAAAG	-
ENSLCOT00000000242.1	505	531	24	R	0.077	o22o23	0.5	0	AGGGGGAAAAAAAGAGAGGGGGTTGA	-
ENSLCOT00000000242.1	504	530	24	R	0.077	o23o24	0.5	0	AAGGGGGAAAAAAAGAGAGGGGGTTG	-
ENSLCOT00000000242.1	503	527	24	R	0		0.5	0	AAAGGGGGAAAAAAAGAGAGGGGG	-
ENSLCOT00000000242.1	500	512	12	R	0		0.5	0	GAAAAAGGGGGA	-
ENSLCOT00000000242.1	452	462	10	R	0		0.5	0	GAGAGAGAAG	-
ENSLCOT00000000271.1	378	391	12	Y	0.077	o7	0.69	0	CCTCCTCACCCCT	-
ENSLCOT00000000271.1	414	427	12	Y	0.077	o2	0.69	0	CTGTCCCCCCCTC	-
ENSLCOT00000000271.1	569	579	10	Y	0		0.5	1	CTTCTTCCCT	-
ENSLCOT00000000271.1	699	709	10	Y	0		0.5	0	TTTCCCTCTC	-
ENSLCOT00000000271.1	1048	1063	15	Y	0		0.67	0	CTCCCTTCCTCCTCC	-
ENSLCOT00000000271.1	1077	1087	10	Y	0		0.5	0	CTCTCCCTTT	-
ENSLCOT00000000271.1	178	190	12	R	0		0.5	0	AGGAAGGAGGAA	-
ENSLCOT00000000271.1	267	277	10	R	0		0.7	0	GAGGGGGGAA	-
ENSLCOT00000000271.1	341	355	14	R	0		0.5	0	GGGGAGAAGAAAGA	-
ENSLCOT00000000271.1	778	799	20	R	0.048	o14	0.57	0	AGGAGGAAGAGAAGCAGGGGG	-
ENSLCOT00000000271.1	776	792	15	R	0.062	o1	0.5	0	GCAGGAGGAAGAGAAG	-
ENSLCOT00000000271.1	852	867	14	R	0.067	o5	0.6	0	GAGGGCAGGGAAGGA	-
ENSLCOT00000000271.1	1209	1226	16	R	0.059	o11	0.59	0	AGAGGGAGGGGCAGGAA	-
ENSLCOT00000000271.1	1205	1220	14	R	0.067	o3	0.6	0	AGACAGAGGGAGGGG	-
ENSLCOT00000000271.1	79	92	12	M	0.077	o3	0.54	0	TGGCTGTGGTTGG	-
ENSLCOT00000000271.1	259	275	15	M	0.062	o9	0.69	0	TGTGGTGTGAGGGGGG	-
ENSLCOT00000000271.1	401	414	12	M	0.077	o3	0.62	0	TGGAGGTGTGGTG	-
ENSLCOT00000000271.1	405	418	12	M	0.077	o9	0.54	0	GGTGTGGTGCTGT	-
ENSLCOT00000000271.1	1160	1171	11	M	0		0.55	0	TGGGTTTGGGT	-
ENSLCOT00000000271.1	1247	1263	15	M	0.062	o9	0.62	0	TTGTGTGGGAGGGTGG	-
ENSLCOT00000000337.1	426	436	10	Y	0		0.5	0	TCTTCCCTCT	-
ENSLCOT00000000337.1	1012	1026	13	Y	0.071	o2	0.5	0	CTGCTCTCTCTCCT	-
ENSLCOT00000000337.1	959	975	15	R	0.062	o4	0.5	0	AGGATGGGAAGAGAGA	-
ENSLCOT00000000337.1	880	893	12	M	0.077	o4	0.54	0	GGTGAGGGTTTGT	-
ENSLCOT00000000350.1	421	455	32	Y	0.059	o6o13	0.5	0	CCTCCTGCCTTTCACCTTTTTCCTCCTCCTCCTT	-
ENSLCOT00000000350.1	506	519	12	Y	0.077	o6	0.62	0	TTCCCTGTCCCCC	-
ENSLCOT00000000350.1	253	272	18	R	0.053	o12	0.53	0	GGAGGAGGAGAACAAGGAG	-
ENSLCOT00000000350.1	528	538	10	R	0		0.7	0	GGAGGAGGGA	-
ENSLCOT00000000350.1	801	815	13	R	0.071	o8	0.57	0	GGAGGGGACAGAGA	-
ENSLCOT00000000350.1	777	793	15	R	0.062	o11	0.62	0	GAGGGAGGGGACAGGA	-
ENSLCOT00000000350.1	772	788	15	R	0.062	o4	0.69	0	AGGGCGAGGGAGGGGA	-
ENSLCOT00000000350.1	158	171	12	M	0.077	o1	0.69	0	GCGGTGGTGGTGG	-
ENSLCOT00000000350.1	160	176	15	M	0.062	o11	0.69	0	GGTGGTGGTGGCGGTG	-
ENSLCOT00000000350.1	554	574	19	M	0.05	o9	0.7	0	TGGTGGGGTCTGGGGGTGGG	-
ENSLCOT00000000363.1	791	804	12	Y	0.077	o4	0.69	0	CCCCATCCCCTCT	-
ENSLCOT00000000363.1	792	805	12	Y	0.077	o3	0.69	0	CCCATCCCCTCTC	-
ENSLCOT00000000363.1	793	806	12	Y	0.077	o2	0.69	0	CCATCCCCTCTCC	-
ENSLCOT00000000363.1	1094	1104	10	Y	0		0.6	0	CCCCTCTTCT	-
ENSLCOT00000000363.1	62	75	12	R	0.077	o10	0.69	0	AGGGGGGGAGCGA	-
ENSLCOT00000000363.1	1297	1307	10	M	0		0.7	0	GGTGGTGGGT	-
ENSLCOT00000000572.1	134	153	18	Y	0.053	o9	0.58	0	TCCCTCCTTGCCCCTTCTC	-
ENSLCOT00000000572.1	223	238	14	R	0.067	o10	0.67	0	GGGGAAGGGGCGAGA	-
ENSLCOT00000000572.1	220	233	12	R	0.077	o2	0.69	0	AGCGGGGAAGGGG	-
ENSLCOT00000000572.1	219	232	12	R	0.077	o3	0.69	0	GAGCGGGGAAGGG	-
ENSLCOT00000000572.1	218	231	12	R	0.077	o4	0.69	0	GGAGCGGGGAAGG	-
ENSLCOT00000000572.1	468	482	13	R	0.071	o2	0.64	0	GATGGGGAGGGAGA	-
ENSLCOT00000000572.1	571	584	12	R	0.077	o11	0.62	0	GAGGAGGGGGACA	-
ENSLCOT00000000572.1	566	582	15	R	0.062	o4	0.62	0	AGGACGAGGAGGGGGA	-
ENSLCOT00000000572.1	706	724	17	R	0.056	o6	0.5	0	AAGGGGTAAAAAAGGGGG	-
ENSLCOT00000000572.1	684	700	15	R	0.062	o8	0.69	0	GGGAAAGGTGAGGGGG	-
ENSLCOT00000000572.1	243	256	12	M	0.077	o8	0.54	0	GGGTTTGGCTGTG	-
ENSLCOT00000000576.1	281	291	10	Y	0		0.5	0	CTTCCTTCTC	-
ENSLCOT00000000576.1	145	156	11	R	0		0.55	0	GGAAGGAAAGG	-
ENSLCOT00000000576.1	310	320	10	R	0		0.5	1	AGGGAAGAAG	-
ENSLCOT00000000576.1	387	402	14	R	0.067	o2	0.53	0	AGTGAAAGGGGGAAG	-
ENSLCOT00000000577.1	83	95	12	R	0		0.5	1	GGAAGAAAGGAG	-
ENSLCOT00000000578.1	83	95	12	R	0		0.5	1	GGAAGAAAGGAG	-
ENSLCOT00000000582.1	39	49	10	Y	0		0.6	2	TCTCCCTCTC	-
ENSLCOT00000000582.1	26	37	11	R	0		0.55	0	AGAGGGAGAGA	-
ENSLCOT00000000582.1	60	74	13	M	0.071	o2	0.64	0	GGCTGGGTTTGGGG	-
ENSLCOT00000000582.1	63	78	14	M	0.067	o11	0.67	0	TGGGTTTGGGGAGGG	-
ENSLCOT00000000621.1	1174	1184	10	Y	0		0.5	0	TTCCCTTCCT	-
ENSLCOT00000000621.1	64	81	16	R	0.059	o10	0.53	0	AGAGAGAGGGCAGAGGA	-
ENSLCOT00000000621.1	957	970	13	R	0		0.69	0	AGGGAGGGGGAAG	-
ENSLCOT00000000621.1	956	969	13	R	0		0.69	0	GAGGGAGGGGGAA	-
ENSLCOT00000000621.1	1094	1107	12	R	0.077	o2	0.69	0	AGCGGGGGAAGGG	-
ENSLCOT00000000621.1	1093	1106	12	R	0.077	o3	0.69	0	GAGCGGGGGAAGG	-
ENSLCOT00000000621.1	220	233	12	M	0.077	o4	0.69	0	TGGGAGGGTGTGG	-
ENSLCOT00000000730.1	651	665	13	Y	0.071	o4	0.5	0	CTCTGCTTCCTTCC	-
ENSLCOT00000000730.1	656	670	13	Y	0.071	o9	0.5	0	CTTCCTTCCACCTT	-
ENSLCOT00000000730.1	991	1007	15	Y	0.062	o12	0.5	0	CCTTTCTTCTCCATCC	-
ENSLCOT00000000954.1	483	496	12	Y	0.077	o5	0.69	0	TCCCCATCTCCCC	-
ENSLCOT00000000954.1	489	505	15	Y	0.062	o9	0.69	0	TCTCCCCCCACCTCCT	-
ENSLCOT00000000954.1	559	575	15	Y	0.062	o2	0.69	0	CCACCCTCTCTCCCTC	-
ENSLCOT00000000954.1	560	576	15	Y	0.062	o1	0.69	0	CACCCTCTCTCCCTCC	-
ENSLCOT00000000954.1	802	815	12	Y	0.077	o2	0.62	0	TCATCTTCCCCCC	-
ENSLCOT00000000954.1	843	858	14	Y	0.067	o12	0.53	0	TTCTCTTTCCCCACC	-
ENSLCOT00000000954.1	957	971	13	Y	0.071	o4	0.5	0	TCTCGCCTCTTCCT	-
ENSLCOT00000000954.1	962	976	13	Y	0.071	o9	0.5	0	CCTCTTCCTGTCTC	-
ENSLCOT00000000954.1	1232	1248	15	Y	0.062	o6	0.62	0	CTCCCCATCCTTCCCT	-
ENSLCOT00000000954.1	1281	1294	12	Y	0.077	o5	0.69	0	CCCCTGCCCCTTC	-
ENSLCOT00000000954.1	1282	1295	12	Y	0.077	o4	0.69	0	CCCTGCCCCTTCC	-
ENSLCOT00000000954.1	1283	1296	12	Y	0.077	o3	0.69	0	CCTGCCCCTTCCC	-
ENSLCOT00000000954.1	1934	1947	12	Y	0.077	o3	0.54	0	TCTGTCCCCCTTC	-
ENSLCOT00000000954.1	1090	1106	15	R	0.062	o2	0.62	0	GGCGAGGGAAGAGGAG	-
ENSLCOT00000000954.1	1386	1398	12	R	0		0.58	0	GGAAGGAGAGGA	-
ENSLCOT00000000954.1	1468	1485	16	R	0.059	o3	0.53	0	GGATGAGAGGAAGGAGA	-
ENSLCOT00000000954.1	1671	1681	10	R	0		0.5	1	GGAGAGGAAA	-
ENSLCOT00000000954.1	1670	1680	10	R	0		0.5	2	AGGAGAGGAA	-
ENSLCOT00000000954.1	357	371	13	M	0.071	o11	0.57	0	TGGTGGTGGTGATG	-
ENSLCOT00000000955.1	6	19	12	Y	0.077	o3	0.54	0	CCTGCCTCCTTCT	-
ENSLCOT00000000955.1	119	135	15	Y	0.062	o2	0.5	0	TTGCTCTCTCCTCCCT	-
ENSLCOT00000000955.1	120	136	15	Y	0.062	o1	0.5	0	TGCTCTCTCCTCCCTT	-
ENSLCOT00000000955.1	122	137	15	Y	0		0.53	0	CTCTCTCCTCCCTTT	-
ENSLCOT00000000955.1	196	210	13	Y	0.071	o6	0.57	0	CTCTCCACCTTCCT	-
ENSLCOT00000000955.1	419	429	10	Y	0		0.7	0	CCTTCCCTCC	-
ENSLCOT00000000955.1	420	430	10	Y	0		0.7	2	CTTCCCTCCC	-
ENSLCOT00000000955.1	1156	1169	13	Y	0		0.69	0	CCCTCCTTCCTCC	-
ENSLCOT00000000955.1	1157	1170	13	Y	0		0.69	0	CCTCCTTCCTCCC	-
ENSLCOT00000000955.1	1158	1171	13	Y	0		0.69	0	CTCCTTCCTCCCC	-
ENSLCOT00000000955.1	34	49	14	R	0.067	o9	0.53	0	AGGAGGGAACAGGAG	-
ENSLCOT00000000955.1	91	109	17	R	0.056	o9	0.61	0	AGGGAGGGACAGAGGGAG	-
ENSLCOT00000000955.1	87	100	12	R	0.077	o3	0.62	0	AGGCAGGGAGGGA	-
ENSLCOT00000000955.1	698	710	12	R	0		0.5	1	GAGGAGAAGAAG	-
ENSLCOT00000000955.1	1802	1815	12	R	0.077	o6	0.62	0	AGGGGGCAGAGGA	-
ENSLCOT00000000955.1	1981	1997	15	R	0.062	o10	0.69	0	GGGGGGGGAACAGGAG	-
ENSLCOT00000000955.1	157	167	10	M	0		0.7	2	TGTGTGGGGG	-
ENSLCOT00000000955.1	530	545	14	M	0.067	o3	0.67	0	TTGAGGGGGGGTTGG	-
ENSLCOT00000000955.1	534	547	12	M	0.077	o11	0.69	0	GGGGGGGTTGGCT	-
ENSLCOT00000000955.1	535	548	12	M	0.077	o10	0.69	0	GGGGGGTTGGCTG	-
ENSLCOT00000000955.1	957	970	12	M	0.077	o6	0.69	0	GGGTGGAGTGGTG	-
ENSLCOT00000000955.1	1409	1423	13	M	0.071	o6	0.64	0	TGGGGGCTGTGGGT	-
ENSLCOT00000000955.1	2236	2246	10	M	0		0.5	0	TTTGGTGGGT	-
ENSLCOT00000000983.1	164	174	10	Y	0		0.6	1	CTCCTTCTCC	-
ENSLCOT00000000983.1	76	91	14	R	0.067	o1	0.6	0	GTGGAGGAAGAGGAG	-
ENSLCOT00000000988.1	1192	1202	10	Y	0		0.5	0	TCTCTCCTTC	-
ENSLCOT00000000988.1	1120	1133	12	R	0.077	o9	0.54	0	GGAAGGGGATAGA	-
ENSLCOT00000000989.1	520	535	14	Y	0.067	o8	0.6	0	CCTCTCCTGCCTCCT	-
ENSLCOT00000000989.1	451	461	10	R	0		0.5	0	GAGAAGGGAA	-
ENSLCOT00000000989.1	446	460	14	R	0		0.5	0	GAGAAGAGAAGGGA	-
ENSLCOT00000001086.1	722	732	10	Y	0		0.5	0	CCTTCCTTTC	-
ENSLCOT00000001086.1	591	603	12	M	0		0.5	0	GTGTTTTGTGGG	-
ENSLCOT00000001108.1	378	391	12	Y	0.077	o4	0.62	0	TCCTACCCCTTCC	-
ENSLCOT00000001108.1	383	397	13	Y	0.071	o8	0.64	0	CCCCTTCCATCTCC	-
ENSLCOT00000001108.1	938	965	25	Y	0.074	o5o21	0.52	0	CTTCCATTCTCCTCTCCCTTCATCTCC	-
ENSLCOT00000001108.1	944	970	24	Y	0.077	o15o21	0.54	0	TTCTCCTCTCCCTTCATCTCCACTCC	-
ENSLCOT00000001108.1	1440	1450	10	Y	0		0.7	0	CCCCTTCCCT	-
ENSLCOT00000001108.1	38	57	19	R	0		0.53	0	GGGAAAGGGAGGGGAAAAA	-
ENSLCOT00000001108.1	1025	1045	19	R	0.05	o4	0.6	0	AGGGTGGGGAGGAGAAGAAG	-
ENSLCOT00000001108.1	1315	1328	12	R	0.077	o11	0.54	0	GAGGAAGGGGATA	-
ENSLCOT00000001108.1	1313	1326	12	R	0.077	o1	0.62	0	GTGAGGAAGGGGA	-
ENSLCOT00000001108.1	1339	1355	15	R	0.062	o4	0.56	0	AAAGTGGGAGGAGAGG	-
ENSLCOT00000001108.1	293	311	17	M	0.056	o8	0.5	0	GTTTGGTTCGGTTTGGGG	-
ENSLCOT00000001108.1	302	318	15	M	0.062	o9	0.5	0	GGTTTGGGGCGGTTTT	-
ENSLCOT00000001157.1	259	275	15	Y	0.062	o3	0.69	0	CTCACCCCTCTCTCCC	-
ENSLCOT00000001157.1	38	54	15	R	0.062	o10	0.69	0	GGAGAGGGGGTGGGAA	-
ENSLCOT00000001157.1	187	197	10	R	0		0.5	2	GGAGAAGAAG	-
ENSLCOT00000001157.1	157	173	15	M	0.062	o3	0.62	0	GGTCGTGGTGGGTTGG	-
ENSLCOT00000001182.1	785	798	12	R	0.077	o9	0.54	0	AGGGAAGGATGGA	-
ENSLCOT00000001262.1	64	74	10	Y	0		0.7	1	TCCCCTCTCC	-
ENSLCOT00000001262.1	132	142	10	Y	0		0.5	1	TCCCCTTCTT	-
ENSLCOT00000001262.1	341	357	15	R	0.062	o14	0.5	0	AGAGGGAAGGAGGATA	-
ENSLCOT00000001262.1	340	355	15	R	0		0.53	0	AAGAGGGAAGGAGGA	-
ENSLCOT00000001262.1	338	354	15	R	0.062	o1	0.5	0	ACAAGAGGGAAGGAGG	-
ENSLCOT00000001262.1	626	636	10	M	0		0.6	0	GGGGGTTTTG	-
ENSLCOT00000001324.1	89	101	12	Y	0		0.5	0	TTTTCCCTCCCT	-
ENSLCOT00000001324.1	90	104	13	Y	0.071	o12	0.5	0	TTTCCCTCCCTTGC	-
ENSLCOT00000001324.1	202	216	13	R	0.071	o2	0.5	0	GGCAAGGAGGGAAA	-
ENSLCOT00000001324.1	177	191	14	R	0		0.5	0	GGGGAAGAAAGGAA	-
ENSLCOT00000001324.1	176	190	14	R	0		0.5	0	AGGGGAAGAAAGGA	-
ENSLCOT00000001324.1	175	189	14	R	0		0.5	0	AAGGGGAAGAAAGG	-
ENSLCOT00000001324.1	156	170	13	R	0.071	o6	0.5	0	GAAGAGCGAGAAGG	-
ENSLCOT00000001324.1	423	470	44	M	0.064	o2o22o29	0.66	0	TTCGTTGTTGTGTTTTGGGGGGAGGGTGGAGGGGTGGGGGGGGGGGG	-
ENSLCOT00000001324.1	426	476	46	M	0.08	o19o26o44o45	0.7	0	GTTGTTGTGTTTTGGGGGGAGGGTGGAGGGGTGGGGGGGGGGGGCAGGGG	-
ENSLCOT00000001324.1	427	477	46	M	0.08	o18o25o43o44	0.7	0	TTGTTGTGTTTTGGGGGGAGGGTGGAGGGGTGGGGGGGGGGGGCAGGGGG	-
ENSLCOT00000001405.1	200	215	14	R	0.067	o8	0.53	0	GAAGGAAGCAAGGGG	-
ENSLCOT00000001405.1	194	208	13	R	0.071	o5	0.5	0	GGAAGTGAAGGAAG	-
ENSLCOT00000001405.1	374	396	22	R	0		0.5	0	GGAGAGGAGGAAGAGGAAGAAA	-
ENSLCOT00000001405.1	373	395	22	R	0		0.5	0	AGGAGAGGAGGAAGAGGAAGAA	-
ENSLCOT00000001405.1	372	394	22	R	0		0.5	0	AAGGAGAGGAGGAAGAGGAAGA	-
ENSLCOT00000001405.1	371	393	22	R	0		0.5	0	AAAGGAGAGGAGGAAGAGGAAG	-
ENSLCOT00000001405.1	366	390	24	R	0		0.5	0	GGAAAAAAGGAGAGGAGGAAGAGG	-
ENSLCOT00000001405.1	587	603	15	R	0.062	o7	0.5	0	GAGAGAACGGAGAGAG	-
ENSLCOT00000001405.1	537	561	23	R	0.042	o1	0.5	0	GTGAGAGGAAGAGGAGAAGAGGAA	-
ENSLCOT00000001405.1	536	560	23	R	0.042	o2	0.5	0	AGTGAGAGGAAGAGGAGAAGAGGA	-
ENSLCOT00000001405.1	899	909	10	R	0		0.5	1	AAGGGGAGAA	-
ENSLCOT00000001405.1	894	908	13	R	0.071	o4	0.5	0	GAGACAAGGGGAGA	-
ENSLCOT00000001405.1	893	907	13	R	0.071	o5	0.5	0	AGAGACAAGGGGAG	-
ENSLCOT00000001405.1	1338	1349	11	R	0		0.55	0	GGAGGAGAGAA	-
ENSLCOT00000001405.1	620	633	12	M	0.077	o2	0.54	0	GGAGGTGGTTTTG	-
ENSLCOT00000001437.1	893	910	16	Y	0.059	o5	0.53	0	CCTCCACCCCTTTTTCT	-
ENSLCOT00000001437.1	899	916	16	Y	0.059	o11	0.53	0	CCCCTTTTTCTACTCCC	-
ENSLCOT00000001437.1	911	925	13	Y	0.071	o5	0.5	0	CTCCCGCTTTTTCC	-
ENSLCOT00000001437.1	1084	1105	20	Y	0.048	o8	0.52	0	CCCTTCTTGCTCCTCTCCCTT	-
ENSLCOT00000001437.1	1353	1363	10	Y	0		0.7	1	CTCTCCCTCC	-
ENSLCOT00000001437.1	442	456	14	R	0		0.5	0	GAAGGAAGAAGGGA	-
ENSLCOT00000001437.1	441	455	14	R	0		0.5	0	AGAAGGAAGAAGGG	-
ENSLCOT00000001437.1	577	587	10	R	0		0.5	0	GAGAAAGGAG	-
ENSLCOT00000001437.1	667	677	10	R	0		0.6	0	AGAGGAGAGG	-
ENSLCOT00000001437.1	731	747	15	R	0.062	o11	0.5	0	AGAGGAGAAGGTGAGA	-
ENSLCOT00000001437.1	730	746	15	R	0.062	o12	0.5	0	AAGAGGAGAAGGTGAG	-
ENSLCOT00000001437.1	1330	1341	11	R	0		0.64	0	GGGGAAGGGAA	-
ENSLCOT00000001437.1	323	333	10	M	0		0.6	2	TGGGGGTTTG	-
ENSLCOT00000001437.1	1450	1466	15	M	0.062	o9	0.56	0	TGGTGTGTGCTGTGGG	-
