# Sequence-ID	Start	End	Score	Motif	Error-rate	Errors	Guanine-rate	Duplicates	TFO	Duplicate locations
ENSLCOT00000000003.1	77	90	13	Y	0		0.69	0	TCTCCCCCCTCTC	-
ENSLCOT00000000003.1	338	357	18	Y	0.053	o4	0.58	2	TCTCACCCCTCTCTCTCCT	-
ENSLCOT00000000003.1	437	456	18	Y	0.053	o4	0.58	2	TCTCACCCCTCTCTCTCCT	-
ENSLCOT00000000003.1	516	535	18	Y	0.053	o4	0.58	2	TCTCACCCCTCTCTCTCCT	-
ENSLCOT00000000003.1	654	664	10	Y	0		0.7	2	TCTCTCCCCC	-
ENSLCOT00000000003.1	933	947	13	Y	0.071	o4	0.64	0	CCCCACCTCCTTCT	-
ENSLCOT00000000003.1	11	25	13	M	0.071	o5	0.64	0	GGGTTCTGGGGGGT	-
ENSLCOT00000000003.1	29	45	16	M	0		0.5	2	GGGTGTTTTTTGGGGT	-
ENSLCOT00000000003.1	110	126	13	M	0.19	o2o14	0.5	0	TGAGTTTGGGGGGTCT	-
ENSLCOT00000000003.1	148	166	15	M	0.17	o2o16	0.5	0	GGATGGGTTTTGGGGTCT	-
ENSLCOT00000000003.1	168	184	16	M	0		0.62	0	GGGTGGGTTTTGGGGT	-
ENSLCOT00000000003.1	188	204	15	M	0.062	o11	0.5	0	GGGTGGTTTTTAGGGT	-
ENSLCOT00000000003.1	228	244	16	M	0		0.5	2	GGGTGTTTTTTGGGGT	-
ENSLCOT00000000003.1	248	266	15	M	0.17	o2o16	0.56	0	GGATGGTTTGGGGGGTCT	-
ENSLCOT00000000003.1	288	304	16	M	0		0.5	2	GGGTGTTTTTTGGGGT	-
ENSLCOT00000000003.1	586	601	15	M	0		0.53	0	GGGTGTTTTTGGGGT	-
ENSLCOT00000000003.1	605	622	17	M	0		0.53	0	GGGTGGTTTTTTGGGGT	-
ENSLCOT00000000003.1	625	642	16	M	0.059	o9	0.53	0	GGGGTGTTTATTGGGGT	-
ENSLCOT00000000010.1	256	285	27	Y	0.069	o3o10	0.69	0	CCCACCCCCCGCCCCTTTCTCCCTCCTTC	-
ENSLCOT00000000010.1	921	931	10	Y	0		0.6	2	CTTCTCCCTC	-
ENSLCOT00000000010.1	689	702	12	R	0.077	o7	0.69	0	GGAGGGACGGGGA	-
ENSLCOT00000000010.1	647	662	14	R	0.067	o6	0.53	0	AAAGGGCGAGAGGGA	-
ENSLCOT00000000010.1	2	15	12	M	0.077	o8	0.69	0	GTTTGGGGAGGGG	-
ENSLCOT00000000010.1	36	95	55	M	0.068	o16o17o43o46	0.59	0	GGTTGTGGGTGGGGGTAATTTGTGGGTGGGGTTGTGGGTGTGGCTGAGTGTGGGTGTGG	-
ENSLCOT00000000010.1	98	114	15	M	0.062	o3	0.62	0	TGGCTTGTGGGTGGGG	-
ENSLCOT00000000010.1	137	152	14	M	0.067	o12	0.67	0	TGGTGGGTGGGGCTG	-
ENSLCOT00000000010.1	174	202	27	M	0.036	o26	0.61	0	GTGGGTGGGGTTGTTTGTGGGTGGGGCT	-
ENSLCOT00000000010.1	341	351	10	M	0		0.7	1	GGTTTGGGGG	ENSLCOT00000000003.1:252-262;
ENSLCOT00000000010.1	632	642	10	M	0		0.7	1	TTTGGGGGGG	ENSLCOT00000000102.1:402-412;
ENSLCOT00000000046.1	242	255	12	Y	0.077	o5	0.62	0	CCTTCATCTCCCC	-
ENSLCOT00000000046.1	713	727	14	Y	0		0.5	0	CTTTTTTTCCCCCC	-
ENSLCOT00000000046.1	991	1007	15	Y	0.062	o1	0.5	0	CATTCTCCCTTTCCTC	-
ENSLCOT00000000046.1	1010	1025	10	Y	0.33	o12	0.47	0	TCTTCCTCTCTTGCC	-
ENSLCOT00000000102.1	344	357	12	Y	0.077	o8	0.69	0	TCCCCCCCATTCC	-
ENSLCOT00000000102.1	751	765	13	Y	0.071	o8	0.57	0	CCCCCCCCATTTTT	-
ENSLCOT00000000102.1	2	13	11	M	0		0.55	2	GTTTTGGGGGT	-
ENSLCOT00000000102.1	133	147	14	M	0		0.5	2	TGGTTTTGGGGTGT	-
ENSLCOT00000000102.1	176	188	12	M	0		0.5	0	GGTTTTGGGTTG	-
ENSLCOT00000000102.1	217	231	14	M	0		0.5	0	GGTTTTTGGGGTGT	-
ENSLCOT00000000102.1	233	247	14	M	0		0.5	2	TGGTTTTGGGGTGT	-
ENSLCOT00000000102.1	275	304	26	M	0.1	o13o14	0.48	0	GGTTTTGGGGTGTCCTGGTTTTGGGGTGT	-
ENSLCOT00000000102.1	316	328	12	M	0		0.5	0	TTTTTGGGGGGT	-
ENSLCOT00000000102.1	365	381	15	M	0.062	o2	0.56	0	GGATTTTGGGGGGTTG	-
ENSLCOT00000000102.1	399	413	14	M	0		0.5	0	TTTTTTGGGGGGGT	-
ENSLCOT00000000102.1	477	491	14	M	0		0.57	1	GGTTTTGGGGGTGT	ENSLCOT00000000102.1:567-581;
ENSLCOT00000000102.1	519	534	12	M	0.2	o1o13	0.53	1	GATTTTGGGGGGTCG	ENSLCOT00000000102.1:610-625;
ENSLCOT00000000102.1	567	581	14	M	0		0.57	1	GGTTTTGGGGGTGT	ENSLCOT00000000102.1:477-491;
ENSLCOT00000000102.1	608	625	13	M	0.24	o3o15	0.47	0	TTGATTTTGGGGGGTCG	-
ENSLCOT00000000102.1	651	668	17	M	0		0.53	0	GTGTTGGGTTTTTGGGG	-
ENSLCOT00000000102.1	822	839	16	M	0.059	o4	0.53	0	GTGTCGGGTTTTTGGGG	-
ENSLCOT00000000102.1	1026	1037	10	M	0.091		0.45	2	TTTTTGGGGGT	-
ENSLCOT00000000102.1	1044	1055	10	M	0.091		0.45	2	TTTTTGGGGGT	-
ENSLCOT00000000102.1	1126	1138	12	M	0		0.5	2	GTTTTTGGGGTG	-
ENSLCOT00000000102.1	1142	1154	12	M	0		0.5	2	GTTTTTGGGGTG	-
ENSLCOT00000000118.1	159	172	12	R	0.077	o8	0.69	0	GAGGGGAGCAGGG	-
ENSLCOT00000000118.1	392	403	10	R	0.091		0.45	0	AAAGAGGAGGA	-
ENSLCOT00000000118.1	517	529	12	R	0		0.5	0	AAGGAGAGGAAG	-
ENSLCOT00000000120.1	127	138	10	R	0.091		0.45	0	AAGAGGAGGAA	-
ENSLCOT00000000120.1	394	411	15	R	0.12	o11	0.47	0	AAGGAGGAGAACGAGAG	-
ENSLCOT00000000120.1	371	385	13	R	0.071	o1	0.5	0	ACGAGGAGAAGGAG	-
ENSLCOT00000000120.1	48	59	10	M	0.091		0.73	1	GTGGGTGGGTG	ENSLCOT00000000235.1:318-329;
ENSLCOT00000000120.1	728	761	28	M	0.15	o2o4o30o31	0.61	0	GGCTCTGGGGGGGTGTGTGGGGGGGTTGTGCCT	-
ENSLCOT00000000120.1	802	812	10	M	0		0.6	0	TGGGGTTTGG	-
ENSLCOT00000000128.1	107	117	10	R	0		0.5	0	GAAGGAAGAG	-
ENSLCOT00000000128.1	439	449	10	R	0		0.5	1	AAGGGGAGAA	ENSLCOT00000001405.1:893-903;
ENSLCOT00000000128.1	494	504	10	R	0		0.5	1	GAGGAGGAAA	ENSLCOT00000000350.1:439-449;
ENSLCOT00000000128.1	760	774	13	R	0.071	o8	0.5	0	GGAAAAGGCAGAGG	-
ENSLCOT00000000128.1	988	999	10	R	0.091		0.45	0	AGGAGGAAGAA	-
ENSLCOT00000000142.1	162	176	13	Y	0.071	o7	0.5	0	TTCTTCCGCCTTCC	-
ENSLCOT00000000142.1	461	473	12	Y	0		0.58	0	TTTCTTCCCCCC	-
ENSLCOT00000000142.1	894	907	12	Y	0.077	o9	0.54	0	CCTCTCCTTGCTC	-
ENSLCOT00000000142.1	966	981	10	Y	0.33		0.73	0	TCCCCTCCCTCCCCT	-
ENSLCOT00000000142.1	555	568	12	R	0.077	o8	0.69	0	AGAGGGGGTGGAG	-
ENSLCOT00000000142.1	371	388	13	M	0.24	o3o14	0.53	0	TGGATTTTGGGGGGCGT	-
ENSLCOT00000000142.1	404	423	18	M	0.053	o4	0.63	0	TTGGAGGGGGGTTTGGGGT	-
ENSLCOT00000000142.1	613	629	15	M	0.062	o9	0.69	0	GTTTTGGGGCGGGGGG	-
ENSLCOT00000000142.1	1025	1042	15	M	0.12	o5	0.47	0	TGTTGAGGTTGGTTGGT	-
ENSLCOT00000000142.1	1083	1101	13	M	0.28	o3o14	0.5	0	TTGAGGGGGGTGGTCTTT	-
ENSLCOT00000000182.1	145	162	16	R	0.059	o5	0.65	0	AGGGGCAGGAGGAGGAG	-
ENSLCOT00000000182.1	92	105	12	M	0.077	o8	0.69	0	TGTGGGGGAGGTG	-
ENSLCOT00000000188.1	801	817	15	Y	0.062	o5	0.56	0	TTCCCGCTCCTTTCCC	-
ENSLCOT00000000188.1	421	441	14	R	0.3	o4o15	0.55	0	GGAGCAGGAGGAGAGCGAAG	-
ENSLCOT00000000188.1	561	572	11	R	0		0.64	0	GGAAAGGGGGA	-
ENSLCOT00000000188.1	489	501	12	M	0		0.58	0	GTTTTTGGGGGG	-
ENSLCOT00000000188.1	566	582	15	M	0.062	o5	0.69	0	GGGGGATTTGGGGGGT	-
ENSLCOT00000000235.1	33	81	37	Y	0.23	o3o12o27	0.48	0	CTCACTTTTCCCATCTTTCCCCCTCCCATTCCTCCTTTCTTTTTTCCC	-
ENSLCOT00000000235.1	143	154	10	Y	0.091		0.45	0	TCCCTTTTCCT	-
ENSLCOT00000000235.1	380	392	12	Y	0		0.67	0	CCTTCCCTTCCC	-
ENSLCOT00000000235.1	318	329	10	M	0.091		0.73	1	GTGGGTGGGTG	ENSLCOT00000000120.1:48-59;
ENSLCOT00000000240.1	1038	1053	14	Y	0.067	o9	0.67	0	CCTCCTCTCACCCCT	-
ENSLCOT00000000240.1	340	354	14	R	0		0.5	0	GAGGAGAGGAAAGA	-
ENSLCOT00000000240.1	305	323	14	R	0.22	o2o13	0.61	0	AGTGGGAGGGAAGTGGAG	-
ENSLCOT00000000240.1	675	685	10	M	0		0.5	1	GGTGGTGTTT	ENSLCOT00000000118.1:393-403;
ENSLCOT00000000242.1	47	58	11	Y	0		0.55	0	CCCTCTTTCCT	-
ENSLCOT00000000242.1	588	610	21	R	0.045	o18	0.5	0	GAGAGGAGAGAAGAGAGGCAGA	-
ENSLCOT00000000242.1	500	534	26	R	0.24	o27o28	0.44	0	GAAAAAGGGGGAAAAAAAGAGAGGGGGTTGAAAG	-
ENSLCOT00000000242.1	452	462	10	R	0		0.5	0	GAGAGAGAAG	-
ENSLCOT00000000271.1	378	391	12	Y	0.077	o7	0.69	0	CCTCCTCACCCCT	-
ENSLCOT00000000271.1	414	427	12	Y	0.077	o2	0.69	0	CTGTCCCCCCCTC	-
ENSLCOT00000000271.1	569	579	10	Y	0		0.5	1	CTTCTTCCCT	ENSLCOT00000000576.1:310-320;
ENSLCOT00000000271.1	699	709	10	Y	0		0.5	0	TTTCCCTCTC	-
ENSLCOT00000000271.1	1048	1063	15	Y	0		0.67	0	CTCCCTTCCTCCTCC	-
ENSLCOT00000000271.1	1077	1087	10	Y	0		0.5	0	CTCTCCCTTT	-
ENSLCOT00000000271.1	178	190	12	R	0		0.5	0	AGGAAGGAGGAA	-
ENSLCOT00000000271.1	267	277	10	R	0		0.7	0	GAGGGGGGAA	-
ENSLCOT00000000271.1	341	355	14	R	0		0.5	0	GGGGAGAAGAAAGA	-
ENSLCOT00000000271.1	776	799	20	R	0.13	o1o16	0.57	0	GCAGGAGGAAGAGAAGCAGGGGG	-
ENSLCOT00000000271.1	852	867	14	R	0.067	o5	0.6	0	GAGGGCAGGGAAGGA	-
ENSLCOT00000000271.1	1205	1226	16	R	0.24	o3o15	0.52	0	AGACAGAGGGAGGGGCAGGAA	-
ENSLCOT00000000271.1	79	92	12	M	0.077	o3	0.54	0	TGGCTGTGGTTGG	-
ENSLCOT00000000271.1	259	275	15	M	0.062	o9	0.69	0	TGTGGTGTGAGGGGGG	-
ENSLCOT00000000271.1	401	418	12	M	0.29	o3o13	0.53	0	TGGAGGTGTGGTGCTGT	-
ENSLCOT00000000271.1	1160	1171	11	M	0		0.55	0	TGGGTTTGGGT	-
ENSLCOT00000000271.1	1247	1263	15	M	0.062	o9	0.62	0	TTGTGTGGGAGGGTGG	-
ENSLCOT00000000337.1	426	436	10	Y	0		0.5	0	TCTTCCCTCT	-
ENSLCOT00000000337.1	1012	1026	13	Y	0.071	o2	0.5	0	CTGCTCTCTCTCCT	-
ENSLCOT00000000337.1	959	975	15	R	0.062	o4	0.5	0	AGGATGGGAAGAGAGA	-
ENSLCOT00000000337.1	880	893	12	M	0.077	o4	0.54	0	GGTGAGGGTTTGT	-
ENSLCOT00000000350.1	421	455	32	Y	0.059	o6o13	0.5	0	CCTCCTGCCTTTCACCTTTTTCCTCCTCCTCCTT	-
ENSLCOT00000000350.1	506	519	12	Y	0.077	o6	0.62	0	TTCCCTGTCCCCC	-
ENSLCOT00000000350.1	253	272	18	R	0.053	o12	0.53	0	GGAGGAGGAGAACAAGGAG	-
ENSLCOT00000000350.1	528	538	10	R	0		0.7	0	GGAGGAGGGA	-
ENSLCOT00000000350.1	801	815	13	R	0.071	o8	0.57	0	GGAGGGGACAGAGA	-
ENSLCOT00000000350.1	772	793	15	R	0.29	o4o16	0.62	0	AGGGCGAGGGAGGGGACAGGA	-
ENSLCOT00000000350.1	158	176	12	M	0.33	o1o13	0.67	0	GCGGTGGTGGTGGCGGTG	-
ENSLCOT00000000350.1	554	574	19	M	0.05	o9	0.7	0	TGGTGGGGTCTGGGGGTGGG	-
ENSLCOT00000000363.1	791	806	12	Y	0.2	o4	0.73	0	CCCCATCCCCTCTCC	-
ENSLCOT00000000363.1	1094	1104	10	Y	0		0.6	0	CCCCTCTTCT	-
ENSLCOT00000000363.1	62	75	12	R	0.077	o10	0.69	0	AGGGGGGGAGCGA	-
ENSLCOT00000000363.1	1297	1307	10	M	0		0.7	0	GGTGGTGGGT	-
ENSLCOT00000000572.1	134	153	18	Y	0.053	o9	0.58	0	TCCCTCCTTGCCCCTTCTC	-
ENSLCOT00000000572.1	218	238	14	R	0.3	o4o15	0.65	0	GGAGCGGGGAAGGGGCGAGA	-
ENSLCOT00000000572.1	468	482	13	R	0.071	o2	0.64	0	GATGGGGAGGGAGA	-
ENSLCOT00000000572.1	566	584	12	R	0.33	o4o16	0.56	0	AGGACGAGGAGGGGGACA	-
ENSLCOT00000000572.1	706	724	17	R	0.056	o6	0.5	0	AAGGGGTAAAAAAGGGGG	-
ENSLCOT00000000572.1	684	700	15	R	0.062	o8	0.69	0	GGGAAAGGTGAGGGGG	-
ENSLCOT00000000572.1	243	256	12	M	0.077	o8	0.54	0	GGGTTTGGCTGTG	-
ENSLCOT00000000576.1	281	291	10	Y	0		0.5	0	CTTCCTTCTC	-
ENSLCOT00000000576.1	145	156	11	R	0		0.55	0	GGAAGGAAAGG	-
ENSLCOT00000000576.1	310	320	10	R	0		0.5	1	AGGGAAGAAG	ENSLCOT00000000271.1:569-579;
ENSLCOT00000000576.1	387	402	14	R	0.067	o2	0.53	0	AGTGAAAGGGGGAAG	-
ENSLCOT00000000577.1	83	95	12	R	0		0.5	1	GGAAGAAAGGAG	ENSLCOT00000000578.1:83-95;
ENSLCOT00000000578.1	83	95	12	R	0		0.5	1	GGAAGAAAGGAG	ENSLCOT00000000577.1:83-95;
ENSLCOT00000000582.1	39	49	10	Y	0		0.6	2	TCTCCCTCTC	-
ENSLCOT00000000582.1	26	37	11	R	0		0.55	0	AGAGGGAGAGA	-
ENSLCOT00000000582.1	60	78	13	M	0.28	o2o14	0.67	0	GGCTGGGTTTGGGGAGGG	-
ENSLCOT00000000621.1	1174	1184	10	Y	0		0.5	0	TTCCCTTCCT	-
ENSLCOT00000000621.1	64	81	16	R	0.059	o10	0.53	0	AGAGAGAGGGCAGAGGA	-
ENSLCOT00000000621.1	956	970	13	R	0.071		0.71	0	GAGGGAGGGGGAAG	-
ENSLCOT00000000621.1	1093	1107	12	R	0.14	o3	0.71	0	GAGCGGGGGAAGGG	-
ENSLCOT00000000621.1	220	233	12	M	0.077	o4	0.69	0	TGGGAGGGTGTGG	-
ENSLCOT00000000730.1	651	670	13	Y	0.32	o4o14	0.47	0	CTCTGCTTCCTTCCACCTT	-
ENSLCOT00000000730.1	991	1007	15	Y	0.062	o12	0.5	0	CCTTTCTTCTCCATCC	-
ENSLCOT00000000954.1	483	505	12	Y	0.45	o5o15	0.68	0	TCCCCATCTCCCCCCACCTCCT	-
ENSLCOT00000000954.1	559	576	15	Y	0.12	o2	0.71	0	CCACCCTCTCTCCCTCC	-
ENSLCOT00000000954.1	802	815	12	Y	0.077	o2	0.62	0	TCATCTTCCCCCC	-
ENSLCOT00000000954.1	843	858	14	Y	0.067	o12	0.53	0	TTCTCTTTCCCCACC	-
ENSLCOT00000000954.1	957	976	13	Y	0.32	o4o14	0.47	0	TCTCGCCTCTTCCTGTCTC	-
ENSLCOT00000000954.1	1232	1248	15	Y	0.062	o6	0.62	0	CTCCCCATCCTTCCCT	-
ENSLCOT00000000954.1	1281	1296	12	Y	0.2	o5	0.73	0	CCCCTGCCCCTTCCC	-
ENSLCOT00000000954.1	1885	1895	10	Y	0		0.6	1	CTCCTTCCCT	ENSLCOT00000001262.1:342-352;
ENSLCOT00000000954.1	1934	1947	12	Y	0.077	o3	0.54	0	TCTGTCCCCCTTC	-
ENSLCOT00000000954.1	1090	1106	15	R	0.062	o2	0.62	0	GGCGAGGGAAGAGGAG	-
ENSLCOT00000000954.1	1386	1398	12	R	0		0.58	0	GGAAGGAGAGGA	-
ENSLCOT00000000954.1	1468	1485	16	R	0.059	o3	0.53	0	GGATGAGAGGAAGGAGA	-
ENSLCOT00000000954.1	1670	1681	10	R	0.091		0.45	1	AGGAGAGGAAA	ENSLCOT00000000240.1:342-353;
ENSLCOT00000000954.1	357	371	13	M	0.071	o11	0.57	0	TGGTGGTGGTGATG	-
ENSLCOT00000000955.1	6	19	12	Y	0.077	o3	0.54	0	CCTGCCTCCTTCT	-
ENSLCOT00000000955.1	119	137	15	Y	0.17	o2	0.44	0	TTGCTCTCTCCTCCCTTT	-
ENSLCOT00000000955.1	196	210	13	Y	0.071	o6	0.57	0	CTCTCCACCTTCCT	-
ENSLCOT00000000955.1	419	430	10	Y	0.091		0.73	0	CCTTCCCTCCC	-
ENSLCOT00000000955.1	1156	1171	13	Y	0.13		0.73	0	CCCTCCTTCCTCCCC	-
ENSLCOT00000000955.1	34	49	14	R	0.067	o9	0.53	0	AGGAGGGAACAGGAG	-
ENSLCOT00000000955.1	87	109	17	R	0.23	o3o13	0.59	0	AGGCAGGGAGGGACAGAGGGAG	-
ENSLCOT00000000955.1	697	710	12	R	0.077		0.46	0	AGAGGAGAAGAAG	-
ENSLCOT00000000955.1	1802	1815	12	R	0.077	o6	0.62	0	AGGGGGCAGAGGA	-
ENSLCOT00000000955.1	1981	1997	15	R	0.062	o10	0.69	0	GGGGGGGGAACAGGAG	-
ENSLCOT00000000955.1	157	167	10	M	0		0.7	2	TGTGTGGGGG	-
ENSLCOT00000000955.1	530	548	14	M	0.22	o3o15	0.61	0	TTGAGGGGGGGTTGGCTG	-
ENSLCOT00000000955.1	957	970	12	M	0.077	o6	0.69	0	GGGTGGAGTGGTG	-
ENSLCOT00000000955.1	1409	1423	13	M	0.071	o6	0.64	0	TGGGGGCTGTGGGT	-
ENSLCOT00000000955.1	2236	2246	10	M	0		0.5	0	TTTGGTGGGT	-
ENSLCOT00000000983.1	164	174	10	Y	0		0.6	1	CTCCTTCTCC	ENSLCOT00000000120.1:371-381;
ENSLCOT00000000983.1	76	91	14	R	0.067	o1	0.6	0	GTGGAGGAAGAGGAG	-
ENSLCOT00000000988.1	1192	1202	10	Y	0		0.5	0	TCTCTCCTTC	-
ENSLCOT00000000988.1	1120	1133	12	R	0.077	o9	0.54	0	GGAAGGGGATAGA	-
ENSLCOT00000000989.1	520	535	14	Y	0.067	o8	0.6	0	CCTCTCCTGCCTCCT	-
ENSLCOT00000000989.1	446	461	10	R	0.33		0.47	0	GAGAAGAGAAGGGAA	-
ENSLCOT00000001086.1	444	454	10	Y	0		0.5	2	TCTTCCTCTC	-
ENSLCOT00000001086.1	722	732	10	Y	0		0.5	0	CCTTCCTTTC	-
ENSLCOT00000001086.1	591	603	12	M	0		0.5	0	GTGTTTTGTGGG	-
ENSLCOT00000001108.1	378	397	12	Y	0.37	o4o13	0.58	0	TCCTACCCCTTCCATCTCC	-
ENSLCOT00000001108.1	938	970	25	Y	0.22	o5o21o27	0.53	0	CTTCCATTCTCCTCTCCCTTCATCTCCACTCC	-
ENSLCOT00000001108.1	1440	1450	10	Y	0		0.7	0	CCCCTTCCCT	-
ENSLCOT00000001108.1	38	57	19	R	0		0.53	0	GGGAAAGGGAGGGGAAAAA	-
ENSLCOT00000001108.1	1025	1045	19	R	0.05	o4	0.6	0	AGGGTGGGGAGGAGAAGAAG	-
ENSLCOT00000001108.1	1313	1328	12	R	0.2	o1o13	0.53	0	GTGAGGAAGGGGATA	-
ENSLCOT00000001108.1	1339	1355	15	R	0.062	o4	0.56	0	AAAGTGGGAGGAGAGG	-
ENSLCOT00000001108.1	293	318	17	M	0.32	o8o18	0.44	0	GTTTGGTTCGGTTTGGGGCGGTTTT	-
ENSLCOT00000001157.1	259	275	15	Y	0.062	o3	0.69	0	CTCACCCCTCTCTCCC	-
ENSLCOT00000001157.1	38	54	15	R	0.062	o10	0.69	0	GGAGAGGGGGTGGGAA	-
ENSLCOT00000001157.1	187	197	10	R	0		0.5	2	GGAGAAGAAG	-
ENSLCOT00000001157.1	157	173	15	M	0.062	o3	0.62	0	GGTCGTGGTGGGTTGG	-
ENSLCOT00000001182.1	785	798	12	R	0.077	o9	0.54	0	AGGGAAGGATGGA	-
ENSLCOT00000001262.1	64	74	10	Y	0		0.7	1	TCCCCTCTCC	ENSLCOT00000000363.1:796-806;
ENSLCOT00000001262.1	132	142	10	Y	0		0.5	1	TCCCCTTCTT	ENSLCOT00000000010.1:179-189;
ENSLCOT00000001262.1	338	357	15	R	0.21	o1o17	0.42	0	ACAAGAGGGAAGGAGGATA	-
ENSLCOT00000001262.1	626	636	10	M	0		0.6	0	GGGGGTTTTG	-
ENSLCOT00000001324.1	89	104	12	Y	0.2	o13	0.47	0	TTTTCCCTCCCTTGC	-
ENSLCOT00000001324.1	202	216	13	R	0.071	o2	0.5	0	GGCAAGGAGGGAAA	-
ENSLCOT00000001324.1	175	191	14	R	0.12		0.44	0	AAGGGGAAGAAAGGAA	-
ENSLCOT00000001324.1	156	170	13	R	0.071	o6	0.5	0	GAAGAGCGAGAAGG	-
ENSLCOT00000001324.1	423	477	44	M	0.19	o2o22o29o47o48	0.67	0	TTCGTTGTTGTGTTTTGGGGGGAGGGTGGAGGGGTGGGGGGGGGGGGCAGGGGG	-
ENSLCOT00000001405.1	194	215	14	R	0.33	o5o14	0.52	0	GGAAGTGAAGGAAGCAAGGGG	-
ENSLCOT00000001405.1	366	396	22	R	0.27		0.43	0	GGAAAAAAGGAGAGGAGGAAGAGGAAGAAA	-
ENSLCOT00000001405.1	587	603	15	R	0.062	o7	0.5	0	GAGAGAACGGAGAGAG	-
ENSLCOT00000001405.1	536	561	23	R	0.08	o2	0.48	0	AGTGAGAGGAAGAGGAGAAGAGGAA	-
ENSLCOT00000001405.1	893	909	10	R	0.38	o5	0.44	0	AGAGACAAGGGGAGAA	-
ENSLCOT00000001405.1	1338	1349	11	R	0		0.55	0	GGAGGAGAGAA	-
ENSLCOT00000001405.1	620	633	12	M	0.077	o2	0.54	0	GGAGGTGGTTTTG	-
ENSLCOT00000001437.1	893	925	16	Y	0.5	o5o17o23	0.5	0	CCTCCACCCCTTTTTCTACTCCCGCTTTTTCC	-
ENSLCOT00000001437.1	1084	1105	20	Y	0.048	o8	0.52	0	CCCTTCTTGCTCCTCTCCCTT	-
ENSLCOT00000001437.1	1353	1363	10	Y	0		0.7	1	CTCTCCCTCC	ENSLCOT00000000954.1:566-576;
ENSLCOT00000001437.1	441	456	14	R	0.067		0.47	0	AGAAGGAAGAAGGGA	-
ENSLCOT00000001437.1	577	587	10	R	0		0.5	0	GAGAAAGGAG	-
ENSLCOT00000001437.1	667	677	10	R	0		0.6	0	AGAGGAGAGG	-
ENSLCOT00000001437.1	730	747	15	R	0.12	o12	0.47	0	AAGAGGAGAAGGTGAGA	-
ENSLCOT00000001437.1	1330	1341	11	R	0		0.64	0	GGGGAAGGGAA	-
ENSLCOT00000001437.1	323	333	10	M	0		0.6	2	TGGGGGTTTG	-
ENSLCOT00000001437.1	1450	1466	15	M	0.062	o9	0.56	0	TGGTGTGTGCTGTGGG	-
