# Sequence-ID	Start	End	Score	Motif	Error-rate	Errors	Guanine-rate	Duplicates	TFO	Duplicate locations
ENSLCOT00000000003.1	29	45	16	M	0		0.5	-1	GGGTGTTTTTTGGGGT	-
ENSLCOT00000000003.1	51	65	13	M	0.071	o4	0.5	-1	GTGGATTTTGGGGT	-
ENSLCOT00000000003.1	128	146	17	M	0.056	o16	0.5	-1	GGGTGGTTTTTGGGGTCT	-
ENSLCOT00000000003.1	152	166	13	M	0.071	o12	0.5	-1	GGGTTTTGGGGTCT	-
ENSLCOT00000000003.1	188	204	15	M	0.062	o11	0.5	-1	GGGTGGTTTTTAGGGT	-
ENSLCOT00000000003.1	208	226	17	M	0.056	o16	0.5	-1	GGGTGGTTTTTGGGGTCT	-
ENSLCOT00000000003.1	228	244	16	M	0		0.5	-1	GGGTGTTTTTTGGGGT	-
ENSLCOT00000000003.1	270	284	13	M	0.071	o4	0.5	-1	GTGGATTTTGGGGT	-
ENSLCOT00000000003.1	288	304	16	M	0		0.5	-1	GGGTGTTTTTTGGGGT	-
ENSLCOT00000000003.1	310	324	13	M	0.071	o4	0.5	-1	GTGGATTTTGGGGT	-
ENSLCOT00000000003.1	370	384	13	M	0.071	o4	0.5	-1	GTGGATTTTGGGGT	-
ENSLCOT00000000003.1	390	404	14	M	0		0.5	-1	GTGGTTTTTGGGGT	-
ENSLCOT00000000003.1	408	426	17	M	0.056	o16	0.5	-1	GGGTGGTTTTTGGGGTCT	-
ENSLCOT00000000003.1	467	485	17	M	0.056	o16	0.5	-1	GGGTGGTTTTTGGGGTCT	-
ENSLCOT00000000003.1	546	564	17	M	0.056	o16	0.5	-1	GGGTGGTTTTTGGGGTCT	-
ENSLCOT00000000003.1	568	582	13	M	0.071	o4	0.5	-1	GTGGATTTTGGGGT	-
ENSLCOT00000000003.1	587	601	14	M	0		0.5	-1	GGTGTTTTTGGGGT	-
ENSLCOT00000000003.1	605	622	14	M	0.18		0.53	-1	GGGTGGTTTTTTGGGGT	-
ENSLCOT00000000003.1	625	642	13	M	0.24	o9	0.53	-1	GGGGTGTTTATTGGGGT	-
ENSLCOT00000000010.1	270	285	14	Y	0.067		0.53	-1	CTTTCTCCCTCCTTC	-
ENSLCOT00000000010.1	67	87	18	M	0.1	o12o15	0.5	-1	TTGTGGGTGTGGCTGAGTGT	-
ENSLCOT00000000010.1	178	202	14	M	0.42	o22	0.58	-1	GTGGGGTTGTTTGTGGGTGGGGCT	-
ENSLCOT00000000046.1	713	727	14	Y	0		0.5	-1	CTTTTTTTCCCCCC	-
ENSLCOT00000000046.1	991	1007	15	Y	0.062	o1	0.5	-1	CATTCTCCCTTTCCTC	-
ENSLCOT00000000046.1	1011	1025	13	Y	0.071	o11	0.5	-1	CTTCCTCTCTTGCC	-
ENSLCOT00000000102.1	133	147	14	M	0		0.5	-1	TGGTTTTGGGGTGT	-
ENSLCOT00000000102.1	217	231	14	M	0		0.5	-1	GGTTTTTGGGGTGT	-
ENSLCOT00000000102.1	233	247	14	M	0		0.5	-1	TGGTTTTGGGGTGT	-
ENSLCOT00000000102.1	290	304	14	M	0		0.5	-1	TGGTTTTGGGGTGT	-
ENSLCOT00000000102.1	366	380	13	M	0.071	o1	0.5	-1	GATTTTGGGGGGTT	-
ENSLCOT00000000102.1	399	413	14	M	0		0.5	-1	TTTTTTGGGGGGGT	-
ENSLCOT00000000102.1	608	623	13	M	0.13	o3	0.47	-1	TTGATTTTGGGGGGT	-
ENSLCOT00000000102.1	651	668	16	M	0.059		0.53	-1	GTGTTGGGTTTTTGGGG	-
ENSLCOT00000000102.1	822	839	15	M	0.12	o4	0.53	-1	GTGTCGGGTTTTTGGGG	-
ENSLCOT00000000120.1	371	385	13	R	0.071	o1	0.5	-1	ACGAGGAGAAGGAG	-
ENSLCOT00000000120.1	395	411	15	R	0.062	o10	0.5	-1	AGGAGGAGAACGAGAG	-
ENSLCOT00000000128.1	760	774	13	R	0.071	o8	0.5	-1	GGAAAAGGCAGAGG	-
ENSLCOT00000000142.1	162	176	13	Y	0.071	o7	0.5	-1	TTCTTCCGCCTTCC	-
ENSLCOT00000000142.1	1025	1042	15	M	0.12	o5	0.47	-1	TGTTGAGGTTGGTTGGT	-
ENSLCOT00000000188.1	801	815	13	Y	0.071	o5	0.5	-1	TTCCCGCTCCTTTC	-
ENSLCOT00000000188.1	426	440	13	R	0.071	o10	0.5	-1	AGGAGGAGAGCGAA	-
ENSLCOT00000000235.1	33	81	27	Y	0.44	o3o12o27	0.48	-1	CTCACTTTTCCCATCTTTCCCCCTCCCATTCCTCCTTTCTTTTTTCCC	-
ENSLCOT00000000240.1	340	354	14	R	0		0.5	-1	GAGGAGAGGAAAGA	-
ENSLCOT00000000242.1	503	527	24	R	0		0.5	-1	AAAGGGGGAAAAAAAGAGAGGGGG	-
ENSLCOT00000000242.1	588	610	21	R	0.045	o18	0.5	-1	GAGAGGAGAGAAGAGAGGCAGA	-
ENSLCOT00000000271.1	341	355	14	R	0		0.5	-1	GGGGAGAAGAAAGA	-
ENSLCOT00000000271.1	776	803	22	R	0.19	o1o16o23	0.48	-1	GCAGGAGGAAGAGAAGCAGGGGGCAAA	-
ENSLCOT00000000271.1	1209	1229	18	R	0.1	o11o17	0.5	-1	AGAGGGAGGGGCAGGAACAA	-
ENSLCOT00000000337.1	1012	1026	13	Y	0.071	o2	0.5	-1	CTGCTCTCTCTCCT	-
ENSLCOT00000000337.1	959	975	15	R	0.062	o4	0.5	-1	AGGATGGGAAGAGAGA	-
ENSLCOT00000000350.1	253	272	17	R	0.11	o12	0.53	-1	GGAGGAGGAGAACAAGGAG	-
ENSLCOT00000000572.1	138	152	13	Y	0.071	o5	0.5	-1	TCCTTGCCCCTTCT	-
ENSLCOT00000000572.1	706	724	17	R	0.056	o6	0.5	-1	AAGGGGTAAAAAAGGGGG	-
ENSLCOT00000000576.1	387	401	13	R	0.071	o2	0.5	-1	AGTGAAAGGGGGAA	-
ENSLCOT00000000577.1	1132	1146	13	M	0.071	o10	0.5	-1	GTTTGGTGTGATGG	-
ENSLCOT00000000578.1	1063	1077	13	M	0.071	o10	0.5	-1	GTTTGGTGTGATGG	-
ENSLCOT00000000580.1	869	883	13	M	0.071	o10	0.5	-1	GTTTGGTGTGATGG	-
ENSLCOT00000000582.1	1102	1116	13	M	0.071	o10	0.5	-1	GTTTGGTGTGATGG	-
ENSLCOT00000000621.1	64	85	18	R	0.14	o10o17	0.48	-1	AGAGAGAGGGCAGAGGATAGA	-
ENSLCOT00000000730.1	651	670	13	Y	0.32	o4o14	0.47	-1	CTCTGCTTCCTTCCACCTT	-
ENSLCOT00000000730.1	991	1007	15	Y	0.062	o12	0.5	-1	CCTTTCTTCTCCATCC	-
ENSLCOT00000000954.1	843	857	13	Y	0.071	o12	0.5	-1	TTCTCTTTCCCCAC	-
ENSLCOT00000000954.1	957	976	13	Y	0.32	o4o14	0.47	-1	TCTCGCCTCTTCCTGTCTC	-
ENSLCOT00000000954.1	1465	1485	18	R	0.1	o2o6	0.5	-1	GATGGATGAGAGGAAGGAGA	-
ENSLCOT00000000955.1	112	137	20	Y	0.2	o6o9	0.44	-1	CTCCTTGTTGCTCTCTCCTCCCTTT	-
ENSLCOT00000000955.1	34	55	18	R	0.14	o9o15	0.48	-1	AGGAGGGAACAGGAGCAGGAA	-
ENSLCOT00000000989.1	446	460	14	R	0		0.5	-1	GAGAAGAGAAGGGA	-
ENSLCOT00000001108.1	936	969	18	Y	0.45	o1o7o23o29	0.48	-1	TACTTCCATTCTCCTCTCCCTTCATCTCCACTC	-
ENSLCOT00000001108.1	39	57	18	R	0		0.5	-1	GGAAAGGGAGGGGAAAAA	-
ENSLCOT00000001108.1	1339	1353	13	R	0.071	o4	0.5	-1	AAAGTGGGAGGAGA	-
ENSLCOT00000001108.1	292	318	20	M	0.23	o9o19	0.42	-1	TGTTTGGTTCGGTTTGGGGCGGTTTT	-
ENSLCOT00000001262.1	334	357	15	R	0.35	o2o5o21	0.43	-1	GGCAACAAGAGGGAAGGAGGATA	-
ENSLCOT00000001324.1	90	104	13	Y	0.071	o12	0.5	-1	TTTCCCTCCCTTGC	-
ENSLCOT00000001324.1	156	170	13	R	0.071	o6	0.5	-1	GAAGAGCGAGAAGG	-
ENSLCOT00000001324.1	175	191	14	R	0.12		0.44	-1	AAGGGGAAGAAAGGAA	-
ENSLCOT00000001324.1	202	216	13	R	0.071	o2	0.5	-1	GGCAAGGAGGGAAA	-
ENSLCOT00000001324.1	421	451	27	M	0.1	o1o4o24	0.5	-1	GCTTCGTTGTTGTGTTTTGGGGGGAGGGTG	-
ENSLCOT00000001405.1	194	215	18	R	0.14	o5o14	0.52	-1	GGAAGTGAAGGAAGCAAGGGG	-
ENSLCOT00000001405.1	366	396	22	R	0.27		0.43	-1	GGAAAAAAGGAGAGGAGGAAGAGGAAGAAA	-
ENSLCOT00000001405.1	536	561	23	R	0.08	o2	0.48	-1	AGTGAGAGGAAGAGGAGAAGAGGAA	-
ENSLCOT00000001405.1	587	607	18	R	0.1	o7o16	0.5	-1	GAGAGAACGGAGAGAGTGAG	-
ENSLCOT00000001405.1	893	908	13	R	0.13	o5	0.47	-1	AGAGACAAGGGGAGA	-
ENSLCOT00000001437.1	889	925	18	Y	0.5	o3o9o21o27	0.47	-1	CTTGCCTCCACCCCTTTTTCTACTCCCGCTTTTTCC	-
ENSLCOT00000001437.1	1084	1105	15	Y	0.29	o8	0.52	-1	CCCTTCTTGCTCCTCTCCCTT	-
ENSLCOT00000001437.1	441	456	14	R	0.067		0.47	-1	AGAAGGAAGAAGGGA	-
ENSLCOT00000001437.1	730	750	18	R	0.1	o12o17	0.5	-1	AAGAGGAGAAGGTGAGATGG	-
ENSLCOT00000001437.1	1450	1464	13	M	0.071	o9	0.5	-1	TGGTGTGTGCTGTG	-
