# Sequence-ID	TFO start	TFO end	Duplex-ID	TTS start	TTS end	Score	Error-rate	Errors	Motif	Strand	Orientation	Guanine-rate
ENSLCOT00000000003.1	77	93	KV388093.1	7120136	7120152	16	0		Y	-	P	0.75
     5'- CCCCTCTCCCCCCTCT -3'
TTS: 3'- GGGGAGAGGGGGGAGA -5'
         ||||||||||||||||
TFO: 3'- CCCCTCTCCCCCCTCT -5'

ENSLCOT00000000003.1	717	733	KV388093.1	2697734	2697750	16	0		Y	-	P	0.88
     5'- CCCTCCCCCCCTCCCC -3'
TTS: 3'- GGGAGGGGGGGAGGGG -5'
         ||||||||||||||||
TFO: 3'- CCCTCCCCCCCTCCCC -5'

ENSLCOT00000000003.1	717	733	KV388093.1	16503113	16503129	16	0		Y	-	P	0.88
     5'- CCCTCCCCCCCTCCCC -3'
TTS: 3'- GGGAGGGGGGGAGGGG -5'
         ||||||||||||||||
TFO: 3'- CCCTCCCCCCCTCCCC -5'

ENSLCOT00000000003.1	128	144	KV388093.1	16773950	16773966	16	0		M	+	P	0.56
TFO: 5'- GGGTGGTTTTTGGGGT -3'
         ||||||||||||||||
TTS: 5'- GGGAGGAAAAAGGGGA -3'
     3'- CCCTCCTTTTTCCCCT -5'

ENSLCOT00000000003.1	208	224	KV388093.1	16773950	16773966	16	0		M	+	P	0.56
TFO: 5'- GGGTGGTTTTTGGGGT -3'
         ||||||||||||||||
TTS: 5'- GGGAGGAAAAAGGGGA -3'
     3'- CCCTCCTTTTTCCCCT -5'

ENSLCOT00000000003.1	388	404	KV388093.1	16773950	16773966	16	0		M	+	P	0.56
TFO: 5'- GGGTGGTTTTTGGGGT -3'
         ||||||||||||||||
TTS: 5'- GGGAGGAAAAAGGGGA -3'
     3'- CCCTCCTTTTTCCCCT -5'

ENSLCOT00000000003.1	408	424	KV388093.1	16773950	16773966	16	0		M	+	P	0.56
TFO: 5'- GGGTGGTTTTTGGGGT -3'
         ||||||||||||||||
TTS: 5'- GGGAGGAAAAAGGGGA -3'
     3'- CCCTCCTTTTTCCCCT -5'

ENSLCOT00000000003.1	467	483	KV388093.1	16773950	16773966	16	0		M	+	P	0.56
TFO: 5'- GGGTGGTTTTTGGGGT -3'
         ||||||||||||||||
TTS: 5'- GGGAGGAAAAAGGGGA -3'
     3'- CCCTCCTTTTTCCCCT -5'

ENSLCOT00000000003.1	546	562	KV388093.1	16773950	16773966	16	0		M	+	P	0.56
TFO: 5'- GGGTGGTTTTTGGGGT -3'
         ||||||||||||||||
TTS: 5'- GGGAGGAAAAAGGGGA -3'
     3'- CCCTCCTTTTTCCCCT -5'

ENSLCOT00000000003.1	605	621	KV388093.1	5496762	5496778	16	0		M	-	P	0.56
     5'- CCCCTTTTTTCCTCCC -3'
TTS: 3'- GGGGAAAAAAGGAGGG -5'
         ||||||||||||||||
TFO: 3'- GGGGTTTTTTGGTGGG -5'

ENSLCOT00000000010.1	54	70	KV388093.1	15819484	15819500	16	0		M	+	P	0.56
TFO: 5'- TTTGTGGGTGGGGTTG -3'
         ||||||||||||||||
TTS: 5'- AAAGAGGGAGGGGAAG -3'
     3'- TTTCTCCCTCCCCTTC -5'

ENSLCOT00000000010.1	174	197	KV388093.1	9794181	9794204	22	0.043	d4	M	-	P	0.57
     5'- CTCCCTCTTTCTTCCCCTGCCTC -3'
TTS: 3'- GAGGGAGAAAGAAGGGGAcGGAG -5'
         ||||||||||||||||||*||||
TFO: 3'- GTGGGTGTTTGTTGGGGTGGGTG -5'

ENSLCOT00000000010.1	174	194	KV388093.1	17541069	17541089	19	0.05	t13	M	+	A	0.6
TFO: 3'- GGTGTTTGTTGGGGTGGGTG -5'
         ||||||*|||||||||||||
TTS: 5'- GGAGAAGGAAGGGGAGGGAG -3'
     3'- CCTCTTCCTTCCCCTCCCTC -5'

ENSLCOT00000000118.1	332	353	KV388093.1	14065643	14065664	20	0.048	o11	Y	+	P	0.24
TFO: 5'- TTTTTCCTTTTgCTTTCCTTT -3'
         |||||||||||*|||||||||
TTS: 5'- AAAAAGGAAAAAGAAAGGAAA -3'
     3'- TTTTTCCTTTTTCTTTCCTTT -5'

ENSLCOT00000000120.1	741	757	KV388093.1	5212629	5212645	16	0		M	+	P	0.62
TFO: 5'- TGTGTGGGGGGGTTGT -3'
         ||||||||||||||||
TTS: 5'- AGAGAGGGGGGGAAGA -3'
     3'- TCTCTCCCCCCCTTCT -5'

ENSLCOT00000000120.1	733	750	KV388093.1	9696252	9696269	17	0		M	-	P	0.76
     5'- CCCCTCTCTCCCCCCCT -3'
TTS: 3'- GGGGAGAGAGGGGGGGA -5'
         |||||||||||||||||
TFO: 3'- GGGGTGTGTGGGGGGGT -5'

ENSLCOT00000000120.1	737	753	KV388093.1	15369414	15369430	16	0		M	-	P	0.81
     5'- CCCCCCCTCTCTCCCC -3'
TTS: 3'- GGGGGGGAGAGAGGGG -5'
         ||||||||||||||||
TFO: 3'- GGGGGGGTGTGTGGGG -5'

ENSLCOT00000000120.1	735	756	KV388093.1	9696250	9696271	20	0.048	t1	M	-	A	0.71
     5'- CTCCCCTCTCTCCCCCCCTTC -3'
TTS: 3'- GAGGGGAGAGAGGGGGGGAAG -5'
         |*|||||||||||||||||||
TFO: 5'- GGGGGGTGTGTGGGGGGGTTG -3'

ENSLCOT00000000120.1	734	750	KV388093.1	15369414	15369430	16	0		M	-	A	0.81
     5'- CCCCCCCTCTCTCCCC -3'
TTS: 3'- GGGGGGGAGAGAGGGG -5'
         ||||||||||||||||
TFO: 5'- GGGGGGGTGTGTGGGG -3'

ENSLCOT00000000235.1	61	77	KV388093.1	6632083	6632099	16	0		Y	-	P	0.31
     5'- TTTTTCTTTCCTCCTT -3'
TTS: 3'- AAAAAGAAAGGAGGAA -5'
         ||||||||||||||||
TFO: 3'- TTTTTCTTTCCTCCTT -5'

ENSLCOT00000000235.1	61	77	KV388093.1	14210160	14210176	16	0		Y	-	P	0.31
     5'- TTTTTCTTTCCTCCTT -3'
TTS: 3'- AAAAAGAAAGGAGGAA -5'
         ||||||||||||||||
TFO: 3'- TTTTTCTTTCCTCCTT -5'

ENSLCOT00000000242.1	511	527	KV388093.1	5371547	5371563	16	0		R	-	A	0.44
     5'- TTTTTTTCTCTCCCCC -3'
TTS: 3'- AAAAAAAGAGAGGGGG -5'
         ||||||||||||||||
TFO: 5'- AAAAAAAGAGAGGGGG -3'

ENSLCOT00000000242.1	502	518	KV388093.1	7609535	7609551	16	0		R	-	A	0.31
     5'- TTTTCCCCCTTTTTTT -3'
TTS: 3'- AAAAGGGGGAAAAAAA -5'
         ||||||||||||||||
TFO: 5'- AAAAGGGGGAAAAAAA -3'

ENSLCOT00000000242.1	500	516	KV388093.1	16562686	16562702	16	0		R	-	A	0.38
     5'- CTTTTTCCCCCTTTTT -3'
TTS: 3'- GAAAAAGGGGGAAAAA -5'
         ||||||||||||||||
TFO: 5'- GAAAAAGGGGGAAAAA -3'

ENSLCOT00000000242.1	562	579	KV388093.1	2630290	2630307	17	0		R	-	A	0.24
     5'- TTCTCTCTTTTTTCTTT -3'
TTS: 3'- AAGAGAGAAAAAAGAAA -5'
         |||||||||||||||||
TFO: 5'- AAGAGAGAAAAAAGAAA -3'

ENSLCOT00000000582.1	207	224	KV388093.1	1255539	1255556	17	0		R	+	A	0.18
TFO: 3'- AAGAAAAAAAGAAAGAA -5'
         |||||||||||||||||
TTS: 5'- AAGAAAAAAAGAAAGAA -3'
     3'- TTCTTTTTTTCTTTCTT -5'

ENSLCOT00000000582.1	210	226	KV388093.1	3139602	3139618	16	0		R	+	A	0.12
TFO: 3'- AAAAGAAAAAAAGAAA -5'
         ||||||||||||||||
TTS: 5'- AAAAGAAAAAAAGAAA -3'
     3'- TTTTCTTTTTTTCTTT -5'

ENSLCOT00000000582.1	209	226	KV388093.1	5905004	5905021	17	0		R	+	A	0.18
TFO: 3'- AAAAGAAAAAAAGAAAG -5'
         |||||||||||||||||
TTS: 5'- AAAAGAAAAAAAGAAAG -3'
     3'- TTTTCTTTTTTTCTTTC -5'

ENSLCOT00000000582.1	207	224	KV388093.1	6899858	6899875	17	0		R	+	A	0.18
TFO: 3'- AAGAAAAAAAGAAAGAA -5'
         |||||||||||||||||
TTS: 5'- AAGAAAAAAAGAAAGAA -3'
     3'- TTCTTTTTTTCTTTCTT -5'

ENSLCOT00000000582.1	210	226	KV388093.1	7838413	7838429	16	0		R	+	A	0.12
TFO: 3'- AAAAGAAAAAAAGAAA -5'
         ||||||||||||||||
TTS: 5'- AAAAGAAAAAAAGAAA -3'
     3'- TTTTCTTTTTTTCTTT -5'

ENSLCOT00000000582.1	210	226	KV388093.1	14525978	14525994	16	0		R	+	A	0.12
TFO: 3'- AAAAGAAAAAAAGAAA -5'
         ||||||||||||||||
TTS: 5'- AAAAGAAAAAAAGAAA -3'
     3'- TTTTCTTTTTTTCTTT -5'

ENSLCOT00000000582.1	208	224	KV388093.1	16450213	16450229	16	0		R	+	A	0.19
TFO: 3'- AAGAAAAAAAGAAAGA -5'
         ||||||||||||||||
TTS: 5'- AAGAAAAAAAGAAAGA -3'
     3'- TTCTTTTTTTCTTTCT -5'

ENSLCOT00000000582.1	210	226	KV388093.1	17269065	17269081	16	0		R	+	A	0.12
TFO: 3'- AAAAGAAAAAAAGAAA -5'
         ||||||||||||||||
TTS: 5'- AAAAGAAAAAAAGAAA -3'
     3'- TTTTCTTTTTTTCTTT -5'

ENSLCOT00000000582.1	201	221	KV388093.1	17789407	17789427	19	0.05	o5	R	+	A	0.1
TFO: 3'- AAAAAAAGAAAGAAtAAAAA -5'
         ||||||||||||||*|||||
TTS: 5'- AAAAAAAGAAAGAAAAAAAA -3'
     3'- TTTTTTTCTTTCTTTTTTTT -5'

ENSLCOT00000000582.1	210	226	KV388093.1	1711578	1711594	16	0		R	-	A	0.12
     5'- TTTCTTTTTTTCTTTT -3'
TTS: 3'- AAAGAAAAAAAGAAAA -5'
         ||||||||||||||||
TFO: 5'- AAAGAAAAAAAGAAAA -3'

ENSLCOT00000000582.1	207	224	KV388093.1	3608430	3608447	17	0		R	-	A	0.18
     5'- TTCTTTCTTTTTTTCTT -3'
TTS: 3'- AAGAAAGAAAAAAAGAA -5'
         |||||||||||||||||
TFO: 5'- AAGAAAGAAAAAAAGAA -3'

ENSLCOT00000000582.1	210	226	KV388093.1	3645316	3645332	16	0		R	-	A	0.12
     5'- TTTCTTTTTTTCTTTT -3'
TTS: 3'- AAAGAAAAAAAGAAAA -5'
         ||||||||||||||||
TFO: 5'- AAAGAAAAAAAGAAAA -3'

ENSLCOT00000000582.1	210	226	KV388093.1	11133947	11133963	16	0		R	-	A	0.12
     5'- TTTCTTTTTTTCTTTT -3'
TTS: 3'- AAAGAAAAAAAGAAAA -5'
         ||||||||||||||||
TFO: 5'- AAAGAAAAAAAGAAAA -3'

ENSLCOT00000000582.1	208	226	KV388093.1	13961373	13961391	18	0		R	-	A	0.17
     5'- TCTTTCTTTTTTTCTTTT -3'
TTS: 3'- AGAAAGAAAAAAAGAAAA -5'
         ||||||||||||||||||
TFO: 5'- AGAAAGAAAAAAAGAAAA -3'

ENSLCOT00000000582.1	204	224	KV388093.1	14180812	14180832	19	0.05	o2	R	-	A	0.15
     5'- TTTTTCTTTCTTTTTTTCTT -3'
TTS: 3'- AAAAAGAAAGAAAAAAAGAA -5'
         ||*|||||||||||||||||
TFO: 5'- AAtAAGAAAGAAAAAAAGAA -3'

ENSLCOT00000000582.1	210	226	KV388093.1	17116968	17116984	16	0		R	-	A	0.12
     5'- TTTCTTTTTTTCTTTT -3'
TTS: 3'- AAAGAAAAAAAGAAAA -5'
         ||||||||||||||||
TFO: 5'- AAAGAAAAAAAGAAAA -3'

ENSLCOT00000000582.1	210	226	KV388093.1	17116997	17117013	16	0		R	-	A	0.12
     5'- TTTCTTTTTTTCTTTT -3'
TTS: 3'- AAAGAAAAAAAGAAAA -5'
         ||||||||||||||||
TFO: 5'- AAAGAAAAAAAGAAAA -3'

ENSLCOT00000000582.1	210	226	KV388093.1	18151720	18151736	16	0		R	-	A	0.12
     5'- TTTCTTTTTTTCTTTT -3'
TTS: 3'- AAAGAAAAAAAGAAAA -5'
         ||||||||||||||||
TFO: 5'- AAAGAAAAAAAGAAAA -3'

ENSLCOT00000000582.1	210	226	KV388093.1	18151740	18151756	16	0		R	-	A	0.12
     5'- TTTCTTTTTTTCTTTT -3'
TTS: 3'- AAAGAAAAAAAGAAAA -5'
         ||||||||||||||||
TFO: 5'- AAAGAAAAAAAGAAAA -3'

ENSLCOT00000000989.1	641	657	KV388093.1	15522266	15522282	16	0		M	+	P	0.38
TFO: 5'- TGGTTTTGGTTGTTTG -3'
         ||||||||||||||||
TTS: 5'- AGGAAAAGGAAGAAAG -3'
     3'- TCCTTTTCCTTCTTTC -5'

ENSLCOT00000001086.1	724	740	KV388093.1	16154749	16154765	16	0		Y	-	P	0.31
     5'- TTCCTTTTCTTTCCTT -3'
TTS: 3'- AAGGAAAAGAAAGGAA -5'
         ||||||||||||||||
TFO: 3'- TTCCTTTTCTTTCCTT -5'

ENSLCOT00000001108.1	41	57	KV388093.1	6999843	6999859	16	0		R	+	A	0.44
TFO: 3'- AAAAAGGGGAGGGAAA -5'
         ||||||||||||||||
TTS: 5'- AAAAAGGGGAGGGAAA -3'
     3'- TTTTTCCCCTCCCTTT -5'

ENSLCOT00000001108.1	284	301	KV388093.1	6553035	6553052	17	0		M	+	P	0.29
TFO: 5'- TTTGTGTTTGTTTGGTT -3'
         |||||||||||||||||
TTS: 5'- AAAGAGAAAGAAAGGAA -3'
     3'- TTTCTCTTTCTTTCCTT -5'

ENSLCOT00000001108.1	285	305	KV388093.1	11912408	11912428	19	0.05	o16	M	+	P	0.35
TFO: 5'- TTGTGTTTGTTTGGTTcGGT -3'
         ||||||||||||||||*|||
TTS: 5'- AAGAGAAAGAAAGGAAAGGA -3'
     3'- TTCTCTTTCTTTCCTTTCCT -5'

ENSLCOT00000001108.1	282	298	KV388093.1	3102121	3102137	16	0		M	-	P	0.38
     5'- CTTTCTTTCTCTTTCC -3'
TTS: 3'- GAAAGAAAGAGAAAGG -5'
         ||||||||||||||||
TFO: 3'- GTTTGTTTGTGTTTGG -5'

ENSLCOT00000001108.1	283	301	KV388093.1	12750655	12750673	18	0		M	-	P	0.33
     5'- TTCCTTTCTTTCTCTTTC -3'
TTS: 3'- AAGGAAAGAAAGAGAAAG -5'
         ||||||||||||||||||
TFO: 3'- TTGGTTTGTTTGTGTTTG -5'

ENSLCOT00000001108.1	283	300	KV388093.1	12836520	12836537	17	0		M	-	P	0.35
     5'- TCCTTTCTTTCTCTTTC -3'
TTS: 3'- AGGAAAGAAAGAGAAAG -5'
         |||||||||||||||||
TFO: 3'- TGGTTTGTTTGTGTTTG -5'

ENSLCOT00000001108.1	283	299	KV388093.1	14473603	14473619	16	0		M	-	P	0.38
     5'- CCTTTCTTTCTCTTTC -3'
TTS: 3'- GGAAAGAAAGAGAAAG -5'
         ||||||||||||||||
TFO: 3'- GGTTTGTTTGTGTTTG -5'

ENSLCOT00000001108.1	283	303	KV388093.1	482231	482251	19	0.05	o18	M	-	A	0.35
     5'- CTTTCTCTTTCTTTCCTTTC -3'
TTS: 3'- GAAAGAGAAAGAAAGGAAAG -5'
         ||||||||||||||||||*|
TFO: 5'- GTTTGTGTTTGTTTGGTTcG -3'

ENSLCOT00000001108.1	283	306	KV388093.1	12750662	12750685	22	0.043	o18	M	-	A	0.35
     5'- CTTTCTCTTTCTTTCCTTTCCTT -3'
TTS: 3'- GAAAGAGAAAGAAAGGAAAGGAA -5'
         ||||||||||||||||||*||||
TFO: 5'- GTTTGTGTTTGTTTGGTTcGGTT -3'

ENSLCOT00000001108.1	283	299	KV388093.1	14473608	14473624	16	0		M	-	A	0.38
     5'- CTTTCTCTTTCTTTCC -3'
TTS: 3'- GAAAGAGAAAGAAAGG -5'
         ||||||||||||||||
TFO: 5'- GTTTGTGTTTGTTTGG -3'

ENSLCOT00000001324.1	428	445	KV388093.1	10172189	10172206	17	0		M	+	A	0.53
TFO: 3'- GGGGGGTTTTGTGTTGT -5'
         |||||||||||||||||
TTS: 5'- GGGGGGAAAAGAGAAGA -3'
     3'- CCCCCCTTTTCTCTTCT -5'

ENSLCOT00000001405.1	368	392	KV388093.1	10927756	10927780	23	0.042	t12	R	+	A	0.38
TFO: 3'- AAGGAGAAGGAGGAGAGGAAAAAA -5'
         |||||||||||*||||||||||||
TTS: 5'- AAGGAGAAGGAAGAGAGGAAAAAA -3'
     3'- TTCCTCTTCCTTCTCTCCTTTTTT -5'

ENSLCOT00000001405.1	374	394	KV388093.1	13094140	13094160	19	0.05	t1	R	+	A	0.5
TFO: 3'- AGAAGGAGAAGGAGGAGAGG -5'
         ||||||||||||||||||*|
TTS: 5'- AGAAGGAGAAGGAGGAGAAG -3'
     3'- TCTTCCTCTTCCTCCTCTTC -5'

ENSLCOT00000001405.1	374	394	KV388093.1	13094071	13094091	19	0.05	t1	R	+	A	0.5
TFO: 3'- AGAAGGAGAAGGAGGAGAGG -5'
         ||||||||||||||||||*|
TTS: 5'- AGAAGGAGAAGGAGGAGAAG -3'
     3'- TCTTCCTCTTCCTCCTCTTC -5'

ENSLCOT00000001405.1	376	397	KV388093.1	13094053	13094074	20	0.048	t19	R	+	A	0.43
TFO: 3'- AAAAGAAGGAGAAGGAGGAGA -5'
         |*|||||||||||||||||||
TTS: 5'- AGAAGAAGGAGAAGGAGGAGA -3'
     3'- TCTTCTTCCTCTTCCTCCTCT -5'

ENSLCOT00000001405.1	374	395	KV388093.1	13094055	13094076	20	0.048	t1	R	+	A	0.48
TFO: 3'- AAGAAGGAGAAGGAGGAGAGG -5'
         |||||||||||||||||||*|
TTS: 5'- AAGAAGGAGAAGGAGGAGAAG -3'
     3'- TTCTTCCTCTTCCTCCTCTTC -5'

ENSLCOT00000001405.1	368	385	KV388093.1	10433073	10433090	17	0		R	-	A	0.41
     5'- TTTTTTCCTCTCCTCCT -3'
TTS: 3'- AAAAAAGGAGAGGAGGA -5'
         |||||||||||||||||
TFO: 5'- AAAAAAGGAGAGGAGGA -3'

ENSLCOT00000000003.1	29	45	KV388094.1	6428771	6428787	16	0		M	+	A	0.5
TFO: 3'- TGGGGTTTTTTGTGGG -5'
         ||||||||||||||||
TTS: 5'- AGGGGAAAAAAGAGGG -3'
     3'- TCCCCTTTTTTCTCCC -5'

ENSLCOT00000000003.1	168	184	KV388094.1	450977	450993	16	0		M	+	P	0.62
TFO: 5'- GGGTGGGTTTTGGGGT -3'
         ||||||||||||||||
TTS: 5'- GGGAGGGAAAAGGGGA -3'
     3'- CCCTCCCTTTTCCCCT -5'

ENSLCOT00000000003.1	168	184	KV388094.1	9803361	9803377	16	0		M	-	A	0.62
     5'- CCCTCCCTTTTCCCCT -3'
TTS: 3'- GGGAGGGAAAAGGGGA -5'
         ||||||||||||||||
TFO: 5'- GGGTGGGTTTTGGGGT -3'

ENSLCOT00000000003.1	228	244	KV388094.1	6428771	6428787	16	0		M	+	A	0.5
TFO: 3'- TGGGGTTTTTTGTGGG -5'
         ||||||||||||||||
TTS: 5'- AGGGGAAAAAAGAGGG -3'
     3'- TCCCCTTTTTTCTCCC -5'

ENSLCOT00000000003.1	288	304	KV388094.1	6428771	6428787	16	0		M	+	A	0.5
TFO: 3'- TGGGGTTTTTTGTGGG -5'
         ||||||||||||||||
TTS: 5'- AGGGGAAAAAAGAGGG -3'
     3'- TCCCCTTTTTTCTCCC -5'

ENSLCOT00000000010.1	269	285	KV388094.1	717184	717200	16	0		Y	+	P	0.56
TFO: 5'- CCTTTCTCCCTCCTTC -3'
         ||||||||||||||||
TTS: 5'- GGAAAGAGGGAGGAAG -3'
     3'- CCTTTCTCCCTCCTTC -5'

ENSLCOT00000000010.1	36	52	KV388094.1	5714680	5714696	16	0		M	-	A	0.69
     5'- CCTTCTCCCTCCCCCT -3'
TTS: 3'- GGAAGAGGGAGGGGGA -5'
         ||||||||||||||||
TFO: 5'- GGTTGTGGGTGGGGGT -3'

ENSLCOT00000000010.1	36	52	KV388094.1	9370362	9370378	16	0		M	-	A	0.69
     5'- CCTTCTCCCTCCCCCT -3'
TTS: 3'- GGAAGAGGGAGGGGGA -5'
         ||||||||||||||||
TFO: 5'- GGTTGTGGGTGGGGGT -3'

ENSLCOT00000000010.1	36	52	KV388094.1	10819045	10819061	16	0		M	-	A	0.69
     5'- CCTTCTCCCTCCCCCT -3'
TTS: 3'- GGAAGAGGGAGGGGGA -5'
         ||||||||||||||||
TFO: 5'- GGTTGTGGGTGGGGGT -3'

ENSLCOT00000000010.1	58	74	KV388094.1	10709929	10709945	16	0		M	+	P	0.69
TFO: 5'- TGGGTGGGGTTGTGGG -3'
         ||||||||||||||||
TTS: 5'- AGGGAGGGGAAGAGGG -3'
     3'- TCCCTCCCCTTCTCCC -5'

ENSLCOT00000000010.1	62	78	KV388094.1	13834609	13834625	16	0		M	-	P	0.62
     5'- CTCTCCCTCTTCCCCT -3'
TTS: 3'- GAGAGGGAGAAGGGGA -5'
         ||||||||||||||||
TFO: 3'- GTGTGGGTGTTGGGGT -5'

ENSLCOT00000000010.1	176	196	KV388094.1	171083	171103	19	0.05	t1	M	+	P	0.55
TFO: 5'- GGGTGGGGTTGTTTGTGGGT -3'
         |*||||||||||||||||||
TTS: 5'- GAGAGGGGAAGAAAGAGGGA -3'
     3'- CTCTCCCCTTCTTTCTCCCT -5'

ENSLCOT00000000010.1	178	198	KV388094.1	171085	171105	19	0.05	t18	M	+	P	0.55
TFO: 5'- GTGGGGTTGTTTGTGGGTGG -3'
         ||||||||||||||||||*|
TTS: 5'- GAGGGGAAGAAAGAGGGAAG -3'
     3'- CTCCCCTTCTTTCTCCCTTC -5'

ENSLCOT00000000010.1	178	194	KV388094.1	14424576	14424592	16	0		M	+	P	0.56
TFO: 5'- GTGGGGTTGTTTGTGG -3'
         ||||||||||||||||
TTS: 5'- GAGGGGAAGAAAGAGG -3'
     3'- CTCCCCTTCTTTCTCC -5'

ENSLCOT00000000010.1	183	200	KV388094.1	15180434	15180451	17	0		M	+	A	0.59
TFO: 3'- GGGGTGGGTGTTTGTTG -5'
         |||||||||||||||||
TTS: 5'- GGGGAGGGAGAAAGAAG -3'
     3'- CCCCTCCCTCTTTCTTC -5'

ENSLCOT00000000010.1	184	200	KV388094.1	936368	936384	16	0		M	-	A	0.56
     5'- TTCTTTCTCCCTCCCC -3'
TTS: 3'- AAGAAAGAGGGAGGGG -5'
         ||||||||||||||||
TFO: 5'- TTGTTTGTGGGTGGGG -3'

ENSLCOT00000000120.1	742	758	KV388094.1	1001735	1001751	16	0		M	+	P	0.69
TFO: 5'- GTGTGGGGGGGTTGTG -3'
         ||||||||||||||||
TTS: 5'- GAGAGGGGGGGAAGAG -3'
     3'- CTCTCCCCCCCTTCTC -5'

ENSLCOT00000000235.1	61	77	KV388094.1	17150200	17150216	16	0		Y	+	P	0.31
TFO: 5'- TTCCTCCTTTCTTTTT -3'
         ||||||||||||||||
TTS: 5'- AAGGAGGAAAGAAAAA -3'
     3'- TTCCTCCTTTCTTTTT -5'

ENSLCOT00000000242.1	500	516	KV388094.1	10148115	10148131	16	0		R	+	A	0.38
TFO: 3'- AAAAAGGGGGAAAAAG -5'
         ||||||||||||||||
TTS: 5'- AAAAAGGGGGAAAAAG -3'
     3'- TTTTTCCCCCTTTTTC -5'

ENSLCOT00000000242.1	501	517	KV388094.1	12530721	12530737	16	0		R	+	A	0.31
TFO: 3'- AAAAAAGGGGGAAAAA -5'
         ||||||||||||||||
TTS: 5'- AAAAAAGGGGGAAAAA -3'
     3'- TTTTTTCCCCCTTTTT -5'

ENSLCOT00000000242.1	501	517	KV388094.1	13720197	13720213	16	0		R	+	A	0.31
TFO: 3'- AAAAAAGGGGGAAAAA -5'
         ||||||||||||||||
TTS: 5'- AAAAAAGGGGGAAAAA -3'
     3'- TTTTTTCCCCCTTTTT -5'

ENSLCOT00000000242.1	563	580	KV388094.1	14738986	14739003	17	0		R	-	A	0.29
     5'- TCTCTCTTTTTTCTTTC -3'
TTS: 3'- AGAGAGAAAAAAGAAAG -5'
         |||||||||||||||||
TFO: 5'- AGAGAGAAAAAAGAAAG -3'

ENSLCOT00000000242.1	588	604	KV388094.1	3501849	3501865	16	0		R	+	A	0.5
TFO: 3'- AGAGAAGAGAGGAGAG -5'
         ||||||||||||||||
TTS: 5'- AGAGAAGAGAGGAGAG -3'
     3'- TCTCTTCTCTCCTCTC -5'

ENSLCOT00000000582.1	208	226	KV388094.1	3347160	3347178	18	0		R	+	A	0.17
TFO: 3'- AAAAGAAAAAAAGAAAGA -5'
         ||||||||||||||||||
TTS: 5'- AAAAGAAAAAAAGAAAGA -3'
     3'- TTTTCTTTTTTTCTTTCT -5'

ENSLCOT00000000582.1	208	224	KV388094.1	5339390	5339406	16	0		R	+	A	0.19
TFO: 3'- AAGAAAAAAAGAAAGA -5'
         ||||||||||||||||
TTS: 5'- AAGAAAAAAAGAAAGA -3'
     3'- TTCTTTTTTTCTTTCT -5'

ENSLCOT00000000582.1	210	226	KV388094.1	5710381	5710397	16	0		R	+	A	0.12
TFO: 3'- AAAAGAAAAAAAGAAA -5'
         ||||||||||||||||
TTS: 5'- AAAAGAAAAAAAGAAA -3'
     3'- TTTTCTTTTTTTCTTT -5'

ENSLCOT00000000582.1	207	229	KV388094.1	7537703	7537725	21	0.045	o19	R	+	A	0.14
TFO: 3'- AAtAAAAGAAAAAAAGAAAGAA -5'
         ||*|||||||||||||||||||
TTS: 5'- AAGAAAAGAAAAAAAGAAAGAA -3'
     3'- TTCTTTTCTTTTTTTCTTTCTT -5'

ENSLCOT00000000582.1	205	226	KV388094.1	7537706	7537727	20	0.048	o1	R	+	A	0.14
TFO: 3'- AAAAGAAAAAAAGAAAGAAtA -5'
         |||||||||||||||||||*|
TTS: 5'- AAAAGAAAAAAAGAAAGAAAA -3'
     3'- TTTTCTTTTTTTCTTTCTTTT -5'

ENSLCOT00000000582.1	207	223	KV388094.1	8245714	8245730	16	0		R	+	A	0.19
TFO: 3'- AGAAAAAAAGAAAGAA -5'
         ||||||||||||||||
TTS: 5'- AGAAAAAAAGAAAGAA -3'
     3'- TCTTTTTTTCTTTCTT -5'

ENSLCOT00000000582.1	210	226	KV388094.1	12412991	12413007	16	0		R	+	A	0.12
TFO: 3'- AAAAGAAAAAAAGAAA -5'
         ||||||||||||||||
TTS: 5'- AAAAGAAAAAAAGAAA -3'
     3'- TTTTCTTTTTTTCTTT -5'

ENSLCOT00000000582.1	209	226	KV388094.1	13037985	13038002	17	0		R	+	A	0.18
TFO: 3'- AAAAGAAAAAAAGAAAG -5'
         |||||||||||||||||
TTS: 5'- AAAAGAAAAAAAGAAAG -3'
     3'- TTTTCTTTTTTTCTTTC -5'

ENSLCOT00000000582.1	199	222	KV388094.1	14137850	14137873	22	0.043	o7	R	+	A	0.17
TFO: 3'- GAAAAAAAGAAAGAAtAAAAAAG -5'
         |||||||||||||||*|||||||
TTS: 5'- GAAAAAAAGAAAGAAAAAAAAAG -3'
     3'- CTTTTTTTCTTTCTTTTTTTTTC -5'

ENSLCOT00000000582.1	209	226	KV388094.1	8215722	8215739	17	0		R	-	A	0.18
     5'- CTTTCTTTTTTTCTTTT -3'
TTS: 3'- GAAAGAAAAAAAGAAAA -5'
         |||||||||||||||||
TFO: 5'- GAAAGAAAAAAAGAAAA -3'

ENSLCOT00000000582.1	201	221	KV388094.1	9112245	9112265	19	0.05	o5	R	-	A	0.1
     5'- TTTTTTTTCTTTCTTTTTTT -3'
TTS: 3'- AAAAAAAAGAAAGAAAAAAA -5'
         |||||*||||||||||||||
TFO: 5'- AAAAAtAAGAAAGAAAAAAA -3'

ENSLCOT00000000582.1	208	225	KV388094.1	15543269	15543286	17	0		R	-	A	0.18
     5'- TCTTTCTTTTTTTCTTT -3'
TTS: 3'- AGAAAGAAAAAAAGAAA -5'
         |||||||||||||||||
TFO: 5'- AGAAAGAAAAAAAGAAA -3'

ENSLCOT00000001086.1	721	737	KV388094.1	4106040	4106056	16	0		Y	+	P	0.38
TFO: 5'- TCCTTCCTTTCTTTTC -3'
         ||||||||||||||||
TTS: 5'- AGGAAGGAAAGAAAAG -3'
     3'- TCCTTCCTTTCTTTTC -5'

ENSLCOT00000001086.1	724	740	KV388094.1	16822446	16822462	16	0		Y	+	P	0.31
TFO: 5'- TTCCTTTCTTTTCCTT -3'
         ||||||||||||||||
TTS: 5'- AAGGAAAGAAAAGGAA -3'
     3'- TTCCTTTCTTTTCCTT -5'

ENSLCOT00000001108.1	38	55	KV388094.1	7730846	7730863	17	0		R	-	A	0.59
     5'- CCCTTTCCCTCCCCTTT -3'
TTS: 3'- GGGAAAGGGAGGGGAAA -5'
         |||||||||||||||||
TFO: 5'- GGGAAAGGGAGGGGAAA -3'

ENSLCOT00000001108.1	41	57	KV388094.1	13596408	13596424	16	0		R	-	A	0.44
     5'- TTTCCCTCCCCTTTTT -3'
TTS: 3'- AAAGGGAGGGGAAAAA -5'
         ||||||||||||||||
TFO: 5'- AAAGGGAGGGGAAAAA -3'

ENSLCOT00000001108.1	283	299	KV388094.1	6450605	6450621	16	0		M	+	P	0.38
TFO: 5'- GTTTGTGTTTGTTTGG -3'
         ||||||||||||||||
TTS: 5'- GAAAGAGAAAGAAAGG -3'
     3'- CTTTCTCTTTCTTTCC -5'

ENSLCOT00000001108.1	284	300	KV388094.1	14467607	14467623	16	0		M	+	P	0.31
TFO: 5'- TTTGTGTTTGTTTGGT -3'
         ||||||||||||||||
TTS: 5'- AAAGAGAAAGAAAGGA -3'
     3'- TTTCTCTTTCTTTCCT -5'

ENSLCOT00000001108.1	284	300	KV388094.1	16718716	16718732	16	0		M	+	P	0.31
TFO: 5'- TTTGTGTTTGTTTGGT -3'
         ||||||||||||||||
TTS: 5'- AAAGAGAAAGAAAGGA -3'
     3'- TTTCTCTTTCTTTCCT -5'

ENSLCOT00000001108.1	313	333	KV388094.1	12405984	12406004	19	0.05	o10	M	-	A	0.1
     5'- CTTTTTTTCTCTTTTTTTTT -3'
TTS: 3'- GAAAAAAAGAGAAAAAAAAA -5'
         ||||||||||*|||||||||
TFO: 5'- GTTTTTTTGTcTTTTTTTTT -3'

ENSLCOT00000001324.1	178	194	KV388094.1	15493671	15493687	16	0		R	+	A	0.44
TFO: 3'- GAAAAGGAAAGAAGGG -5'
         ||||||||||||||||
TTS: 5'- GAAAAGGAAAGAAGGG -3'
     3'- CTTTTCCTTTCTTCCC -5'

ENSLCOT00000001324.1	426	442	KV388094.1	5343980	5343996	16	0		M	+	A	0.44
TFO: 3'- GGGTTTTGTGTTGTTG -5'
         ||||||||||||||||
TTS: 5'- GGGAAAAGAGAAGAAG -3'
     3'- CCCTTTTCTCTTCTTC -5'

ENSLCOT00000001405.1	366	386	KV388094.1	4770700	4770720	19	0.05	t1	R	+	A	0.4
TFO: 3'- AAGGAGGAGAGGAAAAAAGG -5'
         ||||||||||||||||||*|
TTS: 5'- AAGGAGGAGAGGAAAAAAAG -3'
     3'- TTCCTCCTCTCCTTTTTTTC -5'

ENSLCOT00000001405.1	373	395	KV388094.1	13636447	13636469	21	0.045	t18	R	+	A	0.5
TFO: 3'- AAGAAGGAGAAGGAGGAGAGGA -5'
         |||*||||||||||||||||||
TTS: 5'- AAGGAGGAGAAGGAGGAGAGGA -3'
     3'- TTCCTCCTCTTCCTCCTCTCCT -5'

ENSLCOT00000001405.1	371	391	KV388094.1	13636451	13636471	19	0.05	d1	R	+	A	0.5
TFO: 3'- AGGAGAAGGAGGAGAGGAAA -5'
         ||||||||||||||||||*|
TTS: 5'- AGGAGAAGGAGGAGAGGAcA -3'
     3'- TCCTCTTCCTCCTCTCCTGT -5'

ENSLCOT00000001405.1	368	384	KV388094.1	4354904	4354920	16	0		R	-	A	0.44
     5'- TTTTTTCCTCTCCTCC -3'
TTS: 3'- AAAAAAGGAGAGGAGG -5'
         ||||||||||||||||
TFO: 5'- AAAAAAGGAGAGGAGG -3'

ENSLCOT00000001405.1	370	390	KV388094.1	8616633	8616653	19	0.05	d12	R	-	A	0.45
     5'- TTTTCCTCTCCTGCTTCTCC -3'
TTS: 3'- AAAAGGAGAGGAcGAAGAGG -5'
         ||||||||||||*|||||||
TFO: 5'- AAAAGGAGAGGAGGAAGAGG -3'

ENSLCOT00000001405.1	376	397	KV388094.1	10470921	10470942	20	0.048	t18	R	-	A	0.43
     5'- TCTCCTCCTTCTCCTTCTCTT -3'
TTS: 3'- AGAGGAGGAAGAGGAAGAGAA -5'
         ||||||||||||||||||*||
TFO: 5'- AGAGGAGGAAGAGGAAGAAAA -3'

ENSLCOT00000001405.1	374	394	KV388094.1	10470919	10470939	19	0.05	t1	R	-	A	0.5
     5'- CTTCTCCTCCTTCTCCTTCT -3'
TTS: 3'- GAAGAGGAGGAAGAGGAAGA -5'
         |*||||||||||||||||||
TFO: 5'- GGAGAGGAGGAAGAGGAAGA -3'

ENSLCOT00000001405.1	539	555	KV388094.1	10724077	10724093	16	0		R	-	A	0.5
     5'- CTCTCCTTCTCCTCTT -3'
TTS: 3'- GAGAGGAAGAGGAGAA -5'
         ||||||||||||||||
TFO: 5'- GAGAGGAAGAGGAGAA -3'

