# Sequence-ID	TFO start	TFO end	Duplex-ID	TTS start	TTS end	Score	Error-rate	Errors	Motif	Strand	Orientation	Guanine-rate
ENSLCOT00000001405.1	541	561	ENSLCOT00000000014.1	601	621	18	0.1	d5d7	R	-	A	0.5
     5'- CTCCTGCACCTCTTCTCCTT -3'
TTS: 3'- GAGGAcGtGGAGAAGAGGAA -5'
         |||||*|*||||||||||||
TFO: 5'- GAGGAAGAGGAGAAGAGGAA -3'

ENSLCOT00000000954.1	1888	1904	ENSLCOT00000000030.1	4875	4891	15	0.062	o8	Y	-	P	0.31
     5'- CTTTTTTTTTCCCTTC -3'
TTS: 3'- GAAAAAAAAAGGGAAG -5'
         ||||||||*|||||||
TFO: 3'- CTTTTTTTgTCCCTTC -5'

ENSLCOT00000000988.1	355	371	ENSLCOT00000000024.1	833	849	15	0.062	o11	M	+	P	0.19
TFO: 5'- TTGTTGTTTGTcTTTT -3'
         |||||||||||*||||
TTS: 5'- AAGAAGAAAGAAAAAA -3'
     3'- TTCTTCTTTCTTTTTT -5'

ENSLCOT00000000988.1	355	371	ENSLCOT00000000032.1	833	849	15	0.062	o11	M	+	P	0.19
TFO: 5'- TTGTTGTTTGTcTTTT -3'
         |||||||||||*||||
TTS: 5'- AAGAAGAAAGAAAAAA -3'
     3'- TTCTTCTTTCTTTTTT -5'

ENSLCOT00000000003.1	712	728	ENSLCOT00000000093.1	3253	3269	15	0.062	b4	Y	+	P	0.81
TFO: 5'- CCCTgCCCCTCCCCCC -3'
         ||||*|||||||||||
TTS: 5'- GGGAtGGGGAGGGGGG -3'
     3'- CCCTACCCCTCCCCCC -5'

