# Sequence-ID	TFO start	TFO end	Duplex-ID	TTS start	TTS end	Score	Error-rate	Errors	Motif	Strand	Orientation	Guanine-rate
ENSLCOT00000000989.1	651	668	ENSLCOT00000000012.1	3048	3065	17	0		M	-	A	0.12
