# Duplex-ID	Start	End	Score	Strand	Error-rate	Errors	Guanine-rate	Duplicates	TTS	Duplicate locations
ENSLCOT00000000041.1	3812	3828	15	+	0.062	d8	0.56	2	AGGAGGAAcAGGGGAG	-
ENSLCOT00000000041.1	4998	5014	15	+	0.062	d7	0.56	2	GGGGAAAtGGAAAGGG	-
ENSLCOT00000000041.1	7961	7979	17	+	0.056	d6	0.5	2	AAGAGAtGGAGAGGAAGG	-
ENSLCOT00000000044.1	3533	3549	15	+	0.062	d8	0.56	2	AGGAGGAAcAGGGGAG	-
ENSLCOT00000000044.1	4719	4735	15	+	0.062	d7	0.56	2	GGGGAAAtGGAAAGGG	-
ENSLCOT00000000044.1	7682	7700	17	+	0.056	d6	0.5	2	AAGAGAtGGAGAGGAAGG	-
ENSLCOT00000000056.1	3257	3273	15	+	0.062	d8	0.56	2	AGGAGGAAcAGGGGAG	-
ENSLCOT00000000056.1	4443	4459	15	+	0.062	d7	0.56	2	GGGGAAAtGGAAAGGG	-
ENSLCOT00000000056.1	7406	7424	17	+	0.056	d6	0.5	2	AAGAGAtGGAGAGGAAGG	-
ENSLCOT00000000007.1	877	895	15	+	0.17	d6	0.56	0	GGGAGGtGAAGAAGGAAG	-
ENSLCOT00000000007.1	924	946	15	+	0.32	d2d20	0.59	0	AGcGAGGAGGAGAGGAAGGGcG	-
ENSLCOT00000000007.1	983	1004	15	+	0.29	d2d19	0.57	0	GGtGAAGGAGGAAGAGGAGcG	-
ENSLCOT00000000007.1	1049	1075	15	+	0.42	d11d17	0.5	0	GGAAGAGGAGGcGAAAGcGGAAGAGA	-
ENSLCOT00000000007.1	1173	1198	16	+	0.36	d18d23	0.52	0	GAGGAGGAAGAGGAGGAGcAGGAcA	-
ENSLCOT00000000007.1	1535	1556	15	+	0.29	d2d16	0.48	0	AAtGGAAGAGGAGGAGcAGGA	-
ENSLCOT00000000007.1	1866	1887	15	+	0.29	d8	0.62	0	GGGGAGGAcGAAGAGGAGGGA	-
ENSLCOT00000000007.1	2169	2185	15	+	0.062	d8	0.56	0	GGAGAAGAtGGGGAGA	-
ENSLCOT00000000007.1	26	42	15	-	0.062	d4	0.62	0	AAAGGGAGGGGcGGGA	-
ENSLCOT00000000007.1	260	278	15	-	0.17	d3	0.56	0	GGAGAAGGGAGGAGtGAA	-
ENSLCOT00000000007.1	460	501	23	-	0.44	d2d5d29d31	0.61	0	GGGGGGAGGcAcAGAGGAGGAAGAGGAGGAGGGGGcAGcAG	-
ENSLCOT00000000006.1	529	545	15	+	0.062	d7	0.5	0	GGGGAAGtGAAAGAAG	-
ENSLCOT00000000009.1	32	49	15	+	0.12	d12	0.71	0	GGAGGAGGAGAGcGGGG	-
ENSLCOT00000000009.1	110	126	15	-	0.062	d11	0.56	0	GAAGcAGAGGGAGGAG	-
ENSLCOT00000000445.1	780	797	15	+	0.12	d7	0.53	2	AAGGGGGtGAAAGGGAA	-
ENSLCOT00000000445.1	2212	2230	15	+	0.17	d8	0.5	2	AGAAGGAGcAGGAAGGGA	-
ENSLCOT00000000445.1	2732	2763	15	+	0.52	d2d21d25	0.52	2	GGcGAAGAAAGAGAGGGAAAGcAGGcGGGAG	-
ENSLCOT00000000484.1	780	797	15	+	0.12	d7	0.53	2	AAGGGGGtGAAAGGGAA	-
ENSLCOT00000000484.1	2227	2245	15	+	0.17	d8	0.5	2	AGAAGGAGcAGGAAGGGA	-
ENSLCOT00000000484.1	2654	2685	15	+	0.52	d2d21d25	0.52	2	GGcGAAGAAAGAGAGGGAAAGcAGGcGGGAG	-
ENSLCOT00000000489.1	780	797	15	+	0.12	d7	0.53	2	AAGGGGGtGAAAGGGAA	-
ENSLCOT00000000489.1	2197	2215	15	+	0.17	d8	0.5	2	AGAAGGAGcAGGAAGGGA	-
ENSLCOT00000000489.1	2651	2682	15	+	0.52	d2d21d25	0.52	2	GGcGAAGAAAGAGAGGGAAAGcAGGcGGGAG	-
ENSLCOT00000000017.1	611	632	15	+	0.29	d10	0.67	0	GGGGGGGAAGtGGAAGGAGAG	-
ENSLCOT00000000881.1	2870	2889	15	+	0.21	d5	0.63	1	GGAGGtGGGAAGAGAGGAG	-
ENSLCOT00000000881.1	3830	3846	15	+	0.062	d14	0.69	1	GGGAGGGGAAGAGGcG	-
ENSLCOT00000000881.1	751	776	15	-	0.4	d8d20	0.52	2	GAGGcAGAGGGAAGGGcAAAGAGAG	-
ENSLCOT00000000881.1	961	979	15	-	0.17	d11	0.56	2	AGAGGGcGAAGAGGAAGG	-
ENSLCOT00000000881.1	1228	1247	15	-	0.21	d10	0.53	2	GAGGAGAAcAGGGAGGAGA	-
ENSLCOT00000000881.1	1799	1815	15	-	0.062	d5	0.5	2	GGAGAGGAGAtAGAGA	-
ENSLCOT00000000921.1	2546	2565	15	+	0.21	d5	0.63	1	GGAGGtGGGAAGAGAGGAG	-
ENSLCOT00000000921.1	3506	3522	15	+	0.062	d14	0.69	1	GGGAGGGGAAGAGGcG	-
ENSLCOT00000000921.1	568	593	15	-	0.4	d8d20	0.52	2	GAGGcAGAGGGAAGGGcAAAGAGAG	-
ENSLCOT00000000921.1	778	796	15	-	0.17	d11	0.56	2	AGAGGGcGAAGAGGAAGG	-
ENSLCOT00000000921.1	1045	1064	15	-	0.21	d10	0.53	2	GAGGAGAAcAGGGAGGAGA	-
ENSLCOT00000000921.1	1547	1563	15	-	0.062	d5	0.5	2	GGAGAGGAGAtAGAGA	-
ENSLCOT00000000946.1	568	593	15	-	0.4	d8d20	0.52	2	GAGGcAGAGGGAAGGGcAAAGAGAG	-
ENSLCOT00000000946.1	778	796	15	-	0.17	d11	0.56	2	AGAGGGcGAAGAGGAAGG	-
ENSLCOT00000000946.1	1045	1064	15	-	0.21	d10	0.53	2	GAGGAGAAcAGGGAGGAGA	-
ENSLCOT00000000946.1	1616	1632	15	-	0.062	d5	0.5	2	GGAGAGGAGAtAGAGA	-
ENSLCOT00000000013.1	843	860	15	+	0.12	d5	0.65	0	AGGGAtGGGAGGGAGAG	-
ENSLCOT00000000012.1	1130	1146	15	+	0.062	d3	0.62	0	GAGcAGGAGGGGAAGG	-
ENSLCOT00000000012.1	1507	1523	15	+	0.062	d3	0.56	0	GGGcGAGAGGAAGAAG	-
ENSLCOT00000000012.1	2901	2918	15	+	0.12	d6	0.71	0	GGAGGGcAGGGAGGAGG	-
ENSLCOT00000000012.1	3093	3124	15	-	0.52	d9d19	0.58	0	GGGGGAGAGAGtGAAGAGGGAtGGAGGAAGA	-
ENSLCOT00000000131.1	11	29	16	-	0.11		0.5	0	GAGAAGGAGAGGGAAAAG	-
ENSLCOT00000000069.1	1495	1513	16	+	0.11		0.56	0	GGGAGGAAGAGGAAGAGA	-
ENSLCOT00000000043.1	393	409	15	+	0.062	d6	0.5	0	GGGAAAtGGGGAAAAG	-
ENSLCOT00000000043.1	483	515	17	+	0.47	d2d25d26	0.47	0	AGtAGAGAAAAGGAGGGGAGAAAGGctGAAGG	-
ENSLCOT00000000323.1	7	45	15	+	0.61	d10d19d30	0.63	0	GGGAGAGGAGcAGGAGGGAtGGAAGAGGGGcAGGAGGG	-
ENSLCOT00000000323.1	2151	2172	18	+	0.14	d15	0.71	1	GGGGAGGAGGAAGGGcGGAGG	-
ENSLCOT00000000323.1	2869	2885	15	+	0.062	d4	0.5	1	AGAGcAAAGGGAAGGG	-
ENSLCOT00000000323.1	3340	3356	15	+	0.062	d3	0.69	1	GGGcGGAGGAGGAGAG	-
ENSLCOT00000000323.1	1312	1329	15	-	0.12	d5	0.59	1	GAGGAGGAAGAcGAGGG	-
ENSLCOT00000000346.1	1866	1887	18	+	0.14	d15	0.71	1	GGGGAGGAGGAAGGGcGGAGG	-
ENSLCOT00000000346.1	2584	2600	15	+	0.062	d4	0.5	1	AGAGcAAAGGGAAGGG	-
ENSLCOT00000000346.1	3016	3032	15	+	0.062	d3	0.69	1	GGGcGGAGGAGGAGAG	-
ENSLCOT00000000346.1	1027	1044	15	-	0.12	d5	0.59	1	GAGGAGGAAGAcGAGGG	-
ENSLCOT00000000014.1	175	191	15	+	0.062	d10	0.56	0	GAGGAAGGAGcGGAAG	-
ENSLCOT00000000014.1	233	257	16	+	0.33	d19	0.42	0	AGAAAAGGGGAAGAGGAGAtAAAG	-
ENSLCOT00000000014.1	273	294	19	+	0.095	d6	0.48	0	GAAGAAcGAGAAGGAGAGGGA	-
ENSLCOT00000000014.1	1424	1446	17	+	0.23	d14	0.55	0	GAGAGGGAAAGAAAtGGGGAGG	-
ENSLCOT00000000014.1	3593	3618	15	+	0.4	d13d21	0.52	0	GAGGGAGGGAAAAtGGGGGAAtAAG	-
ENSLCOT00000000014.1	597	623	15	-	0.42	d9d11	0.5	0	GGAAGGAGAAGAGGtGcAGGAGGAAA	-
ENSLCOT00000000014.1	773	807	23	-	0.32	d21d24	0.53	0	GGGAAGAGGcAGcAGGAGAGGAGGAGGAAGAAGA	-
ENSLCOT00000000034.1	152	168	15	+	0.062	d11	0.69	0	AGGGGAGGGGGtGGAA	-
ENSLCOT00000000251.1	969	985	15	+	0.062	d10	0.5	1	GGGGAAGAAAtGGAGA	-
ENSLCOT00000000251.1	4342	4358	15	+	0.062	d2	0.5	1	AGcAGGAGAGGAGAAG	-
ENSLCOT00000000251.1	6533	6557	16	+	0.33	d20	0.5	1	GAGAGGAGAAGAGGAAGAAGtGGA	-
ENSLCOT00000000251.1	1993	2010	15	-	0.12	d14	0.47	1	AGtGGAAAAGGAGGGAA	-
ENSLCOT00000000255.1	801	817	15	+	0.062	d10	0.5	1	GGGGAAGAAAtGGAGA	-
ENSLCOT00000000255.1	4174	4190	15	+	0.062	d2	0.5	1	AGcAGGAGAGGAGAAG	-
ENSLCOT00000000255.1	6365	6389	16	+	0.33	d20	0.5	1	GAGAGGAGAAGAGGAAGAAGtGGA	-
ENSLCOT00000000255.1	1825	1842	15	-	0.12	d14	0.47	1	AGtGGAAAAGGAGGGAA	-
ENSLCOT00000000030.1	3696	3714	16	+	0.11	d15	0.5	0	AAAGGGAGGAGGAGGcAA	-
ENSLCOT00000000030.1	3971	4000	23	-	0.21	d14d20	0.48	0	AGGGAAGGtGGGAGtAAAGGAGAAGAAAG	-
ENSLCOT00000000030.1	5821	5837	15	-	0.062	d14	0.56	0	GtGAAGAGGGAAGAGG	-
ENSLCOT00000000030.1	6080	6106	15	-	0.42	d7d11	0.62	0	AGGGGAGGAGGGGAcGGGcAAAGGGA	-
ENSLCOT00000000022.1	2	35	28	+	0.15	d2d11d30	0.45	0	AGcAAGAAGAGtGAAAAGGGGAGAGGAGGGcAA	-
ENSLCOT00000000039.1	934	950	15	-	0.062	d8	0.5	0	GGGGAGAtGAAGAAAG	-
ENSLCOT00000000402.1	730	748	17	+	0.056	d6	0.5	0	AGAAGGcAGAGAAGGAGG	-
ENSLCOT00000000402.1	131	147	15	-	0.062	d10	0.5	0	GGAGAtGAGGAAGAAG	-
ENSLCOT00000000402.1	502	518	15	-	0.062	d2	0.62	0	AAGAGGGGAGGGGcAG	-
ENSLCOT00000000402.1	434	450	15	-	0.062	d5	0.56	0	GGAGGAGAAGcGGAAG	-
ENSLCOT00000000402.1	1030	1047	15	-	0.12	d8	0.59	0	GGAGGAGAcGGAGGAGA	-
ENSLCOT00000000020.1	939	955	15	+	0.062	d10	0.69	0	AGGAGGGAGGtGGAGG	-
ENSLCOT00000000353.1	764	780	15	-	0.062	d11	0.69	0	GGAGtAGAAGGGGGGG	-
ENSLCOT00000000026.1	1529	1547	15	+	0.17	d8	0.5	0	AGAGAAGGcGAGAGGAGA	-
ENSLCOT00000000026.1	3371	3390	15	+	0.21	d12	0.53	0	AGGAGGGAAGGAtGAGGAA	-
ENSLCOT00000000026.1	6307	6329	15	+	0.32	d5	0.5	0	GGGGAcGGAGGGAAGAAGAAAA	-
ENSLCOT00000000027.1	22	51	23	-	0.21	d23d25	0.59	0	GAAcGcGGGAGGAGGGAAGGAAGGAGGGA	-
ENSLCOT00000000417.1	470	486	15	-	0.062	d13	0.56	2	AAtGGGGAAGGAAGGG	-
ENSLCOT00000000452.1	497	513	15	-	0.062	d13	0.56	2	AAtGGGGAAGGAAGGG	-
ENSLCOT00000000491.1	494	510	15	-	0.062	d13	0.56	2	AAtGGGGAAGGAAGGG	-
ENSLCOT00000000080.1	1213	1229	15	+	0.062	d13	0.69	0	AGGGGGAGGAGGGcGA	-
ENSLCOT00000000080.1	1636	1664	15	+	0.46	d2d19	0.5	0	AGcGAGGGAAGAAGGAGAGcAAGGAGGA	-
ENSLCOT00000000080.1	288	305	15	-	0.12	d11	0.71	0	GAGGGcGAGGAGGAGGG	-
ENSLCOT00000000036.1	94	110	15	+	0.062	d5	0.5	0	GAGAGtGAGGAAGAAG	-
ENSLCOT00000000042.1	157	174	15	+	0.12	d8	0.47	0	AAGGAGAGcAAGAGGGA	-
ENSLCOT00000000093.1	2255	2273	15	+	0.17	d14	0.67	0	GGGGAGGGAGGAGAtGGA	-
ENSLCOT00000000093.1	2693	2711	15	+	0.17	d12	0.56	0	GGAGAAGGGGAGcAGAGA	-
ENSLCOT00000000093.1	2855	2873	15	+	0.17	d4	0.61	0	GGGGtGGGAGAAGGAAAG	-
ENSLCOT00000000093.1	3253	3280	24	+	0.11	d4d16	0.67	0	GGGAtGGGGAGGGGGGtGAGAGGGAAA	-
ENSLCOT00000000093.1	792	808	15	-	0.062	d9	0.56	2	AGAAGGcGGAGGAGAG	-
ENSLCOT00000000093.1	1302	1323	15	-	0.29	d13	0.62	1	GGGGAAGtAGAGGAGGAGGGA	-
ENSLCOT00000000103.1	792	808	15	-	0.062	d9	0.56	2	AGAAGGcGGAGGAGAG	-
ENSLCOT00000000103.1	1311	1332	15	-	0.29	d13	0.62	1	GGGGAAGtAGAGGAGGAGGGA	-
ENSLCOT00000000169.1	750	766	15	-	0.062	d9	0.56	2	AGAAGGcGGAGGAGAG	-
ENSLCOT00000000249.1	1207	1225	15	-	0.17	d15	0.67	2	GGtAGAGGGGGAGGAAGG	-
ENSLCOT00000000259.1	1387	1405	15	-	0.17	d15	0.67	2	GGtAGAGGGGGAGGAAGG	-
ENSLCOT00000000260.1	64	80	15	+	0.062	d4	0.56	0	GGGAcAAAGGGGAGAG	-
ENSLCOT00000000260.1	1453	1471	15	-	0.17	d15	0.67	2	GGtAGAGGGGGAGGAAGG	-
ENSLCOT00000023191.1	119	159	23	+	0.43	d1d14d28d34	0.57	0	GcGGAGGAAGAGGAtGGAGAGGGGGAGGcAAAGGtGAAGG	-
ENSLCOT00000023191.1	1599	1624	15	+	0.4	d6d16	0.68	0	GGGAGGtGAAGAGAAGtGGGGGGGG	-
ENSLCOT00000023191.1	630	648	17	-	0.056	d13	0.67	0	GGGGcAGGGGAGGAGGAA	-
ENSLCOT00000023191.1	1317	1334	16	-	0.059		0.59	0	GGGGAGGAAAAAGGGGA	-
ENSLCOT00000010487.1	0	23	15	+	0.35	d12	0.57	0	GAGGAAGGGAGAcGGGAGGAAAG	-
ENSLCOT00000010487.1	5298	5314	15	+	0.062	d12	0.56	0	GGGAGAGGGAAGtGAA	-
ENSLCOT00000010487.1	688	704	15	-	0.062	d13	0.69	0	GGtGGAGGAAGAGGGG	-
ENSLCOT00000010487.1	1800	1816	15	-	0.062	d12	0.69	0	GGGtAGGGAGGAGAGG	-
ENSLCOT00000010487.1	2494	2514	15	-	0.25	d5	0.7	0	GAGAGGGAGGAGGGcAGGGG	-
ENSLCOT00000010487.1	2800	2827	24	-	0.11	d6d17	0.7	0	GGGGGAAGGcGGGGAGGAGGtGAGGAG	-
ENSLCOT00000010487.1	6083	6123	15	-	0.62	d2d14d37	0.57	0	AGtGAGGGGAGGGAAAAGGGGAAGAtGGGAGAGGAGGcGA	-
ENSLCOT00000008897.1	482	498	15	+	0.062	d11	0.56	0	GGAGAAGGAGAtGGAG	-
ENSLCOT00000008897.1	2974	2990	15	+	0.062	d7	0.56	0	AAGGGAGtGGAGAGGA	-
ENSLCOT00000008897.1	4143	4159	16	+	0		0.5	0	GGAAGAGAGAGAAGAG	-
ENSLCOT00000008897.1	4308	4326	15	+	0.17	d1	0.61	0	GtGGAGGAGGAAGGAGGA	-
ENSLCOT00000008897.1	5301	5326	23	+	0.08	d2d7	0.52	0	GAtGGGGtGGGAAAAGAGAAGGGAA	-
ENSLCOT00000008897.1	5678	5697	16	+	0.16	d16	0.63	0	GGAGGGGAGGGAAGAGcAG	-
ENSLCOT00000008897.1	980	996	15	-	0.062	d3	0.62	0	AGGAGGAGAGGGcAGG	-
ENSLCOT00000008897.1	1159	1175	15	-	0.062	d12	0.56	0	AGGtGAGAGAAGAGGG	-
ENSLCOT00000008897.1	3177	3195	16	-	0.11		0.61	0	GAGAGGGGGAGAGAAAGG	-
ENSLCOT00000008897.1	3475	3498	16	-	0.3	d6	0.61	0	GGAGGAAGGAGGGGGAtGAAGGA	-
ENSLCOT00000008897.1	4274	4291	16	-	0.059		0.47	0	AGGGAAAAAAAGGGGGA	-
ENSLCOT00000004026.1	0	237	23	-	0.9	d38d105d159d230d231	0.57	0	AGGGAtcGGGAAAGAGGGAGAAGGGGAGGGAAAGGGGAGAAGGAAAGGGGAGGGAAAGGAGGAGAAGAGGAGGGAAAtGGGAGGGAAAGAGGAGAGAAAAGGGAGAAGGAAAGAGGGAGAAGAAAAGAGGAtGGAGAGGGGAAGAAGGGGAGGGAAAGGGGGAGAAGGAGAGGGGAGGGAAGAGGAGGGAAAGGGGAGcGAAAGAGGAGGGAAAGGGGAGGGGGAGAGGAGGGAAAG	-
ENSLCOT00000004230.1	392	410	15	+	0.17	d13	0.72	0	GGAAAGGAGGGGGtGGGG	-
ENSLCOT00000004230.1	453	678	23	-	0.9	d160d178d180d198d219d223	0.5	0	AtGGGtGGAAGAGGAAGAGGAAGAGAtGAGGAGGAAGAAGAAGGtGtGAGAAGGAGGAGGAAGAcAAGGAGAAGGAGAAGGAGAAGAAGGAGAAGGAGAAGGAGAAGGAGAAGGAGGAGGAGAAGGAGAAGGAGAAGGAGAAGGAGAAGAAGGAGAAGGAGGAGAAGGAGAAGGAGAAGGAGAAGGAGAAGGAGAAGAAGGAGAAGGAGAAGGAGAAGGAGAAGG	-
ENSLCOT00000019763.1	1659	1677	15	-	0.17	d9	0.61	2	GAAGGAGGtGAGGAGGGA	-
ENSLCOT00000019763.1	2304	2321	15	-	0.12	d8	0.65	2	GGGAAGGGcGGGAAGGA	-
ENSLCOT00000019764.1	1683	1701	15	-	0.17	d9	0.61	2	GAAGGAGGtGAGGAGGGA	-
ENSLCOT00000019764.1	2311	2339	23	-	0.18	d24d26	0.54	1	GcAtAGAGGGGAAAGGGGAGAGGAGGAA	-
ENSLCOT00000019764.1	2420	2437	15	-	0.12	d8	0.65	2	GGGAAGGGcGGGAAGGA	-
ENSLCOT00000019765.1	1629	1647	15	-	0.17	d9	0.61	2	GAAGGAGGtGAGGAGGGA	-
ENSLCOT00000019765.1	2257	2285	23	-	0.18	d24d26	0.54	1	GcAtAGAGGGGAAAGGGGAGAGGAGGAA	-
ENSLCOT00000019765.1	2366	2383	15	-	0.12	d8	0.65	2	GGGAAGGGcGGGAAGGA	-
