# Duplex-ID	Start	End	Score	Strand	Error-rate	Errors	Guanine-rate	Duplicates	TTS	Duplicate locations
ENSLCOT00000000041.1	3812	3828	15	+	0.062	d8	0.56	2	AGGAGGAACAGGGGAG	-
ENSLCOT00000000041.1	4998	5014	15	+	0.062	d7	0.56	2	GGGGAAATGGAAAGGG	-
ENSLCOT00000000041.1	7961	7979	17	+	0.056	d6	0.5	2	AAGAGATGGAGAGGAAGG	-
ENSLCOT00000000044.1	3533	3549	15	+	0.062	d8	0.56	2	AGGAGGAACAGGGGAG	-
ENSLCOT00000000044.1	4719	4735	15	+	0.062	d7	0.56	2	GGGGAAATGGAAAGGG	-
ENSLCOT00000000044.1	7682	7700	17	+	0.056	d6	0.5	2	AAGAGATGGAGAGGAAGG	-
ENSLCOT00000000056.1	3257	3273	15	+	0.062	d8	0.56	2	AGGAGGAACAGGGGAG	-
ENSLCOT00000000056.1	4443	4459	15	+	0.062	d7	0.56	2	GGGGAAATGGAAAGGG	-
ENSLCOT00000000056.1	7406	7424	17	+	0.056	d6	0.5	2	AAGAGATGGAGAGGAAGG	-
ENSLCOT00000000007.1	877	895	17	+	0.056	d6	0.56	0	GGGAGGTGAAGAAGGAAG	-
ENSLCOT00000000007.1	924	944	19	+	0.05	d2	0.6	0	AGCGAGGAGGAGAGGAAGGG	-
ENSLCOT00000000007.1	927	946	18	+	0.053	d17	0.63	0	GAGGAGGAGAGGAAGGGCG	-
ENSLCOT00000000007.1	983	1002	18	+	0.053	d2	0.58	0	GGTGAAGGAGGAAGAGGAG	-
ENSLCOT00000000007.1	986	1004	17	+	0.056	d16	0.56	0	GAAGGAGGAAGAGGAGCG	-
ENSLCOT00000000007.1	1049	1075	24	+	0.077	d11d17	0.5	0	GGAAGAGGAGGCGAAAGCGGAAGAGA	-
ENSLCOT00000000007.1	1173	1198	23	+	0.08	d18d23	0.52	0	GAGGAGGAAGAGGAGGAGCAGGACA	-
ENSLCOT00000000007.1	1535	1551	15	+	0.062	d2	0.5	0	AATGGAAGAGGAGGAG	-
ENSLCOT00000000007.1	1538	1556	17	+	0.056	d13	0.56	0	GGAAGAGGAGGAGCAGGA	-
ENSLCOT00000000007.1	1866	1887	20	+	0.048	d8	0.62	0	GGGGAGGACGAAGAGGAGGGA	-
ENSLCOT00000000007.1	2169	2185	15	+	0.062	d8	0.56	0	GGAGAAGATGGGGAGA	-
ENSLCOT00000000007.1	26	42	15	-	0.062	d4	0.62	0	AAAGGGAGGGGCGGGA	-
ENSLCOT00000000007.1	260	278	17	-	0.056	d3	0.56	0	GGAGAAGGGAGGAGTGAA	-
ENSLCOT00000000007.1	471	501	28	-	0.067	d18d20	0.6	0	GGGGGGAGGCACAGAGGAGGAAGAGGAGGA	-
ENSLCOT00000000007.1	470	500	28	-	0.067	d19d21	0.6	0	GGGGGAGGCACAGAGGAGGAAGAGGAGGAG	-
ENSLCOT00000000007.1	469	499	28	-	0.067	d20d22	0.6	0	GGGGAGGCACAGAGGAGGAAGAGGAGGAGG	-
ENSLCOT00000000007.1	468	498	28	-	0.067	d21d23	0.6	0	GGGAGGCACAGAGGAGGAAGAGGAGGAGGG	-
ENSLCOT00000000007.1	467	497	28	-	0.067	d22d24	0.6	0	GGAGGCACAGAGGAGGAAGAGGAGGAGGGG	-
ENSLCOT00000000007.1	466	496	28	-	0.067	d23d25	0.6	0	GAGGCACAGAGGAGGAAGAGGAGGAGGGGG	-
ENSLCOT00000000007.1	463	491	26	-	0.071	d2d26	0.57	0	ACAGAGGAGGAAGAGGAGGAGGGGGCAG	-
ENSLCOT00000000007.1	460	489	27	-	0.069	d2d5	0.59	0	AGAGGAGGAAGAGGAGGAGGGGGCAGCAG	-
ENSLCOT00000000006.1	529	545	15	+	0.062	d7	0.5	0	GGGGAAGTGAAAGAAG	-
ENSLCOT00000000009.1	32	48	15	+	0.062	d12	0.69	0	GGAGGAGGAGAGCGGG	-
ENSLCOT00000000009.1	33	49	15	+	0.062	d11	0.69	0	GAGGAGGAGAGCGGGG	-
ENSLCOT00000000009.1	110	126	15	-	0.062	d11	0.56	0	GAAGCAGAGGGAGGAG	-
ENSLCOT00000000445.1	780	797	16	+	0.059	d7	0.53	2	AAGGGGGTGAAAGGGAA	-
ENSLCOT00000000445.1	2212	2230	17	+	0.056	d8	0.5	2	AGAAGGAGCAGGAAGGGA	-
ENSLCOT00000000445.1	2732	2750	17	+	0.056	d2	0.5	2	GGCGAAGAAAGAGAGGGA	-
ENSLCOT00000000445.1	2735	2763	26	+	0.071	d18d22	0.5	2	GAAGAAAGAGAGGGAAAGCAGGCGGGAG	-
ENSLCOT00000000484.1	780	797	16	+	0.059	d7	0.53	2	AAGGGGGTGAAAGGGAA	-
ENSLCOT00000000484.1	2227	2245	17	+	0.056	d8	0.5	2	AGAAGGAGCAGGAAGGGA	-
ENSLCOT00000000484.1	2654	2672	17	+	0.056	d2	0.5	2	GGCGAAGAAAGAGAGGGA	-
ENSLCOT00000000484.1	2657	2685	26	+	0.071	d18d22	0.5	2	GAAGAAAGAGAGGGAAAGCAGGCGGGAG	-
ENSLCOT00000000489.1	780	797	16	+	0.059	d7	0.53	2	AAGGGGGTGAAAGGGAA	-
ENSLCOT00000000489.1	2197	2215	17	+	0.056	d8	0.5	2	AGAAGGAGCAGGAAGGGA	-
ENSLCOT00000000489.1	2651	2669	17	+	0.056	d2	0.5	2	GGCGAAGAAAGAGAGGGA	-
ENSLCOT00000000489.1	2654	2682	26	+	0.071	d18d22	0.5	2	GAAGAAAGAGAGGGAAAGCAGGCGGGAG	-
ENSLCOT00000000017.1	611	632	20	+	0.048	d10	0.67	0	GGGGGGGAAGTGGAAGGAGAG	-
ENSLCOT00000000881.1	2870	2889	18	+	0.053	d5	0.63	1	GGAGGTGGGAAGAGAGGAG	-
ENSLCOT00000000881.1	3830	3846	15	+	0.062	d14	0.69	1	GGGAGGGGAAGAGGCG	-
ENSLCOT00000000881.1	751	776	23	-	0.08	d8d20	0.52	2	GAGGCAGAGGGAAGGGCAAAGAGAG	-
ENSLCOT00000000881.1	961	979	17	-	0.056	d11	0.56	2	AGAGGGCGAAGAGGAAGG	-
ENSLCOT00000000881.1	1228	1247	18	-	0.053	d10	0.53	2	GAGGAGAACAGGGAGGAGA	-
ENSLCOT00000000881.1	1799	1815	15	-	0.062	d5	0.5	2	GGAGAGGAGATAGAGA	-
ENSLCOT00000000921.1	2546	2565	18	+	0.053	d5	0.63	1	GGAGGTGGGAAGAGAGGAG	-
ENSLCOT00000000921.1	3506	3522	15	+	0.062	d14	0.69	1	GGGAGGGGAAGAGGCG	-
ENSLCOT00000000921.1	568	593	23	-	0.08	d8d20	0.52	2	GAGGCAGAGGGAAGGGCAAAGAGAG	-
ENSLCOT00000000921.1	778	796	17	-	0.056	d11	0.56	2	AGAGGGCGAAGAGGAAGG	-
ENSLCOT00000000921.1	1045	1064	18	-	0.053	d10	0.53	2	GAGGAGAACAGGGAGGAGA	-
ENSLCOT00000000921.1	1547	1563	15	-	0.062	d5	0.5	2	GGAGAGGAGATAGAGA	-
ENSLCOT00000000946.1	568	593	23	-	0.08	d8d20	0.52	2	GAGGCAGAGGGAAGGGCAAAGAGAG	-
ENSLCOT00000000946.1	778	796	17	-	0.056	d11	0.56	2	AGAGGGCGAAGAGGAAGG	-
ENSLCOT00000000946.1	1045	1064	18	-	0.053	d10	0.53	2	GAGGAGAACAGGGAGGAGA	-
ENSLCOT00000000946.1	1616	1632	15	-	0.062	d5	0.5	2	GGAGAGGAGATAGAGA	-
ENSLCOT00000000013.1	843	860	16	+	0.059	d5	0.65	0	AGGGATGGGAGGGAGAG	-
ENSLCOT00000000012.1	1130	1146	15	+	0.062	d3	0.62	0	GAGCAGGAGGGGAAGG	-
ENSLCOT00000000012.1	1507	1523	15	+	0.062	d3	0.56	0	GGGCGAGAGGAAGAAG	-
ENSLCOT00000000012.1	2901	2917	15	+	0.062	d6	0.69	0	GGAGGGCAGGGAGGAG	-
ENSLCOT00000000012.1	2902	2918	15	+	0.062	d5	0.69	0	GAGGGCAGGGAGGAGG	-
ENSLCOT00000000012.1	3094	3124	28	-	0.067	d8d18	0.6	0	GGGGGAGAGAGTGAAGAGGGATGGAGGAAG	-
ENSLCOT00000000012.1	3093	3123	28	-	0.067	d9d19	0.57	0	GGGGAGAGAGTGAAGAGGGATGGAGGAAGA	-
ENSLCOT00000000131.1	11	29	18	-	0		0.5	0	GAGAAGGAGAGGGAAAAG	-
ENSLCOT00000000069.1	1495	1513	18	+	0		0.56	0	GGGAGGAAGAGGAAGAGA	-
ENSLCOT00000000043.1	393	409	15	+	0.062	d6	0.5	0	GGGAAATGGGGAAAAG	-
ENSLCOT00000000043.1	483	503	19	+	0.05	d2	0.5	0	AGTAGAGAAAAGGAGGGGAG	-
ENSLCOT00000000043.1	484	508	23	+	0.042	d1	0.5	0	GTAGAGAAAAGGAGGGGAGAAAGG	-
ENSLCOT00000000043.1	487	515	26	+	0.071	d21d22	0.5	0	GAGAAAAGGAGGGGAGAAAGGCTGAAGG	-
ENSLCOT00000000323.1	7	37	28	+	0.067	d10d19	0.63	0	GGGAGAGGAGCAGGAGGGATGGAAGAGGGG	-
ENSLCOT00000000323.1	18	45	25	+	0.074	d8d19	0.63	0	AGGAGGGATGGAAGAGGGGCAGGAGGG	-
ENSLCOT00000000323.1	2151	2171	19	+	0.05	d15	0.7	1	GGGGAGGAGGAAGGGCGGAG	-
ENSLCOT00000000323.1	2152	2172	19	+	0.05	d14	0.7	1	GGGAGGAGGAAGGGCGGAGG	-
ENSLCOT00000000323.1	2869	2885	15	+	0.062	d4	0.5	1	AGAGCAAAGGGAAGGG	-
ENSLCOT00000000323.1	3340	3356	15	+	0.062	d3	0.69	1	GGGCGGAGGAGGAGAG	-
ENSLCOT00000000323.1	1312	1329	16	-	0.059	d5	0.59	1	GAGGAGGAAGACGAGGG	-
ENSLCOT00000000346.1	1866	1886	19	+	0.05	d15	0.7	1	GGGGAGGAGGAAGGGCGGAG	-
ENSLCOT00000000346.1	1867	1887	19	+	0.05	d14	0.7	1	GGGAGGAGGAAGGGCGGAGG	-
ENSLCOT00000000346.1	2584	2600	15	+	0.062	d4	0.5	1	AGAGCAAAGGGAAGGG	-
ENSLCOT00000000346.1	3016	3032	15	+	0.062	d3	0.69	1	GGGCGGAGGAGGAGAG	-
ENSLCOT00000000346.1	1027	1044	16	-	0.059	d5	0.59	1	GAGGAGGAAGACGAGGG	-
ENSLCOT00000000014.1	175	191	15	+	0.062	d10	0.56	0	GAGGAAGGAGCGGAAG	-
ENSLCOT00000000014.1	233	251	18	+	0		0.5	0	AGAAAAGGGGAAGAGGAG	-
ENSLCOT00000000014.1	234	252	18	+	0		0.5	0	GAAAAGGGGAAGAGGAGA	-
ENSLCOT00000000014.1	238	254	15	+	0.062	d14	0.5	0	AGGGGAAGAGGAGATA	-
ENSLCOT00000000014.1	239	257	17	+	0.056	d13	0.5	0	GGGGAAGAGGAGATAAAG	-
ENSLCOT00000000014.1	273	293	19	+	0.05	d6	0.5	0	GAAGAACGAGAAGGAGAGGG	-
ENSLCOT00000000014.1	276	294	17	+	0.056	d3	0.5	0	GAACGAGAAGGAGAGGGA	-
ENSLCOT00000000014.1	1424	1446	21	+	0.045	d14	0.55	0	GAGAGGGAAAGAAATGGGGAGG	-
ENSLCOT00000000014.1	3593	3618	23	+	0.08	d13d21	0.52	0	GAGGGAGGGAAAATGGGGGAATAAG	-
ENSLCOT00000000014.1	597	623	24	-	0.077	d9d11	0.5	0	GGAAGGAGAAGAGGTGCAGGAGGAAA	-
ENSLCOT00000000014.1	777	807	28	-	0.067	d17d20	0.57	0	GGGAAGAGGCAGCAGGAGAGGAGGAGGAAG	-
ENSLCOT00000000014.1	776	806	28	-	0.067	d18d21	0.53	0	GGAAGAGGCAGCAGGAGAGGAGGAGGAAGA	-
ENSLCOT00000000014.1	775	805	28	-	0.067	d19d22	0.5	0	GAAGAGGCAGCAGGAGAGGAGGAGGAAGAA	-
ENSLCOT00000000014.1	774	804	28	-	0.067	d20d23	0.5	0	AAGAGGCAGCAGGAGAGGAGGAGGAAGAAG	-
ENSLCOT00000000014.1	773	803	28	-	0.067	d21d24	0.5	0	AGAGGCAGCAGGAGAGGAGGAGGAAGAAGA	-
ENSLCOT00000000034.1	152	168	15	+	0.062	d11	0.69	0	AGGGGAGGGGGTGGAA	-
ENSLCOT00000000251.1	969	985	15	+	0.062	d10	0.5	1	GGGGAAGAAATGGAGA	-
ENSLCOT00000000251.1	4342	4358	15	+	0.062	d2	0.5	1	AGCAGGAGAGGAGAAG	-
ENSLCOT00000000251.1	6533	6557	23	+	0.042	d20	0.5	1	GAGAGGAGAAGAGGAAGAAGTGGA	-
ENSLCOT00000000251.1	1994	2010	15	-	0.062	d13	0.5	1	AGTGGAAAAGGAGGGA	-
ENSLCOT00000000251.1	1993	2009	15	-	0.062	d14	0.5	1	GTGGAAAAGGAGGGAA	-
ENSLCOT00000000255.1	801	817	15	+	0.062	d10	0.5	1	GGGGAAGAAATGGAGA	-
ENSLCOT00000000255.1	4174	4190	15	+	0.062	d2	0.5	1	AGCAGGAGAGGAGAAG	-
ENSLCOT00000000255.1	6365	6389	23	+	0.042	d20	0.5	1	GAGAGGAGAAGAGGAAGAAGTGGA	-
ENSLCOT00000000255.1	1826	1842	15	-	0.062	d13	0.5	1	AGTGGAAAAGGAGGGA	-
ENSLCOT00000000255.1	1825	1841	15	-	0.062	d14	0.5	1	GTGGAAAAGGAGGGAA	-
ENSLCOT00000000030.1	3696	3714	17	+	0.056	d15	0.5	0	AAAGGGAGGAGGAGGCAA	-
ENSLCOT00000000030.1	3974	4000	24	-	0.077	d11d17	0.5	0	AGGGAAGGTGGGAGTAAAGGAGAAGA	-
ENSLCOT00000000030.1	3971	3999	26	-	0.071	d14d20	0.5	0	GGGAAGGTGGGAGTAAAGGAGAAGAAAG	-
ENSLCOT00000000030.1	5821	5837	15	-	0.062	d14	0.56	0	GTGAAGAGGGAAGAGG	-
ENSLCOT00000000030.1	6080	6106	24	-	0.077	d7d11	0.62	0	AGGGGAGGAGGGGACGGGCAAAGGGA	-
ENSLCOT00000000022.1	2	32	28	+	0.067	d2d11	0.5	0	AGCAAGAAGAGTGAAAAGGGGAGAGGAGGG	-
ENSLCOT00000000022.1	6	34	26	+	0.071	d7d26	0.5	0	AGAAGAGTGAAAAGGGGAGAGGAGGGCA	-
ENSLCOT00000000022.1	7	35	26	+	0.071	d6d25	0.5	0	GAAGAGTGAAAAGGGGAGAGGAGGGCAA	-
ENSLCOT00000000039.1	934	950	15	-	0.062	d8	0.5	0	GGGGAGATGAAGAAAG	-
ENSLCOT00000000402.1	730	748	17	+	0.056	d6	0.5	0	AGAAGGCAGAGAAGGAGG	-
ENSLCOT00000000402.1	131	147	15	-	0.062	d10	0.5	0	GGAGATGAGGAAGAAG	-
ENSLCOT00000000402.1	502	518	15	-	0.062	d2	0.62	0	AAGAGGGGAGGGGCAG	-
ENSLCOT00000000402.1	434	450	15	-	0.062	d5	0.56	0	GGAGGAGAAGCGGAAG	-
ENSLCOT00000000402.1	1030	1047	16	-	0.059	d8	0.59	0	GGAGGAGACGGAGGAGA	-
ENSLCOT00000000020.1	939	955	15	+	0.062	d10	0.69	0	AGGAGGGAGGTGGAGG	-
ENSLCOT00000000353.1	764	780	15	-	0.062	d11	0.69	0	GGAGTAGAAGGGGGGG	-
ENSLCOT00000000026.1	1529	1547	17	+	0.056	d8	0.5	0	AGAGAAGGCGAGAGGAGA	-
ENSLCOT00000000026.1	3371	3390	18	+	0.053	d12	0.53	0	AGGAGGGAAGGATGAGGAA	-
ENSLCOT00000000026.1	6307	6329	21	+	0.045	d5	0.5	0	GGGGACGGAGGGAAGAAGAAAA	-
ENSLCOT00000000027.1	22	51	27	-	0.069	d23d25	0.59	0	GAACGCGGGAGGAGGGAAGGAAGGAGGGA	-
ENSLCOT00000000417.1	470	486	15	-	0.062	d13	0.56	2	AATGGGGAAGGAAGGG	-
ENSLCOT00000000452.1	497	513	15	-	0.062	d13	0.56	2	AATGGGGAAGGAAGGG	-
ENSLCOT00000000491.1	494	510	15	-	0.062	d13	0.56	2	AATGGGGAAGGAAGGG	-
ENSLCOT00000000080.1	1213	1229	15	+	0.062	d13	0.69	0	AGGGGGAGGAGGGCGA	-
ENSLCOT00000000080.1	1636	1664	26	+	0.071	d2d19	0.5	0	AGCGAGGGAAGAAGGAGAGCAAGGAGGA	-
ENSLCOT00000000080.1	289	305	15	-	0.062	d10	0.69	0	GAGGGCGAGGAGGAGG	-
ENSLCOT00000000080.1	288	304	15	-	0.062	d11	0.69	0	AGGGCGAGGAGGAGGG	-
ENSLCOT00000000036.1	94	110	15	+	0.062	d5	0.5	0	GAGAGTGAGGAAGAAG	-
ENSLCOT00000000042.1	157	173	15	+	0.062	d8	0.5	0	AAGGAGAGCAAGAGGG	-
ENSLCOT00000000042.1	158	174	15	+	0.062	d7	0.5	0	AGGAGAGCAAGAGGGA	-
ENSLCOT00000000093.1	2255	2273	17	+	0.056	d14	0.67	0	GGGGAGGGAGGAGATGGA	-
ENSLCOT00000000093.1	2693	2711	17	+	0.056	d12	0.56	0	GGAGAAGGGGAGCAGAGA	-
ENSLCOT00000000093.1	2855	2873	17	+	0.056	d4	0.61	0	GGGGTGGGAGAAGGAAAG	-
ENSLCOT00000000093.1	3253	3280	25	+	0.074	d4d16	0.67	0	GGGATGGGGAGGGGGGTGAGAGGGAAA	-
ENSLCOT00000000093.1	792	808	15	-	0.062	d9	0.56	2	AGAAGGCGGAGGAGAG	-
ENSLCOT00000000093.1	1302	1323	20	-	0.048	d13	0.62	1	GGGGAAGTAGAGGAGGAGGGA	-
ENSLCOT00000000103.1	792	808	15	-	0.062	d9	0.56	2	AGAAGGCGGAGGAGAG	-
ENSLCOT00000000103.1	1311	1332	20	-	0.048	d13	0.62	1	GGGGAAGTAGAGGAGGAGGGA	-
ENSLCOT00000000169.1	750	766	15	-	0.062	d9	0.56	2	AGAAGGCGGAGGAGAG	-
ENSLCOT00000000249.1	1207	1225	17	-	0.056	d15	0.67	2	GGTAGAGGGGGAGGAAGG	-
ENSLCOT00000000259.1	1387	1405	17	-	0.056	d15	0.67	2	GGTAGAGGGGGAGGAAGG	-
ENSLCOT00000000260.1	64	80	15	+	0.062	d4	0.56	0	GGGACAAAGGGGAGAG	-
ENSLCOT00000000260.1	1453	1471	17	-	0.056	d15	0.67	2	GGTAGAGGGGGAGGAAGG	-
ENSLCOT00000023191.1	119	147	26	+	0.071	d1d14	0.64	0	GCGGAGGAAGAGGATGGAGAGGGGGAGG	-
ENSLCOT00000023191.1	121	151	28	+	0.067	d12d26	0.57	0	GGAGGAAGAGGATGGAGAGGGGGAGGCAAA	-
ENSLCOT00000023191.1	122	152	28	+	0.067	d11d25	0.57	0	GAGGAAGAGGATGGAGAGGGGGAGGCAAAG	-
ENSLCOT00000023191.1	123	153	28	+	0.067	d10d24	0.57	0	AGGAAGAGGATGGAGAGGGGGAGGCAAAGG	-
ENSLCOT00000023191.1	134	159	23	+	0.08	d13d19	0.6	0	GGAGAGGGGGAGGCAAAGGTGAAGG	-
ENSLCOT00000023191.1	1599	1624	23	+	0.08	d6d16	0.68	0	GGGAGGTGAAGAGAAGTGGGGGGGG	-
ENSLCOT00000023191.1	630	648	17	-	0.056	d13	0.67	0	GGGGCAGGGGAGGAGGAA	-
ENSLCOT00000023191.1	1317	1334	17	-	0		0.59	0	GGGGAGGAAAAAGGGGA	-
ENSLCOT00000010487.1	0	23	22	+	0.043	d12	0.57	0	GAGGAAGGGAGACGGGAGGAAAG	-
ENSLCOT00000010487.1	5298	5314	15	+	0.062	d12	0.56	0	GGGAGAGGGAAGTGAA	-
ENSLCOT00000010487.1	688	704	15	-	0.062	d13	0.69	0	GGTGGAGGAAGAGGGG	-
ENSLCOT00000010487.1	1800	1816	15	-	0.062	d12	0.69	0	GGGTAGGGAGGAGAGG	-
ENSLCOT00000010487.1	2494	2514	19	-	0.05	d5	0.7	0	GAGAGGGAGGAGGGCAGGGG	-
ENSLCOT00000010487.1	2801	2827	24	-	0.077	d5d16	0.69	0	GGGGGAAGGCGGGGAGGAGGTGAGGA	-
ENSLCOT00000010487.1	2800	2826	24	-	0.077	d6d17	0.69	0	GGGGAAGGCGGGGAGGAGGTGAGGAG	-
ENSLCOT00000010487.1	6093	6123	28	-	0.067	d4d27	0.57	0	AGTGAGGGGAGGGAAAAGGGGAAGATGGGA	-
ENSLCOT00000010487.1	6092	6122	28	-	0.067	d5d28	0.6	0	GTGAGGGGAGGGAAAAGGGGAAGATGGGAG	-
ENSLCOT00000010487.1	6090	6120	29	-	0.033	d7	0.6	0	GAGGGGAGGGAAAAGGGGAAGATGGGAGAG	-
ENSLCOT00000010487.1	6089	6119	29	-	0.033	d8	0.6	0	AGGGGAGGGAAAAGGGGAAGATGGGAGAGG	-
ENSLCOT00000010487.1	6088	6118	29	-	0.033	d9	0.6	0	GGGGAGGGAAAAGGGGAAGATGGGAGAGGA	-
ENSLCOT00000010487.1	6087	6117	29	-	0.033	d10	0.6	0	GGGAGGGAAAAGGGGAAGATGGGAGAGGAG	-
ENSLCOT00000010487.1	6086	6116	29	-	0.033	d11	0.6	0	GGAGGGAAAAGGGGAAGATGGGAGAGGAGG	-
ENSLCOT00000010487.1	6084	6114	28	-	0.067	d1d13	0.57	0	AGGGAAAAGGGGAAGATGGGAGAGGAGGCG	-
ENSLCOT00000010487.1	6083	6113	28	-	0.067	d2d14	0.57	0	GGGAAAAGGGGAAGATGGGAGAGGAGGCGA	-
ENSLCOT00000008897.1	482	498	15	+	0.062	d11	0.56	0	GGAGAAGGAGATGGAG	-
ENSLCOT00000008897.1	2974	2990	15	+	0.062	d7	0.56	0	AAGGGAGTGGAGAGGA	-
ENSLCOT00000008897.1	4143	4159	16	+	0		0.5	0	GGAAGAGAGAGAAGAG	-
ENSLCOT00000008897.1	4308	4326	17	+	0.056	d1	0.61	0	GTGGAGGAGGAAGGAGGA	-
ENSLCOT00000008897.1	5301	5326	23	+	0.08	d2d7	0.52	0	GATGGGGTGGGAAAAGAGAAGGGAA	-
ENSLCOT00000008897.1	5678	5697	18	+	0.053	d16	0.63	0	GGAGGGGAGGGAAGAGCAG	-
ENSLCOT00000008897.1	980	996	15	-	0.062	d3	0.62	0	AGGAGGAGAGGGCAGG	-
ENSLCOT00000008897.1	1159	1175	15	-	0.062	d12	0.56	0	AGGTGAGAGAAGAGGG	-
ENSLCOT00000008897.1	3177	3195	18	-	0		0.61	0	GAGAGGGGGAGAGAAAGG	-
ENSLCOT00000008897.1	3475	3498	22	-	0.043	d6	0.61	0	GGAGGAAGGAGGGGGATGAAGGA	-
ENSLCOT00000008897.1	4275	4291	16	-	0		0.5	0	AGGGAAAAAAAGGGGG	-
ENSLCOT00000008897.1	4274	4290	16	-	0		0.5	0	GGGAAAAAAAGGGGGA	-
ENSLCOT00000004026.1	207	237	28	-	0.067	d23d24	0.6	0	AGGGATCGGGAAAGAGGGAGAAGGGGAGGG	-
ENSLCOT00000004026.1	206	236	28	-	0.067	d24d25	0.6	0	GGGATCGGGAAAGAGGGAGAAGGGGAGGGA	-
ENSLCOT00000004026.1	205	235	28	-	0.067	d25d26	0.57	0	GGATCGGGAAAGAGGGAGAAGGGGAGGGAA	-
ENSLCOT00000004026.1	204	234	28	-	0.067	d26d27	0.53	0	GATCGGGAAAGAGGGAGAAGGGGAGGGAAA	-
ENSLCOT00000004026.1	203	233	28	-	0.067	d27d28	0.53	0	ATCGGGAAAGAGGGAGAAGGGGAGGGAAAG	-
ENSLCOT00000004026.1	200	230	30	-	0		0.63	0	GGGAAAGAGGGAGAAGGGGAGGGAAAGGGG	-
ENSLCOT00000004026.1	199	229	30	-	0		0.6	0	GGAAAGAGGGAGAAGGGGAGGGAAAGGGGA	-
ENSLCOT00000004026.1	198	228	30	-	0		0.6	0	GAAAGAGGGAGAAGGGGAGGGAAAGGGGAG	-
ENSLCOT00000004026.1	197	227	30	-	0		0.57	0	AAAGAGGGAGAAGGGGAGGGAAAGGGGAGA	-
ENSLCOT00000004026.1	196	226	30	-	0		0.57	0	AAGAGGGAGAAGGGGAGGGAAAGGGGAGAA	-
ENSLCOT00000004026.1	195	225	30	-	0		0.6	0	AGAGGGAGAAGGGGAGGGAAAGGGGAGAAG	-
ENSLCOT00000004026.1	194	224	30	-	0		0.63	0	GAGGGAGAAGGGGAGGGAAAGGGGAGAAGG	-
ENSLCOT00000004026.1	193	223	30	-	0		0.6	0	AGGGAGAAGGGGAGGGAAAGGGGAGAAGGA	-
ENSLCOT00000004026.1	192	222	30	-	0		0.6	0	GGGAGAAGGGGAGGGAAAGGGGAGAAGGAA	-
ENSLCOT00000004026.1	191	221	30	-	0		0.57	0	GGAGAAGGGGAGGGAAAGGGGAGAAGGAAA	-
ENSLCOT00000004026.1	190	220	30	-	0		0.57	0	GAGAAGGGGAGGGAAAGGGGAGAAGGAAAG	-
ENSLCOT00000004026.1	189	219	30	-	0		0.57	0	AGAAGGGGAGGGAAAGGGGAGAAGGAAAGG	-
ENSLCOT00000004026.1	188	218	30	-	0		0.6	0	GAAGGGGAGGGAAAGGGGAGAAGGAAAGGG	-
ENSLCOT00000004026.1	187	217	30	-	0		0.6	0	AAGGGGAGGGAAAGGGGAGAAGGAAAGGGG	-
ENSLCOT00000004026.1	186	216	30	-	0		0.6	0	AGGGGAGGGAAAGGGGAGAAGGAAAGGGGA	-
ENSLCOT00000004026.1	185	215	30	-	0		0.63	0	GGGGAGGGAAAGGGGAGAAGGAAAGGGGAG	-
ENSLCOT00000004026.1	184	214	30	-	0		0.63	0	GGGAGGGAAAGGGGAGAAGGAAAGGGGAGG	-
ENSLCOT00000004026.1	183	213	30	-	0		0.63	0	GGAGGGAAAGGGGAGAAGGAAAGGGGAGGG	-
ENSLCOT00000004026.1	182	212	30	-	0		0.6	0	GAGGGAAAGGGGAGAAGGAAAGGGGAGGGA	-
ENSLCOT00000004026.1	181	211	30	-	0		0.57	0	AGGGAAAGGGGAGAAGGAAAGGGGAGGGAA	-
ENSLCOT00000004026.1	180	210	30	-	0		0.57	0	GGGAAAGGGGAGAAGGAAAGGGGAGGGAAA	-
ENSLCOT00000004026.1	179	209	30	-	0		0.57	0	GGAAAGGGGAGAAGGAAAGGGGAGGGAAAG	-
ENSLCOT00000004026.1	178	208	30	-	0		0.57	0	GAAAGGGGAGAAGGAAAGGGGAGGGAAAGG	-
ENSLCOT00000004026.1	177	207	30	-	0		0.53	0	AAAGGGGAGAAGGAAAGGGGAGGGAAAGGA	-
ENSLCOT00000004026.1	176	206	30	-	0		0.57	0	AAGGGGAGAAGGAAAGGGGAGGGAAAGGAG	-
ENSLCOT00000004026.1	175	205	30	-	0		0.6	0	AGGGGAGAAGGAAAGGGGAGGGAAAGGAGG	-
ENSLCOT00000004026.1	174	204	30	-	0		0.6	0	GGGGAGAAGGAAAGGGGAGGGAAAGGAGGA	-
ENSLCOT00000004026.1	173	203	30	-	0		0.6	0	GGGAGAAGGAAAGGGGAGGGAAAGGAGGAG	-
ENSLCOT00000004026.1	172	202	30	-	0		0.57	0	GGAGAAGGAAAGGGGAGGGAAAGGAGGAGA	-
ENSLCOT00000004026.1	171	201	30	-	0		0.53	0	GAGAAGGAAAGGGGAGGGAAAGGAGGAGAA	-
ENSLCOT00000004026.1	170	200	30	-	0		0.53	0	AGAAGGAAAGGGGAGGGAAAGGAGGAGAAG	-
ENSLCOT00000004026.1	169	199	30	-	0		0.53	0	GAAGGAAAGGGGAGGGAAAGGAGGAGAAGA	-
ENSLCOT00000004026.1	168	198	30	-	0		0.53	0	AAGGAAAGGGGAGGGAAAGGAGGAGAAGAG	-
ENSLCOT00000004026.1	167	197	30	-	0		0.57	0	AGGAAAGGGGAGGGAAAGGAGGAGAAGAGG	-
ENSLCOT00000004026.1	166	196	30	-	0		0.57	0	GGAAAGGGGAGGGAAAGGAGGAGAAGAGGA	-
ENSLCOT00000004026.1	165	195	30	-	0		0.57	0	GAAAGGGGAGGGAAAGGAGGAGAAGAGGAG	-
ENSLCOT00000004026.1	164	194	30	-	0		0.57	0	AAAGGGGAGGGAAAGGAGGAGAAGAGGAGG	-
ENSLCOT00000004026.1	163	193	30	-	0		0.6	0	AAGGGGAGGGAAAGGAGGAGAAGAGGAGGG	-
ENSLCOT00000004026.1	162	192	30	-	0		0.6	0	AGGGGAGGGAAAGGAGGAGAAGAGGAGGGA	-
ENSLCOT00000004026.1	161	191	30	-	0		0.6	0	GGGGAGGGAAAGGAGGAGAAGAGGAGGGAA	-
ENSLCOT00000004026.1	160	190	30	-	0		0.57	0	GGGAGGGAAAGGAGGAGAAGAGGAGGGAAA	-
ENSLCOT00000004026.1	158	188	29	-	0.033	d1	0.53	0	GAGGGAAAGGAGGAGAAGAGGAGGGAAATG	-
ENSLCOT00000004026.1	157	187	29	-	0.033	d2	0.53	0	AGGGAAAGGAGGAGAAGAGGAGGGAAATGG	-
ENSLCOT00000004026.1	156	186	29	-	0.033	d3	0.57	0	GGGAAAGGAGGAGAAGAGGAGGGAAATGGG	-
ENSLCOT00000004026.1	155	185	29	-	0.033	d4	0.53	0	GGAAAGGAGGAGAAGAGGAGGGAAATGGGA	-
ENSLCOT00000004026.1	154	184	29	-	0.033	d5	0.53	0	GAAAGGAGGAGAAGAGGAGGGAAATGGGAG	-
ENSLCOT00000004026.1	153	183	29	-	0.033	d6	0.53	0	AAAGGAGGAGAAGAGGAGGGAAATGGGAGG	-
ENSLCOT00000004026.1	152	182	29	-	0.033	d7	0.57	0	AAGGAGGAGAAGAGGAGGGAAATGGGAGGG	-
ENSLCOT00000004026.1	151	181	29	-	0.033	d8	0.57	0	AGGAGGAGAAGAGGAGGGAAATGGGAGGGA	-
ENSLCOT00000004026.1	150	180	29	-	0.033	d9	0.57	0	GGAGGAGAAGAGGAGGGAAATGGGAGGGAA	-
ENSLCOT00000004026.1	149	179	29	-	0.033	d10	0.53	0	GAGGAGAAGAGGAGGGAAATGGGAGGGAAA	-
ENSLCOT00000004026.1	148	178	29	-	0.033	d11	0.53	0	AGGAGAAGAGGAGGGAAATGGGAGGGAAAG	-
ENSLCOT00000004026.1	147	177	29	-	0.033	d12	0.53	0	GGAGAAGAGGAGGGAAATGGGAGGGAAAGA	-
ENSLCOT00000004026.1	146	176	29	-	0.033	d13	0.53	0	GAGAAGAGGAGGGAAATGGGAGGGAAAGAG	-
ENSLCOT00000004026.1	145	175	29	-	0.033	d14	0.53	0	AGAAGAGGAGGGAAATGGGAGGGAAAGAGG	-
ENSLCOT00000004026.1	144	174	29	-	0.033	d15	0.53	0	GAAGAGGAGGGAAATGGGAGGGAAAGAGGA	-
ENSLCOT00000004026.1	143	173	29	-	0.033	d16	0.53	0	AAGAGGAGGGAAATGGGAGGGAAAGAGGAG	-
ENSLCOT00000004026.1	142	172	29	-	0.033	d17	0.53	0	AGAGGAGGGAAATGGGAGGGAAAGAGGAGA	-
ENSLCOT00000004026.1	141	171	29	-	0.033	d18	0.57	0	GAGGAGGGAAATGGGAGGGAAAGAGGAGAG	-
ENSLCOT00000004026.1	140	170	29	-	0.033	d19	0.53	0	AGGAGGGAAATGGGAGGGAAAGAGGAGAGA	-
ENSLCOT00000004026.1	139	169	29	-	0.033	d20	0.53	0	GGAGGGAAATGGGAGGGAAAGAGGAGAGAA	-
ENSLCOT00000004026.1	138	168	29	-	0.033	d21	0.5	0	GAGGGAAATGGGAGGGAAAGAGGAGAGAAA	-
ENSLCOT00000004026.1	136	166	29	-	0.033	d23	0.5	0	GGGAAATGGGAGGGAAAGAGGAGAGAAAAG	-
ENSLCOT00000004026.1	135	165	29	-	0.033	d24	0.5	0	GGAAATGGGAGGGAAAGAGGAGAGAAAAGG	-
ENSLCOT00000004026.1	134	164	29	-	0.033	d25	0.5	0	GAAATGGGAGGGAAAGAGGAGAGAAAAGGG	-
ENSLCOT00000004026.1	132	162	29	-	0.033	d27	0.5	0	AATGGGAGGGAAAGAGGAGAGAAAAGGGAG	-
ENSLCOT00000004026.1	131	161	29	-	0.033	d28	0.5	0	ATGGGAGGGAAAGAGGAGAGAAAAGGGAGA	-
ENSLCOT00000004026.1	129	159	30	-	0		0.53	0	GGGAGGGAAAGAGGAGAGAAAAGGGAGAAG	-
ENSLCOT00000004026.1	128	158	30	-	0		0.53	0	GGAGGGAAAGAGGAGAGAAAAGGGAGAAGG	-
ENSLCOT00000004026.1	127	157	30	-	0		0.5	0	GAGGGAAAGAGGAGAGAAAAGGGAGAAGGA	-
ENSLCOT00000004026.1	120	150	30	-	0		0.5	0	AGAGGAGAGAAAAGGGAGAAGGAAAGAGGG	-
ENSLCOT00000004026.1	119	149	30	-	0		0.5	0	GAGGAGAGAAAAGGGAGAAGGAAAGAGGGA	-
ENSLCOT00000004026.1	118	148	30	-	0		0.5	0	AGGAGAGAAAAGGGAGAAGGAAAGAGGGAG	-
ENSLCOT00000004026.1	117	147	30	-	0		0.5	0	GGAGAGAAAAGGGAGAAGGAAAGAGGGAGA	-
ENSLCOT00000004026.1	115	139	24	-	0		0.5	0	AAGGGAGAAGGAAAGAGGGAGAAG	-
ENSLCOT00000004026.1	114	138	24	-	0		0.5	0	AGGGAGAAGGAAAGAGGGAGAAGA	-
ENSLCOT00000004026.1	107	137	30	-	0		0.5	0	GGGAGAAGGAAAGAGGGAGAAGAAAAGAGG	-
ENSLCOT00000004026.1	97	127	29	-	0.033	d8	0.5	0	AAGAGGGAGAAGAAAAGAGGATGGAGAGGG	-
ENSLCOT00000004026.1	96	126	29	-	0.033	d9	0.53	0	AGAGGGAGAAGAAAAGAGGATGGAGAGGGG	-
ENSLCOT00000004026.1	95	125	29	-	0.033	d10	0.53	0	GAGGGAGAAGAAAAGAGGATGGAGAGGGGA	-
ENSLCOT00000004026.1	94	124	29	-	0.033	d11	0.5	0	AGGGAGAAGAAAAGAGGATGGAGAGGGGAA	-
ENSLCOT00000004026.1	93	123	29	-	0.033	d12	0.53	0	GGGAGAAGAAAAGAGGATGGAGAGGGGAAG	-
ENSLCOT00000004026.1	92	122	29	-	0.033	d13	0.5	0	GGAGAAGAAAAGAGGATGGAGAGGGGAAGA	-
ENSLCOT00000004026.1	89	119	29	-	0.033	d16	0.5	0	GAAGAAAAGAGGATGGAGAGGGGAAGAAGG	-
ENSLCOT00000004026.1	88	118	29	-	0.033	d17	0.5	0	AAGAAAAGAGGATGGAGAGGGGAAGAAGGG	-
ENSLCOT00000004026.1	87	117	29	-	0.033	d18	0.53	0	AGAAAAGAGGATGGAGAGGGGAAGAAGGGG	-
ENSLCOT00000004026.1	86	116	29	-	0.033	d19	0.53	0	GAAAAGAGGATGGAGAGGGGAAGAAGGGGA	-
ENSLCOT00000004026.1	85	115	29	-	0.033	d20	0.53	0	AAAAGAGGATGGAGAGGGGAAGAAGGGGAG	-
ENSLCOT00000004026.1	84	114	29	-	0.033	d21	0.57	0	AAAGAGGATGGAGAGGGGAAGAAGGGGAGG	-
ENSLCOT00000004026.1	83	113	29	-	0.033	d22	0.6	0	AAGAGGATGGAGAGGGGAAGAAGGGGAGGG	-
ENSLCOT00000004026.1	82	112	29	-	0.033	d23	0.6	0	AGAGGATGGAGAGGGGAAGAAGGGGAGGGA	-
ENSLCOT00000004026.1	81	111	29	-	0.033	d24	0.6	0	GAGGATGGAGAGGGGAAGAAGGGGAGGGAA	-
ENSLCOT00000004026.1	80	110	29	-	0.033	d25	0.57	0	AGGATGGAGAGGGGAAGAAGGGGAGGGAAA	-
ENSLCOT00000004026.1	79	109	29	-	0.033	d26	0.6	0	GGATGGAGAGGGGAAGAAGGGGAGGGAAAG	-
ENSLCOT00000004026.1	78	108	29	-	0.033	d27	0.6	0	GATGGAGAGGGGAAGAAGGGGAGGGAAAGG	-
ENSLCOT00000004026.1	77	107	29	-	0.033	d28	0.6	0	ATGGAGAGGGGAAGAAGGGGAGGGAAAGGG	-
ENSLCOT00000004026.1	75	105	30	-	0		0.67	0	GGAGAGGGGAAGAAGGGGAGGGAAAGGGGG	-
ENSLCOT00000004026.1	74	104	30	-	0		0.63	0	GAGAGGGGAAGAAGGGGAGGGAAAGGGGGA	-
ENSLCOT00000004026.1	73	103	30	-	0		0.63	0	AGAGGGGAAGAAGGGGAGGGAAAGGGGGAG	-
ENSLCOT00000004026.1	72	102	30	-	0		0.63	0	GAGGGGAAGAAGGGGAGGGAAAGGGGGAGA	-
ENSLCOT00000004026.1	71	101	30	-	0		0.6	0	AGGGGAAGAAGGGGAGGGAAAGGGGGAGAA	-
ENSLCOT00000004026.1	70	100	30	-	0		0.63	0	GGGGAAGAAGGGGAGGGAAAGGGGGAGAAG	-
ENSLCOT00000004026.1	69	99	30	-	0		0.63	0	GGGAAGAAGGGGAGGGAAAGGGGGAGAAGG	-
ENSLCOT00000004026.1	68	98	30	-	0		0.6	0	GGAAGAAGGGGAGGGAAAGGGGGAGAAGGA	-
ENSLCOT00000004026.1	67	97	30	-	0		0.6	0	GAAGAAGGGGAGGGAAAGGGGGAGAAGGAG	-
ENSLCOT00000004026.1	66	96	30	-	0		0.57	0	AAGAAGGGGAGGGAAAGGGGGAGAAGGAGA	-
ENSLCOT00000004026.1	65	95	30	-	0		0.6	0	AGAAGGGGAGGGAAAGGGGGAGAAGGAGAG	-
ENSLCOT00000004026.1	64	94	30	-	0		0.63	0	GAAGGGGAGGGAAAGGGGGAGAAGGAGAGG	-
ENSLCOT00000004026.1	63	93	30	-	0		0.63	0	AAGGGGAGGGAAAGGGGGAGAAGGAGAGGG	-
ENSLCOT00000004026.1	62	92	30	-	0		0.67	0	AGGGGAGGGAAAGGGGGAGAAGGAGAGGGG	-
ENSLCOT00000004026.1	61	91	30	-	0		0.67	0	GGGGAGGGAAAGGGGGAGAAGGAGAGGGGA	-
ENSLCOT00000004026.1	60	90	30	-	0		0.67	0	GGGAGGGAAAGGGGGAGAAGGAGAGGGGAG	-
ENSLCOT00000004026.1	59	89	30	-	0		0.67	0	GGAGGGAAAGGGGGAGAAGGAGAGGGGAGG	-
ENSLCOT00000004026.1	58	88	30	-	0		0.67	0	GAGGGAAAGGGGGAGAAGGAGAGGGGAGGG	-
ENSLCOT00000004026.1	57	87	30	-	0		0.63	0	AGGGAAAGGGGGAGAAGGAGAGGGGAGGGA	-
ENSLCOT00000004026.1	56	86	30	-	0		0.63	0	GGGAAAGGGGGAGAAGGAGAGGGGAGGGAA	-
ENSLCOT00000004026.1	55	85	30	-	0		0.63	0	GGAAAGGGGGAGAAGGAGAGGGGAGGGAAG	-
ENSLCOT00000004026.1	54	84	30	-	0		0.6	0	GAAAGGGGGAGAAGGAGAGGGGAGGGAAGA	-
ENSLCOT00000004026.1	53	83	30	-	0		0.6	0	AAAGGGGGAGAAGGAGAGGGGAGGGAAGAG	-
ENSLCOT00000004026.1	52	82	30	-	0		0.63	0	AAGGGGGAGAAGGAGAGGGGAGGGAAGAGG	-
ENSLCOT00000004026.1	51	81	30	-	0		0.63	0	AGGGGGAGAAGGAGAGGGGAGGGAAGAGGA	-
ENSLCOT00000004026.1	50	80	30	-	0		0.67	0	GGGGGAGAAGGAGAGGGGAGGGAAGAGGAG	-
ENSLCOT00000004026.1	49	79	30	-	0		0.67	0	GGGGAGAAGGAGAGGGGAGGGAAGAGGAGG	-
ENSLCOT00000004026.1	48	78	30	-	0		0.67	0	GGGAGAAGGAGAGGGGAGGGAAGAGGAGGG	-
ENSLCOT00000004026.1	47	77	30	-	0		0.63	0	GGAGAAGGAGAGGGGAGGGAAGAGGAGGGA	-
ENSLCOT00000004026.1	46	76	30	-	0		0.6	0	GAGAAGGAGAGGGGAGGGAAGAGGAGGGAA	-
ENSLCOT00000004026.1	45	75	30	-	0		0.57	0	AGAAGGAGAGGGGAGGGAAGAGGAGGGAAA	-
ENSLCOT00000004026.1	44	74	30	-	0		0.6	0	GAAGGAGAGGGGAGGGAAGAGGAGGGAAAG	-
ENSLCOT00000004026.1	43	73	30	-	0		0.6	0	AAGGAGAGGGGAGGGAAGAGGAGGGAAAGG	-
ENSLCOT00000004026.1	42	72	30	-	0		0.63	0	AGGAGAGGGGAGGGAAGAGGAGGGAAAGGG	-
ENSLCOT00000004026.1	41	71	30	-	0		0.67	0	GGAGAGGGGAGGGAAGAGGAGGGAAAGGGG	-
ENSLCOT00000004026.1	40	70	30	-	0		0.63	0	GAGAGGGGAGGGAAGAGGAGGGAAAGGGGA	-
ENSLCOT00000004026.1	39	69	30	-	0		0.63	0	AGAGGGGAGGGAAGAGGAGGGAAAGGGGAG	-
ENSLCOT00000004026.1	37	67	29	-	0.033	d1	0.63	0	AGGGGAGGGAAGAGGAGGGAAAGGGGAGCG	-
ENSLCOT00000004026.1	36	66	29	-	0.033	d2	0.63	0	GGGGAGGGAAGAGGAGGGAAAGGGGAGCGA	-
ENSLCOT00000004026.1	35	65	29	-	0.033	d3	0.6	0	GGGAGGGAAGAGGAGGGAAAGGGGAGCGAA	-
ENSLCOT00000004026.1	34	64	29	-	0.033	d4	0.57	0	GGAGGGAAGAGGAGGGAAAGGGGAGCGAAA	-
ENSLCOT00000004026.1	33	63	29	-	0.033	d5	0.57	0	GAGGGAAGAGGAGGGAAAGGGGAGCGAAAG	-
ENSLCOT00000004026.1	32	62	29	-	0.033	d6	0.53	0	AGGGAAGAGGAGGGAAAGGGGAGCGAAAGA	-
ENSLCOT00000004026.1	31	61	29	-	0.033	d7	0.57	0	GGGAAGAGGAGGGAAAGGGGAGCGAAAGAG	-
ENSLCOT00000004026.1	30	60	29	-	0.033	d8	0.57	0	GGAAGAGGAGGGAAAGGGGAGCGAAAGAGG	-
ENSLCOT00000004026.1	29	59	29	-	0.033	d9	0.53	0	GAAGAGGAGGGAAAGGGGAGCGAAAGAGGA	-
ENSLCOT00000004026.1	28	58	29	-	0.033	d10	0.53	0	AAGAGGAGGGAAAGGGGAGCGAAAGAGGAG	-
ENSLCOT00000004026.1	27	57	29	-	0.033	d11	0.57	0	AGAGGAGGGAAAGGGGAGCGAAAGAGGAGG	-
ENSLCOT00000004026.1	26	56	29	-	0.033	d12	0.6	0	GAGGAGGGAAAGGGGAGCGAAAGAGGAGGG	-
ENSLCOT00000004026.1	25	55	29	-	0.033	d13	0.57	0	AGGAGGGAAAGGGGAGCGAAAGAGGAGGGA	-
ENSLCOT00000004026.1	24	54	29	-	0.033	d14	0.57	0	GGAGGGAAAGGGGAGCGAAAGAGGAGGGAA	-
ENSLCOT00000004026.1	23	53	29	-	0.033	d15	0.53	0	GAGGGAAAGGGGAGCGAAAGAGGAGGGAAA	-
ENSLCOT00000004026.1	22	52	29	-	0.033	d16	0.53	0	AGGGAAAGGGGAGCGAAAGAGGAGGGAAAG	-
ENSLCOT00000004026.1	21	51	29	-	0.033	d17	0.57	0	GGGAAAGGGGAGCGAAAGAGGAGGGAAAGG	-
ENSLCOT00000004026.1	20	50	29	-	0.033	d18	0.57	0	GGAAAGGGGAGCGAAAGAGGAGGGAAAGGG	-
ENSLCOT00000004026.1	19	49	29	-	0.033	d19	0.57	0	GAAAGGGGAGCGAAAGAGGAGGGAAAGGGG	-
ENSLCOT00000004026.1	18	48	29	-	0.033	d20	0.53	0	AAAGGGGAGCGAAAGAGGAGGGAAAGGGGA	-
ENSLCOT00000004026.1	17	47	29	-	0.033	d21	0.57	0	AAGGGGAGCGAAAGAGGAGGGAAAGGGGAG	-
ENSLCOT00000004026.1	16	46	29	-	0.033	d22	0.6	0	AGGGGAGCGAAAGAGGAGGGAAAGGGGAGG	-
ENSLCOT00000004026.1	15	45	29	-	0.033	d23	0.63	0	GGGGAGCGAAAGAGGAGGGAAAGGGGAGGG	-
ENSLCOT00000004026.1	14	44	29	-	0.033	d24	0.63	0	GGGAGCGAAAGAGGAGGGAAAGGGGAGGGG	-
ENSLCOT00000004026.1	13	43	29	-	0.033	d25	0.63	0	GGAGCGAAAGAGGAGGGAAAGGGGAGGGGG	-
ENSLCOT00000004026.1	12	42	29	-	0.033	d26	0.6	0	GAGCGAAAGAGGAGGGAAAGGGGAGGGGGA	-
ENSLCOT00000004026.1	11	41	29	-	0.033	d27	0.6	0	AGCGAAAGAGGAGGGAAAGGGGAGGGGGAG	-
ENSLCOT00000004026.1	10	40	29	-	0.033	d28	0.6	0	GCGAAAGAGGAGGGAAAGGGGAGGGGGAGA	-
ENSLCOT00000004026.1	8	38	30	-	0		0.63	0	GAAAGAGGAGGGAAAGGGGAGGGGGAGAGG	-
ENSLCOT00000004026.1	7	37	30	-	0		0.6	0	AAAGAGGAGGGAAAGGGGAGGGGGAGAGGA	-
ENSLCOT00000004026.1	6	36	30	-	0		0.63	0	AAGAGGAGGGAAAGGGGAGGGGGAGAGGAG	-
ENSLCOT00000004026.1	5	35	30	-	0		0.67	0	AGAGGAGGGAAAGGGGAGGGGGAGAGGAGG	-
ENSLCOT00000004026.1	4	34	30	-	0		0.7	0	GAGGAGGGAAAGGGGAGGGGGAGAGGAGGG	-
ENSLCOT00000004026.1	3	33	30	-	0		0.67	0	AGGAGGGAAAGGGGAGGGGGAGAGGAGGGA	-
ENSLCOT00000004026.1	2	32	30	-	0		0.67	0	GGAGGGAAAGGGGAGGGGGAGAGGAGGGAA	-
ENSLCOT00000004026.1	1	31	30	-	0		0.63	0	GAGGGAAAGGGGAGGGGGAGAGGAGGGAAA	-
ENSLCOT00000004026.1	0	30	30	-	0		0.63	0	AGGGAAAGGGGAGGGGGAGAGGAGGGAAAG	-
ENSLCOT00000004230.1	392	408	15	+	0.062	d13	0.69	0	GGAAAGGAGGGGGTGG	-
ENSLCOT00000004230.1	393	409	15	+	0.062	d12	0.69	0	GAAAGGAGGGGGTGGG	-
ENSLCOT00000004230.1	394	410	15	+	0.062	d11	0.69	0	AAAGGAGGGGGTGGGG	-
ENSLCOT00000004230.1	652	678	24	-	0.077	d20d24	0.5	0	ATGGGTGGAAGAGGAAGAGGAAGAGA	-
ENSLCOT00000004230.1	646	676	28	-	0.067	d5d26	0.53	0	GGGTGGAAGAGGAAGAGGAAGAGATGAGGA	-
ENSLCOT00000004230.1	645	675	28	-	0.067	d6d27	0.53	0	GGTGGAAGAGGAAGAGGAAGAGATGAGGAG	-
ENSLCOT00000004230.1	644	674	28	-	0.067	d7d28	0.53	0	GTGGAAGAGGAAGAGGAAGAGATGAGGAGG	-
ENSLCOT00000004230.1	642	672	29	-	0.033	d9	0.5	0	GGAAGAGGAAGAGGAAGAGATGAGGAGGAA	-
ENSLCOT00000004230.1	641	671	29	-	0.033	d10	0.5	0	GAAGAGGAAGAGGAAGAGATGAGGAGGAAG	-
ENSLCOT00000004230.1	638	668	29	-	0.033	d13	0.5	0	GAGGAAGAGGAAGAGATGAGGAGGAAGAAG	-
ENSLCOT00000004230.1	632	662	28	-	0.067	d1d19	0.5	0	GAGGAAGAGATGAGGAGGAAGAAGAAGGTG	-
ENSLCOT00000004230.1	621	651	28	-	0.067	d10d12	0.53	0	GAGGAGGAAGAAGAAGGTGTGAGAAGGAGG	-
ENSLCOT00000004230.1	620	650	28	-	0.067	d11d13	0.5	0	AGGAGGAAGAAGAAGGTGTGAGAAGGAGGA	-
ENSLCOT00000004230.1	619	649	28	-	0.067	d12d14	0.53	0	GGAGGAAGAAGAAGGTGTGAGAAGGAGGAG	-
ENSLCOT00000004230.1	618	648	28	-	0.067	d13d15	0.53	0	GAGGAAGAAGAAGGTGTGAGAAGGAGGAGG	-
ENSLCOT00000004230.1	617	647	28	-	0.067	d14d16	0.5	0	AGGAAGAAGAAGGTGTGAGAAGGAGGAGGA	-
ENSLCOT00000004230.1	616	646	28	-	0.067	d15d17	0.5	0	GGAAGAAGAAGGTGTGAGAAGGAGGAGGAA	-
ENSLCOT00000004230.1	615	645	28	-	0.067	d16d18	0.5	0	GAAGAAGAAGGTGTGAGAAGGAGGAGGAAG	-
ENSLCOT00000004230.1	614	642	26	-	0.071	d17d19	0.5	0	GAAGAAGGTGTGAGAAGGAGGAGGAAGA	-
ENSLCOT00000004230.1	603	633	28	-	0.067	d10d28	0.5	0	GTGAGAAGGAGGAGGAAGACAAGGAGAAGG	-
ENSLCOT00000004230.1	601	631	29	-	0.033	d12	0.5	0	GAGAAGGAGGAGGAAGACAAGGAGAAGGAG	-
ENSLCOT00000004230.1	597	627	29	-	0.033	d16	0.5	0	AGGAGGAGGAAGACAAGGAGAAGGAGAAGG	-
ENSLCOT00000004230.1	596	626	29	-	0.033	d17	0.5	0	GGAGGAGGAAGACAAGGAGAAGGAGAAGGA	-
ENSLCOT00000004230.1	595	625	29	-	0.033	d18	0.5	0	GAGGAGGAAGACAAGGAGAAGGAGAAGGAG	-
ENSLCOT00000004230.1	582	612	30	-	0		0.5	0	AGGAGAAGGAGAAGGAGAAGAAGGAGAAGG	-
ENSLCOT00000004230.1	581	611	30	-	0		0.5	0	GGAGAAGGAGAAGGAGAAGAAGGAGAAGGA	-
ENSLCOT00000004230.1	580	610	30	-	0		0.5	0	GAGAAGGAGAAGGAGAAGAAGGAGAAGGAG	-
ENSLCOT00000004230.1	576	606	30	-	0		0.5	0	AGGAGAAGGAGAAGAAGGAGAAGGAGAAGG	-
ENSLCOT00000004230.1	575	605	30	-	0		0.5	0	GGAGAAGGAGAAGAAGGAGAAGGAGAAGGA	-
ENSLCOT00000004230.1	574	604	30	-	0		0.5	0	GAGAAGGAGAAGAAGGAGAAGGAGAAGGAG	-
ENSLCOT00000004230.1	570	600	30	-	0		0.5	0	AGGAGAAGAAGGAGAAGGAGAAGGAGAAGG	-
ENSLCOT00000004230.1	569	599	30	-	0		0.5	0	GGAGAAGAAGGAGAAGGAGAAGGAGAAGGA	-
ENSLCOT00000004230.1	568	598	30	-	0		0.5	0	GAGAAGAAGGAGAAGGAGAAGGAGAAGGAG	-
ENSLCOT00000004230.1	564	594	30	-	0		0.5	0	AGAAGGAGAAGGAGAAGGAGAAGGAGAAGG	-
ENSLCOT00000004230.1	563	593	30	-	0		0.5	0	GAAGGAGAAGGAGAAGGAGAAGGAGAAGGA	-
ENSLCOT00000004230.1	562	592	30	-	0		0.5	0	AAGGAGAAGGAGAAGGAGAAGGAGAAGGAG	-
ENSLCOT00000004230.1	561	591	30	-	0		0.53	0	AGGAGAAGGAGAAGGAGAAGGAGAAGGAGG	-
ENSLCOT00000004230.1	560	590	30	-	0		0.53	0	GGAGAAGGAGAAGGAGAAGGAGAAGGAGGA	-
ENSLCOT00000004230.1	559	589	30	-	0		0.53	0	GAGAAGGAGAAGGAGAAGGAGAAGGAGGAG	-
ENSLCOT00000004230.1	558	588	30	-	0		0.53	0	AGAAGGAGAAGGAGAAGGAGAAGGAGGAGG	-
ENSLCOT00000004230.1	557	587	30	-	0		0.53	0	GAAGGAGAAGGAGAAGGAGAAGGAGGAGGA	-
ENSLCOT00000004230.1	556	586	30	-	0		0.53	0	AAGGAGAAGGAGAAGGAGAAGGAGGAGGAG	-
ENSLCOT00000004230.1	555	585	30	-	0		0.53	0	AGGAGAAGGAGAAGGAGAAGGAGGAGGAGA	-
ENSLCOT00000004230.1	554	584	30	-	0		0.53	0	GGAGAAGGAGAAGGAGAAGGAGGAGGAGAA	-
ENSLCOT00000004230.1	553	583	30	-	0		0.53	0	GAGAAGGAGAAGGAGAAGGAGGAGGAGAAG	-
ENSLCOT00000004230.1	552	582	30	-	0		0.53	0	AGAAGGAGAAGGAGAAGGAGGAGGAGAAGG	-
ENSLCOT00000004230.1	551	581	30	-	0		0.53	0	GAAGGAGAAGGAGAAGGAGGAGGAGAAGGA	-
ENSLCOT00000004230.1	550	580	30	-	0		0.53	0	AAGGAGAAGGAGAAGGAGGAGGAGAAGGAG	-
ENSLCOT00000004230.1	549	579	30	-	0		0.53	0	AGGAGAAGGAGAAGGAGGAGGAGAAGGAGA	-
ENSLCOT00000004230.1	548	578	30	-	0		0.53	0	GGAGAAGGAGAAGGAGGAGGAGAAGGAGAA	-
ENSLCOT00000004230.1	547	577	30	-	0		0.53	0	GAGAAGGAGAAGGAGGAGGAGAAGGAGAAG	-
ENSLCOT00000004230.1	546	576	30	-	0		0.53	0	AGAAGGAGAAGGAGGAGGAGAAGGAGAAGG	-
ENSLCOT00000004230.1	545	575	30	-	0		0.53	0	GAAGGAGAAGGAGGAGGAGAAGGAGAAGGA	-
ENSLCOT00000004230.1	544	574	30	-	0		0.53	0	AAGGAGAAGGAGGAGGAGAAGGAGAAGGAG	-
ENSLCOT00000004230.1	543	573	30	-	0		0.53	0	AGGAGAAGGAGGAGGAGAAGGAGAAGGAGA	-
ENSLCOT00000004230.1	542	572	30	-	0		0.53	0	GGAGAAGGAGGAGGAGAAGGAGAAGGAGAA	-
ENSLCOT00000004230.1	541	571	30	-	0		0.53	0	GAGAAGGAGGAGGAGAAGGAGAAGGAGAAG	-
ENSLCOT00000004230.1	540	570	30	-	0		0.53	0	AGAAGGAGGAGGAGAAGGAGAAGGAGAAGG	-
ENSLCOT00000004230.1	539	569	30	-	0		0.53	0	GAAGGAGGAGGAGAAGGAGAAGGAGAAGGA	-
ENSLCOT00000004230.1	538	568	30	-	0		0.53	0	AAGGAGGAGGAGAAGGAGAAGGAGAAGGAG	-
ENSLCOT00000004230.1	537	567	30	-	0		0.53	0	AGGAGGAGGAGAAGGAGAAGGAGAAGGAGA	-
ENSLCOT00000004230.1	536	566	30	-	0		0.53	0	GGAGGAGGAGAAGGAGAAGGAGAAGGAGAA	-
ENSLCOT00000004230.1	535	565	30	-	0		0.53	0	GAGGAGGAGAAGGAGAAGGAGAAGGAGAAG	-
ENSLCOT00000004230.1	534	564	30	-	0		0.53	0	AGGAGGAGAAGGAGAAGGAGAAGGAGAAGG	-
ENSLCOT00000004230.1	533	563	30	-	0		0.53	0	GGAGGAGAAGGAGAAGGAGAAGGAGAAGGA	-
ENSLCOT00000004230.1	532	562	30	-	0		0.53	0	GAGGAGAAGGAGAAGGAGAAGGAGAAGGAG	-
ENSLCOT00000004230.1	531	561	30	-	0		0.5	0	AGGAGAAGGAGAAGGAGAAGGAGAAGGAGA	-
ENSLCOT00000004230.1	530	560	30	-	0		0.5	0	GGAGAAGGAGAAGGAGAAGGAGAAGGAGAA	-
ENSLCOT00000004230.1	529	559	30	-	0		0.5	0	GAGAAGGAGAAGGAGAAGGAGAAGGAGAAG	-
ENSLCOT00000004230.1	525	555	30	-	0		0.5	0	AGGAGAAGGAGAAGGAGAAGGAGAAGAAGG	-
ENSLCOT00000004230.1	524	554	30	-	0		0.5	0	GGAGAAGGAGAAGGAGAAGGAGAAGAAGGA	-
ENSLCOT00000004230.1	523	553	30	-	0		0.5	0	GAGAAGGAGAAGGAGAAGGAGAAGAAGGAG	-
ENSLCOT00000004230.1	519	549	30	-	0		0.5	0	AGGAGAAGGAGAAGGAGAAGAAGGAGAAGG	-
ENSLCOT00000004230.1	518	548	30	-	0		0.5	0	GGAGAAGGAGAAGGAGAAGAAGGAGAAGGA	-
ENSLCOT00000004230.1	517	547	30	-	0		0.5	0	GAGAAGGAGAAGGAGAAGAAGGAGAAGGAG	-
ENSLCOT00000004230.1	516	546	30	-	0		0.5	0	AGAAGGAGAAGGAGAAGAAGGAGAAGGAGG	-
ENSLCOT00000004230.1	515	545	30	-	0		0.5	0	GAAGGAGAAGGAGAAGAAGGAGAAGGAGGA	-
ENSLCOT00000004230.1	514	544	30	-	0		0.5	0	AAGGAGAAGGAGAAGAAGGAGAAGGAGGAG	-
ENSLCOT00000004230.1	513	543	30	-	0		0.5	0	AGGAGAAGGAGAAGAAGGAGAAGGAGGAGA	-
ENSLCOT00000004230.1	512	542	30	-	0		0.5	0	GGAGAAGGAGAAGAAGGAGAAGGAGGAGAA	-
ENSLCOT00000004230.1	511	541	30	-	0		0.5	0	GAGAAGGAGAAGAAGGAGAAGGAGGAGAAG	-
ENSLCOT00000004230.1	510	540	30	-	0		0.5	0	AGAAGGAGAAGAAGGAGAAGGAGGAGAAGG	-
ENSLCOT00000004230.1	509	539	30	-	0		0.5	0	GAAGGAGAAGAAGGAGAAGGAGGAGAAGGA	-
ENSLCOT00000004230.1	508	538	30	-	0		0.5	0	AAGGAGAAGAAGGAGAAGGAGGAGAAGGAG	-
ENSLCOT00000004230.1	507	537	30	-	0		0.5	0	AGGAGAAGAAGGAGAAGGAGGAGAAGGAGA	-
ENSLCOT00000004230.1	506	536	30	-	0		0.5	0	GGAGAAGAAGGAGAAGGAGGAGAAGGAGAA	-
ENSLCOT00000004230.1	505	535	30	-	0		0.5	0	GAGAAGAAGGAGAAGGAGGAGAAGGAGAAG	-
ENSLCOT00000004230.1	504	534	30	-	0		0.5	0	AGAAGAAGGAGAAGGAGGAGAAGGAGAAGG	-
ENSLCOT00000004230.1	503	533	30	-	0		0.5	0	GAAGAAGGAGAAGGAGGAGAAGGAGAAGGA	-
ENSLCOT00000004230.1	502	532	30	-	0		0.5	0	AAGAAGGAGAAGGAGGAGAAGGAGAAGGAG	-
ENSLCOT00000004230.1	501	531	30	-	0		0.5	0	AGAAGGAGAAGGAGGAGAAGGAGAAGGAGA	-
ENSLCOT00000004230.1	500	530	30	-	0		0.5	0	GAAGGAGAAGGAGGAGAAGGAGAAGGAGAA	-
ENSLCOT00000004230.1	499	529	30	-	0		0.5	0	AAGGAGAAGGAGGAGAAGGAGAAGGAGAAG	-
ENSLCOT00000004230.1	498	528	30	-	0		0.53	0	AGGAGAAGGAGGAGAAGGAGAAGGAGAAGG	-
ENSLCOT00000004230.1	497	527	30	-	0		0.53	0	GGAGAAGGAGGAGAAGGAGAAGGAGAAGGA	-
ENSLCOT00000004230.1	496	526	30	-	0		0.53	0	GAGAAGGAGGAGAAGGAGAAGGAGAAGGAG	-
ENSLCOT00000004230.1	495	525	30	-	0		0.5	0	AGAAGGAGGAGAAGGAGAAGGAGAAGGAGA	-
ENSLCOT00000004230.1	494	524	30	-	0		0.5	0	GAAGGAGGAGAAGGAGAAGGAGAAGGAGAA	-
ENSLCOT00000004230.1	493	523	30	-	0		0.5	0	AAGGAGGAGAAGGAGAAGGAGAAGGAGAAG	-
ENSLCOT00000004230.1	492	522	30	-	0		0.53	0	AGGAGGAGAAGGAGAAGGAGAAGGAGAAGG	-
ENSLCOT00000004230.1	491	521	30	-	0		0.53	0	GGAGGAGAAGGAGAAGGAGAAGGAGAAGGA	-
ENSLCOT00000004230.1	490	520	30	-	0		0.53	0	GAGGAGAAGGAGAAGGAGAAGGAGAAGGAG	-
ENSLCOT00000004230.1	489	519	30	-	0		0.5	0	AGGAGAAGGAGAAGGAGAAGGAGAAGGAGA	-
ENSLCOT00000004230.1	488	518	30	-	0		0.5	0	GGAGAAGGAGAAGGAGAAGGAGAAGGAGAA	-
ENSLCOT00000004230.1	487	517	30	-	0		0.5	0	GAGAAGGAGAAGGAGAAGGAGAAGGAGAAG	-
ENSLCOT00000004230.1	486	516	30	-	0		0.5	0	AGAAGGAGAAGGAGAAGGAGAAGGAGAAGG	-
ENSLCOT00000004230.1	485	515	30	-	0		0.5	0	GAAGGAGAAGGAGAAGGAGAAGGAGAAGGA	-
ENSLCOT00000004230.1	484	514	30	-	0		0.5	0	AAGGAGAAGGAGAAGGAGAAGGAGAAGGAG	-
ENSLCOT00000004230.1	483	513	30	-	0		0.5	0	AGGAGAAGGAGAAGGAGAAGGAGAAGGAGA	-
ENSLCOT00000004230.1	482	512	30	-	0		0.5	0	GGAGAAGGAGAAGGAGAAGGAGAAGGAGAA	-
ENSLCOT00000004230.1	481	511	30	-	0		0.5	0	GAGAAGGAGAAGGAGAAGGAGAAGGAGAAG	-
ENSLCOT00000004230.1	477	507	30	-	0		0.5	0	AGGAGAAGGAGAAGGAGAAGGAGAAGAAGG	-
ENSLCOT00000004230.1	476	506	30	-	0		0.5	0	GGAGAAGGAGAAGGAGAAGGAGAAGAAGGA	-
ENSLCOT00000004230.1	475	505	30	-	0		0.5	0	GAGAAGGAGAAGGAGAAGGAGAAGAAGGAG	-
ENSLCOT00000004230.1	471	501	30	-	0		0.5	0	AGGAGAAGGAGAAGGAGAAGAAGGAGAAGG	-
ENSLCOT00000004230.1	470	500	30	-	0		0.5	0	GGAGAAGGAGAAGGAGAAGAAGGAGAAGGA	-
ENSLCOT00000004230.1	469	499	30	-	0		0.5	0	GAGAAGGAGAAGGAGAAGAAGGAGAAGGAG	-
ENSLCOT00000004230.1	465	495	30	-	0		0.5	0	AGGAGAAGGAGAAGAAGGAGAAGGAGAAGG	-
ENSLCOT00000004230.1	464	494	30	-	0		0.5	0	GGAGAAGGAGAAGAAGGAGAAGGAGAAGGA	-
ENSLCOT00000004230.1	463	493	30	-	0		0.5	0	GAGAAGGAGAAGAAGGAGAAGGAGAAGGAG	-
ENSLCOT00000004230.1	459	489	30	-	0		0.5	0	AGGAGAAGAAGGAGAAGGAGAAGGAGAAGG	-
ENSLCOT00000004230.1	458	488	30	-	0		0.5	0	GGAGAAGAAGGAGAAGGAGAAGGAGAAGGA	-
ENSLCOT00000004230.1	457	487	30	-	0		0.5	0	GAGAAGAAGGAGAAGGAGAAGGAGAAGGAG	-
ENSLCOT00000004230.1	453	483	30	-	0		0.5	0	AGAAGGAGAAGGAGAAGGAGAAGGAGAAGG	-
ENSLCOT00000019763.1	1659	1677	17	-	0.056	d9	0.61	2	GAAGGAGGTGAGGAGGGA	-
ENSLCOT00000019763.1	2304	2321	16	-	0.059	d8	0.65	2	GGGAAGGGCGGGAAGGA	-
ENSLCOT00000019764.1	1683	1701	17	-	0.056	d9	0.61	2	GAAGGAGGTGAGGAGGGA	-
ENSLCOT00000019764.1	2311	2339	26	-	0.071	d24d26	0.54	1	GCATAGAGGGGAAAGGGGAGAGGAGGAA	-
ENSLCOT00000019764.1	2420	2437	16	-	0.059	d8	0.65	2	GGGAAGGGCGGGAAGGA	-
ENSLCOT00000019765.1	1629	1647	17	-	0.056	d9	0.61	2	GAAGGAGGTGAGGAGGGA	-
ENSLCOT00000019765.1	2257	2285	26	-	0.071	d24d26	0.54	1	GCATAGAGGGGAAAGGGGAGAGGAGGAA	-
ENSLCOT00000019765.1	2366	2383	16	-	0.059	d8	0.65	2	GGGAAGGGCGGGAAGGA	-
