# Duplex-ID	Start	End	Score	Strand	Error-rate	Errors	Guanine-rate	Duplicates	TTS	Duplicate locations
ENSLCOT00000000041.1	3812	3828	15	+	0.062	d8	0.56	2	AGGAGGAACAGGGGAG	-
ENSLCOT00000000041.1	4998	5014	15	+	0.062	d7	0.56	2	GGGGAAATGGAAAGGG	-
ENSLCOT00000000041.1	7961	7979	17	+	0.056	d6	0.5	2	AAGAGATGGAGAGGAAGG	-
ENSLCOT00000000044.1	3533	3549	15	+	0.062	d8	0.56	2	AGGAGGAACAGGGGAG	-
ENSLCOT00000000044.1	4719	4735	15	+	0.062	d7	0.56	2	GGGGAAATGGAAAGGG	-
ENSLCOT00000000044.1	7682	7700	17	+	0.056	d6	0.5	2	AAGAGATGGAGAGGAAGG	-
ENSLCOT00000000056.1	3257	3273	15	+	0.062	d8	0.56	2	AGGAGGAACAGGGGAG	-
ENSLCOT00000000056.1	4443	4459	15	+	0.062	d7	0.56	2	GGGGAAATGGAAAGGG	-
ENSLCOT00000000056.1	7406	7424	17	+	0.056	d6	0.5	2	AAGAGATGGAGAGGAAGG	-
ENSLCOT00000000007.1	877	895	17	+	0.056	d6	0.56	0	GGGAGGTGAAGAAGGAAG	-
ENSLCOT00000000007.1	924	946	19	+	0.14	d2d20	0.59	0	AGCGAGGAGGAGAGGAAGGGCG	-
ENSLCOT00000000007.1	983	1004	18	+	0.14	d2d19	0.57	0	GGTGAAGGAGGAAGAGGAGCG	-
ENSLCOT00000000007.1	1049	1075	24	+	0.077	d11d17	0.5	0	GGAAGAGGAGGCGAAAGCGGAAGAGA	-
ENSLCOT00000000007.1	1173	1198	23	+	0.08	d18d23	0.52	0	GAGGAGGAAGAGGAGGAGCAGGACA	-
ENSLCOT00000000007.1	1535	1556	15	+	0.29	d2d16	0.48	0	AATGGAAGAGGAGGAGCAGGA	-
ENSLCOT00000000007.1	1866	1887	20	+	0.048	d8	0.62	0	GGGGAGGACGAAGAGGAGGGA	-
ENSLCOT00000000007.1	2169	2185	15	+	0.062	d8	0.56	0	GGAGAAGATGGGGAGA	-
ENSLCOT00000000007.1	26	42	15	-	0.062	d4	0.62	0	AAAGGGAGGGGCGGGA	-
ENSLCOT00000000007.1	260	278	17	-	0.056	d3	0.56	0	GGAGAAGGGAGGAGTGAA	-
ENSLCOT00000000007.1	460	501	28	-	0.32	d2d5d29d31	0.61	0	GGGGGGAGGCACAGAGGAGGAAGAGGAGGAGGGGGCAGCAG	-
ENSLCOT00000000006.1	529	545	15	+	0.062	d7	0.5	0	GGGGAAGTGAAAGAAG	-
ENSLCOT00000000009.1	32	49	15	+	0.12	d12	0.71	0	GGAGGAGGAGAGCGGGG	-
ENSLCOT00000000009.1	110	126	15	-	0.062	d11	0.56	0	GAAGCAGAGGGAGGAG	-
ENSLCOT00000000445.1	780	797	16	+	0.059	d7	0.53	2	AAGGGGGTGAAAGGGAA	-
ENSLCOT00000000445.1	2212	2230	17	+	0.056	d8	0.5	2	AGAAGGAGCAGGAAGGGA	-
ENSLCOT00000000445.1	2732	2763	17	+	0.45	d2d21d25	0.52	2	GGCGAAGAAAGAGAGGGAAAGCAGGCGGGAG	-
ENSLCOT00000000484.1	780	797	16	+	0.059	d7	0.53	2	AAGGGGGTGAAAGGGAA	-
ENSLCOT00000000484.1	2227	2245	17	+	0.056	d8	0.5	2	AGAAGGAGCAGGAAGGGA	-
ENSLCOT00000000484.1	2654	2685	17	+	0.45	d2d21d25	0.52	2	GGCGAAGAAAGAGAGGGAAAGCAGGCGGGAG	-
ENSLCOT00000000489.1	780	797	16	+	0.059	d7	0.53	2	AAGGGGGTGAAAGGGAA	-
ENSLCOT00000000489.1	2197	2215	17	+	0.056	d8	0.5	2	AGAAGGAGCAGGAAGGGA	-
ENSLCOT00000000489.1	2651	2682	17	+	0.45	d2d21d25	0.52	2	GGCGAAGAAAGAGAGGGAAAGCAGGCGGGAG	-
ENSLCOT00000000017.1	611	632	20	+	0.048	d10	0.67	0	GGGGGGGAAGTGGAAGGAGAG	-
ENSLCOT00000000881.1	2870	2889	18	+	0.053	d5	0.63	1	GGAGGTGGGAAGAGAGGAG	ENSLCOT00000000921.1:2546-2565;
ENSLCOT00000000881.1	3830	3846	15	+	0.062	d14	0.69	1	GGGAGGGGAAGAGGCG	ENSLCOT00000000921.1:3506-3522;
ENSLCOT00000000881.1	751	776	23	-	0.08	d8d20	0.52	2	GAGGCAGAGGGAAGGGCAAAGAGAG	-
ENSLCOT00000000881.1	961	979	17	-	0.056	d11	0.56	2	AGAGGGCGAAGAGGAAGG	-
ENSLCOT00000000881.1	1228	1247	18	-	0.053	d10	0.53	2	GAGGAGAACAGGGAGGAGA	-
ENSLCOT00000000881.1	1799	1815	15	-	0.062	d5	0.5	2	GGAGAGGAGATAGAGA	-
ENSLCOT00000000921.1	2546	2565	18	+	0.053	d5	0.63	1	GGAGGTGGGAAGAGAGGAG	ENSLCOT00000000881.1:2870-2889;
ENSLCOT00000000921.1	3506	3522	15	+	0.062	d14	0.69	1	GGGAGGGGAAGAGGCG	ENSLCOT00000000881.1:3830-3846;
ENSLCOT00000000921.1	568	593	23	-	0.08	d8d20	0.52	2	GAGGCAGAGGGAAGGGCAAAGAGAG	-
ENSLCOT00000000921.1	778	796	17	-	0.056	d11	0.56	2	AGAGGGCGAAGAGGAAGG	-
ENSLCOT00000000921.1	1045	1064	18	-	0.053	d10	0.53	2	GAGGAGAACAGGGAGGAGA	-
ENSLCOT00000000921.1	1547	1563	15	-	0.062	d5	0.5	2	GGAGAGGAGATAGAGA	-
ENSLCOT00000000946.1	568	593	23	-	0.08	d8d20	0.52	2	GAGGCAGAGGGAAGGGCAAAGAGAG	-
ENSLCOT00000000946.1	778	796	17	-	0.056	d11	0.56	2	AGAGGGCGAAGAGGAAGG	-
ENSLCOT00000000946.1	1045	1064	18	-	0.053	d10	0.53	2	GAGGAGAACAGGGAGGAGA	-
ENSLCOT00000000946.1	1616	1632	15	-	0.062	d5	0.5	2	GGAGAGGAGATAGAGA	-
ENSLCOT00000000013.1	843	860	16	+	0.059	d5	0.65	0	AGGGATGGGAGGGAGAG	-
ENSLCOT00000000012.1	1130	1146	15	+	0.062	d3	0.62	0	GAGCAGGAGGGGAAGG	-
ENSLCOT00000000012.1	1507	1523	15	+	0.062	d3	0.56	0	GGGCGAGAGGAAGAAG	-
ENSLCOT00000000012.1	2901	2918	15	+	0.12	d6	0.71	0	GGAGGGCAGGGAGGAGG	-
ENSLCOT00000000012.1	3093	3124	28	-	0.097	d9d19	0.58	0	GGGGGAGAGAGTGAAGAGGGATGGAGGAAGA	-
ENSLCOT00000000131.1	11	29	18	-	0		0.5	0	GAGAAGGAGAGGGAAAAG	-
ENSLCOT00000000069.1	1495	1513	18	+	0		0.56	0	GGGAGGAAGAGGAAGAGA	-
ENSLCOT00000000043.1	393	409	15	+	0.062	d6	0.5	0	GGGAAATGGGGAAAAG	-
ENSLCOT00000000043.1	483	515	19	+	0.41	d2d25d26	0.47	0	AGTAGAGAAAAGGAGGGGAGAAAGGCTGAAGG	-
ENSLCOT00000000323.1	7	45	28	+	0.26	d10d19d30	0.63	0	GGGAGAGGAGCAGGAGGGATGGAAGAGGGGCAGGAGGG	-
ENSLCOT00000000323.1	2151	2172	19	+	0.095	d15	0.71	1	GGGGAGGAGGAAGGGCGGAGG	ENSLCOT00000000346.1:1866-1887;
ENSLCOT00000000323.1	2869	2885	15	+	0.062	d4	0.5	1	AGAGCAAAGGGAAGGG	ENSLCOT00000000346.1:2584-2600;
ENSLCOT00000000323.1	3340	3356	15	+	0.062	d3	0.69	1	GGGCGGAGGAGGAGAG	ENSLCOT00000000346.1:3016-3032;
ENSLCOT00000000323.1	1312	1329	16	-	0.059	d5	0.59	1	GAGGAGGAAGACGAGGG	ENSLCOT00000000346.1:1027-1044;
ENSLCOT00000000346.1	1866	1887	19	+	0.095	d15	0.71	1	GGGGAGGAGGAAGGGCGGAGG	ENSLCOT00000000323.1:2151-2172;
ENSLCOT00000000346.1	2584	2600	15	+	0.062	d4	0.5	1	AGAGCAAAGGGAAGGG	ENSLCOT00000000323.1:2869-2885;
ENSLCOT00000000346.1	3016	3032	15	+	0.062	d3	0.69	1	GGGCGGAGGAGGAGAG	ENSLCOT00000000323.1:3340-3356;
ENSLCOT00000000346.1	1027	1044	16	-	0.059	d5	0.59	1	GAGGAGGAAGACGAGGG	ENSLCOT00000000323.1:1312-1329;
ENSLCOT00000000014.1	175	191	15	+	0.062	d10	0.56	0	GAGGAAGGAGCGGAAG	-
ENSLCOT00000000014.1	233	257	18	+	0.25	d19	0.42	0	AGAAAAGGGGAAGAGGAGATAAAG	-
ENSLCOT00000000014.1	273	294	19	+	0.095	d6	0.48	0	GAAGAACGAGAAGGAGAGGGA	-
ENSLCOT00000000014.1	1424	1446	21	+	0.045	d14	0.55	0	GAGAGGGAAAGAAATGGGGAGG	-
ENSLCOT00000000014.1	3593	3618	23	+	0.08	d13d21	0.52	0	GAGGGAGGGAAAATGGGGGAATAAG	-
ENSLCOT00000000014.1	597	623	24	-	0.077	d9d11	0.5	0	GGAAGGAGAAGAGGTGCAGGAGGAAA	-
ENSLCOT00000000014.1	773	807	28	-	0.18	d21d24	0.53	0	GGGAAGAGGCAGCAGGAGAGGAGGAGGAAGAAGA	-
ENSLCOT00000000034.1	152	168	15	+	0.062	d11	0.69	0	AGGGGAGGGGGTGGAA	-
ENSLCOT00000000251.1	969	985	15	+	0.062	d10	0.5	1	GGGGAAGAAATGGAGA	ENSLCOT00000000255.1:801-817;
ENSLCOT00000000251.1	4342	4358	15	+	0.062	d2	0.5	1	AGCAGGAGAGGAGAAG	ENSLCOT00000000255.1:4174-4190;
ENSLCOT00000000251.1	6533	6557	23	+	0.042	d20	0.5	1	GAGAGGAGAAGAGGAAGAAGTGGA	ENSLCOT00000000255.1:6365-6389;
ENSLCOT00000000251.1	1993	2010	15	-	0.12	d14	0.47	1	AGTGGAAAAGGAGGGAA	ENSLCOT00000000255.1:1825-1842;
ENSLCOT00000000255.1	801	817	15	+	0.062	d10	0.5	1	GGGGAAGAAATGGAGA	ENSLCOT00000000251.1:969-985;
ENSLCOT00000000255.1	4174	4190	15	+	0.062	d2	0.5	1	AGCAGGAGAGGAGAAG	ENSLCOT00000000251.1:4342-4358;
ENSLCOT00000000255.1	6365	6389	23	+	0.042	d20	0.5	1	GAGAGGAGAAGAGGAAGAAGTGGA	ENSLCOT00000000251.1:6533-6557;
ENSLCOT00000000255.1	1825	1842	15	-	0.12	d14	0.47	1	AGTGGAAAAGGAGGGAA	ENSLCOT00000000251.1:1993-2010;
ENSLCOT00000000030.1	3696	3714	17	+	0.056	d15	0.5	0	AAAGGGAGGAGGAGGCAA	-
ENSLCOT00000000030.1	3971	4000	24	-	0.17	d14d20	0.48	0	AGGGAAGGTGGGAGTAAAGGAGAAGAAAG	-
ENSLCOT00000000030.1	5821	5837	15	-	0.062	d14	0.56	0	GTGAAGAGGGAAGAGG	-
ENSLCOT00000000030.1	6080	6106	24	-	0.077	d7d11	0.62	0	AGGGGAGGAGGGGACGGGCAAAGGGA	-
ENSLCOT00000000022.1	2	35	28	+	0.15	d2d11d30	0.45	0	AGCAAGAAGAGTGAAAAGGGGAGAGGAGGGCAA	-
ENSLCOT00000000039.1	934	950	15	-	0.062	d8	0.5	0	GGGGAGATGAAGAAAG	-
ENSLCOT00000000402.1	730	748	17	+	0.056	d6	0.5	0	AGAAGGCAGAGAAGGAGG	-
ENSLCOT00000000402.1	131	147	15	-	0.062	d10	0.5	0	GGAGATGAGGAAGAAG	-
ENSLCOT00000000402.1	502	518	15	-	0.062	d2	0.62	0	AAGAGGGGAGGGGCAG	-
ENSLCOT00000000402.1	434	450	15	-	0.062	d5	0.56	0	GGAGGAGAAGCGGAAG	-
ENSLCOT00000000402.1	1030	1047	16	-	0.059	d8	0.59	0	GGAGGAGACGGAGGAGA	-
ENSLCOT00000000020.1	939	955	15	+	0.062	d10	0.69	0	AGGAGGGAGGTGGAGG	-
ENSLCOT00000000353.1	764	780	15	-	0.062	d11	0.69	0	GGAGTAGAAGGGGGGG	-
ENSLCOT00000000026.1	1529	1547	17	+	0.056	d8	0.5	0	AGAGAAGGCGAGAGGAGA	-
ENSLCOT00000000026.1	3371	3390	18	+	0.053	d12	0.53	0	AGGAGGGAAGGATGAGGAA	-
ENSLCOT00000000026.1	6307	6329	21	+	0.045	d5	0.5	0	GGGGACGGAGGGAAGAAGAAAA	-
ENSLCOT00000000027.1	22	51	27	-	0.069	d23d25	0.59	0	GAACGCGGGAGGAGGGAAGGAAGGAGGGA	-
ENSLCOT00000000417.1	470	486	15	-	0.062	d13	0.56	2	AATGGGGAAGGAAGGG	-
ENSLCOT00000000452.1	497	513	15	-	0.062	d13	0.56	2	AATGGGGAAGGAAGGG	-
ENSLCOT00000000491.1	494	510	15	-	0.062	d13	0.56	2	AATGGGGAAGGAAGGG	-
ENSLCOT00000000080.1	1213	1229	15	+	0.062	d13	0.69	0	AGGGGGAGGAGGGCGA	-
ENSLCOT00000000080.1	1636	1664	26	+	0.071	d2d19	0.5	0	AGCGAGGGAAGAAGGAGAGCAAGGAGGA	-
ENSLCOT00000000080.1	288	305	15	-	0.12	d11	0.71	0	GAGGGCGAGGAGGAGGG	-
ENSLCOT00000000036.1	94	110	15	+	0.062	d5	0.5	0	GAGAGTGAGGAAGAAG	-
ENSLCOT00000000042.1	157	174	15	+	0.12	d8	0.47	0	AAGGAGAGCAAGAGGGA	-
ENSLCOT00000000093.1	2255	2273	17	+	0.056	d14	0.67	0	GGGGAGGGAGGAGATGGA	-
ENSLCOT00000000093.1	2693	2711	17	+	0.056	d12	0.56	0	GGAGAAGGGGAGCAGAGA	-
ENSLCOT00000000093.1	2855	2873	17	+	0.056	d4	0.61	0	GGGGTGGGAGAAGGAAAG	-
ENSLCOT00000000093.1	3253	3280	25	+	0.074	d4d16	0.67	0	GGGATGGGGAGGGGGGTGAGAGGGAAA	-
ENSLCOT00000000093.1	792	808	15	-	0.062	d9	0.56	2	AGAAGGCGGAGGAGAG	-
ENSLCOT00000000093.1	1302	1323	20	-	0.048	d13	0.62	1	GGGGAAGTAGAGGAGGAGGGA	ENSLCOT00000000103.1:1311-1332;
ENSLCOT00000000103.1	792	808	15	-	0.062	d9	0.56	2	AGAAGGCGGAGGAGAG	-
ENSLCOT00000000103.1	1311	1332	20	-	0.048	d13	0.62	1	GGGGAAGTAGAGGAGGAGGGA	ENSLCOT00000000093.1:1302-1323;
ENSLCOT00000000169.1	750	766	15	-	0.062	d9	0.56	2	AGAAGGCGGAGGAGAG	-
ENSLCOT00000000249.1	1207	1225	17	-	0.056	d15	0.67	2	GGTAGAGGGGGAGGAAGG	-
ENSLCOT00000000259.1	1387	1405	17	-	0.056	d15	0.67	2	GGTAGAGGGGGAGGAAGG	-
ENSLCOT00000000260.1	64	80	15	+	0.062	d4	0.56	0	GGGACAAAGGGGAGAG	-
ENSLCOT00000000260.1	1453	1471	17	-	0.056	d15	0.67	2	GGTAGAGGGGGAGGAAGG	-
ENSLCOT00000023191.1	119	159	26	+	0.35	d1d14d28d34	0.57	0	GCGGAGGAAGAGGATGGAGAGGGGGAGGCAAAGGTGAAGG	-
ENSLCOT00000023191.1	1599	1624	23	+	0.08	d6d16	0.68	0	GGGAGGTGAAGAGAAGTGGGGGGGG	-
ENSLCOT00000023191.1	630	648	17	-	0.056	d13	0.67	0	GGGGCAGGGGAGGAGGAA	-
ENSLCOT00000023191.1	1317	1334	17	-	0		0.59	0	GGGGAGGAAAAAGGGGA	-
ENSLCOT00000010487.1	0	23	22	+	0.043	d12	0.57	0	GAGGAAGGGAGACGGGAGGAAAG	-
ENSLCOT00000010487.1	5298	5314	15	+	0.062	d12	0.56	0	GGGAGAGGGAAGTGAA	-
ENSLCOT00000010487.1	688	704	15	-	0.062	d13	0.69	0	GGTGGAGGAAGAGGGG	-
ENSLCOT00000010487.1	1800	1816	15	-	0.062	d12	0.69	0	GGGTAGGGAGGAGAGG	-
ENSLCOT00000010487.1	2494	2514	19	-	0.05	d5	0.7	0	GAGAGGGAGGAGGGCAGGGG	-
ENSLCOT00000010487.1	2800	2827	24	-	0.11	d6d17	0.7	0	GGGGGAAGGCGGGGAGGAGGTGAGGAG	-
ENSLCOT00000010487.1	6083	6123	28	-	0.3	d2d14d37	0.57	0	AGTGAGGGGAGGGAAAAGGGGAAGATGGGAGAGGAGGCGA	-
ENSLCOT00000008897.1	482	498	15	+	0.062	d11	0.56	0	GGAGAAGGAGATGGAG	-
ENSLCOT00000008897.1	2974	2990	15	+	0.062	d7	0.56	0	AAGGGAGTGGAGAGGA	-
ENSLCOT00000008897.1	4143	4159	16	+	0		0.5	0	GGAAGAGAGAGAAGAG	-
ENSLCOT00000008897.1	4308	4326	17	+	0.056	d1	0.61	0	GTGGAGGAGGAAGGAGGA	-
ENSLCOT00000008897.1	5301	5326	23	+	0.08	d2d7	0.52	0	GATGGGGTGGGAAAAGAGAAGGGAA	-
ENSLCOT00000008897.1	5678	5697	18	+	0.053	d16	0.63	0	GGAGGGGAGGGAAGAGCAG	-
ENSLCOT00000008897.1	980	996	15	-	0.062	d3	0.62	0	AGGAGGAGAGGGCAGG	-
ENSLCOT00000008897.1	1159	1175	15	-	0.062	d12	0.56	0	AGGTGAGAGAAGAGGG	-
ENSLCOT00000008897.1	3177	3195	18	-	0		0.61	0	GAGAGGGGGAGAGAAAGG	-
ENSLCOT00000008897.1	3475	3498	22	-	0.043	d6	0.61	0	GGAGGAAGGAGGGGGATGAAGGA	-
ENSLCOT00000008897.1	4274	4291	16	-	0.059		0.47	0	AGGGAAAAAAAGGGGGA	-
ENSLCOT00000004026.1	0	237	28	-	0.88	d38d105d159d230d231	0.57	0	AGGGATCGGGAAAGAGGGAGAAGGGGAGGGAAAGGGGAGAAGGAAAGGGGAGGGAAAGGAGGAGAAGAGGAGGGAAATGGGAGGGAAAGAGGAGAGAAAAGGGAGAAGGAAAGAGGGAGAAGAAAAGAGGATGGAGAGGGGAAGAAGGGGAGGGAAAGGGGGAGAAGGAGAGGGGAGGGAAGAGGAGGGAAAGGGGAGCGAAAGAGGAGGGAAAGGGGAGGGGGAGAGGAGGGAAAG	-
ENSLCOT00000004230.1	392	410	15	+	0.17	d13	0.72	0	GGAAAGGAGGGGGTGGGG	-
ENSLCOT00000004230.1	453	678	24	-	0.89	d160d178d180d198d219d223	0.5	0	ATGGGTGGAAGAGGAAGAGGAAGAGATGAGGAGGAAGAAGAAGGTGTGAGAAGGAGGAGGAAGACAAGGAGAAGGAGAAGGAGAAGAAGGAGAAGGAGAAGGAGAAGGAGAAGGAGGAGGAGAAGGAGAAGGAGAAGGAGAAGGAGAAGAAGGAGAAGGAGGAGAAGGAGAAGGAGAAGGAGAAGGAGAAGGAGAAGAAGGAGAAGGAGAAGGAGAAGGAGAAGG	-
ENSLCOT00000019763.1	1659	1677	17	-	0.056	d9	0.61	2	GAAGGAGGTGAGGAGGGA	-
ENSLCOT00000019763.1	2304	2321	16	-	0.059	d8	0.65	2	GGGAAGGGCGGGAAGGA	-
ENSLCOT00000019764.1	1683	1701	17	-	0.056	d9	0.61	2	GAAGGAGGTGAGGAGGGA	-
ENSLCOT00000019764.1	2311	2339	26	-	0.071	d24d26	0.54	1	GCATAGAGGGGAAAGGGGAGAGGAGGAA	ENSLCOT00000019765.1:2257-2285;
ENSLCOT00000019764.1	2420	2437	16	-	0.059	d8	0.65	2	GGGAAGGGCGGGAAGGA	-
ENSLCOT00000019765.1	1629	1647	17	-	0.056	d9	0.61	2	GAAGGAGGTGAGGAGGGA	-
ENSLCOT00000019765.1	2257	2285	26	-	0.071	d24d26	0.54	1	GCATAGAGGGGAAAGGGGAGAGGAGGAA	ENSLCOT00000019764.1:2311-2339;
ENSLCOT00000019765.1	2366	2383	16	-	0.059	d8	0.65	2	GGGAAGGGCGGGAAGGA	-
