# Duplex-ID	Start	End	Score	Strand	Error-rate	Errors	Guanine-rate	Duplicates	TTS	Duplicate locations
ENSLCOT00000000041.1	3812	3828	15	+	0.062	d8	0.56	2	AGGAGGAAcAGGGGAG	-
ENSLCOT00000000041.1	4998	5014	15	+	0.062	d7	0.56	2	GGGGAAAtGGAAAGGG	-
ENSLCOT00000000041.1	7961	7979	17	+	0.056	d6	0.5	2	AAGAGAtGGAGAGGAAGG	-
ENSLCOT00000000044.1	3533	3549	15	+	0.062	d8	0.56	2	AGGAGGAAcAGGGGAG	-
ENSLCOT00000000044.1	4719	4735	15	+	0.062	d7	0.56	2	GGGGAAAtGGAAAGGG	-
ENSLCOT00000000044.1	7682	7700	17	+	0.056	d6	0.5	2	AAGAGAtGGAGAGGAAGG	-
ENSLCOT00000000056.1	3257	3273	15	+	0.062	d8	0.56	2	AGGAGGAAcAGGGGAG	-
ENSLCOT00000000056.1	4443	4459	15	+	0.062	d7	0.56	2	GGGGAAAtGGAAAGGG	-
ENSLCOT00000000056.1	7406	7424	17	+	0.056	d6	0.5	2	AAGAGAtGGAGAGGAAGG	-
ENSLCOT00000000007.1	877	895	17	+	0.056	d6	0.56	0	GGGAGGtGAAGAAGGAAG	-
ENSLCOT00000000007.1	924	946	19	+	0.14	d2d20	0.59	0	AGcGAGGAGGAGAGGAAGGGcG	-
ENSLCOT00000000007.1	983	1004	18	+	0.14	d2d19	0.57	0	GGtGAAGGAGGAAGAGGAGcG	-
ENSLCOT00000000007.1	1049	1075	24	+	0.077	d11d17	0.5	0	GGAAGAGGAGGcGAAAGcGGAAGAGA	-
ENSLCOT00000000007.1	1173	1198	23	+	0.08	d18d23	0.52	0	GAGGAGGAAGAGGAGGAGcAGGAcA	-
ENSLCOT00000000007.1	1535	1556	15	+	0.29	d2d16	0.48	0	AAtGGAAGAGGAGGAGcAGGA	-
ENSLCOT00000000007.1	1866	1887	20	+	0.048	d8	0.62	0	GGGGAGGAcGAAGAGGAGGGA	-
ENSLCOT00000000007.1	2169	2185	15	+	0.062	d8	0.56	0	GGAGAAGAtGGGGAGA	-
ENSLCOT00000000007.1	26	42	15	-	0.062	d4	0.62	0	AAAGGGAGGGGcGGGA	-
ENSLCOT00000000007.1	260	278	17	-	0.056	d3	0.56	0	GGAGAAGGGAGGAGtGAA	-
ENSLCOT00000000007.1	460	501	28	-	0.32	d2d5d29d31	0.61	0	GGGGGGAGGcAcAGAGGAGGAAGAGGAGGAGGGGGcAGcAG	-
ENSLCOT00000000006.1	529	545	15	+	0.062	d7	0.5	0	GGGGAAGtGAAAGAAG	-
ENSLCOT00000000009.1	32	49	15	+	0.12	d12	0.71	0	GGAGGAGGAGAGcGGGG	-
ENSLCOT00000000009.1	110	126	15	-	0.062	d11	0.56	0	GAAGcAGAGGGAGGAG	-
ENSLCOT00000000445.1	780	797	16	+	0.059	d7	0.53	2	AAGGGGGtGAAAGGGAA	-
ENSLCOT00000000445.1	2212	2230	17	+	0.056	d8	0.5	2	AGAAGGAGcAGGAAGGGA	-
ENSLCOT00000000445.1	2732	2763	17	+	0.45	d2d21d25	0.52	2	GGcGAAGAAAGAGAGGGAAAGcAGGcGGGAG	-
ENSLCOT00000000484.1	780	797	16	+	0.059	d7	0.53	2	AAGGGGGtGAAAGGGAA	-
ENSLCOT00000000484.1	2227	2245	17	+	0.056	d8	0.5	2	AGAAGGAGcAGGAAGGGA	-
ENSLCOT00000000484.1	2654	2685	17	+	0.45	d2d21d25	0.52	2	GGcGAAGAAAGAGAGGGAAAGcAGGcGGGAG	-
ENSLCOT00000000489.1	780	797	16	+	0.059	d7	0.53	2	AAGGGGGtGAAAGGGAA	-
ENSLCOT00000000489.1	2197	2215	17	+	0.056	d8	0.5	2	AGAAGGAGcAGGAAGGGA	-
ENSLCOT00000000489.1	2651	2682	17	+	0.45	d2d21d25	0.52	2	GGcGAAGAAAGAGAGGGAAAGcAGGcGGGAG	-
ENSLCOT00000000017.1	611	632	20	+	0.048	d10	0.67	0	GGGGGGGAAGtGGAAGGAGAG	-
ENSLCOT00000000881.1	2870	2889	18	+	0.053	d5	0.63	1	GGAGGtGGGAAGAGAGGAG	-
ENSLCOT00000000881.1	3830	3846	15	+	0.062	d14	0.69	1	GGGAGGGGAAGAGGcG	-
ENSLCOT00000000881.1	751	776	23	-	0.08	d8d20	0.52	2	GAGGcAGAGGGAAGGGcAAAGAGAG	-
ENSLCOT00000000881.1	961	979	17	-	0.056	d11	0.56	2	AGAGGGcGAAGAGGAAGG	-
ENSLCOT00000000881.1	1228	1247	18	-	0.053	d10	0.53	2	GAGGAGAAcAGGGAGGAGA	-
ENSLCOT00000000881.1	1799	1815	15	-	0.062	d5	0.5	2	GGAGAGGAGAtAGAGA	-
ENSLCOT00000000921.1	2546	2565	18	+	0.053	d5	0.63	1	GGAGGtGGGAAGAGAGGAG	-
ENSLCOT00000000921.1	3506	3522	15	+	0.062	d14	0.69	1	GGGAGGGGAAGAGGcG	-
ENSLCOT00000000921.1	568	593	23	-	0.08	d8d20	0.52	2	GAGGcAGAGGGAAGGGcAAAGAGAG	-
ENSLCOT00000000921.1	778	796	17	-	0.056	d11	0.56	2	AGAGGGcGAAGAGGAAGG	-
ENSLCOT00000000921.1	1045	1064	18	-	0.053	d10	0.53	2	GAGGAGAAcAGGGAGGAGA	-
ENSLCOT00000000921.1	1547	1563	15	-	0.062	d5	0.5	2	GGAGAGGAGAtAGAGA	-
ENSLCOT00000000946.1	568	593	23	-	0.08	d8d20	0.52	2	GAGGcAGAGGGAAGGGcAAAGAGAG	-
ENSLCOT00000000946.1	778	796	17	-	0.056	d11	0.56	2	AGAGGGcGAAGAGGAAGG	-
ENSLCOT00000000946.1	1045	1064	18	-	0.053	d10	0.53	2	GAGGAGAAcAGGGAGGAGA	-
ENSLCOT00000000946.1	1616	1632	15	-	0.062	d5	0.5	2	GGAGAGGAGAtAGAGA	-
ENSLCOT00000000013.1	843	860	16	+	0.059	d5	0.65	0	AGGGAtGGGAGGGAGAG	-
ENSLCOT00000000012.1	1130	1146	15	+	0.062	d3	0.62	0	GAGcAGGAGGGGAAGG	-
ENSLCOT00000000012.1	1507	1523	15	+	0.062	d3	0.56	0	GGGcGAGAGGAAGAAG	-
ENSLCOT00000000012.1	2901	2918	15	+	0.12	d6	0.71	0	GGAGGGcAGGGAGGAGG	-
ENSLCOT00000000012.1	3093	3124	28	-	0.097	d9d19	0.58	0	GGGGGAGAGAGtGAAGAGGGAtGGAGGAAGA	-
ENSLCOT00000000131.1	11	29	18	-	0		0.5	0	GAGAAGGAGAGGGAAAAG	-
ENSLCOT00000000069.1	1495	1513	18	+	0		0.56	0	GGGAGGAAGAGGAAGAGA	-
ENSLCOT00000000043.1	393	409	15	+	0.062	d6	0.5	0	GGGAAAtGGGGAAAAG	-
ENSLCOT00000000043.1	483	515	19	+	0.41	d2d25d26	0.47	0	AGtAGAGAAAAGGAGGGGAGAAAGGctGAAGG	-
ENSLCOT00000000323.1	7	45	28	+	0.26	d10d19d30	0.63	0	GGGAGAGGAGcAGGAGGGAtGGAAGAGGGGcAGGAGGG	-
ENSLCOT00000000323.1	1835	1869	28	+	0.18	d25d28	0.68	1	GGAGGAGGAGGAGGAGGAGGAGGAGcGGcGGGAG	-
ENSLCOT00000000323.1	2128	2172	28	+	0.36	d8d22d38	0.68	1	GGAGGAGGcGGGAGGAGGAGGAtGGGGAGGAGGAAGGGcGGAGG	-
ENSLCOT00000000323.1	2748	2769	17	+	0.19	d3d18	0.62	1	AAGcGGGAGGAGGAGGAGcGG	-
ENSLCOT00000000323.1	2869	2885	15	+	0.062	d4	0.5	1	AGAGcAAAGGGAAGGG	-
ENSLCOT00000000323.1	3340	3356	15	+	0.062	d3	0.69	1	GGGcGGAGGAGGAGAG	-
ENSLCOT00000000323.1	1312	1329	16	-	0.059	d5	0.59	1	GAGGAGGAAGAcGAGGG	-
ENSLCOT00000000346.1	1550	1584	28	+	0.18	d25d28	0.68	1	GGAGGAGGAGGAGGAGGAGGAGGAGcGGcGGGAG	-
ENSLCOT00000000346.1	1843	1887	28	+	0.36	d8d22d38	0.68	1	GGAGGAGGcGGGAGGAGGAGGAtGGGGAGGAGGAAGGGcGGAGG	-
ENSLCOT00000000346.1	2463	2484	17	+	0.19	d3d18	0.62	1	AAGcGGGAGGAGGAGGAGcGG	-
ENSLCOT00000000346.1	2584	2600	15	+	0.062	d4	0.5	1	AGAGcAAAGGGAAGGG	-
ENSLCOT00000000346.1	3016	3032	15	+	0.062	d3	0.69	1	GGGcGGAGGAGGAGAG	-
ENSLCOT00000000346.1	1027	1044	16	-	0.059	d5	0.59	1	GAGGAGGAAGAcGAGGG	-
ENSLCOT00000000014.1	175	191	15	+	0.062	d10	0.56	0	GAGGAAGGAGcGGAAG	-
ENSLCOT00000000014.1	233	257	18	+	0.25	d19	0.42	0	AGAAAAGGGGAAGAGGAGAtAAAG	-
ENSLCOT00000000014.1	273	294	19	+	0.095	d6	0.48	0	GAAGAAcGAGAAGGAGAGGGA	-
ENSLCOT00000000014.1	1424	1446	21	+	0.045	d14	0.55	0	GAGAGGGAAAGAAAtGGGGAGG	-
ENSLCOT00000000014.1	3593	3618	23	+	0.08	d13d21	0.52	0	GAGGGAGGGAAAAtGGGGGAAtAAG	-
ENSLCOT00000000014.1	597	623	24	-	0.077	d9d11	0.5	0	GGAAGGAGAAGAGGtGcAGGAGGAAA	-
ENSLCOT00000000014.1	773	807	28	-	0.18	d21d24	0.53	0	GGGAAGAGGcAGcAGGAGAGGAGGAGGAAGAAGA	-
ENSLCOT00000000034.1	152	168	15	+	0.062	d11	0.69	0	AGGGGAGGGGGtGGAA	-
ENSLCOT00000000251.1	969	985	15	+	0.062	d10	0.5	1	GGGGAAGAAAtGGAGA	-
ENSLCOT00000000251.1	4342	4358	15	+	0.062	d2	0.5	1	AGcAGGAGAGGAGAAG	-
ENSLCOT00000000251.1	6533	6557	23	+	0.042	d20	0.5	1	GAGAGGAGAAGAGGAAGAAGtGGA	-
ENSLCOT00000000251.1	1993	2010	15	-	0.12	d14	0.47	1	AGtGGAAAAGGAGGGAA	-
ENSLCOT00000000255.1	801	817	15	+	0.062	d10	0.5	1	GGGGAAGAAAtGGAGA	-
ENSLCOT00000000255.1	4174	4190	15	+	0.062	d2	0.5	1	AGcAGGAGAGGAGAAG	-
ENSLCOT00000000255.1	6365	6389	23	+	0.042	d20	0.5	1	GAGAGGAGAAGAGGAAGAAGtGGA	-
ENSLCOT00000000255.1	1825	1842	15	-	0.12	d14	0.47	1	AGtGGAAAAGGAGGGAA	-
ENSLCOT00000000030.1	3696	3714	17	+	0.056	d15	0.5	0	AAAGGGAGGAGGAGGcAA	-
ENSLCOT00000000030.1	3971	4000	24	-	0.17	d14d20	0.48	0	AGGGAAGGtGGGAGtAAAGGAGAAGAAAG	-
ENSLCOT00000000030.1	5821	5837	15	-	0.062	d14	0.56	0	GtGAAGAGGGAAGAGG	-
ENSLCOT00000000030.1	6080	6106	24	-	0.077	d7d11	0.62	0	AGGGGAGGAGGGGAcGGGcAAAGGGA	-
ENSLCOT00000000022.1	2	35	28	+	0.15	d2d11d30	0.45	0	AGcAAGAAGAGtGAAAAGGGGAGAGGAGGGcAA	-
ENSLCOT00000000039.1	934	950	15	-	0.062	d8	0.5	0	GGGGAGAtGAAGAAAG	-
ENSLCOT00000000402.1	730	748	17	+	0.056	d6	0.5	0	AGAAGGcAGAGAAGGAGG	-
ENSLCOT00000000402.1	131	147	15	-	0.062	d10	0.5	0	GGAGAtGAGGAAGAAG	-
ENSLCOT00000000402.1	502	518	15	-	0.062	d2	0.62	0	AAGAGGGGAGGGGcAG	-
ENSLCOT00000000402.1	434	450	15	-	0.062	d5	0.56	0	GGAGGAGAAGcGGAAG	-
ENSLCOT00000000402.1	1030	1047	16	-	0.059	d8	0.59	0	GGAGGAGAcGGAGGAGA	-
ENSLCOT00000000020.1	939	955	15	+	0.062	d10	0.69	0	AGGAGGGAGGtGGAGG	-
ENSLCOT00000000353.1	764	780	15	-	0.062	d11	0.69	0	GGAGtAGAAGGGGGGG	-
ENSLCOT00000000026.1	1529	1547	17	+	0.056	d8	0.5	0	AGAGAAGGcGAGAGGAGA	-
ENSLCOT00000000026.1	3371	3390	18	+	0.053	d12	0.53	0	AGGAGGGAAGGAtGAGGAA	-
ENSLCOT00000000026.1	6307	6329	21	+	0.045	d5	0.5	0	GGGGAcGGAGGGAAGAAGAAAA	-
ENSLCOT00000000027.1	22	51	27	-	0.069	d23d25	0.59	0	GAAcGcGGGAGGAGGGAAGGAAGGAGGGA	-
ENSLCOT00000000417.1	470	486	15	-	0.062	d13	0.56	2	AAtGGGGAAGGAAGGG	-
ENSLCOT00000000452.1	497	513	15	-	0.062	d13	0.56	2	AAtGGGGAAGGAAGGG	-
ENSLCOT00000000491.1	494	510	15	-	0.062	d13	0.56	2	AAtGGGGAAGGAAGGG	-
ENSLCOT00000000080.1	1213	1229	15	+	0.062	d13	0.69	0	AGGGGGAGGAGGGcGA	-
ENSLCOT00000000080.1	1636	1664	26	+	0.071	d2d19	0.5	0	AGcGAGGGAAGAAGGAGAGcAAGGAGGA	-
ENSLCOT00000000080.1	288	305	15	-	0.12	d11	0.71	0	GAGGGcGAGGAGGAGGG	-
ENSLCOT00000000037.1	132	152	16	+	0.2	d2d17	0.55	0	AGcGAGGAGGAGGAGGAcGA	-
ENSLCOT00000000037.1	153	185	27	+	0.16	d5d20d29	0.59	0	GAGGAcGAGGAGGAGGAGGAcGAGGAGGAcGG	-
ENSLCOT00000000036.1	94	110	15	+	0.062	d5	0.5	0	GAGAGtGAGGAAGAAG	-
ENSLCOT00000000042.1	157	174	15	+	0.12	d8	0.47	0	AAGGAGAGcAAGAGGGA	-
ENSLCOT00000000093.1	2255	2273	17	+	0.056	d14	0.67	0	GGGGAGGGAGGAGAtGGA	-
ENSLCOT00000000093.1	2693	2711	17	+	0.056	d12	0.56	0	GGAGAAGGGGAGcAGAGA	-
ENSLCOT00000000093.1	2855	2873	17	+	0.056	d4	0.61	0	GGGGtGGGAGAAGGAAAG	-
ENSLCOT00000000093.1	3253	3280	25	+	0.074	d4d16	0.67	0	GGGAtGGGGAGGGGGGtGAGAGGGAAA	-
ENSLCOT00000000093.1	792	808	15	-	0.062	d9	0.56	2	AGAAGGcGGAGGAGAG	-
ENSLCOT00000000093.1	1302	1323	20	-	0.048	d13	0.62	1	GGGGAAGtAGAGGAGGAGGGA	-
ENSLCOT00000000103.1	792	808	15	-	0.062	d9	0.56	2	AGAAGGcGGAGGAGAG	-
ENSLCOT00000000103.1	1311	1332	20	-	0.048	d13	0.62	1	GGGGAAGtAGAGGAGGAGGGA	-
ENSLCOT00000000169.1	750	766	15	-	0.062	d9	0.56	2	AGAAGGcGGAGGAGAG	-
ENSLCOT00000000249.1	1207	1225	17	-	0.056	d15	0.67	2	GGtAGAGGGGGAGGAAGG	-
ENSLCOT00000000259.1	1387	1405	17	-	0.056	d15	0.67	2	GGtAGAGGGGGAGGAAGG	-
ENSLCOT00000000260.1	64	80	15	+	0.062	d4	0.56	0	GGGAcAAAGGGGAGAG	-
ENSLCOT00000000260.1	1453	1471	17	-	0.056	d15	0.67	2	GGtAGAGGGGGAGGAAGG	-
ENSLCOT00000023191.1	119	159	26	+	0.35	d1d14d28d34	0.57	0	GcGGAGGAAGAGGAtGGAGAGGGGGAGGcAAAGGtGAAGG	-
ENSLCOT00000023191.1	1599	1624	23	+	0.08	d6d16	0.68	0	GGGAGGtGAAGAGAAGtGGGGGGGG	-
ENSLCOT00000023191.1	630	648	17	-	0.056	d13	0.67	0	GGGGcAGGGGAGGAGGAA	-
ENSLCOT00000023191.1	1317	1334	17	-	0		0.59	0	GGGGAGGAAAAAGGGGA	-
ENSLCOT00000010487.1	0	23	22	+	0.043	d12	0.57	0	GAGGAAGGGAGAcGGGAGGAAAG	-
ENSLCOT00000010487.1	5298	5314	15	+	0.062	d12	0.56	0	GGGAGAGGGAAGtGAA	-
ENSLCOT00000010487.1	688	704	15	-	0.062	d13	0.69	0	GGtGGAGGAAGAGGGG	-
ENSLCOT00000010487.1	1800	1816	15	-	0.062	d12	0.69	0	GGGtAGGGAGGAGAGG	-
ENSLCOT00000010487.1	2494	2514	19	-	0.05	d5	0.7	0	GAGAGGGAGGAGGGcAGGGG	-
ENSLCOT00000010487.1	2800	2827	24	-	0.11	d6d17	0.7	0	GGGGGAAGGcGGGGAGGAGGtGAGGAG	-
ENSLCOT00000010487.1	6083	6123	28	-	0.3	d2d14d37	0.57	0	AGtGAGGGGAGGGAAAAGGGGAAGAtGGGAGAGGAGGcGA	-
ENSLCOT00000008897.1	482	498	15	+	0.062	d11	0.56	0	GGAGAAGGAGAtGGAG	-
ENSLCOT00000008897.1	2974	2990	15	+	0.062	d7	0.56	0	AAGGGAGtGGAGAGGA	-
ENSLCOT00000008897.1	4143	4159	16	+	0		0.5	0	GGAAGAGAGAGAAGAG	-
ENSLCOT00000008897.1	4308	4326	17	+	0.056	d1	0.61	0	GtGGAGGAGGAAGGAGGA	-
ENSLCOT00000008897.1	5301	5326	23	+	0.08	d2d7	0.52	0	GAtGGGGtGGGAAAAGAGAAGGGAA	-
ENSLCOT00000008897.1	5678	5697	18	+	0.053	d16	0.63	0	GGAGGGGAGGGAAGAGcAG	-
ENSLCOT00000008897.1	980	996	15	-	0.062	d3	0.62	0	AGGAGGAGAGGGcAGG	-
ENSLCOT00000008897.1	1159	1175	15	-	0.062	d12	0.56	0	AGGtGAGAGAAGAGGG	-
ENSLCOT00000008897.1	3177	3195	18	-	0		0.61	0	GAGAGGGGGAGAGAAAGG	-
ENSLCOT00000008897.1	3475	3498	22	-	0.043	d6	0.61	0	GGAGGAAGGAGGGGGAtGAAGGA	-
ENSLCOT00000008897.1	4274	4291	16	-	0.059		0.47	0	AGGGAAAAAAAGGGGGA	-
ENSLCOT00000004026.1	0	237	28	-	0.88	d38d105d159d230d231	0.57	0	AGGGAtcGGGAAAGAGGGAGAAGGGGAGGGAAAGGGGAGAAGGAAAGGGGAGGGAAAGGAGGAGAAGAGGAGGGAAAtGGGAGGGAAAGAGGAGAGAAAAGGGAGAAGGAAAGAGGGAGAAGAAAAGAGGAtGGAGAGGGGAAGAAGGGGAGGGAAAGGGGGAGAAGGAGAGGGGAGGGAAGAGGAGGGAAAGGGGAGcGAAAGAGGAGGGAAAGGGGAGGGGGAGAGGAGGGAAAG	-
ENSLCOT00000004230.1	369	410	28	+	0.32	d4d22d36	0.71	0	GAGGtGGGAGGAGGGAGGGAGGtGGAAAGGAGGGGGtGGGG	-
ENSLCOT00000004230.1	453	678	24	-	0.89	d160d178d180d198d219d223	0.5	0	AtGGGtGGAAGAGGAAGAGGAAGAGAtGAGGAGGAAGAAGAAGGtGtGAGAAGGAGGAGGAAGAcAAGGAGAAGGAGAAGGAGAAGAAGGAGAAGGAGAAGGAGAAGGAGAAGGAGGAGGAGAAGGAGAAGGAGAAGGAGAAGGAGAAGAAGGAGAAGGAGGAGAAGGAGAAGGAGAAGGAGAAGGAGAAGGAGAAGAAGGAGAAGGAGAAGGAGAAGGAGAAGG	-
ENSLCOT00000019763.1	1659	1677	17	-	0.056	d9	0.61	2	GAAGGAGGtGAGGAGGGA	-
ENSLCOT00000019763.1	2304	2321	16	-	0.059	d8	0.65	2	GGGAAGGGcGGGAAGGA	-
ENSLCOT00000019764.1	1683	1701	17	-	0.056	d9	0.61	2	GAAGGAGGtGAGGAGGGA	-
ENSLCOT00000019764.1	2311	2339	26	-	0.071	d24d26	0.54	1	GcAtAGAGGGGAAAGGGGAGAGGAGGAA	-
ENSLCOT00000019764.1	2420	2437	16	-	0.059	d8	0.65	2	GGGAAGGGcGGGAAGGA	-
ENSLCOT00000019765.1	1629	1647	17	-	0.056	d9	0.61	2	GAAGGAGGtGAGGAGGGA	-
ENSLCOT00000019765.1	2257	2285	26	-	0.071	d24d26	0.54	1	GcAtAGAGGGGAAAGGGGAGAGGAGGAA	-
ENSLCOT00000019765.1	2366	2383	16	-	0.059	d8	0.65	2	GGGAAGGGcGGGAAGGA	-
