# Duplex-ID	Start	End	Score	Strand	Error-rate	Errors	Guanine-rate	Duplicates	TTS	Duplicate locations
ENSLCOT00000000041.1	7990	8010	19	+	0.05	d3	0.45	-1	GGACAGAAGGAGAAAAGAGG	-
ENSLCOT00000000044.1	7711	7731	19	+	0.05	d3	0.45	-1	GGACAGAAGGAGAAAAGAGG	-
ENSLCOT00000000056.1	7435	7455	19	+	0.05	d3	0.45	-1	GGACAGAAGGAGAAAAGAGG	-
ENSLCOT00000000007.1	471	491	19	-	0.05	d18	0.5	-1	ACAGAGGAGGAAGAGGAGGA	-
ENSLCOT00000000445.1	2732	2753	20	+	0.048	d2	0.48	-1	GGCGAAGAAAGAGAGGGAAAG	-
ENSLCOT00000000445.1	2735	2757	21	+	0.045	d18	0.45	-1	GAAGAAAGAGAGGGAAAGCAGG	-
ENSLCOT00000000484.1	2654	2675	20	+	0.048	d2	0.48	-1	GGCGAAGAAAGAGAGGGAAAG	-
ENSLCOT00000000484.1	2657	2679	21	+	0.045	d18	0.45	-1	GAAGAAAGAGAGGGAAAGCAGG	-
ENSLCOT00000000489.1	2651	2672	20	+	0.048	d2	0.48	-1	GGCGAAGAAAGAGAGGGAAAG	-
ENSLCOT00000000489.1	2654	2676	21	+	0.045	d18	0.45	-1	GAAGAAAGAGAGGGAAAGCAGG	-
ENSLCOT00000000881.1	751	771	19	-	0.05	d8	0.5	-1	AGAGGGAAGGGCAAAGAGAG	-
ENSLCOT00000000921.1	568	588	19	-	0.05	d8	0.5	-1	AGAGGGAAGGGCAAAGAGAG	-
ENSLCOT00000000946.1	568	588	19	-	0.05	d8	0.5	-1	AGAGGGAAGGGCAAAGAGAG	-
ENSLCOT00000000013.1	954	972	18	-	0		0.28	-1	GAAAGAAAAAAGGAGAAA	-
ENSLCOT00000000131.1	11	29	18	-	0		0.5	-1	GAGAAGGAGAGGGAAAAG	-
ENSLCOT00000000069.1	1497	1513	16	+	0		0.5	-1	GAGGAAGAGGAAGAGA	-
ENSLCOT00000000043.1	393	418	24	+	0.04	d6	0.44	-1	GGGAAATGGGGAAAAGAAGAGAAGA	-
ENSLCOT00000000043.1	483	508	24	+	0.04	d2	0.48	-1	AGTAGAGAAAAGGAGGGGAGAAAGG	-
ENSLCOT00000000014.1	231	257	25	+	0.038	d21	0.38	-1	AAAGAAAAGGGGAAGAGGAGATAAAG	-
ENSLCOT00000000014.1	270	295	24	+	0.04	d9	0.4	-1	AAAGAAGAACGAGAAGGAGAGGGAA	-
ENSLCOT00000000014.1	1424	1444	19	+	0.05	d14	0.5	-1	GAGAGGGAAAGAAATGGGGA	-
ENSLCOT00000000014.1	1425	1445	19	+	0.05	d13	0.5	-1	AGAGGGAAAGAAATGGGGAG	-
ENSLCOT00000000014.1	773	797	23	-	0.042	d21	0.5	-1	AGCAGGAGAGGAGGAGGAAGAAGA	-
ENSLCOT00000000251.1	1298	1319	20	+	0.048	d8	0.38	-1	GAAGGAAGCAGAGAAAGGAAA	-
ENSLCOT00000000251.1	4292	4308	16	+	0		0.44	-1	GGAGAAAAGAGAAGGA	-
ENSLCOT00000000251.1	5031	5053	21	+	0.045	d7	0.27	-1	GAGGAAGCAAAGAGAAAAAAAA	-
ENSLCOT00000000251.1	6533	6558	24	+	0.04	d20	0.48	-1	GAGAGGAGAAGAGGAAGAAGTGGAA	-
ENSLCOT00000000251.1	7805	7826	20	+	0.048	d4	0.24	-1	AGAACAAAGAGAAGAAGAAAA	-
ENSLCOT00000000251.1	1989	2010	20	-	0.048	d18	0.43	-1	AGTGGAAAAGGAGGGAAAAGA	-
ENSLCOT00000000255.1	1130	1151	20	+	0.048	d8	0.38	-1	GAAGGAAGCAGAGAAAGGAAA	-
ENSLCOT00000000255.1	4124	4140	16	+	0		0.44	-1	GGAGAAAAGAGAAGGA	-
ENSLCOT00000000255.1	4863	4885	21	+	0.045	d7	0.27	-1	GAGGAAGCAAAGAGAAAAAAAA	-
ENSLCOT00000000255.1	6365	6390	24	+	0.04	d20	0.48	-1	GAGAGGAGAAGAGGAAGAAGTGGAA	-
ENSLCOT00000000255.1	7637	7658	20	+	0.048	d4	0.24	-1	AGAACAAAGAGAAGAAGAAAA	-
ENSLCOT00000000255.1	1821	1842	20	-	0.048	d18	0.43	-1	AGTGGAAAAGGAGGGAAAAGA	-
ENSLCOT00000000030.1	3971	3991	19	-	0.05	d14	0.45	-1	GGGAGTAAAGGAGAAGAAAG	-
ENSLCOT00000000030.1	4873	4899	26	-	0		0.31	-1	AAAAAGGAGAAGGGAAAAAAAAAGAG	-
ENSLCOT00000000024.1	831	849	18	+	0		0.22	-1	AGAAGAAGAAAGAAAAAA	-
ENSLCOT00000000024.1	1071	1091	19	+	0.05	d5	0.3	-1	GAAAATGAAGAAAGAAAAGG	-
ENSLCOT00000000024.1	1377	1400	22	+	0.043	d3	0.3	-1	AGATGAAGAAGAAAAAGGAAAGA	-
ENSLCOT00000000032.1	831	849	18	+	0		0.22	-1	AGAAGAAGAAAGAAAAAA	-
ENSLCOT00000000032.1	945	965	19	+	0.05	d5	0.3	-1	GAAAATGAAGAAAGAAAAGG	-
ENSLCOT00000000032.1	1251	1274	22	+	0.043	d3	0.3	-1	AGATGAAGAAGAAAAAGGAAAGA	-
ENSLCOT00000000022.1	5	31	25	+	0.038	d8	0.5	-1	AAGAAGAGTGAAAAGGGGAGAGGAGG	-
ENSLCOT00000000022.1	15	35	19	+	0.05	d17	0.5	-1	AAAAGGGGAGAGGAGGGCAA	-
ENSLCOT00000000039.1	56	77	20	-	0.048	d15	0.33	-1	AAGAGCAGAAGAAAGAGAAGA	-
ENSLCOT00000000026.1	6307	6330	22	+	0.043	d5	0.48	-1	GGGGACGGAGGGAAGAAGAAAAA	-
ENSLCOT00000000027.1	486	505	19	+	0		0.37	-1	AAAAGAAAAAGGGGAGAAG	-
ENSLCOT00000000033.1	1026	1046	19	-	0.05	d14	0.4	-1	GGAGGTGAAAAGGAAAAAAG	-
ENSLCOT00000000080.1	1639	1661	21	+	0.045	d16	0.5	-1	GAGGGAAGAAGGAGAGCAAGGA	-
ENSLCOT00000000080.1	1640	1664	23	+	0.042	d15	0.5	-1	AGGGAAGAAGGAGAGCAAGGAGGA	-
