# Duplex-ID	Start	End	Score	Strand	Error-rate	Errors	Guanine-rate	Duplicates	TTS	Duplicate locations
ENSLCOT00000000041.1	1803	1814	10	+	0.091		0.27	-1	AAAGGAGAAAA	-
ENSLCOT00000000041.1	2852	2867	10	+	0.33		0.4	-1	GAAGAAGGAAGAGAA	-
ENSLCOT00000000041.1	4308	4318	10	+	0		0.2	-1	GAAAAAAAGA	-
ENSLCOT00000000041.1	5043	5054	10	+	0.091		0.45	-1	AGAGAGGAAGA	-
ENSLCOT00000000041.1	6380	6391	10	+	0.091		0.27	-1	GAAAAGAGAAA	-
ENSLCOT00000000041.1	7098	7109	10	+	0.091		0.45	-1	GGAGAAAGAGA	-
ENSLCOT00000000041.1	7530	7540	10	+	0		0.7	-1	GGGAAAGGGG	-
ENSLCOT00000000041.1	7664	7676	10	+	0.17		0.58	-1	GGAGGGAAAGGA	-
ENSLCOT00000000041.1	7884	7894	10	+	0		0.5	-1	GAGGAAAAGG	-
ENSLCOT00000000041.1	7968	7979	10	+	0.091		0.64	-1	GGAGAGGAAGG	-
ENSLCOT00000000041.1	7994	8010	10	+	0.38		0.44	-1	AGAAGGAGAAAAGAGG	-
ENSLCOT00000000041.1	8129	8139	10	+	0		0.5	-1	AGGAAAGAGG	-
ENSLCOT00000000041.1	836	846	10	-	0		0.6	-1	AGGAGGGGAA	-
ENSLCOT00000000041.1	2671	2681	10	-	0		0.4	-1	AGAAAGGAGA	-
ENSLCOT00000000041.1	4459	4472	10	-	0.23		0.54	-1	AAGGAGGAAGGAG	-
ENSLCOT00000000041.1	7429	7442	10	-	0.23		0.46	-1	AGGGAAAGGAAAG	-
ENSLCOT00000000044.1	1524	1535	10	+	0.091		0.27	-1	AAAGGAGAAAA	-
ENSLCOT00000000044.1	2573	2588	10	+	0.33		0.4	-1	GAAGAAGGAAGAGAA	-
ENSLCOT00000000044.1	4029	4039	10	+	0		0.2	-1	GAAAAAAAGA	-
ENSLCOT00000000044.1	4764	4775	10	+	0.091		0.45	-1	AGAGAGGAAGA	-
ENSLCOT00000000044.1	6101	6112	10	+	0.091		0.27	-1	GAAAAGAGAAA	-
ENSLCOT00000000044.1	6819	6830	10	+	0.091		0.45	-1	GGAGAAAGAGA	-
ENSLCOT00000000044.1	7251	7261	10	+	0		0.7	-1	GGGAAAGGGG	-
ENSLCOT00000000044.1	7385	7397	10	+	0.17		0.58	-1	GGAGGGAAAGGA	-
ENSLCOT00000000044.1	7605	7615	10	+	0		0.5	-1	GAGGAAAAGG	-
ENSLCOT00000000044.1	7689	7700	10	+	0.091		0.64	-1	GGAGAGGAAGG	-
ENSLCOT00000000044.1	7715	7731	10	+	0.38		0.44	-1	AGAAGGAGAAAAGAGG	-
ENSLCOT00000000044.1	7850	7860	10	+	0		0.5	-1	AGGAAAGAGG	-
ENSLCOT00000000044.1	557	567	10	-	0		0.6	-1	AGGAGGGGAA	-
ENSLCOT00000000044.1	2392	2402	10	-	0		0.4	-1	AGAAAGGAGA	-
ENSLCOT00000000044.1	4180	4193	10	-	0.23		0.54	-1	AAGGAGGAAGGAG	-
ENSLCOT00000000044.1	7150	7163	10	-	0.23		0.46	-1	AGGGAAAGGAAAG	-
ENSLCOT00000000056.1	1251	1262	10	+	0.091		0.27	-1	AAAGGAGAAAA	-
ENSLCOT00000000056.1	2297	2312	10	+	0.33		0.4	-1	GAAGAAGGAAGAGAA	-
ENSLCOT00000000056.1	3753	3763	10	+	0		0.2	-1	GAAAAAAAGA	-
ENSLCOT00000000056.1	4488	4499	10	+	0.091		0.45	-1	AGAGAGGAAGA	-
ENSLCOT00000000056.1	5825	5836	10	+	0.091		0.27	-1	GAAAAGAGAAA	-
ENSLCOT00000000056.1	6543	6554	10	+	0.091		0.45	-1	GGAGAAAGAGA	-
ENSLCOT00000000056.1	6975	6985	10	+	0		0.7	-1	GGGAAAGGGG	-
ENSLCOT00000000056.1	7109	7121	10	+	0.17		0.58	-1	GGAGGGAAAGGA	-
ENSLCOT00000000056.1	7329	7339	10	+	0		0.5	-1	GAGGAAAAGG	-
ENSLCOT00000000056.1	7413	7424	10	+	0.091		0.64	-1	GGAGAGGAAGG	-
ENSLCOT00000000056.1	7439	7455	10	+	0.38		0.44	-1	AGAAGGAGAAAAGAGG	-
ENSLCOT00000000056.1	7574	7584	10	+	0		0.5	-1	AGGAAAGAGG	-
ENSLCOT00000000056.1	275	285	10	-	0		0.6	-1	AGGAGGGGAA	-
ENSLCOT00000000056.1	2116	2126	10	-	0		0.4	-1	AGAAAGGAGA	-
ENSLCOT00000000056.1	3904	3917	10	-	0.23		0.54	-1	AAGGAGGAAGGAG	-
ENSLCOT00000000056.1	6874	6887	10	-	0.23		0.46	-1	AGGGAAAGGAAAG	-
ENSLCOT00000000007.1	86	96	10	+	0		0.6	-1	GGGGAAGAAG	-
ENSLCOT00000000007.1	826	838	10	+	0.17		0.58	-1	AGGAGAAGGGGA	-
ENSLCOT00000000007.1	884	895	10	+	0.091		0.45	-1	GAAGAAGGAAG	-
ENSLCOT00000000007.1	927	944	10	+	0.41		0.65	-1	GAGGAGGAGAGGAAGGG	-
ENSLCOT00000000007.1	986	1002	10	+	0.38		0.56	-1	GAAGGAGGAAGAGGAG	-
ENSLCOT00000000007.1	1006	1018	10	+	0.17		0.67	-1	GGAGGAGGAAGG	-
ENSLCOT00000000007.1	1026	1036	10	+	0		0.6	-1	AAGGAGGAGG	-
ENSLCOT00000000007.1	1049	1060	10	+	0.091		0.64	-1	GGAAGAGGAGG	-
ENSLCOT00000000007.1	1173	1191	10	+	0.44		0.61	-1	GAGGAGGAAGAGGAGGAG	-
ENSLCOT00000000007.1	1220	1234	10	+	0.29		0.5	-1	GGAAAGGAAGAAGG	-
ENSLCOT00000000007.1	1341	1353	10	+	0.17		0.42	-1	AAGAGAGGGAAA	-
ENSLCOT00000000007.1	1538	1551	10	+	0.23		0.62	-1	GGAAGAGGAGGAG	-
ENSLCOT00000000007.1	1875	1887	10	+	0.17		0.58	-1	GAAGAGGAGGGA	-
ENSLCOT00000000007.1	2314	2326	10	+	0.17		0.42	-1	AGAAGAGGAAAG	-
ENSLCOT00000000007.1	2690	2700	10	+	0		0.7	-1	GAGGAAGGGG	-
ENSLCOT00000000007.1	2775	2786	10	+	0.091		0.55	-1	GAGGAGGAGAA	-
ENSLCOT00000000007.1	31	42	10	-	0.091		0.64	-1	AAAGGGAGGGG	-
ENSLCOT00000000007.1	216	229	10	-	0.23		0.85	-1	GGGGGGGGGGAAG	-
ENSLCOT00000000007.1	264	278	10	-	0.29		0.64	-1	GGAGAAGGGAGGAG	-
ENSLCOT00000000007.1	466	489	10	-	0.57		0.65	-1	AGAGGAGGAAGAGGAGGAGGGGG	-
ENSLCOT00000000002.1	181	191	10	+	0		0.3	-1	AAGGAAAAGA	-
ENSLCOT00000000004.1	96	107	10	+	0.091		0.36	-1	GAAAAGGAGAA	-
ENSLCOT00000000004.1	295	307	10	+	0.17		0.42	-1	AAAGAGAAGGGA	-
ENSLCOT00000000004.1	485	495	10	+	0		0.4	-1	AGAGGGAAAA	-
ENSLCOT00000000006.1	167	178	10	+	0.091		0.45	-1	AGGAAGGAAGA	-
ENSLCOT00000000006.1	333	345	10	+	0.17		0.42	-1	AAAGAGGAGAAG	-
ENSLCOT00000000006.1	456	467	10	+	0.091		0.27	-1	AGAAGGAAAAA	-
ENSLCOT00000000006.1	591	604	10	+	0.23		0.31	-1	GGAAAAGAAAGAA	-
ENSLCOT00000000006.1	704	714	10	+	0		0.2	-1	AAGAAGAAAA	-
ENSLCOT00000000006.1	1044	1054	10	+	0		0.5	-1	GAGAGAAGGA	-
ENSLCOT00000000006.1	1402	1412	10	+	0		0.3	-1	AAAGAAGAGA	-
ENSLCOT00000000006.1	198	210	10	-	0.17		0.5	-1	AAGGAGAGAAGG	-
ENSLCOT00000000006.1	1516	1526	10	-	0		0.4	-1	AGGGAGAAAA	-
ENSLCOT00000000009.1	32	44	10	+	0.17		0.67	-1	GGAGGAGGAGAG	-
ENSLCOT00000000009.1	110	121	10	-	0.091		0.64	-1	AGAGGGAGGAG	-
ENSLCOT00000000009.1	821	831	10	-	0		0.8	-1	GGAGGAGGGG	-
ENSLCOT00000000009.1	1280	1291	10	-	0.091		0.55	-1	AGAAGAGGGAG	-
ENSLCOT00000000445.1	760	773	10	+	0.23		0.46	-1	AGAAGGAGGAAGA	-
ENSLCOT00000000445.1	1991	2004	10	+	0.23		0.54	-1	GGAGAAGAAGGAG	-
ENSLCOT00000000445.1	2178	2188	10	+	0		0.5	-1	AAGGAGGAGA	-
ENSLCOT00000000445.1	2361	2371	10	+	0		0.4	-1	AAGGAGAAGA	-
ENSLCOT00000000445.1	2549	2559	10	+	0		0.6	-1	GGGAAAGGAG	-
ENSLCOT00000000445.1	2735	2753	10	+	0.44		0.44	-1	GAAGAAAGAGAGGGAAAG	-
ENSLCOT00000000445.1	2794	2805	10	+	0.091		0.55	-1	AGGAGGAAGAG	-
ENSLCOT00000000484.1	760	773	10	+	0.23		0.46	-1	AGAAGGAGGAAGA	-
ENSLCOT00000000484.1	2006	2019	10	+	0.23		0.54	-1	GGAGAAGAAGGAG	-
ENSLCOT00000000484.1	2193	2203	10	+	0		0.5	-1	AAGGAGGAGA	-
ENSLCOT00000000484.1	2376	2386	10	+	0		0.4	-1	AAGGAGAAGA	-
ENSLCOT00000000484.1	2657	2675	10	+	0.44		0.44	-1	GAAGAAAGAGAGGGAAAG	-
ENSLCOT00000000484.1	2716	2727	10	+	0.091		0.55	-1	AGGAGGAAGAG	-
ENSLCOT00000000489.1	760	773	10	+	0.23		0.46	-1	AGAAGGAGGAAGA	-
ENSLCOT00000000489.1	1976	1989	10	+	0.23		0.54	-1	GGAGAAGAAGGAG	-
ENSLCOT00000000489.1	2163	2173	10	+	0		0.5	-1	AAGGAGGAGA	-
ENSLCOT00000000489.1	2346	2356	10	+	0		0.4	-1	AAGGAGAAGA	-
ENSLCOT00000000489.1	2654	2672	10	+	0.44		0.44	-1	GAAGAAAGAGAGGGAAAG	-
ENSLCOT00000000489.1	2713	2724	10	+	0.091		0.55	-1	AGGAGGAAGAG	-
ENSLCOT00000000017.1	611	621	10	+	0		0.8	-1	GGGGGGGAAG	-
ENSLCOT00000000017.1	622	632	10	+	0		0.6	-1	GGAAGGAGAG	-
ENSLCOT00000000017.1	912	924	10	+	0.17		0.5	-1	AAGGAAGGGAAG	-
ENSLCOT00000000017.1	930	940	10	+	0		0.6	-1	AAGGAGGAGG	-
ENSLCOT00000000017.1	997	1007	10	+	0		0.5	-1	AGAGGAAGGA	-
ENSLCOT00000000881.1	741	751	10	+	0		0.8	-1	GAGGGGGAGG	-
ENSLCOT00000000881.1	1395	1405	10	+	0		0.7	-1	GAGGAGGAGG	-
ENSLCOT00000000881.1	1553	1564	10	+	0.091		0.45	-1	AAGGAAAGAGG	-
ENSLCOT00000000881.1	2315	2325	10	+	0		0.8	-1	GGGAGGGGGA	-
ENSLCOT00000000881.1	2876	2889	10	+	0.23		0.62	-1	GGGAAGAGAGGAG	-
ENSLCOT00000000881.1	3614	3624	10	+	0		0.6	-1	GGAGAGGGAA	-
ENSLCOT00000000881.1	3830	3844	10	+	0.29		0.71	-1	GGGAGGGGAAGAGG	-
ENSLCOT00000000881.1	106	116	10	-	0		0.9	-1	GGGGGGGGAG	-
ENSLCOT00000000881.1	286	297	10	-	0.091		0.91	-1	GGGGAGGGGGG	-
ENSLCOT00000000881.1	760	771	10	-	0.091		0.64	-1	AGAGGGAAGGG	-
ENSLCOT00000000881.1	961	972	10	-	0.091		0.55	-1	GAAGAGGAAGG	-
ENSLCOT00000000881.1	1228	1238	10	-	0		0.6	-1	AGGGAGGAGA	-
ENSLCOT00000000881.1	1805	1815	10	-	0		0.6	-1	GGAGAGGAGA	-
ENSLCOT00000000881.1	2362	2372	10	-	0		0.7	-1	AGGGGAGAGG	-
ENSLCOT00000000881.1	2538	2548	10	-	0		0.4	-1	GAAAGAAGAG	-
ENSLCOT00000000881.1	2690	2702	10	-	0.17		0.58	-1	GGGAAGAGGAAG	-
ENSLCOT00000000921.1	558	568	10	+	0		0.8	-1	GAGGGGGAGG	-
ENSLCOT00000000921.1	1212	1222	10	+	0		0.7	-1	GAGGAGGAGG	-
ENSLCOT00000000921.1	1301	1312	10	+	0.091		0.45	-1	AAGGAAAGAGG	-
ENSLCOT00000000921.1	2552	2565	10	+	0.23		0.62	-1	GGGAAGAGAGGAG	-
ENSLCOT00000000921.1	3290	3300	10	+	0		0.6	-1	GGAGAGGGAA	-
ENSLCOT00000000921.1	3506	3520	10	+	0.29		0.71	-1	GGGAGGGGAAGAGG	-
ENSLCOT00000000921.1	103	114	10	-	0.091		0.91	-1	GGGGAGGGGGG	-
ENSLCOT00000000921.1	577	588	10	-	0.091		0.64	-1	AGAGGGAAGGG	-
ENSLCOT00000000921.1	778	789	10	-	0.091		0.55	-1	GAAGAGGAAGG	-
ENSLCOT00000000921.1	1045	1055	10	-	0		0.6	-1	AGGGAGGAGA	-
ENSLCOT00000000921.1	1553	1563	10	-	0		0.6	-1	GGAGAGGAGA	-
ENSLCOT00000000921.1	2214	2224	10	-	0		0.4	-1	GAAAGAAGAG	-
ENSLCOT00000000921.1	2366	2378	10	-	0.17		0.58	-1	GGGAAGAGGAAG	-
ENSLCOT00000000946.1	558	568	10	+	0		0.8	-1	GAGGGGGAGG	-
ENSLCOT00000000946.1	1212	1222	10	+	0		0.7	-1	GAGGAGGAGG	-
ENSLCOT00000000946.1	1370	1381	10	+	0.091		0.45	-1	AAGGAAAGAGG	-
ENSLCOT00000000946.1	2126	2136	10	+	0		0.8	-1	GGGAGGGGGA	-
ENSLCOT00000000946.1	103	114	10	-	0.091		0.91	-1	GGGGAGGGGGG	-
ENSLCOT00000000946.1	577	588	10	-	0.091		0.64	-1	AGAGGGAAGGG	-
ENSLCOT00000000946.1	778	789	10	-	0.091		0.55	-1	GAAGAGGAAGG	-
ENSLCOT00000000946.1	1045	1055	10	-	0		0.6	-1	AGGGAGGAGA	-
ENSLCOT00000000946.1	1622	1632	10	-	0		0.6	-1	GGAGAGGAGA	-
ENSLCOT00000000946.1	2173	2183	10	-	0		0.7	-1	AGGGGAGAGG	-
ENSLCOT00000000946.1	2349	2359	10	-	0		0.4	-1	GAAAGAAGAG	-
ENSLCOT00000000946.1	2501	2513	10	-	0.17		0.58	-1	GGGAAGAGGAAG	-
ENSLCOT00000000013.1	281	293	10	+	0.17		0.83	-1	GGAGAGGGGGGG	-
ENSLCOT00000000013.1	755	765	10	+	0		0.8	-1	GGGAGGGAGG	-
ENSLCOT00000000013.1	849	860	10	+	0.091		0.73	-1	GGGAGGGAGAG	-
ENSLCOT00000000013.1	941	954	10	+	0.23		0.46	-1	AGAGAAAGGGAAG	-
ENSLCOT00000000013.1	954	972	10	-	0.44		0.28	-1	GAAAGAAAAAAGGAGAAA	-
ENSLCOT00000000012.1	140	154	10	+	0.29		0.43	-1	AAGAAGGAAAAGGG	-
ENSLCOT00000000012.1	1134	1146	10	+	0.17		0.67	-1	AGGAGGGGAAGG	-
ENSLCOT00000000012.1	1511	1523	10	+	0.17		0.5	-1	GAGAGGAAGAAG	-
ENSLCOT00000000012.1	2553	2563	10	+	0		0.6	-1	AGAAGGGAGG	-
ENSLCOT00000000012.1	2728	2738	10	+	0		0.8	-1	GGAGGGGAGG	-
ENSLCOT00000000012.1	2908	2918	10	+	0		0.7	-1	AGGGAGGAGG	-
ENSLCOT00000000012.1	2968	2983	14	+	0.067		0.13	-1	AAAAAAAAAAAGAGA	-
ENSLCOT00000000012.1	3150	3162	10	+	0.17		0.17	-1	AAAAAGGAAAAA	-
ENSLCOT00000000012.1	508	519	10	-	0.091		0.55	-1	GGGAGAAGAAG	-
ENSLCOT00000000012.1	2943	2953	10	-	0		0.1	-1	AGAAAAAAAA	-
ENSLCOT00000000012.1	2990	3003	10	-	0.23		0.31	-1	AGAAAAGGGAAAA	-
ENSLCOT00000000012.1	3043	3063	10	-	0.5		0.15	-1	AAAAAAAAAGAAAGAGAAAA	-
ENSLCOT00000000012.1	3113	3124	10	-	0.091		0.73	-1	GGGGGAGAGAG	-
ENSLCOT00000000078.1	219	230	10	+	0.091		0.45	-1	AGGAAAAGGAG	-
ENSLCOT00000000078.1	258	268	10	+	0		0.3	-1	GAGAAAAGAA	-
ENSLCOT00000000078.1	296	307	10	+	0.091		0.36	-1	GGAAAAAGAGA	-
ENSLCOT00000000078.1	1691	1701	10	+	0		0.3	-1	AGAAGGAAAA	-
ENSLCOT00000000078.1	3045	3058	10	+	0.23		0.46	-1	GAGAAAGGAGAAG	-
ENSLCOT00000000078.1	3428	3439	10	+	0.091		0.36	-1	AAAGAAGGAGA	-
ENSLCOT00000000078.1	3499	3510	10	+	0.091		0.45	-1	AGAAGGGAGAA	-
ENSLCOT00000000078.1	3693	3703	10	+	0		0.5	-1	GAGGAAGGAA	-
ENSLCOT00000000078.1	979	990	10	-	0.091		0.36	-1	AAAGGAAAGAG	-
ENSLCOT00000000078.1	2246	2256	10	-	0		0.4	-1	AAGGGAAGAA	-
ENSLCOT00000000070.1	576	586	10	+	0		0.3	-1	AAAGAGGAAA	-
ENSLCOT00000000070.1	598	608	10	+	0		0.4	-1	GGAGGAAAAA	-
ENSLCOT00000000070.1	1038	1050	10	+	0.17		0.25	-1	AAGAAGAAAAAG	-
ENSLCOT00000000070.1	1249	1260	10	+	0.091		0.64	-1	GGAGGAGAGGA	-
ENSLCOT00000000070.1	1303	1314	10	-	0.091		0.27	-1	AGGAAAAAAGA	-
ENSLCOT00000000130.1	540	550	10	+	0		0.3	-1	AAAGAGGAAA	-
ENSLCOT00000000130.1	562	572	10	+	0		0.4	-1	GGAGGAAAAA	-
ENSLCOT00000000130.1	1123	1134	10	+	0.091		0.64	-1	GGAGGAGAGGA	-
ENSLCOT00000000130.1	1177	1188	10	-	0.091		0.27	-1	AGGAAAAAAGA	-
ENSLCOT00000000131.1	690	700	10	+	0		0.3	-1	AAAGAGGAAA	-
ENSLCOT00000000131.1	712	722	10	+	0		0.4	-1	GGAGGAAAAA	-
ENSLCOT00000000131.1	1152	1164	10	+	0.17		0.25	-1	AAGAAGAAAAAG	-
ENSLCOT00000000131.1	1363	1374	10	+	0.091		0.64	-1	GGAGGAGAGGA	-
ENSLCOT00000000131.1	11	29	10	-	0.44		0.5	-1	GAGAAGGAGAGGGAAAAG	-
ENSLCOT00000000131.1	56	66	10	-	0		0.5	-1	AGGAGAGAGA	-
ENSLCOT00000000131.1	1417	1428	10	-	0.091		0.27	-1	AGGAAAAAAGA	-
ENSLCOT00000000069.1	1177	1190	10	+	0.23		0.38	-1	AAGAGAAGAGAGA	-
ENSLCOT00000000069.1	1495	1513	10	+	0.44		0.56	-1	GGGAGGAAGAGGAAGAGA	-
ENSLCOT00000000069.1	1009	1020	10	-	0.091		0.64	-1	GGAGAGAGAGG	-
ENSLCOT00000000025.1	82	93	10	-	0.091		0.64	-1	GGGGAGAGGAA	-
ENSLCOT00000000043.1	176	186	10	+	0		0.6	-1	AGAGGAGAGG	-
ENSLCOT00000000043.1	400	418	10	+	0.44		0.44	-1	GGGGAAAAGAAGAGAAGA	-
ENSLCOT00000000043.1	486	508	10	+	0.55		0.5	-1	AGAGAAAAGGAGGGGAGAAAGG	-
ENSLCOT00000000043.1	67	77	10	-	0		0.5	-1	AAAGGGAGGA	-
ENSLCOT00000000016.1	287	299	10	+	0.17		0.33	-1	AGAAGAAGAAGA	-
ENSLCOT00000000016.1	323	334	10	+	0.091		0.36	-1	GGAAAGGAAAA	-
ENSLCOT00000000016.1	2120	2142	14	+	0.36		0.14	-1	AAAAAAAAAAAGAGAAAAAAAG	-
ENSLCOT00000000016.1	575	587	10	-	0.17		0.33	-1	AAAAGGAAAGGA	-
ENSLCOT00000000016.1	1058	1070	10	-	0.17		0.33	-1	AGGAGAAGAAAA	-
ENSLCOT00000000016.1	1313	1323	10	-	0		0.3	-1	AAAGGAGAAA	-
ENSLCOT00000000323.1	7	17	10	+	0		0.7	-1	GGGAGAGGAG	-
ENSLCOT00000000323.1	27	37	10	+	0		0.7	-1	GGAAGAGGGG	-
ENSLCOT00000000323.1	622	632	10	+	0		0.7	-1	AGGGAGGGGA	-
ENSLCOT00000000323.1	1835	1860	10	+	0.6		0.68	-1	GGAGGAGGAGGAGGAGGAGGAGGAG	-
ENSLCOT00000000323.1	1877	1889	10	+	0.17		0.67	-1	GGAGGAGGAGAG	-
ENSLCOT00000000323.1	2137	2150	10	+	0.23		0.69	-1	GGGAGGAGGAGGA	-
ENSLCOT00000000323.1	2151	2166	10	+	0.33		0.73	-1	GGGGAGGAGGAAGGG	-
ENSLCOT00000000323.1	2752	2766	10	+	0.29		0.71	-1	GGGAGGAGGAGGAG	-
ENSLCOT00000000323.1	2874	2885	10	+	0.091		0.55	-1	AAAGGGAAGGG	-
ENSLCOT00000000323.1	3308	3320	10	+	0.17		0.83	-1	GGAGGAGGGGGG	-
ENSLCOT00000000323.1	3344	3356	10	+	0.17		0.67	-1	GGAGGAGGAGAG	-
ENSLCOT00000000323.1	1318	1329	10	-	0.091		0.55	-1	GAGGAGGAAGA	-
ENSLCOT00000000323.1	2329	2339	10	-	0		0.7	-1	AGGGGGAAGG	-
ENSLCOT00000000346.1	1550	1575	10	+	0.6		0.68	-1	GGAGGAGGAGGAGGAGGAGGAGGAG	-
ENSLCOT00000000346.1	1592	1604	10	+	0.17		0.67	-1	GGAGGAGGAGAG	-
ENSLCOT00000000346.1	1852	1865	10	+	0.23		0.69	-1	GGGAGGAGGAGGA	-
ENSLCOT00000000346.1	1866	1881	10	+	0.33		0.73	-1	GGGGAGGAGGAAGGG	-
ENSLCOT00000000346.1	2467	2481	10	+	0.29		0.71	-1	GGGAGGAGGAGGAG	-
ENSLCOT00000000346.1	2589	2600	10	+	0.091		0.55	-1	AAAGGGAAGGG	-
ENSLCOT00000000346.1	2984	2996	10	+	0.17		0.83	-1	GGAGGAGGGGGG	-
ENSLCOT00000000346.1	3020	3032	10	+	0.17		0.67	-1	GGAGGAGGAGAG	-
ENSLCOT00000000346.1	1033	1044	10	-	0.091		0.55	-1	GAGGAGGAAGA	-
ENSLCOT00000000346.1	2044	2054	10	-	0		0.7	-1	AGGGGGAAGG	-
ENSLCOT00000000018.1	436	446	10	+	0		0.3	-1	AAAGGAAAAG	-
ENSLCOT00000000018.1	591	601	10	+	0		0.3	-1	AAAGAAGAGA	-
ENSLCOT00000000018.1	1116	1126	10	+	0		0.6	-1	GGGAGGAAGA	-
ENSLCOT00000000018.1	1344	1359	10	+	0.33		0.6	-1	GAGGGGAAGAAGGAG	-
ENSLCOT00000000018.1	115	125	10	-	0		0.5	-1	AAAGGGAGAG	-
ENSLCOT00000000035.1	436	446	10	+	0		0.3	-1	AAAGGAAAAG	-
ENSLCOT00000000035.1	591	601	10	+	0		0.3	-1	AAAGAAGAGA	-
ENSLCOT00000000035.1	1116	1126	10	+	0		0.6	-1	GGGAGGAAGA	-
ENSLCOT00000000035.1	1384	1398	10	+	0.29		0.29	-1	AAGGAAGAAAAAGA	-
ENSLCOT00000000035.1	1437	1447	10	+	0		0.3	-1	GAGAAAAGAA	-
ENSLCOT00000000035.1	115	125	10	-	0		0.5	-1	AAAGGGAGAG	-
ENSLCOT00000000014.1	58	68	10	+	0		0.7	-1	AGGAGGGGAG	-
ENSLCOT00000000014.1	175	185	10	+	0		0.6	-1	GAGGAAGGAG	-
ENSLCOT00000000014.1	231	252	10	+	0.52		0.43	-1	AAAGAAAAGGGGAAGAGGAGA	-
ENSLCOT00000000014.1	280	295	10	+	0.33		0.53	-1	GAGAAGGAGAGGGAA	-
ENSLCOT00000000014.1	315	327	10	+	0.17		0.58	-1	GAGAGAGAGGAG	-
ENSLCOT00000000014.1	536	548	10	+	0.17		0.33	-1	AAGAAGAGAAAG	-
ENSLCOT00000000014.1	575	587	10	+	0.17		0.25	-1	GAAAAAGAAGAA	-
ENSLCOT00000000014.1	1424	1438	10	+	0.29		0.43	-1	GAGAGGGAAAGAAA	-
ENSLCOT00000000014.1	1624	1635	10	+	0.091		0.45	-1	GGAAGAAGAAG	-
ENSLCOT00000000014.1	2633	2645	10	+	0.17		0.58	-1	GAAGGAGAGGAG	-
ENSLCOT00000000014.1	3020	3030	10	+	0		0.3	-1	AAGAAGAGAA	-
ENSLCOT00000000014.1	3593	3606	10	+	0.23		0.54	-1	GAGGGAGGGAAAA	-
ENSLCOT00000000014.1	3915	3926	10	+	0.091		0.27	-1	AGAAAAGAGAA	-
ENSLCOT00000000014.1	4343	4354	10	+	0.091		0.36	-1	GGGAAAAAAAG	-
ENSLCOT00000000014.1	375	389	10	-	0.29		0.5	-1	AAAGAGAGGGAGAG	-
ENSLCOT00000000014.1	454	467	10	-	0.23		0.54	-1	GGGGGAAGAGAAA	-
ENSLCOT00000000014.1	609	623	10	-	0.29		0.57	-1	GGAAGGAGAAGAGG	-
ENSLCOT00000000014.1	773	794	10	-	0.52		0.52	-1	AGGAGAGGAGGAGGAAGAAGA	-
ENSLCOT00000000014.1	1209	1219	10	-	0		0.4	-1	AGGAAAAGGA	-
ENSLCOT00000000014.1	3580	3593	10	-	0.23		0.23	-1	AAGGGAAAAAAAA	-
ENSLCOT00000000014.1	4753	4764	10	-	0.091		0.27	-1	AGGAGAAAAAA	-
ENSLCOT00000000014.1	5044	5056	10	-	0.17		0.25	-1	AAGAAAAAGGAA	-
ENSLCOT00000000034.1	56	71	10	+	0.33		0.6	-1	GAAGGAGGAGAGGAG	-
ENSLCOT00000000034.1	151	163	10	+	0.17		0.83	-1	GAGGGGAGGGGG	-
ENSLCOT00000000251.1	394	404	10	+	0		0.7	-1	GGAAGGGAGG	-
ENSLCOT00000000251.1	782	792	10	+	0		0.2	-1	AAAAGAAAGA	-
ENSLCOT00000000251.1	938	948	10	+	0		0.6	-1	AGAGGGGGAA	-
ENSLCOT00000000251.1	969	979	10	+	0		0.5	-1	GGGGAAGAAA	-
ENSLCOT00000000251.1	1233	1245	10	+	0.17		0.42	-1	GAAGAAGGAGAA	-
ENSLCOT00000000251.1	1248	1263	10	+	0.33		0.27	-1	GAAGAAAAAAAAGAG	-
ENSLCOT00000000251.1	1307	1319	10	+	0.17		0.33	-1	AGAGAAAGGAAA	-
ENSLCOT00000000251.1	1629	1641	10	+	0.17		0.42	-1	GGAAAAGAAGAG	-
ENSLCOT00000000251.1	2084	2096	10	+	0.17		0.33	-1	GGAAAAAGAAGA	-
ENSLCOT00000000251.1	2122	2132	10	+	0		0.4	-1	AGGAAAGAGA	-
ENSLCOT00000000251.1	2470	2481	10	+	0.091		0.18	-1	GAGAAAAAAAA	-
ENSLCOT00000000251.1	2631	2641	10	+	0		0.4	-1	AAGGGAGAAA	-
ENSLCOT00000000251.1	2856	2866	10	+	0		0.2	-1	AAAAAAAGAG	-
ENSLCOT00000000251.1	3874	3885	10	+	0.091		0.45	-1	AAGAGGAGAAG	-
ENSLCOT00000000251.1	4061	4072	10	+	0.091		0.36	-1	AGAGGAAGAAA	-
ENSLCOT00000000251.1	4292	4308	10	+	0.38		0.44	-1	GGAGAAAAGAGAAGGA	-
ENSLCOT00000000251.1	4345	4358	10	+	0.23		0.54	-1	AGGAGAGGAGAAG	-
ENSLCOT00000000251.1	4430	4440	10	+	0		0.4	-1	AGAAGAGGAA	-
ENSLCOT00000000251.1	4457	4467	10	+	0		0.6	-1	GGAAGGGGAA	-
ENSLCOT00000000251.1	5039	5053	10	+	0.29		0.14	-1	AAAGAGAAAAAAAA	-
ENSLCOT00000000251.1	5131	5141	10	+	0		0.4	-1	GAGAAGGAAA	-
ENSLCOT00000000251.1	5258	5268	10	+	0		0.2	-1	AAGAAAAGAA	-
ENSLCOT00000000251.1	5345	5355	10	+	0		0.4	-1	AGAGAGAGAA	-
ENSLCOT00000000251.1	6296	6309	10	+	0.23		0.38	-1	AGAGAAAAAGGGA	-
ENSLCOT00000000251.1	6533	6553	10	+	0.5		0.5	-1	GAGAGGAGAAGAGGAAGAAG	-
ENSLCOT00000000251.1	6688	6698	10	+	0		0.3	-1	AAGAAGAAAG	-
ENSLCOT00000000251.1	7139	7151	10	+	0.17		0.33	-1	GAAAGAAGAAAG	-
ENSLCOT00000000251.1	7277	7288	10	+	0.091		0.45	-1	AGAAGAAGGAG	-
ENSLCOT00000000251.1	7400	7411	10	+	0.091		0.36	-1	AGGAGAAAAGA	-
ENSLCOT00000000251.1	7810	7826	10	+	0.38		0.25	-1	AAAGAGAAGAAGAAAA	-
ENSLCOT00000000251.1	8074	8085	10	+	0.091		0.45	-1	AAAGAGAGGAG	-
ENSLCOT00000000251.1	8519	8529	10	+	0		0.4	-1	GGAAGAAAAG	-
ENSLCOT00000000251.1	9392	9404	10	+	0.17		0.58	-1	GGAAGGAGAAGG	-
ENSLCOT00000000251.1	9926	9936	10	+	0		0.5	-1	AGAGAGAGGA	-
ENSLCOT00000000251.1	6	16	10	-	0		0.7	-1	GAGGGGAAGG	-
ENSLCOT00000000251.1	79	89	10	-	0		0.1	-1	AAAAAAAGAA	-
ENSLCOT00000000251.1	59	73	10	-	0.29		0.21	-1	GAAAAAAAAGAAAG	-
ENSLCOT00000000251.1	155	168	10	-	0.23		0.54	-1	AGAAAAGGAGGGG	-
ENSLCOT00000000251.1	956	969	10	-	0.23		0.38	-1	GGAAAAAGAAGAG	-
ENSLCOT00000000251.1	1989	2007	10	-	0.44		0.44	-1	GGAAAAGGAGGGAAAAGA	-
ENSLCOT00000000251.1	2394	2408	10	-	0.29		0.43	-1	GGAGAGGAAAGAAA	-
ENSLCOT00000000251.1	5247	5258	10	-	0.091		0.36	-1	GGAAAAAAGGA	-
ENSLCOT00000000251.1	8884	8894	10	-	0		0.5	-1	AAAGAGAGGG	-
ENSLCOT00000000255.1	226	236	10	+	0		0.7	-1	GGAAGGGAGG	-
ENSLCOT00000000255.1	614	624	10	+	0		0.2	-1	AAAAGAAAGA	-
ENSLCOT00000000255.1	770	780	10	+	0		0.6	-1	AGAGGGGGAA	-
ENSLCOT00000000255.1	801	811	10	+	0		0.5	-1	GGGGAAGAAA	-
ENSLCOT00000000255.1	1065	1077	10	+	0.17		0.42	-1	GAAGAAGGAGAA	-
ENSLCOT00000000255.1	1080	1095	10	+	0.33		0.27	-1	GAAGAAAAAAAAGAG	-
ENSLCOT00000000255.1	1139	1151	10	+	0.17		0.33	-1	AGAGAAAGGAAA	-
ENSLCOT00000000255.1	1461	1473	10	+	0.17		0.42	-1	GGAAAAGAAGAG	-
ENSLCOT00000000255.1	1916	1928	10	+	0.17		0.33	-1	GGAAAAAGAAGA	-
ENSLCOT00000000255.1	1954	1964	10	+	0		0.4	-1	AGGAAAGAGA	-
ENSLCOT00000000255.1	2302	2313	10	+	0.091		0.18	-1	GAGAAAAAAAA	-
ENSLCOT00000000255.1	2463	2473	10	+	0		0.4	-1	AAGGGAGAAA	-
ENSLCOT00000000255.1	2688	2698	10	+	0		0.2	-1	AAAAAAAGAG	-
ENSLCOT00000000255.1	3706	3717	10	+	0.091		0.45	-1	AAGAGGAGAAG	-
ENSLCOT00000000255.1	3893	3904	10	+	0.091		0.36	-1	AGAGGAAGAAA	-
ENSLCOT00000000255.1	4124	4140	10	+	0.38		0.44	-1	GGAGAAAAGAGAAGGA	-
ENSLCOT00000000255.1	4177	4190	10	+	0.23		0.54	-1	AGGAGAGGAGAAG	-
ENSLCOT00000000255.1	4262	4272	10	+	0		0.4	-1	AGAAGAGGAA	-
ENSLCOT00000000255.1	4289	4299	10	+	0		0.6	-1	GGAAGGGGAA	-
ENSLCOT00000000255.1	4871	4885	10	+	0.29		0.14	-1	AAAGAGAAAAAAAA	-
ENSLCOT00000000255.1	4963	4973	10	+	0		0.4	-1	GAGAAGGAAA	-
ENSLCOT00000000255.1	5090	5100	10	+	0		0.2	-1	AAGAAAAGAA	-
ENSLCOT00000000255.1	5177	5187	10	+	0		0.4	-1	AGAGAGAGAA	-
ENSLCOT00000000255.1	6128	6141	10	+	0.23		0.38	-1	AGAGAAAAAGGGA	-
ENSLCOT00000000255.1	6365	6385	10	+	0.5		0.5	-1	GAGAGGAGAAGAGGAAGAAG	-
ENSLCOT00000000255.1	6520	6530	10	+	0		0.3	-1	AAGAAGAAAG	-
ENSLCOT00000000255.1	6971	6983	10	+	0.17		0.33	-1	GAAAGAAGAAAG	-
ENSLCOT00000000255.1	7109	7120	10	+	0.091		0.45	-1	AGAAGAAGGAG	-
ENSLCOT00000000255.1	7232	7243	10	+	0.091		0.36	-1	AGGAGAAAAGA	-
ENSLCOT00000000255.1	7642	7658	10	+	0.38		0.25	-1	AAAGAGAAGAAGAAAA	-
ENSLCOT00000000255.1	7906	7917	10	+	0.091		0.45	-1	AAAGAGAGGAG	-
ENSLCOT00000000255.1	8351	8361	10	+	0		0.4	-1	GGAAGAAAAG	-
ENSLCOT00000000255.1	9224	9236	10	+	0.17		0.58	-1	GGAAGGAGAAGG	-
ENSLCOT00000000255.1	9581	9591	10	+	0		0.5	-1	AGAGAGAGGA	-
ENSLCOT00000000255.1	788	801	10	-	0.23		0.38	-1	GGAAAAAGAAGAG	-
ENSLCOT00000000255.1	1821	1839	10	-	0.44		0.44	-1	GGAAAAGGAGGGAAAAGA	-
ENSLCOT00000000255.1	2226	2240	10	-	0.29		0.43	-1	GGAGAGGAAAGAAA	-
ENSLCOT00000000255.1	5079	5090	10	-	0.091		0.36	-1	GGAAAAAAGGA	-
ENSLCOT00000000255.1	8716	8726	10	-	0		0.5	-1	AAAGAGAGGG	-
ENSLCOT00000000281.1	719	729	10	+	0		0.5	-1	AGAGAGAGGA	-
ENSLCOT00000000030.1	153	163	10	+	0		0.6	-1	GGAGAAGAGG	-
ENSLCOT00000000030.1	838	849	10	+	0.091		0.27	-1	GAGAAAGAAAA	-
ENSLCOT00000000030.1	1706	1718	10	+	0.17		0.67	-1	GGGAGGAGAAGG	-
ENSLCOT00000000030.1	2407	2417	10	+	0		0.3	-1	AAAGAAGAGA	-
ENSLCOT00000000030.1	2659	2670	10	+	0.091		0.45	-1	AAAGGAGAGAG	-
ENSLCOT00000000030.1	3224	3235	10	+	0.091		0.36	-1	GGAAAGGAAAA	-
ENSLCOT00000000030.1	3238	3249	10	+	0.091		0.18	-1	AAAAGAAAAAG	-
ENSLCOT00000000030.1	3407	3421	10	+	0.29		0.43	-1	GGGAAAAAGGGAAA	-
ENSLCOT00000000030.1	3482	3494	10	+	0.17		0.5	-1	AGAGGGAGGAAA	-
ENSLCOT00000000030.1	3696	3711	10	+	0.33		0.6	-1	AAAGGGAGGAGGAGG	-
ENSLCOT00000000030.1	3725	3735	10	+	0		0.5	-1	AGGAGAAGAG	-
ENSLCOT00000000030.1	3883	3895	10	+	0.17		0.5	-1	AGAGAAGGAAGG	-
ENSLCOT00000000030.1	4066	4079	10	+	0.23		0.54	-1	AGAGGAAGGGGAA	-
ENSLCOT00000000030.1	4116	4126	10	+	0		0.8	-1	AGGAGGGGGG	-
ENSLCOT00000000030.1	4605	4616	10	+	0.091		0.45	-1	GGAAAAGGGAA	-
ENSLCOT00000000030.1	5534	5545	10	+	0.091		0.64	-1	GGGAGAGGGAA	-
ENSLCOT00000000030.1	2240	2252	10	-	0.17		0.33	-1	AAAGAAAGGAGA	-
ENSLCOT00000000030.1	2597	2607	10	-	0		0.6	-1	AGGAGGAGGA	-
ENSLCOT00000000030.1	3971	3985	10	-	0.29		0.36	-1	AAAGGAGAAGAAAG	-
ENSLCOT00000000030.1	4451	4464	10	-	0.23		0.23	-1	GAAAGGAAAAAAA	-
ENSLCOT00000000030.1	4873	4899	10	-	0.62		0.31	-1	AAAAAGGAGAAGGGAAAAAAAAAGAG	-
ENSLCOT00000000030.1	5353	5363	10	-	0		0.3	-1	AGAAGAAGAA	-
ENSLCOT00000000030.1	5702	5712	10	-	0		0.5	-1	AGAGGGAAGA	-
ENSLCOT00000000030.1	5821	5835	10	-	0.29		0.57	-1	GAAGAGGGAAGAGG	-
ENSLCOT00000000030.1	6092	6106	10	-	0.29		0.71	-1	AGGGGAGGAGGGGA	-
ENSLCOT00000000030.1	6129	6139	10	-	0		0.6	-1	GGGGAAGGAA	-
ENSLCOT00000000015.1	338	351	10	-	0.23		0.38	-1	AAAAGGAGGAGAA	-
ENSLCOT00000000024.1	831	849	10	+	0.44		0.22	-1	AGAAGAAGAAAGAAAAAA	-
ENSLCOT00000000024.1	1077	1091	10	+	0.29		0.36	-1	GAAGAAAGAAAAGG	-
ENSLCOT00000000024.1	1381	1400	10	+	0.47		0.32	-1	GAAGAAGAAAAAGGAAAGA	-
ENSLCOT00000000024.1	250	260	10	-	0		0.7	-1	AGGAGAGGGG	-
ENSLCOT00000000032.1	831	849	10	+	0.44		0.22	-1	AGAAGAAGAAAGAAAAAA	-
ENSLCOT00000000032.1	951	965	10	+	0.29		0.36	-1	GAAGAAAGAAAAGG	-
ENSLCOT00000000032.1	1255	1274	10	+	0.47		0.32	-1	GAAGAAGAAAAAGGAAAGA	-
ENSLCOT00000000032.1	250	260	10	-	0		0.7	-1	AGGAGAGGGG	-
ENSLCOT00000000021.1	196	206	10	-	0		0.5	-1	AAGGAGAGGA	-
ENSLCOT00000000021.1	223	233	10	-	0		0.2	-1	AAAAAGAAGA	-
ENSLCOT00000000019.1	835	845	10	+	0		0.5	-1	AAGAAGGGGA	-
ENSLCOT00000000019.1	1968	1979	10	+	0.091		0.18	-1	AAGAGAAAAAA	-
ENSLCOT00000000019.1	2062	2072	10	+	0		0.7	-1	GGGAAGGGGA	-
ENSLCOT00000000019.1	728	739	10	-	0.091		0.36	-1	AGAAGGAAAGA	-
ENSLCOT00000000019.1	2042	2052	10	-	0		0.7	-1	AAGGGGAGGG	-
ENSLCOT00000000022.1	14	32	10	+	0.44		0.61	-1	GAAAAGGGGAGAGGAGGG	-
ENSLCOT00000000022.1	277	287	10	+	0		0.6	-1	GGAGAGAAGG	-
ENSLCOT00000000022.1	203	213	10	-	0		0.4	-1	AGGAAGAAAG	-
ENSLCOT00000000022.1	486	496	10	-	0		0.5	-1	AAAAGGGAGG	-
ENSLCOT00000000039.1	56	71	10	-	0.33		0.33	-1	AGAAGAAAGAGAAGA	-
ENSLCOT00000000402.1	737	748	10	+	0.091		0.55	-1	AGAGAAGGAGG	-
ENSLCOT00000000402.1	130	141	10	-	0.091		0.45	-1	GAGGAAGAAGA	-
ENSLCOT00000000402.1	440	450	10	-	0		0.6	-1	GGAGGAGAAG	-
ENSLCOT00000000402.1	505	518	10	-	0.23		0.69	-1	AAGAGGGGAGGGG	-
ENSLCOT00000000402.1	874	885	10	-	0.091		0.45	-1	GGAGAAGAAAG	-
ENSLCOT00000000402.1	890	901	10	-	0.091		0.64	-1	AGAGGGAGGAG	-
ENSLCOT00000000020.1	939	949	10	+	0		0.7	-1	AGGAGGGAGG	-
ENSLCOT00000000020.1	37	48	10	-	0.091		0.27	-1	AAAAAGAGGAA	-
ENSLCOT00000000020.1	208	218	10	-	0		0.4	-1	AAAGAAGGGA	-
ENSLCOT00000000353.1	370	381	10	+	0.091		0.64	-1	AGGGGAGGAAG	-
ENSLCOT00000000353.1	1010	1025	10	+	0.33		0.47	-1	GAAAGAGGAGAAGGA	-
ENSLCOT00000000353.1	764	775	10	-	0.091		0.73	-1	AGAAGGGGGGG	-
ENSLCOT00000000353.1	1051	1062	10	-	0.091		0.45	-1	AAAGGAGAGAG	-
ENSLCOT00000000026.1	49	59	10	+	0		0.3	-1	AGAAAAAGAG	-
ENSLCOT00000000026.1	855	865	10	+	0		0.6	-1	GGGGAGAAAG	-
ENSLCOT00000000026.1	1323	1333	10	+	0		0.3	-1	AAAGGAAAGA	-
ENSLCOT00000000026.1	3371	3383	10	+	0.17		0.58	-1	AGGAGGGAAGGA	-
ENSLCOT00000000026.1	3392	3404	10	+	0.17		0.33	-1	AGAGAAGAAAGA	-
ENSLCOT00000000026.1	3947	3957	10	+	0		0.5	-1	AGGAAAGGGA	-
ENSLCOT00000000026.1	4053	4063	10	+	0		0.3	-1	AAGAAAGAAG	-
ENSLCOT00000000026.1	4780	4793	10	+	0.23		0.23	-1	AGGAAAAAAGAAA	-
ENSLCOT00000000026.1	4815	4829	10	+	0.29		0.29	-1	GAGGAAAAAGAAAA	-
ENSLCOT00000000026.1	4841	4853	10	+	0.17		0.67	-1	AGGAGAGGGAGG	-
ENSLCOT00000000026.1	6313	6330	10	+	0.41		0.41	-1	GGAGGGAAGAAGAAAAA	-
ENSLCOT00000000026.1	6408	6419	10	+	0.091		0.45	-1	AAGGAAGGAGA	-
ENSLCOT00000000026.1	2015	2025	10	-	0		0.5	-1	AGAAGAGGGA	-
ENSLCOT00000000026.1	2063	2075	10	-	0.17		0.5	-1	AAAGGAAGGGGA	-
ENSLCOT00000000026.1	3922	3932	10	-	0		0.5	-1	AGGGAAGAGA	-
ENSLCOT00000000026.1	5049	5059	10	-	0		0.5	-1	AGAGAGAAGG	-
ENSLCOT00000000026.1	5344	5356	10	-	0.17		0.42	-1	AAAGGAAGAGAG	-
ENSLCOT00000000026.1	6385	6397	10	-	0.17		0.17	-1	AAAAGGAAAAAA	-
ENSLCOT00000000023.1	389	399	10	+	0		0.7	-1	GGAGGAAGGG	-
ENSLCOT00000000023.1	482	494	10	+	0.17		0.42	-1	GAAGAAGGAAGA	-
ENSLCOT00000000023.1	1113	1125	10	+	0.17		0.75	-1	GGGGGAGAGAGG	-
ENSLCOT00000000023.1	1941	1954	10	-	0.23		0.69	-1	GGGAGAGGGAAGG	-
ENSLCOT00000000023.1	2003	2014	10	-	0.091		0.27	-1	AGGAAGAAAAA	-
ENSLCOT00000000027.1	250	260	10	+	0		0.3	-1	GGAAAGAAAA	-
ENSLCOT00000000027.1	486	505	10	+	0.47		0.37	-1	AAAAGAAAAAGGGGAGAAG	-
ENSLCOT00000000027.1	0	13	10	-	0.23		0.77	-1	GGAGGGAGGAGGG	-
ENSLCOT00000000027.1	22	45	10	-	0.57		0.65	-1	GGGAGGAGGGAAGGAAGGAGGGA	-
ENSLCOT00000000027.1	894	905	10	-	0.091		0.36	-1	GAGAAAGAAAG	-
ENSLCOT00000000027.1	952	964	10	-	0.17		0.17	-1	AAAAAAGGAAAA	-
ENSLCOT00000000027.1	1116	1126	10	-	0		0.2	-1	AGAAAGAAAA	-
ENSLCOT00000000027.1	1352	1365	10	-	0.23		0.38	-1	GAAGAGAGAAAAG	-
ENSLCOT00000000028.1	1334	1345	10	+	0.091		0.091	-1	AGAAAAAAAAA	-
ENSLCOT00000000028.1	148	158	10	-	0		0.8	-1	GGGGGAAGGG	-
ENSLCOT00000000029.1	3	13	10	+	0		0.1	-1	AAAAAAAAAG	-
ENSLCOT00000000029.1	143	158	10	+	0.33		0.47	-1	AAAAAGAGGAGGAGG	-
ENSLCOT00000000029.1	1598	1609	10	+	0.091		0.091	-1	AGAAAAAAAAA	-
ENSLCOT00000000029.1	28	38	10	-	0		0.1	-1	AAAAAGAAAA	-
ENSLCOT00000000029.1	412	422	10	-	0		0.8	-1	GGGGGAAGGG	-
ENSLCOT00000000038.1	1463	1474	10	+	0.091		0.091	-1	AGAAAAAAAAA	-
ENSLCOT00000000038.1	277	287	10	-	0		0.8	-1	GGGGGAAGGG	-
ENSLCOT00000000033.1	257	268	10	+	0.091		0.45	-1	GGGAAAAGAGA	-
ENSLCOT00000000033.1	492	503	10	+	0.091		0.45	-1	AAAGGGAAGGA	-
ENSLCOT00000000033.1	282	294	10	-	0.17		0.75	-1	AGGAGGGGGGAG	-
ENSLCOT00000000033.1	332	345	10	-	0.23		0.62	-1	GGAGAAGAGGAGG	-
ENSLCOT00000000033.1	1002	1016	10	-	0.29		0.29	-1	GAAGAGAGAAAAAA	-
ENSLCOT00000000033.1	1026	1040	10	-	0.29		0.29	-1	GAAAAGGAAAAAAG	-
ENSLCOT00000000045.1	96	107	10	+	0.091		0.45	-1	GGGAAAAGAGA	-
ENSLCOT00000000045.1	276	287	10	+	0.091		0.45	-1	AAAGGGAAGGA	-
ENSLCOT00000000045.1	121	133	10	-	0.17		0.75	-1	AGGAGGGGGGAG	-
ENSLCOT00000000045.1	171	184	10	-	0.23		0.62	-1	GGAGAAGAGGAGG	-
ENSLCOT00000000045.1	419	430	10	-	0.091		0.27	-1	AGGAGAAAAAA	-
ENSLCOT00000000417.1	633	644	10	+	0.091		0.45	-1	AGGGAAAAAGG	-
ENSLCOT00000000417.1	470	483	10	-	0.23		0.69	-1	GGGGAAGGAAGGG	-
ENSLCOT00000000417.1	758	768	10	-	0		0.3	-1	AAAGAAAAGG	-
ENSLCOT00000000452.1	726	737	10	+	0.091		0.45	-1	AGGGAAAAAGG	-
ENSLCOT00000000452.1	86	96	10	-	0		0.4	-1	AGGAGGAAAA	-
ENSLCOT00000000452.1	497	510	10	-	0.23		0.69	-1	GGGGAAGGAAGGG	-
ENSLCOT00000000452.1	851	861	10	-	0		0.3	-1	AAAGAAAAGG	-
ENSLCOT00000000491.1	83	93	10	-	0		0.4	-1	AGGAGGAAAA	-
ENSLCOT00000000491.1	494	507	10	-	0.23		0.69	-1	GGGGAAGGAAGGG	-
ENSLCOT00000000491.1	671	681	10	-	0		0.2	-1	AAAGGAAAAA	-
ENSLCOT00000000491.1	779	789	10	-	0		0.3	-1	AAAGAAAAGG	-
ENSLCOT00000000080.1	1212	1226	10	+	0.29		0.79	-1	GAGGGGGAGGAGGG	-
ENSLCOT00000000080.1	1639	1655	10	+	0.38		0.56	-1	GAGGGAAGAAGGAGAG	-
ENSLCOT00000000080.1	2297	2307	10	+	0		0.4	-1	GAGGAAAAGA	-
ENSLCOT00000000080.1	288	299	10	-	0.091		0.73	-1	GAGGAGGAGGG	-
ENSLCOT00000000080.1	1007	1017	10	-	0		0.7	-1	GGAGGAGGAG	-
ENSLCOT00000000037.1	56	66	10	+	0		0.6	-1	GGAGGAAGAG	-
ENSLCOT00000000037.1	135	149	10	+	0.29		0.64	-1	GAGGAGGAGGAGGA	-
ENSLCOT00000000037.1	159	173	10	+	0.29		0.64	-1	GAGGAGGAGGAGGA	-
ENSLCOT00000000037.1	347	359	10	+	0.17		0.67	-1	GGGGGGGAAGAA	-
ENSLCOT00000000037.1	524	534	10	-	0		0.7	-1	GAGGGAGAGG	-
ENSLCOT00000000037.1	844	857	10	-	0.23		0.69	-1	GGGAAGGGGAAGG	-
ENSLCOT00000000037.1	930	941	10	-	0.091		0.64	-1	AGGAAGGAGGG	-
ENSLCOT00000000037.1	1092	1104	10	-	0.17		0.5	-1	GGAAAAAGAGGG	-
ENSLCOT00000000036.1	34	45	10	+	0.091		0.73	-1	GAGGAGGGAGG	-
ENSLCOT00000000036.1	100	111	10	+	0.091		0.45	-1	GAGGAAGAAGA	-
ENSLCOT00000000036.1	418	428	10	+	0		0.5	-1	GAAAGGGAAG	-
ENSLCOT00000000036.1	716	727	10	+	0.091		0.45	-1	AGAAGAGGAAG	-
ENSLCOT00000000036.1	1249	1259	10	+	0		0.3	-1	AAGAAGGAAA	-
ENSLCOT00000000036.1	1314	1329	10	+	0.33		0.6	-1	AGAGGGGGAGGAAGA	-
ENSLCOT00000000036.1	652	664	10	-	0.17		0.67	-1	GGGAGAGGGGAA	-
ENSLCOT00000000036.1	667	677	10	-	0		0.6	-1	AGGAGGAAGG	-
ENSLCOT00000000042.1	457	468	10	+	0.091		0.27	-1	AAGAAGAAAGA	-
ENSLCOT00000000042.1	788	799	10	+	0.091		0.55	-1	GAGAAAGGGAG	-
ENSLCOT00000000042.1	2563	2576	10	+	0.23		0.38	-1	AAAGAGGGAAAAG	-
ENSLCOT00000000042.1	2598	2608	10	+	0		0.5	-1	AAGAGAAGGG	-
ENSLCOT00000000042.1	2804	2816	10	+	0.17		0.58	-1	GAGGAGGAAAGG	-
ENSLCOT00000000042.1	557	567	10	-	0		0.5	-1	AGGAAGAAGG	-
ENSLCOT00000000042.1	1213	1224	10	-	0.091		0.36	-1	GAGAAGAAAGA	-
ENSLCOT00000000093.1	2255	2269	10	+	0.29		0.71	-1	GGGGAGGGAGGAGA	-
ENSLCOT00000000093.1	2693	2705	10	+	0.17		0.67	-1	GGAGAAGGGGAG	-
ENSLCOT00000000093.1	2774	2784	10	+	0		0.6	-1	GGAGAAGGAG	-
ENSLCOT00000000093.1	2860	2873	10	+	0.23		0.54	-1	GGGAGAAGGAAAG	-
ENSLCOT00000000093.1	3187	3200	10	+	0.23		0.69	-1	GGGAGGAGGAGAG	-
ENSLCOT00000000093.1	3258	3269	10	+	0.091		0.91	-1	GGGGAGGGGGG	-
ENSLCOT00000000093.1	3270	3280	10	+	0		0.5	-1	GAGAGGGAAA	-
ENSLCOT00000000093.1	1302	1315	10	-	0.23		0.62	-1	AGAGGAGGAGGGA	-
ENSLCOT00000000103.1	1311	1324	10	-	0.23		0.62	-1	AGAGGAGGAGGGA	-
ENSLCOT00000000249.1	696	706	10	+	0		0.5	-1	GAGGAGAAGA	-
ENSLCOT00000000249.1	1950	1963	10	+	0.23		0.62	-1	GAGGAGGAGAAGG	-
ENSLCOT00000000249.1	499	509	10	-	0		0.6	-1	GGAGGAGAGA	-
ENSLCOT00000000249.1	1207	1222	10	-	0.33		0.67	-1	AGAGGGGGAGGAAGG	-
ENSLCOT00000000259.1	876	886	10	+	0		0.5	-1	GAGGAGAAGA	-
ENSLCOT00000000259.1	2133	2146	10	+	0.23		0.62	-1	GAGGAGGAGAAGG	-
ENSLCOT00000000259.1	679	689	10	-	0		0.6	-1	GGAGGAGAGA	-
ENSLCOT00000000259.1	1387	1402	10	-	0.33		0.67	-1	AGAGGGGGAGGAAGG	-
ENSLCOT00000000260.1	69	80	10	+	0.091		0.55	-1	AAAGGGGAGAG	-
ENSLCOT00000000260.1	192	207	10	+	0.33		0.67	-1	GGGAGGGAGGAAGAG	-
ENSLCOT00000000260.1	942	952	10	+	0		0.5	-1	GAGGAGAAGA	-
ENSLCOT00000000260.1	2358	2371	10	+	0.23		0.62	-1	GAGGAGGAGAAGG	-
ENSLCOT00000000260.1	745	755	10	-	0		0.6	-1	GGAGGAGAGA	-
ENSLCOT00000000260.1	1453	1468	10	-	0.33		0.67	-1	AGAGGGGGAGGAAGG	-
