# Duplex-ID	Start	End	Score	Strand	Error-rate	Errors	Guanine-rate	Duplicates	TTS	Duplicate locations
ENSLCOT00000000041.1	1101	1116	13	+	0.13	d8	0.53	-1	GGAGAAAAtGGGGGA	-
ENSLCOT00000000041.1	2318	2332	13	+	0.071	d4	0.64	-1	AGGAtGGAGGGGAG	-
ENSLCOT00000000041.1	2855	2865	10	+	0		0.5	-1	GAAGGAAGAG	-
ENSLCOT00000000041.1	3812	3828	13	+	0.19	d8	0.56	-1	AGGAGGAAcAGGGGAG	-
ENSLCOT00000000041.1	4998	5014	13	+	0.19	d7	0.56	-1	GGGGAAAtGGAAAGGG	-
ENSLCOT00000000041.1	5043	5054	10	+	0.091		0.45	-1	AGAGAGGAAGA	-
ENSLCOT00000000041.1	5258	5271	12	+	0.077	d9	0.62	-1	AGGGGAGAAcGGG	-
ENSLCOT00000000041.1	5574	5587	12	+	0.077	d3	0.54	-1	GGAcAGGGAAGGA	-
ENSLCOT00000000041.1	7098	7108	10	+	0		0.5	-1	GGAGAAAGAG	-
ENSLCOT00000000041.1	7530	7543	12	+	0.077	d10	0.62	-1	GGGAAAGGGGtGA	-
ENSLCOT00000000041.1	7662	7678	13	+	0.19	d1d14	0.5	-1	GtGGAGGGAAAGGAcA	-
ENSLCOT00000000041.1	7884	7894	10	+	0		0.5	-1	GAGGAAAAGG	-
ENSLCOT00000000041.1	7961	7981	13	+	0.35	d6d18	0.5	-1	AAGAGAtGGAGAGGAAGGcG	-
ENSLCOT00000000041.1	7998	8010	12	+	0		0.5	-1	GGAGAAAAGAGG	-
ENSLCOT00000000041.1	8129	8139	10	+	0		0.5	-1	AGGAAAGAGG	-
ENSLCOT00000000041.1	836	850	13	-	0.071	d10	0.57	-1	GAGtAGGAGGGGAA	-
ENSLCOT00000000041.1	4457	4472	13	-	0.13	d1	0.53	-1	AAGGAGGAAGGAGcG	-
ENSLCOT00000000041.1	7429	7442	10	-	0.23		0.46	-1	AGGGAAAGGAAAG	-
ENSLCOT00000000044.1	822	837	13	+	0.13	d8	0.53	-1	GGAGAAAAtGGGGGA	-
ENSLCOT00000000044.1	2039	2053	13	+	0.071	d4	0.64	-1	AGGAtGGAGGGGAG	-
ENSLCOT00000000044.1	2576	2586	10	+	0		0.5	-1	GAAGGAAGAG	-
ENSLCOT00000000044.1	3533	3549	13	+	0.19	d8	0.56	-1	AGGAGGAAcAGGGGAG	-
ENSLCOT00000000044.1	4719	4735	13	+	0.19	d7	0.56	-1	GGGGAAAtGGAAAGGG	-
ENSLCOT00000000044.1	4764	4775	10	+	0.091		0.45	-1	AGAGAGGAAGA	-
ENSLCOT00000000044.1	4979	4992	12	+	0.077	d9	0.62	-1	AGGGGAGAAcGGG	-
ENSLCOT00000000044.1	5295	5308	12	+	0.077	d3	0.54	-1	GGAcAGGGAAGGA	-
ENSLCOT00000000044.1	6819	6829	10	+	0		0.5	-1	GGAGAAAGAG	-
ENSLCOT00000000044.1	7251	7264	12	+	0.077	d10	0.62	-1	GGGAAAGGGGtGA	-
ENSLCOT00000000044.1	7383	7399	13	+	0.19	d1d14	0.5	-1	GtGGAGGGAAAGGAcA	-
ENSLCOT00000000044.1	7605	7615	10	+	0		0.5	-1	GAGGAAAAGG	-
ENSLCOT00000000044.1	7682	7702	13	+	0.35	d6d18	0.5	-1	AAGAGAtGGAGAGGAAGGcG	-
ENSLCOT00000000044.1	7719	7731	12	+	0		0.5	-1	GGAGAAAAGAGG	-
ENSLCOT00000000044.1	7850	7860	10	+	0		0.5	-1	AGGAAAGAGG	-
ENSLCOT00000000044.1	557	571	13	-	0.071	d10	0.57	-1	GAGtAGGAGGGGAA	-
ENSLCOT00000000044.1	4178	4193	13	-	0.13	d1	0.53	-1	AAGGAGGAAGGAGcG	-
ENSLCOT00000000044.1	7150	7163	10	-	0.23		0.46	-1	AGGGAAAGGAAAG	-
ENSLCOT00000000056.1	1763	1777	13	+	0.071	d4	0.64	-1	AGGAtGGAGGGGAG	-
ENSLCOT00000000056.1	2300	2310	10	+	0		0.5	-1	GAAGGAAGAG	-
ENSLCOT00000000056.1	3257	3273	13	+	0.19	d8	0.56	-1	AGGAGGAAcAGGGGAG	-
ENSLCOT00000000056.1	4443	4459	13	+	0.19	d7	0.56	-1	GGGGAAAtGGAAAGGG	-
ENSLCOT00000000056.1	4488	4499	10	+	0.091		0.45	-1	AGAGAGGAAGA	-
ENSLCOT00000000056.1	4703	4716	12	+	0.077	d9	0.62	-1	AGGGGAGAAcGGG	-
ENSLCOT00000000056.1	5019	5032	12	+	0.077	d3	0.54	-1	GGAcAGGGAAGGA	-
ENSLCOT00000000056.1	6543	6553	10	+	0		0.5	-1	GGAGAAAGAG	-
ENSLCOT00000000056.1	6975	6988	12	+	0.077	d10	0.62	-1	GGGAAAGGGGtGA	-
ENSLCOT00000000056.1	7107	7123	13	+	0.19	d1d14	0.5	-1	GtGGAGGGAAAGGAcA	-
ENSLCOT00000000056.1	7329	7339	10	+	0		0.5	-1	GAGGAAAAGG	-
ENSLCOT00000000056.1	7406	7426	13	+	0.35	d6d18	0.5	-1	AAGAGAtGGAGAGGAAGGcG	-
ENSLCOT00000000056.1	7443	7455	12	+	0		0.5	-1	GGAGAAAAGAGG	-
ENSLCOT00000000056.1	7574	7584	10	+	0		0.5	-1	AGGAAAGAGG	-
ENSLCOT00000000056.1	275	289	13	-	0.071	d10	0.57	-1	GAGtAGGAGGGGAA	-
ENSLCOT00000000056.1	3902	3917	13	-	0.13	d1	0.53	-1	AAGGAGGAAGGAGcG	-
ENSLCOT00000000056.1	6874	6887	10	-	0.23		0.46	-1	AGGGAAAGGAAAG	-
ENSLCOT00000000007.1	86	96	10	+	0		0.6	-1	GGGGAAGAAG	-
ENSLCOT00000000007.1	321	335	13	+	0.071	d8	0.57	-1	GAGGAGGGcGAGAA	-
ENSLCOT00000000007.1	824	838	13	+	0.071	d1	0.57	-1	GcAGGAGAAGGGGA	-
ENSLCOT00000000007.1	877	895	13	+	0.28	d6	0.56	-1	GGGAGGtGAAGAAGGAAG	-
ENSLCOT00000000007.1	924	946	13	+	0.41	d2d20	0.59	-1	AGcGAGGAGGAGAGGAAGGGcG	-
ENSLCOT00000000007.1	983	1004	13	+	0.38	d2d19	0.57	-1	GGtGAAGGAGGAAGAGGAGcG	-
ENSLCOT00000000007.1	1006	1021	13	+	0.13	d12	0.6	-1	GGAGGAGGAAGGtGA	-
ENSLCOT00000000007.1	1026	1036	10	+	0		0.6	-1	AAGGAGGAGG	-
ENSLCOT00000000007.1	1049	1066	13	+	0.24	d11	0.53	-1	GGAAGAGGAGGcGAAAG	-
ENSLCOT00000000007.1	1173	1196	14	+	0.39	d18	0.57	-1	GAGGAGGAAGAGGAGGAGcAGGA	-
ENSLCOT00000000007.1	1220	1239	14	+	0.26	d14	0.47	-1	GGAAAGGAAGAAGGcAGAG	-
ENSLCOT00000000007.1	1341	1357	10	+	0.38	d12	0.44	-1	AAGAGAGGGAAAtGGA	-
ENSLCOT00000000007.1	1427	1441	13	+	0.071	d5	0.5	-1	AGAAGtGGGAGAAG	-
ENSLCOT00000000007.1	1535	1556	13	+	0.38	d2d16	0.48	-1	AAtGGAAGAGGAGGAGcAGGA	-
ENSLCOT00000000007.1	1866	1889	13	+	0.43	d8d21	0.57	-1	GGGGAGGAcGAAGAGGAGGGAcA	-
ENSLCOT00000000007.1	2169	2185	13	+	0.19	d8	0.56	-1	GGAGAAGAtGGGGAGA	-
ENSLCOT00000000007.1	2201	2222	13	+	0.38	d6d15	0.62	-1	GGAAGAtGAGGGGGGcGAGGA	-
ENSLCOT00000000007.1	2234	2249	13	+	0.13	d5	0.47	-1	AGGAAcAGAGGAGGA	-
ENSLCOT00000000007.1	2690	2700	10	+	0		0.7	-1	GAGGAAGGGG	-
ENSLCOT00000000007.1	2771	2786	13	+	0.13	d3	0.53	-1	GGAtGAGGAGGAGAA	-
ENSLCOT00000000007.1	28	42	13	-	0.071	d2	0.64	-1	AAAGGGAGGGGcGG	-
ENSLCOT00000000007.1	260	278	14	-	0.22	d3	0.56	-1	GGAGAAGGGAGGAGtGAA	-
ENSLCOT00000000007.1	463	489	14	-	0.46	d2	0.62	-1	AGAGGAGGAAGAGGAGGAGGGGGcAG	-
ENSLCOT00000000007.1	2085	2099	13	-	0.071	d8	0.57	-1	AGAGGcAAGGGAGG	-
ENSLCOT00000000004.1	292	307	13	+	0.13	d2	0.47	-1	GGcAAAGAGAAGGGA	-
ENSLCOT00000000005.1	25	39	13	+	0.071	d9	0.57	-1	GGAGAGGAGcAGGA	-
ENSLCOT00000000006.1	167	178	10	+	0.091		0.45	-1	AGGAAGGAAGA	-
ENSLCOT00000000006.1	335	345	10	+	0		0.5	-1	AGAGGAGAAG	-
ENSLCOT00000000006.1	529	543	13	+	0.071	d7	0.5	-1	GGGGAAGtGAAAGA	-
ENSLCOT00000000006.1	1044	1054	10	+	0		0.5	-1	GAGAGAAGGA	-
ENSLCOT00000000006.1	198	210	12	-	0		0.5	-1	AAGGAGAGAAGG	-
ENSLCOT00000000006.1	774	787	12	-	0.077	d5	0.62	-1	GGAGAGGtAGGAG	-
ENSLCOT00000000009.1	32	49	13	+	0.24	d12	0.71	-1	GGAGGAGGAGAGcGGGG	-
ENSLCOT00000000009.1	110	126	13	-	0.19	d11	0.56	-1	GAAGcAGAGGGAGGAG	-
ENSLCOT00000000009.1	1280	1294	13	-	0.071	d11	0.57	-1	GGtAGAAGAGGGAG	-
ENSLCOT00000000445.1	758	775	13	+	0.24	d1d15	0.47	-1	GcAGAAGGAGGAAGAtG	-
ENSLCOT00000000445.1	780	802	13	+	0.41	d7d17	0.55	-1	AAGGGGGtGAAAGGGAAtGGGA	-
ENSLCOT00000000445.1	1757	1770	12	+	0.077	d4	0.54	-1	GGAGtGGGAGAAA	-
ENSLCOT00000000445.1	1991	2004	13	+	0		0.54	-1	GGAGAAGAAGGAG	-
ENSLCOT00000000445.1	2178	2188	10	+	0		0.5	-1	AAGGAGGAGA	-
ENSLCOT00000000445.1	2213	2230	13	+	0.24	d7	0.53	-1	GAAGGAGcAGGAAGGGA	-
ENSLCOT00000000445.1	2268	2283	13	+	0.13	d7	0.6	-1	AAGGAGGtGGAGGAG	-
ENSLCOT00000000445.1	2549	2559	10	+	0		0.6	-1	GGGAAAGGAG	-
ENSLCOT00000000445.1	2735	2757	14	+	0.36	d18	0.45	-1	GAAGAAAGAGAGGGAAAGcAGG	-
ENSLCOT00000000445.1	2792	2805	12	+	0.077	d1	0.54	-1	GcAGGAGGAAGAG	-
ENSLCOT00000000445.1	3248	3261	12	+	0.077	d6	0.62	-1	AGGAGGtGGGGAA	-
ENSLCOT00000000484.1	758	775	13	+	0.24	d1d15	0.47	-1	GcAGAAGGAGGAAGAtG	-
ENSLCOT00000000484.1	780	802	13	+	0.41	d7d17	0.55	-1	AAGGGGGtGAAAGGGAAtGGGA	-
ENSLCOT00000000484.1	1772	1785	12	+	0.077	d4	0.54	-1	GGAGtGGGAGAAA	-
ENSLCOT00000000484.1	2006	2019	13	+	0		0.54	-1	GGAGAAGAAGGAG	-
ENSLCOT00000000484.1	2193	2203	10	+	0		0.5	-1	AAGGAGGAGA	-
ENSLCOT00000000484.1	2228	2245	13	+	0.24	d7	0.53	-1	GAAGGAGcAGGAAGGGA	-
ENSLCOT00000000484.1	2283	2298	13	+	0.13	d7	0.6	-1	AAGGAGGtGGAGGAG	-
ENSLCOT00000000484.1	2657	2679	14	+	0.36	d18	0.45	-1	GAAGAAAGAGAGGGAAAGcAGG	-
ENSLCOT00000000484.1	2714	2727	12	+	0.077	d1	0.54	-1	GcAGGAGGAAGAG	-
ENSLCOT00000000484.1	3170	3183	12	+	0.077	d6	0.62	-1	AGGAGGtGGGGAA	-
ENSLCOT00000000489.1	758	775	13	+	0.24	d1d15	0.47	-1	GcAGAAGGAGGAAGAtG	-
ENSLCOT00000000489.1	780	802	13	+	0.41	d7d17	0.55	-1	AAGGGGGtGAAAGGGAAtGGGA	-
ENSLCOT00000000489.1	1742	1755	12	+	0.077	d4	0.54	-1	GGAGtGGGAGAAA	-
ENSLCOT00000000489.1	1976	1989	13	+	0		0.54	-1	GGAGAAGAAGGAG	-
ENSLCOT00000000489.1	2163	2173	10	+	0		0.5	-1	AAGGAGGAGA	-
ENSLCOT00000000489.1	2198	2215	13	+	0.24	d7	0.53	-1	GAAGGAGcAGGAAGGGA	-
ENSLCOT00000000489.1	2253	2268	13	+	0.13	d7	0.6	-1	AAGGAGGtGGAGGAG	-
ENSLCOT00000000489.1	2654	2676	14	+	0.36	d18	0.45	-1	GAAGAAAGAGAGGGAAAGcAGG	-
ENSLCOT00000000489.1	2711	2724	12	+	0.077	d1	0.54	-1	GcAGGAGGAAGAG	-
ENSLCOT00000000489.1	3167	3180	12	+	0.077	d6	0.62	-1	AGGAGGtGGGGAA	-
ENSLCOT00000000017.1	612	632	13	+	0.35	d9	0.65	-1	GGGGGGAAGtGGAAGGAGAG	-
ENSLCOT00000000017.1	912	924	12	+	0		0.5	-1	AAGGAAGGGAAG	-
ENSLCOT00000000017.1	930	940	10	+	0		0.6	-1	AAGGAGGAGG	-
ENSLCOT00000000017.1	997	1010	12	+	0.077	d10	0.54	-1	AGAGGAAGGAtGG	-
ENSLCOT00000000881.1	738	751	12	+	0.077	d2	0.69	-1	AGcGAGGGGGAGG	-
ENSLCOT00000000881.1	1395	1408	12	+	0.077	d10	0.62	-1	GAGGAGGAGGtGA	-
ENSLCOT00000000881.1	1554	1564	10	+	0		0.5	-1	AGGAAAGAGG	-
ENSLCOT00000000881.1	2315	2328	12	+	0.077	d10	0.69	-1	GGGAGGGGGAcAG	-
ENSLCOT00000000881.1	2870	2889	13	+	0.32	d5	0.63	-1	GGAGGtGGGAAGAGAGGAG	-
ENSLCOT00000000881.1	2913	2926	12	+	0.077	d8	0.69	-1	GAGGAGGGcGAGG	-
ENSLCOT00000000881.1	3614	3624	10	+	0		0.6	-1	GGAGAGGGAA	-
ENSLCOT00000000881.1	3830	3846	13	+	0.19	d14	0.69	-1	GGGAGGGGAAGAGGcG	-
ENSLCOT00000000881.1	753	776	13	-	0.43	d6d18	0.52	-1	GAGGcAGAGGGAAGGGcAAAGAG	-
ENSLCOT00000000881.1	959	979	13	-	0.35	d1d13	0.55	-1	AGAGGGcGAAGAGGAAGGcG	-
ENSLCOT00000000881.1	1106	1120	13	-	0.071	d4	0.64	-1	GGGAGAAGGcGAGG	-
ENSLCOT00000000881.1	1228	1247	13	-	0.32	d10	0.53	-1	GAGGAGAAcAGGGAGGAGA	-
ENSLCOT00000000881.1	1800	1815	13	-	0.13	d4	0.53	-1	GGAGAGGAGAtAGAG	-
ENSLCOT00000000881.1	2376	2390	13	-	0.071	d7	0.5	-1	AGGAAGtAGGAGAG	-
ENSLCOT00000000881.1	2362	2375	12	-	0.077	d10	0.62	-1	AGcAGGGGAGAGG	-
ENSLCOT00000000881.1	2690	2702	12	-	0		0.58	-1	GGGAAGAGGAAG	-
ENSLCOT00000000921.1	555	568	12	+	0.077	d2	0.69	-1	AGcGAGGGGGAGG	-
ENSLCOT00000000921.1	1212	1225	12	+	0.077	d10	0.62	-1	GAGGAGGAGGtGA	-
ENSLCOT00000000921.1	1302	1312	10	+	0		0.5	-1	AGGAAAGAGG	-
ENSLCOT00000000921.1	2546	2565	13	+	0.32	d5	0.63	-1	GGAGGtGGGAAGAGAGGAG	-
ENSLCOT00000000921.1	2589	2602	12	+	0.077	d8	0.69	-1	GAGGAGGGcGAGG	-
ENSLCOT00000000921.1	3290	3300	10	+	0		0.6	-1	GGAGAGGGAA	-
ENSLCOT00000000921.1	3506	3522	13	+	0.19	d14	0.69	-1	GGGAGGGGAAGAGGcG	-
ENSLCOT00000000921.1	570	593	13	-	0.43	d6d18	0.52	-1	GAGGcAGAGGGAAGGGcAAAGAG	-
ENSLCOT00000000921.1	776	796	13	-	0.35	d1d13	0.55	-1	AGAGGGcGAAGAGGAAGGcG	-
ENSLCOT00000000921.1	923	937	13	-	0.071	d4	0.64	-1	GGGAGAAGGcGAGG	-
ENSLCOT00000000921.1	1045	1064	13	-	0.32	d10	0.53	-1	GAGGAGAAcAGGGAGGAGA	-
ENSLCOT00000000921.1	1548	1563	13	-	0.13	d4	0.53	-1	GGAGAGGAGAtAGAG	-
ENSLCOT00000000921.1	2366	2378	12	-	0		0.58	-1	GGGAAGAGGAAG	-
ENSLCOT00000000946.1	555	568	12	+	0.077	d2	0.69	-1	AGcGAGGGGGAGG	-
ENSLCOT00000000946.1	1212	1225	12	+	0.077	d10	0.62	-1	GAGGAGGAGGtGA	-
ENSLCOT00000000946.1	1371	1381	10	+	0		0.5	-1	AGGAAAGAGG	-
ENSLCOT00000000946.1	2126	2139	12	+	0.077	d10	0.69	-1	GGGAGGGGGAcAG	-
ENSLCOT00000000946.1	570	593	13	-	0.43	d6d18	0.52	-1	GAGGcAGAGGGAAGGGcAAAGAG	-
ENSLCOT00000000946.1	776	796	13	-	0.35	d1d13	0.55	-1	AGAGGGcGAAGAGGAAGGcG	-
ENSLCOT00000000946.1	923	937	13	-	0.071	d4	0.64	-1	GGGAGAAGGcGAGG	-
ENSLCOT00000000946.1	1045	1064	13	-	0.32	d10	0.53	-1	GAGGAGAAcAGGGAGGAGA	-
ENSLCOT00000000946.1	1617	1632	13	-	0.13	d4	0.53	-1	GGAGAGGAGAtAGAG	-
ENSLCOT00000000946.1	2187	2201	13	-	0.071	d7	0.5	-1	AGGAAGtAGGAGAG	-
ENSLCOT00000000946.1	2173	2186	12	-	0.077	d10	0.62	-1	AGcAGGGGAGAGG	-
ENSLCOT00000000946.1	2501	2513	12	-	0		0.58	-1	GGGAAGAGGAAG	-
ENSLCOT00000000013.1	755	768	12	+	0.077	d10	0.69	-1	GGGAGGGAGGtGA	-
ENSLCOT00000000013.1	843	863	13	+	0.35	d5d17	0.6	-1	AGGGAtGGGAGGGAGAGcGA	-
ENSLCOT00000000013.1	941	954	10	+	0.23		0.46	-1	AGAGAAAGGGAAG	-
ENSLCOT00000000013.1	979	993	13	+	0.071	d6	0.57	-1	AGGGGAtGAAGGGA	-
ENSLCOT00000000012.1	142	154	12	+	0		0.5	-1	GAAGGAAAAGGG	-
ENSLCOT00000000012.1	1130	1146	13	+	0.19	d3	0.62	-1	GAGcAGGAGGGGAAGG	-
ENSLCOT00000000012.1	1507	1523	13	+	0.19	d3	0.56	-1	GGGcGAGAGGAAGAAG	-
ENSLCOT00000000012.1	2553	2563	10	+	0		0.6	-1	AGAAGGGAGG	-
ENSLCOT00000000012.1	2695	2709	12	+	0.14	d9	0.71	-1	GGGAGGGAGcGGAG	-
ENSLCOT00000000012.1	2871	2884	12	+	0.077	d8	0.69	-1	GGAGGGAGcGGGA	-
ENSLCOT00000000012.1	2901	2921	12	+	0.4	d6d17	0.65	-1	GGAGGGcAGGGAGGAGGtGA	-
ENSLCOT00000000012.1	508	521	12	-	0.077	d11	0.54	-1	GcGGGAGAAGAAG	-
ENSLCOT00000000012.1	2463	2476	12	-	0.077	d9	0.62	-1	GGGtGGAAGAGGA	-
ENSLCOT00000000012.1	3088	3126	12	-	0.68	d4d14d24d36	0.53	-1	AtGGGGGAGAGAGtGAAGAGGGAtGGAGGAAGAcAGGA	-
ENSLCOT00000000078.1	220	230	10	+	0		0.5	-1	GGAAAAGGAG	-
ENSLCOT00000000078.1	712	726	13	+	0.071	d7	0.5	-1	GAGAGGAtGAAGAG	-
ENSLCOT00000000078.1	3045	3055	10	+	0		0.5	-1	GAGAAAGGAG	-
ENSLCOT00000000078.1	3499	3510	10	+	0.091		0.45	-1	AGAAGGGAGAA	-
ENSLCOT00000000078.1	3693	3703	10	+	0		0.5	-1	GAGGAAGGAA	-
ENSLCOT00000000078.1	3801	3815	13	+	0.071	d5	0.64	-1	GGAGGtGGAGAGGA	-
ENSLCOT00000000070.1	1247	1264	12	+	0.29	d1d13	0.47	-1	AtGGAGGAGAGGAcGAA	-
ENSLCOT00000000130.1	1121	1138	12	+	0.29	d1d13	0.47	-1	AtGGAGGAGAGGAcGAA	-
ENSLCOT00000000131.1	1361	1378	12	+	0.29	d1d13	0.47	-1	AtGGAGGAGAGGAcGAA	-
ENSLCOT00000000131.1	56	66	10	-	0		0.5	-1	AGGAGAGAGA	-
ENSLCOT00000000131.1	11	29	14	-	0.22		0.5	-1	GAGAAGGAGAGGGAAAAG	-
ENSLCOT00000000069.1	1179	1189	10	+	0		0.5	-1	GAGAAGAGAG	-
ENSLCOT00000000069.1	1495	1513	14	+	0.22		0.56	-1	GGGAGGAAGAGGAAGAGA	-
ENSLCOT00000000069.1	692	706	13	-	0.071	d5	0.64	-1	GAGAGAGGtGGGAG	-
ENSLCOT00000000069.1	1009	1020	11	-	0		0.64	-1	GGAGAGAGAGG	-
ENSLCOT00000000025.1	82	96	13	-	0.071	d11	0.57	-1	GAtGGGGAGAGGAA	-
ENSLCOT00000000043.1	173	186	12	+	0.077	d2	0.54	-1	GAcAGAGGAGAGG	-
ENSLCOT00000000043.1	393	414	13	+	0.38	d6	0.48	-1	GGGAAAtGGGGAAAAGAAGAG	-
ENSLCOT00000000043.1	486	508	14	+	0.36		0.5	-1	AGAGAAAAGGAGGGGAGAAAGG	-
ENSLCOT00000000043.1	67	82	13	-	0.13	d10	0.47	-1	GGAAtAAAGGGAGGA	-
ENSLCOT00000000016.1	872	885	12	+	0.077	d9	0.69	-1	GGAAGGGGGtAGG	-
ENSLCOT00000000016.1	970	984	13	+	0.071	d4	0.5	-1	GGAGcAAAGGAAGG	-
ENSLCOT00000000323.1	4	45	12	+	0.71	d2d13d22d33	0.63	-1	GGtGGGAGAGGAGcAGGAGGGAtGGAAGAGGGGcAGGAGGG	-
ENSLCOT00000000323.1	617	637	13	+	0.35	d4d15	0.55	-1	GGAAcAGGGAGGGGAcAGGA	-
ENSLCOT00000000323.1	741	754	12	+	0.077	d3	0.54	-1	AAGcAGGGAGAGG	-
ENSLCOT00000000323.1	1103	1116	12	+	0.077	d7	0.62	-1	GGAGGAGtGGAAG	-
ENSLCOT00000000323.1	1877	1891	13	+	0.071	d12	0.64	-1	GGAGGAGGAGAGcG	-
ENSLCOT00000000323.1	2151	2172	13	+	0.38	d15	0.71	-1	GGGGAGGAGGAAGGGcGGAGG	-
ENSLCOT00000000323.1	2870	2885	13	+	0.13	d3	0.53	-1	GAGcAAAGGGAAGGG	-
ENSLCOT00000000323.1	3340	3359	12	+	0.37	d3d16	0.68	-1	GGGcGGAGGAGGAGAGcGG	-
ENSLCOT00000000323.1	1312	1329	13	-	0.24	d5	0.59	-1	GAGGAGGAAGAcGAGGG	-
ENSLCOT00000000323.1	2329	2339	10	-	0		0.7	-1	AGGGGGAAGG	-
ENSLCOT00000000346.1	57	70	12	+	0.077	d9	0.62	-1	GGGGAGGAGcGAA	-
ENSLCOT00000000346.1	456	469	12	+	0.077	d3	0.54	-1	AAGcAGGGAGAGG	-
ENSLCOT00000000346.1	818	831	12	+	0.077	d7	0.62	-1	GGAGGAGtGGAAG	-
ENSLCOT00000000346.1	1592	1606	13	+	0.071	d12	0.64	-1	GGAGGAGGAGAGcG	-
ENSLCOT00000000346.1	1866	1887	13	+	0.38	d15	0.71	-1	GGGGAGGAGGAAGGGcGGAGG	-
ENSLCOT00000000346.1	2585	2600	13	+	0.13	d3	0.53	-1	GAGcAAAGGGAAGGG	-
ENSLCOT00000000346.1	3016	3035	12	+	0.37	d3d16	0.68	-1	GGGcGGAGGAGGAGAGcGG	-
ENSLCOT00000000346.1	1027	1044	13	-	0.24	d5	0.59	-1	GAGGAGGAAGAcGAGGG	-
ENSLCOT00000000346.1	2044	2054	10	-	0		0.7	-1	AGGGGGAAGG	-
ENSLCOT00000000018.1	809	823	13	+	0.071	d5	0.5	-1	AGAAAtGGAGAGGG	-
ENSLCOT00000000018.1	1113	1126	12	+	0.077	d2	0.54	-1	GAtGGGAGGAAGA	-
ENSLCOT00000000018.1	1344	1359	14	+	0.067		0.6	-1	GAGGGGAAGAAGGAG	-
ENSLCOT00000000018.1	115	125	10	-	0		0.5	-1	AAAGGGAGAG	-
ENSLCOT00000000035.1	809	823	13	+	0.071	d5	0.5	-1	AGAAAtGGAGAGGG	-
ENSLCOT00000000035.1	1113	1126	12	+	0.077	d2	0.54	-1	GAtGGGAGGAAGA	-
ENSLCOT00000000035.1	115	125	10	-	0		0.5	-1	AAAGGGAGAG	-
ENSLCOT00000000014.1	53	68	13	+	0.13	d4	0.67	-1	GGAGcAGGAGGGGAG	-
ENSLCOT00000000014.1	175	199	13	+	0.46	d10d16	0.54	-1	GAGGAAGGAGcGGAAGcAGGAAGG	-
ENSLCOT00000000014.1	233	254	10	+	0.52	d19	0.43	-1	AGAAAAGGGGAAGAGGAGAtA	-
ENSLCOT00000000014.1	278	295	13	+	0.24	d1	0.47	-1	AcGAGAAGGAGAGGGAA	-
ENSLCOT00000000014.1	312	327	13	+	0.13	d2	0.53	-1	GAtGAGAGAGAGGAG	-
ENSLCOT00000000014.1	1424	1446	12	+	0.45	d14	0.55	-1	GAGAGGGAAAGAAAtGGGGAGG	-
ENSLCOT00000000014.1	1558	1571	12	+	0.077	d7	0.54	-1	AGAGGGAcAGAGG	-
ENSLCOT00000000014.1	2631	2645	13	+	0.071	d1	0.5	-1	AtGAAGGAGAGGAG	-
ENSLCOT00000000014.1	2680	2693	12	+	0.077	d6	0.54	-1	AGAGGAtGGAGAG	-
ENSLCOT00000000014.1	3593	3614	13	+	0.38	d13	0.57	-1	GAGGGAGGGAAAAtGGGGGAA	-
ENSLCOT00000000014.1	375	389	14	-	0		0.5	-1	AAAGAGAGGGAGAG	-
ENSLCOT00000000014.1	454	467	13	-	0		0.54	-1	GGGGGAAGAGAAA	-
ENSLCOT00000000014.1	607	623	14	-	0.12	d1	0.56	-1	GGAAGGAGAAGAGGtG	-
ENSLCOT00000000014.1	773	797	13	-	0.46	d21	0.5	-1	AGcAGGAGAGGAGGAGGAAGAAGA	-
ENSLCOT00000000014.1	4451	4465	13	-	0.071	d4	0.5	-1	GAAAGAGGAtGAGG	-
ENSLCOT00000000034.1	56	71	14	+	0.067		0.6	-1	GAAGGAGGAGAGGAG	-
ENSLCOT00000000034.1	155	169	12	+	0.14	d8	0.71	-1	GGAGGGGGtGGAAG	-
ENSLCOT00000000251.1	394	404	10	+	0		0.7	-1	GGAAGGGAGG	-
ENSLCOT00000000251.1	938	948	10	+	0		0.6	-1	AGAGGGGGAA	-
ENSLCOT00000000251.1	969	984	13	+	0.13	d10	0.53	-1	GGGGAAGAAAtGGAG	-
ENSLCOT00000000251.1	1233	1243	10	+	0		0.5	-1	GAAGAAGGAG	-
ENSLCOT00000000251.1	3590	3609	13	+	0.32	d4d14	0.58	-1	GGGAcAAGAAGGGGtGGAG	-
ENSLCOT00000000251.1	3875	3885	10	+	0		0.5	-1	AGAGGAGAAG	-
ENSLCOT00000000251.1	4341	4358	13	+	0.24	d3	0.47	-1	AAGcAGGAGAGGAGAAG	-
ENSLCOT00000000251.1	4457	4467	10	+	0		0.6	-1	GGAAGGGGAA	-
ENSLCOT00000000251.1	6533	6557	14	+	0.42	d20	0.5	-1	GAGAGGAGAAGAGGAAGAAGtGGA	-
ENSLCOT00000000251.1	7278	7288	10	+	0		0.5	-1	GAAGAAGGAG	-
ENSLCOT00000000251.1	8075	8085	10	+	0		0.5	-1	AAGAGAGGAG	-
ENSLCOT00000000251.1	9392	9404	12	+	0		0.58	-1	GGAAGGAGAAGG	-
ENSLCOT00000000251.1	9926	9936	10	+	0		0.5	-1	AGAGAGAGGA	-
ENSLCOT00000000251.1	9995	10009	13	+	0.071	d8	0.57	-1	GGAGAAGGcAGGAG	-
ENSLCOT00000000251.1	6	20	13	-	0.071	d10	0.64	-1	GGAtGAGGGGAAGG	-
ENSLCOT00000000251.1	155	168	13	-	0		0.54	-1	AGAAAAGGAGGGG	-
ENSLCOT00000000251.1	1745	1759	13	-	0.071	d8	0.5	-1	GGGAGtAAGAGGAA	-
ENSLCOT00000000251.1	1989	2010	13	-	0.38	d18	0.43	-1	AGtGGAAAAGGAGGGAAAAGA	-
ENSLCOT00000000251.1	2396	2411	13	-	0.13	d12	0.47	-1	AGtGGAGAGGAAAGA	-
ENSLCOT00000000251.1	8881	8894	12	-	0.077	d2	0.54	-1	AAAGAGAGGGtGG	-
ENSLCOT00000000255.1	226	236	10	+	0		0.7	-1	GGAAGGGAGG	-
ENSLCOT00000000255.1	770	780	10	+	0		0.6	-1	AGAGGGGGAA	-
ENSLCOT00000000255.1	801	816	13	+	0.13	d10	0.53	-1	GGGGAAGAAAtGGAG	-
ENSLCOT00000000255.1	1065	1075	10	+	0		0.5	-1	GAAGAAGGAG	-
ENSLCOT00000000255.1	3422	3441	13	+	0.32	d4d14	0.58	-1	GGGAcAAGAAGGGGtGGAG	-
ENSLCOT00000000255.1	3707	3717	10	+	0		0.5	-1	AGAGGAGAAG	-
ENSLCOT00000000255.1	4173	4190	13	+	0.24	d3	0.47	-1	AAGcAGGAGAGGAGAAG	-
ENSLCOT00000000255.1	4289	4299	10	+	0		0.6	-1	GGAAGGGGAA	-
ENSLCOT00000000255.1	6365	6389	14	+	0.42	d20	0.5	-1	GAGAGGAGAAGAGGAAGAAGtGGA	-
ENSLCOT00000000255.1	7110	7120	10	+	0		0.5	-1	GAAGAAGGAG	-
ENSLCOT00000000255.1	7907	7917	10	+	0		0.5	-1	AAGAGAGGAG	-
ENSLCOT00000000255.1	9224	9236	12	+	0		0.58	-1	GGAAGGAGAAGG	-
ENSLCOT00000000255.1	9581	9591	10	+	0		0.5	-1	AGAGAGAGGA	-
ENSLCOT00000000255.1	9650	9664	13	+	0.071	d8	0.57	-1	GGAGAAGGcAGGAG	-
ENSLCOT00000000255.1	1577	1591	13	-	0.071	d8	0.5	-1	GGGAGtAAGAGGAA	-
ENSLCOT00000000255.1	1821	1842	13	-	0.38	d18	0.43	-1	AGtGGAAAAGGAGGGAAAAGA	-
ENSLCOT00000000255.1	2228	2243	13	-	0.13	d12	0.47	-1	AGtGGAGAGGAAAGA	-
ENSLCOT00000000255.1	8713	8726	12	-	0.077	d2	0.54	-1	AAAGAGAGGGtGG	-
ENSLCOT00000000281.1	719	729	10	+	0		0.5	-1	AGAGAGAGGA	-
ENSLCOT00000000281.1	788	802	13	+	0.071	d8	0.57	-1	GGAGAAGGcAGGAG	-
ENSLCOT00000000030.1	153	163	10	+	0		0.6	-1	GGAGAAGAGG	-
ENSLCOT00000000030.1	632	646	13	+	0.071	d4	0.5	-1	GGGAcAAGGAAGGA	-
ENSLCOT00000000030.1	1704	1718	13	+	0.071	d1	0.64	-1	GcGGGAGGAGAAGG	-
ENSLCOT00000000030.1	2660	2670	10	+	0		0.5	-1	AAGGAGAGAG	-
ENSLCOT00000000030.1	3407	3419	12	+	0		0.5	-1	GGGAAAAAGGGA	-
ENSLCOT00000000030.1	3482	3494	12	+	0		0.5	-1	AGAGGGAGGAAA	-
ENSLCOT00000000030.1	3696	3714	14	+	0.22	d15	0.5	-1	AAAGGGAGGAGGAGGcAA	-
ENSLCOT00000000030.1	3725	3735	10	+	0		0.5	-1	AGGAGAAGAG	-
ENSLCOT00000000030.1	3737	3751	13	+	0.071	d9	0.5	-1	GGAGAAGGAcAGAG	-
ENSLCOT00000000030.1	3883	3895	12	+	0		0.5	-1	AGAGAAGGAAGG	-
ENSLCOT00000000030.1	4064	4081	13	+	0.24	d1d15	0.53	-1	GtAGAGGAAGGGGAAtG	-
ENSLCOT00000000030.1	4112	4125	12	+	0.077	d3	0.69	-1	AGGtAGGAGGGGG	-
ENSLCOT00000000030.1	4605	4615	10	+	0		0.5	-1	GGAAAAGGGA	-
ENSLCOT00000000030.1	5248	5261	12	+	0.077	d5	0.69	-1	GGGAGtAGGAGGG	-
ENSLCOT00000000030.1	5532	5545	12	+	0.077	d1	0.54	-1	AtGGGAGAGGGAA	-
ENSLCOT00000000030.1	5935	5948	12	+	0.077	d5	0.62	-1	GGGGAcGAGGAGA	-
ENSLCOT00000000030.1	906	919	12	-	0.077	d3	0.69	-1	GGGAGGGAAcGGG	-
ENSLCOT00000000030.1	2592	2611	13	-	0.32	d4d15	0.53	-1	GGAcAGGAGGAGGAcAGGA	-
ENSLCOT00000000030.1	3977	4000	13	-	0.43	d8d14	0.52	-1	AGGGAAGGtGGGAGtAAAGGAGA	-
ENSLCOT00000000030.1	4695	4718	12	-	0.48	d9d15	0.52	-1	AGGGGAGcAGGAAtGGGAAAGGA	-
ENSLCOT00000000030.1	4882	4897	12	-	0.2		0.4	-1	AAAGGAGAAGGGAAA	-
ENSLCOT00000000030.1	5821	5837	13	-	0.19	d14	0.56	-1	GtGAAGAGGGAAGAGG	-
ENSLCOT00000000030.1	5702	5712	10	-	0		0.5	-1	AGAGGGAAGA	-
ENSLCOT00000000030.1	6129	6139	10	-	0		0.6	-1	GGGGAAGGAA	-
ENSLCOT00000000030.1	6088	6106	10	-	0.44	d3	0.72	-1	AGGGGAGGAGGGGAcGGG	-
ENSLCOT00000000015.1	338	350	10	-	0.17		0.42	-1	AAAGGAGGAGAA	-
ENSLCOT00000000024.1	250	260	10	-	0		0.7	-1	AGGAGAGGGG	-
ENSLCOT00000000024.1	389	404	13	-	0.13	d6	0.53	-1	AGGAAGAAtGGGGAG	-
ENSLCOT00000000032.1	250	260	10	-	0		0.7	-1	AGGAGAGGGG	-
ENSLCOT00000000032.1	389	404	13	-	0.13	d6	0.53	-1	AGGAAGAAtGGGGAG	-
ENSLCOT00000000021.1	196	206	10	-	0		0.5	-1	AAGGAGAGGA	-
ENSLCOT00000000019.1	835	845	10	+	0		0.5	-1	AAGAAGGGGA	-
ENSLCOT00000000019.1	2062	2075	12	+	0.077	d10	0.62	-1	GGGAAGGGGAcAG	-
ENSLCOT00000000019.1	2037	2055	12	-	0.33	d4d15	0.5	-1	AAtAAGGGGAGGGtAGAG	-
ENSLCOT00000000022.1	9	35	13	+	0.5	d4d23	0.5	-1	AGAGtGAAAAGGGGAGAGGAGGGcAA	-
ENSLCOT00000000022.1	274	287	12	+	0.077	d2	0.54	-1	GAtGGAGAGAAGG	-
ENSLCOT00000000022.1	486	496	10	-	0		0.5	-1	AAAAGGGAGG	-
ENSLCOT00000000039.1	936	950	13	-	0.071	d6	0.5	-1	GGGGAGAtGAAGAA	-
ENSLCOT00000000048.1	0	14	13	-	0.071	d6	0.5	-1	GGGGAGAtGAAGAA	-
ENSLCOT00000000402.1	731	751	13	+	0.35	d5d17	0.5	-1	GAAGGcAGAGAAGGAGGtGA	-
ENSLCOT00000000402.1	164	179	13	-	0.13	d7	0.6	-1	AGGAGGGtGAGGAAG	-
ENSLCOT00000000402.1	131	147	13	-	0.19	d10	0.5	-1	GGAGAtGAGGAAGAAG	-
ENSLCOT00000000402.1	502	518	13	-	0.19	d2	0.62	-1	AAGAGGGGAGGGGcAG	-
ENSLCOT00000000402.1	434	454	13	-	0.35	d5d16	0.6	-1	GGGtGGAGGAGAAGcGGAAG	-
ENSLCOT00000000402.1	632	645	12	-	0.077	d7	0.54	-1	GGGGAtGAAGAAG	-
ENSLCOT00000000402.1	890	903	12	-	0.077	d11	0.62	-1	GtAGAGGGAGGAG	-
ENSLCOT00000000402.1	1030	1047	13	-	0.24	d8	0.59	-1	GGAGGAGAcGGAGGAGA	-
ENSLCOT00000000020.1	935	955	13	+	0.35	d3d14	0.6	-1	AGAcAGGAGGGAGGtGGAGG	-
ENSLCOT00000000353.1	370	383	12	+	0.077	d11	0.62	-1	AGGGGAGGAAGtG	-
ENSLCOT00000000353.1	1010	1025	14	+	0.067		0.47	-1	GAAAGAGGAGAAGGA	-
ENSLCOT00000000353.1	762	780	13	-	0.28	d1d13	0.61	-1	GGAGtAGAAGGGGGGGtA	-
ENSLCOT00000000353.1	1051	1061	10	-	0		0.5	-1	AAGGAGAGAG	-
ENSLCOT00000000026.1	855	865	10	+	0		0.6	-1	GGGGAGAAAG	-
ENSLCOT00000000026.1	1523	1547	13	+	0.46	d5d14	0.5	-1	GGAAGcAGAGAAGGcGAGAGGAGA	-
ENSLCOT00000000026.1	3371	3390	13	+	0.32	d12	0.53	-1	AGGAGGGAAGGAtGAGGAA	-
ENSLCOT00000000026.1	3947	3957	10	+	0		0.5	-1	AGGAAAGGGA	-
ENSLCOT00000000026.1	4097	4112	13	+	0.13	d9	0.53	-1	AGAGGAGGAtGAGGA	-
ENSLCOT00000000026.1	4841	4855	13	+	0.071	d12	0.64	-1	AGGAGAGGGAGGtG	-
ENSLCOT00000000026.1	6307	6327	13	+	0.35	d5	0.55	-1	GGGGAcGGAGGGAAGAAGAA	-
ENSLCOT00000000026.1	6408	6419	10	+	0.091		0.45	-1	AAGGAAGGAGA	-
ENSLCOT00000000026.1	2015	2025	10	-	0		0.5	-1	AGAAGAGGGA	-
ENSLCOT00000000026.1	2063	2075	12	-	0		0.5	-1	AAAGGAAGGGGA	-
ENSLCOT00000000026.1	3922	3932	10	-	0		0.5	-1	AGGGAAGAGA	-
ENSLCOT00000000026.1	5049	5059	10	-	0		0.5	-1	AGAGAGAAGG	-
ENSLCOT00000000026.1	5344	5354	10	-	0		0.5	-1	AGGAAGAGAG	-
ENSLCOT00000000026.1	5677	5691	13	-	0.071	d8	0.5	-1	GGGAAcAAGAAGGG	-
ENSLCOT00000000023.1	389	399	10	+	0		0.7	-1	GGAGGAAGGG	-
ENSLCOT00000000023.1	1113	1127	13	+	0.071	d12	0.64	-1	GGGGGAGAGAGGtA	-
ENSLCOT00000000023.1	1199	1212	12	+	0.077	d8	0.62	-1	GGAGGAGAcGGAG	-
ENSLCOT00000000023.1	1941	1954	13	-	0		0.69	-1	GGGAGAGGGAAGG	-
ENSLCOT00000000027.1	490	505	12	+	0.2		0.47	-1	GAAAAAGGGGAGAAG	-
ENSLCOT00000000027.1	1	16	12	-	0.2	d12	0.73	-1	GGcGGAGGGAGGAGG	-
ENSLCOT00000000027.1	48	61	12	-	0.077	d3	0.62	-1	AGGAGGGGGcGAA	-
ENSLCOT00000000027.1	22	47	13	-	0.48	d23	0.64	-1	GcGGGAGGAGGGAAGGAAGGAGGGA	-
ENSLCOT00000000028.1	145	158	12	-	0.077	d2	0.69	-1	GGGGGAAGGGcAG	-
ENSLCOT00000000029.1	144	158	14	+	0		0.5	-1	AAAAGAGGAGGAGG	-
ENSLCOT00000000029.1	409	422	12	-	0.077	d2	0.69	-1	GGGGGAAGGGcAG	-
ENSLCOT00000000038.1	274	287	12	-	0.077	d2	0.69	-1	GGGGGAAGGGcAG	-
ENSLCOT00000000033.1	257	267	10	+	0		0.5	-1	GGGAAAAGAG	-
ENSLCOT00000000033.1	307	321	13	+	0.071	d6	0.57	-1	AGAGAGtGAGGAGG	-
ENSLCOT00000000033.1	492	503	10	+	0.091		0.45	-1	AAAGGGAAGGA	-
ENSLCOT00000000033.1	132	146	13	-	0.071	d6	0.64	-1	AGGGAAGtGGGGGA	-
ENSLCOT00000000033.1	282	297	13	-	0.13	d12	0.67	-1	GAcAGGAGGGGGGAG	-
ENSLCOT00000000033.1	332	345	13	-	0		0.62	-1	GGAGAAGAGGAGG	-
ENSLCOT00000000033.1	660	674	13	-	0.071	d5	0.57	-1	AGGGAGAGcAGGAG	-
ENSLCOT00000000033.1	1032	1046	13	-	0.071	d8	0.5	-1	GGAGGtGAAAAGGA	-
ENSLCOT00000000045.1	96	106	10	+	0		0.5	-1	GGGAAAAGAG	-
ENSLCOT00000000045.1	146	160	13	+	0.071	d6	0.57	-1	AGAGAGtGAGGAGG	-
ENSLCOT00000000045.1	276	287	10	+	0.091		0.45	-1	AAAGGGAAGGA	-
ENSLCOT00000000045.1	121	136	13	-	0.13	d12	0.67	-1	GAcAGGAGGGGGGAG	-
ENSLCOT00000000045.1	171	184	13	-	0		0.62	-1	GGAGAAGAGGAGG	-
ENSLCOT00000000417.1	634	644	10	+	0		0.5	-1	GGGAAAAAGG	-
ENSLCOT00000000417.1	470	486	13	-	0.19	d13	0.56	-1	AAtGGGGAAGGAAGGG	-
ENSLCOT00000000417.1	875	888	12	-	0.077	d8	0.62	-1	GAGAtGGGAGGGA	-
ENSLCOT00000000452.1	727	737	10	+	0		0.5	-1	GGGAAAAAGG	-
ENSLCOT00000000452.1	497	513	13	-	0.19	d13	0.56	-1	AAtGGGGAAGGAAGGG	-
ENSLCOT00000000452.1	968	981	12	-	0.077	d8	0.62	-1	GAGAtGGGAGGGA	-
ENSLCOT00000000491.1	494	510	13	-	0.19	d13	0.56	-1	AAtGGGGAAGGAAGGG	-
ENSLCOT00000000491.1	650	664	13	-	0.071	d7	0.5	-1	GGAGGGcAGAGAAA	-
ENSLCOT00000000491.1	896	909	12	-	0.077	d8	0.62	-1	GAGAtGGGAGGGA	-
ENSLCOT00000000080.1	485	498	12	+	0.077	d8	0.69	-1	GGAGGAGGtGGAG	-
ENSLCOT00000000080.1	595	609	13	+	0.071	d8	0.57	-1	GGGAGAAGcAGGAG	-
ENSLCOT00000000080.1	691	705	13	+	0.071	d8	0.5	-1	AGAAGGAGcAGGAG	-
ENSLCOT00000000080.1	1213	1229	10	+	0.38	d13	0.69	-1	AGGGGGAGGAGGGcGA	-
ENSLCOT00000000080.1	1636	1664	13	+	0.54	d2d19	0.5	-1	AGcGAGGGAAGAAGGAGAGcAAGGAGGA	-
ENSLCOT00000000080.1	2334	2348	13	+	0.071	d4	0.5	-1	AAAGtGGAAGGAGG	-
ENSLCOT00000000080.1	286	305	13	-	0.32	d1d13	0.68	-1	GAGGGcGAGGAGGAGGGcG	-
ENSLCOT00000000080.1	1007	1017	10	-	0		0.7	-1	GGAGGAGGAG	-
ENSLCOT00000000080.1	1604	1618	12	-	0.14	d7	0.71	-1	GGAGGGtGAGGGAG	-
ENSLCOT00000000037.1	56	66	10	+	0		0.6	-1	GGAGGAAGAG	-
ENSLCOT00000000037.1	347	359	12	+	0		0.67	-1	GGGGGGGAAGAA	-
ENSLCOT00000000037.1	524	534	10	-	0		0.7	-1	GAGGGAGAGG	-
ENSLCOT00000000037.1	901	915	13	-	0.071	d5	0.57	-1	GGAGAAGAcGGAGG	-
ENSLCOT00000000037.1	842	857	13	-	0.13	d1	0.67	-1	GGGAAGGGGAAGGcG	-
ENSLCOT00000000037.1	927	941	13	-	0.071	d2	0.57	-1	AGGAAGGAGGGcAG	-
ENSLCOT00000000037.1	1092	1104	12	-	0		0.5	-1	GGAAAAAGAGGG	-
ENSLCOT00000000036.1	34	48	12	+	0.14	d11	0.71	-1	GAGGAGGGAGGcGG	-
ENSLCOT00000000036.1	93	110	13	+	0.24	d6	0.47	-1	AGAGAGtGAGGAAGAAG	-
ENSLCOT00000000036.1	418	428	10	+	0		0.5	-1	GAAAGGGAAG	-
ENSLCOT00000000036.1	510	523	12	+	0.077	d7	0.54	-1	AGGAAGGcAGAGG	-
ENSLCOT00000000036.1	717	727	10	+	0		0.5	-1	GAAGAGGAAG	-
ENSLCOT00000000036.1	1314	1329	14	+	0.067		0.6	-1	AGAGGGGGAGGAAGA	-
ENSLCOT00000000036.1	667	677	10	-	0		0.6	-1	AGGAGGAAGG	-
ENSLCOT00000000036.1	650	664	13	-	0.071	d1	0.57	-1	GGGAGAGGGGAAcA	-
ENSLCOT00000000042.1	158	174	13	+	0.19	d7	0.5	-1	AGGAGAGcAAGAGGGA	-
ENSLCOT00000000042.1	786	802	12	+	0.25	d1d13	0.5	-1	GtGAGAAAGGGAGtAG	-
ENSLCOT00000000042.1	912	925	12	+	0.077	d6	0.62	-1	GAGGGGcAAAGGG	-
ENSLCOT00000000042.1	2371	2385	13	+	0.071	d6	0.57	-1	AGGAGGtAGGAGAG	-
ENSLCOT00000000042.1	2566	2576	10	+	0		0.5	-1	GAGGGAAAAG	-
ENSLCOT00000000042.1	2594	2608	13	+	0.071	d3	0.5	-1	AGGtAAGAGAAGGG	-
ENSLCOT00000000042.1	2782	2795	12	+	0.077	d8	0.62	-1	GAAGGGAGtGGAG	-
ENSLCOT00000000042.1	2804	2816	12	+	0		0.58	-1	GAGGAGGAAAGG	-
ENSLCOT00000000042.1	3035	3048	12	+	0.077	d8	0.54	-1	AAAGAGGGtGGGA	-
ENSLCOT00000000042.1	557	567	10	-	0		0.5	-1	AGGAAGAAGG	-
ENSLCOT00000000093.1	2256	2273	13	+	0.24	d13	0.65	-1	GGGAGGGAGGAGAtGGA	-
ENSLCOT00000000093.1	2654	2668	13	+	0.071	d9	0.5	-1	AGGGAAGGAcAGAG	-
ENSLCOT00000000093.1	2691	2711	13	+	0.35	d1d14	0.55	-1	GtGGAGAAGGGGAGcAGAGA	-
ENSLCOT00000000093.1	2774	2784	10	+	0		0.6	-1	GGAGAAGGAG	-
ENSLCOT00000000093.1	2855	2873	12	+	0.33	d4	0.61	-1	GGGGtGGGAGAAGGAAAG	-
ENSLCOT00000000093.1	3112	3127	13	+	0.13	d6	0.53	-1	GGGAAGcAGAAGAGG	-
ENSLCOT00000000093.1	3187	3202	13	+	0.13	d13	0.67	-1	GGGAGGAGGAGAGtG	-
ENSLCOT00000000093.1	3261	3280	12	+	0.37	d8	0.63	-1	GAGGGGGGtGAGAGGGAAA	-
ENSLCOT00000000093.1	792	808	13	-	0.19	d9	0.56	-1	AGAAGGcGGAGGAGAG	-
ENSLCOT00000000093.1	1302	1323	13	-	0.38	d13	0.62	-1	GGGGAAGtAGAGGAGGAGGGA	-
ENSLCOT00000000103.1	792	808	13	-	0.19	d9	0.56	-1	AGAAGGcGGAGGAGAG	-
ENSLCOT00000000103.1	1311	1332	13	-	0.38	d13	0.62	-1	GGGGAAGtAGAGGAGGAGGGA	-
ENSLCOT00000000169.1	750	766	13	-	0.19	d9	0.56	-1	AGAAGGcGGAGGAGAG	-
ENSLCOT00000000249.1	696	706	10	+	0		0.5	-1	GAGGAGAAGA	-
ENSLCOT00000000249.1	1950	1963	13	+	0		0.62	-1	GAGGAGGAGAAGG	-
ENSLCOT00000000249.1	499	509	10	-	0		0.6	-1	GGAGGAGAGA	-
ENSLCOT00000000249.1	477	490	12	-	0.077	d3	0.69	-1	AGGGGGAGAtGGG	-
ENSLCOT00000000249.1	1207	1225	12	-	0.33	d15	0.67	-1	GGtAGAGGGGGAGGAAGG	-
ENSLCOT00000000259.1	876	886	10	+	0		0.5	-1	GAGGAGAAGA	-
ENSLCOT00000000259.1	2133	2146	13	+	0		0.62	-1	GAGGAGGAGAAGG	-
ENSLCOT00000000259.1	679	689	10	-	0		0.6	-1	GGAGGAGAGA	-
ENSLCOT00000000259.1	657	670	12	-	0.077	d3	0.69	-1	AGGGGGAGAtGGG	-
ENSLCOT00000000259.1	1387	1405	12	-	0.33	d15	0.67	-1	GGtAGAGGGGGAGGAAGG	-
ENSLCOT00000000260.1	64	80	13	+	0.19	d4	0.56	-1	GGGAcAAAGGGGAGAG	-
ENSLCOT00000000260.1	192	207	14	+	0.067		0.67	-1	GGGAGGGAGGAAGAG	-
ENSLCOT00000000260.1	942	952	10	+	0		0.5	-1	GAGGAGAAGA	-
ENSLCOT00000000260.1	2358	2371	13	+	0		0.62	-1	GAGGAGGAGAAGG	-
ENSLCOT00000000260.1	745	755	10	-	0		0.6	-1	GGAGGAGAGA	-
ENSLCOT00000000260.1	723	736	12	-	0.077	d3	0.69	-1	AGGGGGAGAtGGG	-
ENSLCOT00000000260.1	1453	1471	12	-	0.33	d15	0.67	-1	GGtAGAGGGGGAGGAAGG	-
ENSLCOT00000023191.1	105	118	12	+	0.077	d4	0.62	-1	GAGAcAGGAGGGG	-
ENSLCOT00000023191.1	119	153	13	+	0.62	d1d14d28	0.59	-1	GcGGAGGAAGAGGAtGGAGAGGGGGAGGcAAAGG	-
ENSLCOT00000023191.1	500	513	12	+	0.077	d5	0.69	-1	GGAGGcGGAGGAG	-
ENSLCOT00000023191.1	923	937	13	+	0.071	d5	0.5	-1	GGAGAtGGAGAAGA	-
ENSLCOT00000023191.1	1599	1623	13	+	0.46	d6d16	0.67	-1	GGGAGGtGAAGAGAAGtGGGGGGG	-
ENSLCOT00000023191.1	2079	2092	12	+	0.077	d2	0.54	-1	AAtGAGGGGAGAG	-
ENSLCOT00000023191.1	2445	2459	13	+	0.071	d4	0.57	-1	GGGAcAGAGAAGGG	-
ENSLCOT00000023191.1	628	647	12	-	0.37	d1d15	0.58	-1	GGGcAGGGGAGGAGGAAcA	-
ENSLCOT00000023191.1	744	758	13	-	0.071	d7	0.64	-1	AGGGAGcAGAGGGG	-
ENSLCOT00000023191.1	968	982	13	-	0.071	d8	0.5	-1	AAGGGtAGGAGAAG	-
ENSLCOT00000023191.1	1076	1089	12	-	0.077	d5	0.62	-1	AGGGGAGcAGGGA	-
ENSLCOT00000023191.1	1317	1334	14	-	0.18		0.59	-1	GGGGAGGAAAAAGGGGA	-
ENSLCOT00000023191.1	1925	1939	12	-	0.14	d6	0.71	-1	GGAGGAGtGAGGGG	-
ENSLCOT00000023191.1	2120	2134	12	-	0.14	d3	0.71	-1	GAGGGGGGAGtGAG	-
ENSLCOT00000010487.1	0	23	13	+	0.43	d12	0.57	-1	GAGGAAGGGAGAcGGGAGGAAAG	-
ENSLCOT00000010487.1	1233	1244	11	+	0		0.55	-1	GGAGAAAGAGG	-
ENSLCOT00000010487.1	1489	1504	13	+	0.13	d9	0.53	-1	GAGGAGAAGcAGGAG	-
ENSLCOT00000010487.1	1854	1864	10	+	0		0.7	-1	GAAGGAGGGG	-
ENSLCOT00000010487.1	2228	2238	10	+	0		0.5	-1	AAGGAGGAAG	-
ENSLCOT00000010487.1	3157	3171	13	+	0.071	d7	0.57	-1	GAAGAGAtGGAGGG	-
ENSLCOT00000010487.1	3340	3353	12	+	0.077	d2	0.69	-1	GGcAGGGGAGGGA	-
ENSLCOT00000010487.1	3993	4003	10	+	0		0.6	-1	AGAGGAGAGG	-
ENSLCOT00000010487.1	4171	4184	12	+	0.077	d6	0.54	-1	GAGAAGcGGAGGA	-
ENSLCOT00000010487.1	4440	4453	12	+	0.077	d6	0.54	-1	GAAGGAcAGGGAG	-
ENSLCOT00000010487.1	4737	4747	10	+	0		0.5	-1	GGAGGAAAAG	-
ENSLCOT00000010487.1	5092	5106	13	+	0.071	d6	0.5	-1	AGGAAGcAAGGGAG	-
ENSLCOT00000010487.1	5296	5314	13	+	0.28	d1d14	0.56	-1	GtGGGAGAGGGAAGtGAA	-
ENSLCOT00000010487.1	5316	5331	13	+	0.13		0.73	-1	GGGGGGGGAAAAGGG	-
ENSLCOT00000010487.1	688	704	13	-	0.19	d13	0.69	-1	GGtGGAGGAAGAGGGG	-
ENSLCOT00000010487.1	1732	1742	10	-	0		0.5	-1	AGGAGGAAAG	-
ENSLCOT00000010487.1	1800	1816	13	-	0.19	d12	0.69	-1	GGGtAGGGAGGAGAGG	-
ENSLCOT00000010487.1	2494	2514	13	-	0.35	d5	0.7	-1	GAGAGGGAGGAGGGcAGGGG	-
ENSLCOT00000010487.1	2800	2825	12	-	0.52	d6d17	0.68	-1	GGGAAGGcGGGGAGGAGGtGAGGAG	-
ENSLCOT00000010487.1	4105	4118	12	-	0.077	d1	0.69	-1	GGGAGGAGGAGtG	-
ENSLCOT00000010487.1	4060	4074	13	-	0.071	d9	0.5	-1	GAGAcAGGGAAGGA	-
ENSLCOT00000010487.1	4243	4258	12	-	0.2	d5	0.67	-1	GGAGAGGGGtGAGGA	-
ENSLCOT00000010487.1	4520	4534	13	-	0.071	d7	0.64	-1	GGGAGGcGGAGAAG	-
ENSLCOT00000010487.1	5864	5878	13	-	0.071	d8	0.5	-1	AGGGAtAGGAAGGA	-
ENSLCOT00000010487.1	6083	6123	13	-	0.68	d2d14d37	0.57	-1	AGtGAGGGGAGGGAAAAGGGGAAGAtGGGAGAGGAGGcGA	-
ENSLCOT00000008897.1	482	498	13	+	0.19	d11	0.56	-1	GGAGAAGGAGAtGGAG	-
ENSLCOT00000008897.1	1211	1225	12	+	0.14		0.43	-1	AGAAGAAGGGGAAA	-
ENSLCOT00000008897.1	1293	1303	10	+	0		0.5	-1	GAGAAGGAAG	-
ENSLCOT00000008897.1	1610	1628	13	+	0.28	d3d15	0.61	-1	GGGtGAGGAGGGAAGcAG	-
ENSLCOT00000008897.1	2974	2990	13	+	0.19	d7	0.56	-1	AAGGGAGtGGAGAGGA	-
ENSLCOT00000008897.1	3133	3146	12	+	0.077	d9	0.54	-1	GGAAAGAGAtGGG	-
ENSLCOT00000008897.1	3598	3608	10	+	0		0.5	-1	GGGAAAGAAG	-
ENSLCOT00000008897.1	3642	3655	12	+	0.077	d5	0.54	-1	GGGGAcAGGAAAG	-
ENSLCOT00000008897.1	3847	3862	14	+	0.067		0.53	-1	AAAAGGGGGGGAAAG	-
ENSLCOT00000008897.1	3958	3968	10	+	0		0.5	-1	AAGGAGAGAG	-
ENSLCOT00000008897.1	4113	4128	14	+	0.067		0.53	-1	GGAGGAAAGGAGGAA	-
ENSLCOT00000008897.1	4143	4159	14	+	0.12		0.5	-1	GGAAGAGAGAGAAGAG	-
ENSLCOT00000008897.1	4217	4230	12	+	0.077	d4	0.62	-1	GAGAtGGAGGGGA	-
ENSLCOT00000008897.1	4308	4326	13	+	0.28	d1	0.61	-1	GtGGAGGAGGAAGGAGGA	-
ENSLCOT00000008897.1	4684	4697	12	+	0.077	d2	0.69	-1	AGtGGGAGAGGGG	-
ENSLCOT00000008897.1	5085	5101	12	+	0.25	d10	0.75	-1	GGGGGAGGGAcAGGGG	-
ENSLCOT00000008897.1	5304	5326	13	+	0.41	d4	0.55	-1	GGGGtGGGAAAAGAGAAGGGAA	-
ENSLCOT00000008897.1	5678	5697	13	+	0.32	d16	0.63	-1	GGAGGGGAGGGAAGAGcAG	-
ENSLCOT00000008897.1	980	996	13	-	0.19	d3	0.62	-1	AGGAGGAGAGGGcAGG	-
ENSLCOT00000008897.1	1159	1175	13	-	0.19	d12	0.56	-1	AGGtGAGAGAAGAGGG	-
ENSLCOT00000008897.1	2306	2318	12	-	0		0.67	-1	AGAGGGGGGAGA	-
ENSLCOT00000008897.1	3177	3195	14	-	0.22		0.61	-1	GAGAGGGGGAGAGAAAGG	-
ENSLCOT00000008897.1	3430	3445	13	-	0.13	d4	0.6	-1	GGGAGAAGGGcAGAG	-
ENSLCOT00000008897.1	3475	3498	13	-	0.43	d6	0.61	-1	GGAGGAAGGAGGGGGAtGAAGGA	-
ENSLCOT00000008897.1	3677	3692	12	-	0.2		0.4	-1	AAAGGAGGGGAAAAA	-
ENSLCOT00000008897.1	3904	3914	10	-	0		0.5	-1	GGGAAAGGAA	-
ENSLCOT00000008897.1	4268	4290	14	-	0.36		0.41	-1	GGGAAAAAAAGGGGGAAAAAAG	-
ENSLCOT00000008897.1	4413	4429	13	-	0.19	d1d14	0.56	-1	AcGAAGAGGGGGGGcA	-
ENSLCOT00000008897.1	4715	4729	13	-	0.071	d8	0.57	-1	AGAGGcAGAGGGAG	-
ENSLCOT00000008897.1	5252	5266	13	-	0.071	d2	0.57	-1	GGAGGGAAGAGtGA	-
ENSLCOT00000004026.1	113	230	14	-	0.88	d46	0.54	-1	GGGAAAGAGGGAGAAGGGGAGGGAAAGGGGAGAAGGAAAGGGGAGGGAAAGGAGGAGAAGAGGAGGGAAAtGGGAGGGAAAGAGGAGAGAAAAGGGAGAAGGAAAGAGGGAGAAGAA	-
ENSLCOT00000004026.1	0	113	13	-	0.88	d38d105	0.6	-1	AAGAGGAtGGAGAGGGGAAGAAGGGGAGGGAAAGGGGGAGAAGGAGAGGGGAGGGAAGAGGAGGGAAAGGGGAGcGAAAGAGGAGGGAAAGGGGAGGGGGAGAGGAGGGAAAG	-
ENSLCOT00000004230.1	392	408	13	+	0.19	d13	0.69	-1	GGAAAGGAGGGGGtGG	-
ENSLCOT00000004230.1	453	676	13	-	0.94	d160d178d180d198d219	0.5	-1	GGGtGGAAGAGGAAGAGGAAGAGAtGAGGAGGAAGAAGAAGGtGtGAGAAGGAGGAGGAAGAcAAGGAGAAGGAGAAGGAGAAGAAGGAGAAGGAGAAGGAGAAGGAGAAGGAGGAGGAGAAGGAGAAGGAGAAGGAGAAGGAGAAGAAGGAGAAGGAGGAGAAGGAGAAGGAGAAGGAGAAGGAGAAGGAGAAGAAGGAGAAGGAGAAGGAGAAGGAGAAGG	-
ENSLCOT00000019763.1	429	443	12	+	0.14	d10	0.71	-1	GGGGGGGAGAtGAG	-
ENSLCOT00000019763.1	546	560	14	+	0		0.5	-1	AAGGAGGAGGAGAA	-
ENSLCOT00000019763.1	584	594	10	+	0		0.5	-1	GGAGGAGAAA	-
ENSLCOT00000019763.1	741	751	10	+	0		0.5	-1	AAGAAGGAGG	-
ENSLCOT00000019763.1	888	903	13	+	0.13	d10	0.47	-1	AAGGAGAAGGtGGAA	-
ENSLCOT00000019763.1	942	953	11	+	0		0.55	-1	GAGGAGAAAGG	-
ENSLCOT00000019763.1	1052	1065	12	+	0.077	d7	0.54	-1	GGAGAAGcAGGAG	-
ENSLCOT00000019763.1	1088	1098	10	+	0		0.5	-1	GGAGAAGAAG	-
ENSLCOT00000019763.1	1141	1155	13	+	0.071	d9	0.57	-1	AGGAGGAGGtGAAG	-
ENSLCOT00000019763.1	1253	1264	11	+	0		0.64	-1	GGAGGAGAAGG	-
ENSLCOT00000019763.1	1950	1963	12	+	0.077	d7	0.54	-1	AAGAAGGtGGGGA	-
ENSLCOT00000019763.1	2480	2494	13	+	0.071	d6	0.57	-1	GGAGGAcAGGGAGA	-
ENSLCOT00000019763.1	2573	2583	10	+	0		0.5	-1	GGAGAAGAAG	-
ENSLCOT00000019763.1	2665	2679	14	+	0		0.5	-1	AGAAGGAGAAGGAG	-
ENSLCOT00000019763.1	2729	2742	12	+	0.077	d8	0.62	-1	GGAGAAGGtGGAG	-
ENSLCOT00000019763.1	1659	1677	13	-	0.28	d9	0.61	-1	GAAGGAGGtGAGGAGGGA	-
ENSLCOT00000019763.1	2304	2321	13	-	0.24	d8	0.65	-1	GGGAAGGGcGGGAAGGA	-
ENSLCOT00000019764.1	334	348	13	+	0.071	d7	0.5	-1	AAAGGGGtGGGAAA	-
ENSLCOT00000019764.1	356	369	12	+	0.077	d7	0.62	-1	GGAGAGGtGGGAA	-
ENSLCOT00000019764.1	453	467	12	+	0.14	d10	0.71	-1	GGGGGGGAGAtGAG	-
ENSLCOT00000019764.1	570	584	14	+	0		0.5	-1	AAGGAGGAGGAGAA	-
ENSLCOT00000019764.1	608	618	10	+	0		0.5	-1	GGAGGAGAAA	-
ENSLCOT00000019764.1	765	775	10	+	0		0.5	-1	AAGAAGGAGG	-
ENSLCOT00000019764.1	912	927	13	+	0.13	d10	0.47	-1	AAGGAGAAGGtGGAA	-
ENSLCOT00000019764.1	966	977	11	+	0		0.55	-1	GAGGAGAAAGG	-
ENSLCOT00000019764.1	1076	1089	12	+	0.077	d7	0.54	-1	GGAGAAGcAGGAG	-
ENSLCOT00000019764.1	1112	1122	10	+	0		0.5	-1	GGAGAAGAAG	-
ENSLCOT00000019764.1	1165	1179	13	+	0.071	d9	0.57	-1	AGGAGGAGGtGAAG	-
ENSLCOT00000019764.1	1277	1288	11	+	0		0.64	-1	GGAGGAGAAGG	-
ENSLCOT00000019764.1	1974	1987	12	+	0.077	d7	0.54	-1	AAGAAGGtGGGGA	-
ENSLCOT00000019764.1	2648	2662	13	+	0.071	d6	0.57	-1	GGAGGAcAGGGAGA	-
ENSLCOT00000019764.1	2741	2751	10	+	0		0.5	-1	GGAGAAGAAG	-
ENSLCOT00000019764.1	2833	2847	14	+	0		0.5	-1	AGAAGGAGAAGGAG	-
ENSLCOT00000019764.1	2897	2910	12	+	0.077	d8	0.62	-1	GGAGAAGGtGGAG	-
ENSLCOT00000019764.1	1683	1701	13	-	0.28	d9	0.61	-1	GAAGGAGGtGAGGAGGGA	-
ENSLCOT00000019764.1	2280	2293	12	-	0.077	d7	0.62	-1	GGGGAcAGAGGGA	-
ENSLCOT00000019764.1	2311	2337	13	-	0.5	d24	0.54	-1	AtAGAGGGGAAAGGGGAGAGGAGGAA	-
ENSLCOT00000019764.1	2420	2437	13	-	0.24	d8	0.65	-1	GGGAAGGGcGGGAAGGA	-
ENSLCOT00000019765.1	399	413	12	+	0.14	d10	0.71	-1	GGGGGGGAGAtGAG	-
ENSLCOT00000019765.1	516	530	14	+	0		0.5	-1	AAGGAGGAGGAGAA	-
ENSLCOT00000019765.1	554	564	10	+	0		0.5	-1	GGAGGAGAAA	-
ENSLCOT00000019765.1	711	721	10	+	0		0.5	-1	AAGAAGGAGG	-
ENSLCOT00000019765.1	858	873	13	+	0.13	d10	0.47	-1	AAGGAGAAGGtGGAA	-
ENSLCOT00000019765.1	912	923	11	+	0		0.55	-1	GAGGAGAAAGG	-
ENSLCOT00000019765.1	1022	1035	12	+	0.077	d7	0.54	-1	GGAGAAGcAGGAG	-
ENSLCOT00000019765.1	1058	1068	10	+	0		0.5	-1	GGAGAAGAAG	-
ENSLCOT00000019765.1	1111	1125	13	+	0.071	d9	0.57	-1	AGGAGGAGGtGAAG	-
ENSLCOT00000019765.1	1223	1234	11	+	0		0.64	-1	GGAGGAGAAGG	-
ENSLCOT00000019765.1	1920	1933	12	+	0.077	d7	0.54	-1	AAGAAGGtGGGGA	-
ENSLCOT00000019765.1	2594	2608	13	+	0.071	d6	0.57	-1	GGAGGAcAGGGAGA	-
ENSLCOT00000019765.1	2687	2697	10	+	0		0.5	-1	GGAGAAGAAG	-
ENSLCOT00000019765.1	2779	2793	14	+	0		0.5	-1	AGAAGGAGAAGGAG	-
ENSLCOT00000019765.1	2843	2856	12	+	0.077	d8	0.62	-1	GGAGAAGGtGGAG	-
ENSLCOT00000019765.1	1629	1647	13	-	0.28	d9	0.61	-1	GAAGGAGGtGAGGAGGGA	-
ENSLCOT00000019765.1	2226	2239	12	-	0.077	d7	0.62	-1	GGGGAcAGAGGGA	-
ENSLCOT00000019765.1	2257	2283	13	-	0.5	d24	0.54	-1	AtAGAGGGGAAAGGGGAGAGGAGGAA	-
ENSLCOT00000019765.1	2366	2383	13	-	0.24	d8	0.65	-1	GGGAAGGGcGGGAAGGA	-
