# Duplex-ID	Start	End	Score	Strand	Error-rate	Errors	Guanine-rate	Duplicates	TTS	Duplicate locations
ENSLCOT00000000041.1	1101	1116	14	+	0.067	d8	0.53	-1	GGAGAAAATGGGGGA	-
ENSLCOT00000000041.1	2318	2332	13	+	0.071	d4	0.64	-1	AGGATGGAGGGGAG	-
ENSLCOT00000000041.1	2850	2870	16	+	0.2	d1d17	0.35	-1	ATGAAGAAGGAAGAGAATGA	-
ENSLCOT00000000041.1	3812	3828	15	+	0.062	d8	0.56	-1	AGGAGGAACAGGGGAG	-
ENSLCOT00000000041.1	4998	5014	15	+	0.062	d7	0.56	-1	GGGGAAATGGAAAGGG	-
ENSLCOT00000000041.1	5040	5054	13	+	0.071	d2	0.43	-1	AGCAGAGAGGAAGA	-
ENSLCOT00000000041.1	5390	5404	13	+	0.071	d5	0.21	-1	AAAGACAGAAAAGA	-
ENSLCOT00000000041.1	6377	6391	13	+	0.071	d2	0.29	-1	GACGAAAAGAGAAA	-
ENSLCOT00000000041.1	7662	7678	13	+	0.19	d1d14	0.5	-1	GTGGAGGGAAAGGACA	-
ENSLCOT00000000041.1	7954	7979	23	+	0.08	d6d13	0.48	-1	AGAGAGTAAGAGATGGAGAGGAAGG	-
ENSLCOT00000000041.1	7990	8013	21	+	0.087	d3d20	0.43	-1	GGACAGAAGGAGAAAAGAGGCAG	-
ENSLCOT00000000041.1	8124	8139	14	+	0.067	d4	0.47	-1	GAGATAGGAAAGAGG	-
ENSLCOT00000000041.1	832	850	13	-	0.28	d3d14	0.44	-1	GAGTAGGAGGGGAATAAA	-
ENSLCOT00000000041.1	4457	4472	14	-	0.067	d1	0.53	-1	AAGGAGGAAGGAGCG	-
ENSLCOT00000000044.1	822	837	14	+	0.067	d8	0.53	-1	GGAGAAAATGGGGGA	-
ENSLCOT00000000044.1	2039	2053	13	+	0.071	d4	0.64	-1	AGGATGGAGGGGAG	-
ENSLCOT00000000044.1	2571	2591	16	+	0.2	d1d17	0.35	-1	ATGAAGAAGGAAGAGAATGA	-
ENSLCOT00000000044.1	3533	3549	15	+	0.062	d8	0.56	-1	AGGAGGAACAGGGGAG	-
ENSLCOT00000000044.1	4719	4735	15	+	0.062	d7	0.56	-1	GGGGAAATGGAAAGGG	-
ENSLCOT00000000044.1	4761	4775	13	+	0.071	d2	0.43	-1	AGCAGAGAGGAAGA	-
ENSLCOT00000000044.1	5111	5125	13	+	0.071	d5	0.21	-1	AAAGACAGAAAAGA	-
ENSLCOT00000000044.1	6098	6112	13	+	0.071	d2	0.29	-1	GACGAAAAGAGAAA	-
ENSLCOT00000000044.1	7383	7399	13	+	0.19	d1d14	0.5	-1	GTGGAGGGAAAGGACA	-
ENSLCOT00000000044.1	7675	7700	23	+	0.08	d6d13	0.48	-1	AGAGAGTAAGAGATGGAGAGGAAGG	-
ENSLCOT00000000044.1	7711	7734	21	+	0.087	d3d20	0.43	-1	GGACAGAAGGAGAAAAGAGGCAG	-
ENSLCOT00000000044.1	7845	7860	14	+	0.067	d4	0.47	-1	GAGATAGGAAAGAGG	-
ENSLCOT00000000044.1	553	571	13	-	0.28	d3d14	0.44	-1	GAGTAGGAGGGGAATAAA	-
ENSLCOT00000000044.1	4178	4193	14	-	0.067	d1	0.53	-1	AAGGAGGAAGGAGCG	-
ENSLCOT00000000056.1	540	555	14	+	0.067	d8	0.33	-1	GGAGAAAATGGAAAA	-
ENSLCOT00000000056.1	1763	1777	13	+	0.071	d4	0.64	-1	AGGATGGAGGGGAG	-
ENSLCOT00000000056.1	2295	2315	16	+	0.2	d1d17	0.35	-1	ATGAAGAAGGAAGAGAATGA	-
ENSLCOT00000000056.1	3257	3273	15	+	0.062	d8	0.56	-1	AGGAGGAACAGGGGAG	-
ENSLCOT00000000056.1	4443	4459	15	+	0.062	d7	0.56	-1	GGGGAAATGGAAAGGG	-
ENSLCOT00000000056.1	4485	4499	13	+	0.071	d2	0.43	-1	AGCAGAGAGGAAGA	-
ENSLCOT00000000056.1	4835	4849	13	+	0.071	d5	0.21	-1	AAAGACAGAAAAGA	-
ENSLCOT00000000056.1	5822	5836	13	+	0.071	d2	0.29	-1	GACGAAAAGAGAAA	-
ENSLCOT00000000056.1	7107	7123	13	+	0.19	d1d14	0.5	-1	GTGGAGGGAAAGGACA	-
ENSLCOT00000000056.1	7399	7424	23	+	0.08	d6d13	0.48	-1	AGAGAGTAAGAGATGGAGAGGAAGG	-
ENSLCOT00000000056.1	7435	7458	21	+	0.087	d3d20	0.43	-1	GGACAGAAGGAGAAAAGAGGCAG	-
ENSLCOT00000000056.1	7569	7584	14	+	0.067	d4	0.47	-1	GAGATAGGAAAGAGG	-
ENSLCOT00000000056.1	271	289	13	-	0.28	d3d14	0.44	-1	GAGTAGGAGGGGAATAAA	-
ENSLCOT00000000056.1	3902	3917	14	-	0.067	d1	0.53	-1	AAGGAGGAAGGAGCG	-
ENSLCOT00000000007.1	321	335	13	+	0.071	d8	0.57	-1	GAGGAGGGCGAGAA	-
ENSLCOT00000000007.1	824	838	13	+	0.071	d1	0.57	-1	GCAGGAGAAGGGGA	-
ENSLCOT00000000007.1	877	899	17	+	0.23	d6d18	0.5	-1	GGGAGGTGAAGAAGGAAGTGAA	-
ENSLCOT00000000007.1	921	946	21	+	0.16	d2d5d23	0.52	-1	AACAGCGAGGAGGAGAGGAAGGGCG	-
ENSLCOT00000000007.1	983	1004	18	+	0.14	d2d19	0.57	-1	GGTGAAGGAGGAAGAGGAGCG	-
ENSLCOT00000000007.1	1006	1021	14	+	0.067	d12	0.6	-1	GGAGGAGGAAGGTGA	-
ENSLCOT00000000007.1	1049	1075	24	+	0.077	d11d17	0.5	-1	GGAAGAGGAGGCGAAAGCGGAAGAGA	-
ENSLCOT00000000007.1	1173	1198	23	+	0.08	d18d23	0.52	-1	GAGGAGGAAGAGGAGGAGCAGGACA	-
ENSLCOT00000000007.1	1220	1239	18	+	0.053	d14	0.47	-1	GGAAAGGAAGAAGGCAGAG	-
ENSLCOT00000000007.1	1341	1359	17	+	0.056	d12	0.39	-1	AAGAGAGGGAAATGGAAA	-
ENSLCOT00000000007.1	1427	1441	13	+	0.071	d5	0.5	-1	AGAAGTGGGAGAAG	-
ENSLCOT00000000007.1	1504	1518	13	+	0.071	d9	0.21	-1	AGGAAAAAGCAAAA	-
ENSLCOT00000000007.1	1532	1556	22	+	0.083	d5d19	0.42	-1	AAAAATGGAAGAGGAGGAGCAGGA	-
ENSLCOT00000000007.1	1863	1890	22	+	0.19	d2d11d24	0.52	-1	GACGGGGAGGACGAAGAGGAGGGACAA	-
ENSLCOT00000000007.1	1935	1950	14	+	0.067	d5	0.33	-1	AAAGACAAAGGAGAG	-
ENSLCOT00000000007.1	2169	2185	15	+	0.062	d8	0.56	-1	GGAGAAGATGGGGAGA	-
ENSLCOT00000000007.1	2201	2223	14	+	0.36	d6d15	0.64	-1	GGAAGATGAGGGGGGCGAGGAG	-
ENSLCOT00000000007.1	2234	2249	14	+	0.067	d5	0.47	-1	AGGAACAGAGGAGGA	-
ENSLCOT00000000007.1	2312	2326	13	+	0.071	d1	0.43	-1	GCAGAAGAGGAAAG	-
ENSLCOT00000000007.1	2703	2717	13	+	0.071	d5	0.43	-1	AAGGACAAGAAGGG	-
ENSLCOT00000000007.1	2771	2786	14	+	0.067	d3	0.53	-1	GGATGAGGAGGAGAA	-
ENSLCOT00000000007.1	2924	2938	13	+	0.071	d4	0.43	-1	GAAGCGGAGGAAAA	-
ENSLCOT00000000007.1	26	42	15	-	0.062	d4	0.62	-1	AAAGGGAGGGGCGGGA	-
ENSLCOT00000000007.1	205	239	21	-	0.38	d8d10d24d28	0.71	-1	GGGGACGGATGGGGGGGGGGAAGCGCGGGAAGGG	-
ENSLCOT00000000007.1	260	278	17	-	0.056	d3	0.56	-1	GGAGAAGGGAGGAGTGAA	-
ENSLCOT00000000007.1	460	501	26	-	0.37	d2d5d29d31	0.61	-1	GGGGGGAGGCACAGAGGAGGAAGAGGAGGAGGGGGCAGCAG	-
ENSLCOT00000000007.1	2085	2099	13	-	0.071	d8	0.57	-1	AGAGGCAAGGGAGG	-
ENSLCOT00000000007.1	2115	2130	14	-	0.067	d5	0.8	-1	GGGGGGAGGTGGAGG	-
ENSLCOT00000000004.1	93	107	13	+	0.071	d2	0.36	-1	GATGAAAAGGAGAA	-
ENSLCOT00000000004.1	291	307	15	+	0.062	d3	0.44	-1	AGGCAAAGAGAAGGGA	-
ENSLCOT00000000005.1	25	39	13	+	0.071	d9	0.57	-1	GGAGAGGAGCAGGA	-
ENSLCOT00000000006.1	453	467	13	+	0.071	d2	0.29	-1	GACAGAAGGAAAAA	-
ENSLCOT00000000006.1	529	545	15	+	0.062	d7	0.5	-1	GGGGAAGTGAAAGAAG	-
ENSLCOT00000000006.1	588	606	15	+	0.17	d2d16	0.28	-1	AATGGAAAAGAAAGAACG	-
ENSLCOT00000000006.1	1092	1119	25	+	0.074	d9d19	0.41	-1	AGAGGAAGGTGAAAAGAGATGGAAAGA	-
ENSLCOT00000000006.1	1512	1526	13	-	0.071	d3	0.29	-1	AGGGAGAAAACAAA	-
ENSLCOT00000000009.1	32	49	16	+	0.059	d12	0.71	-1	GGAGGAGGAGAGCGGGG	-
ENSLCOT00000000009.1	110	126	15	-	0.062	d11	0.56	-1	GAAGCAGAGGGAGGAG	-
ENSLCOT00000000009.1	1280	1294	13	-	0.071	d11	0.57	-1	GGTAGAAGAGGGAG	-
ENSLCOT00000000009.1	1702	1716	13	-	0.071	d7	0.43	-1	AAAGGGTAGGAGAA	-
ENSLCOT00000000445.1	757	775	15	+	0.17	d2d16	0.44	-1	AGCAGAAGGAGGAAGATG	-
ENSLCOT00000000445.1	780	804	22	+	0.083	d7d17	0.5	-1	AAGGGGGTGAAAGGGAATGGGAAA	-
ENSLCOT00000000445.1	1367	1382	14	+	0.067	d6	0.33	-1	GAAGAGCAAAGAGAA	-
ENSLCOT00000000445.1	1991	2010	18	+	0.053	d13	0.47	-1	GGAGAAGAAGGAGCAAGAG	-
ENSLCOT00000000445.1	2212	2230	17	+	0.056	d8	0.5	-1	AGAAGGAGCAGGAAGGGA	-
ENSLCOT00000000445.1	2268	2283	14	+	0.067	d7	0.6	-1	AAGGAGGTGGAGGAG	-
ENSLCOT00000000445.1	2729	2763	22	+	0.35	d2d5d24d28	0.47	-1	AATGGCGAAGAAAGAGAGGGAAAGCAGGCGGGAG	-
ENSLCOT00000000484.1	757	775	15	+	0.17	d2d16	0.44	-1	AGCAGAAGGAGGAAGATG	-
ENSLCOT00000000484.1	780	804	22	+	0.083	d7d17	0.5	-1	AAGGGGGTGAAAGGGAATGGGAAA	-
ENSLCOT00000000484.1	1376	1391	14	+	0.067	d6	0.33	-1	GAAGAGCAAAGAGAA	-
ENSLCOT00000000484.1	2006	2025	18	+	0.053	d13	0.47	-1	GGAGAAGAAGGAGCAAGAG	-
ENSLCOT00000000484.1	2227	2245	17	+	0.056	d8	0.5	-1	AGAAGGAGCAGGAAGGGA	-
ENSLCOT00000000484.1	2283	2298	14	+	0.067	d7	0.6	-1	AAGGAGGTGGAGGAG	-
ENSLCOT00000000484.1	2651	2685	22	+	0.35	d2d5d24d28	0.47	-1	AATGGCGAAGAAAGAGAGGGAAAGCAGGCGGGAG	-
ENSLCOT00000000489.1	757	775	15	+	0.17	d2d16	0.44	-1	AGCAGAAGGAGGAAGATG	-
ENSLCOT00000000489.1	780	804	22	+	0.083	d7d17	0.5	-1	AAGGGGGTGAAAGGGAATGGGAAA	-
ENSLCOT00000000489.1	1346	1361	14	+	0.067	d6	0.33	-1	GAAGAGCAAAGAGAA	-
ENSLCOT00000000489.1	1976	1995	18	+	0.053	d13	0.47	-1	GGAGAAGAAGGAGCAAGAG	-
ENSLCOT00000000489.1	2197	2215	17	+	0.056	d8	0.5	-1	AGAAGGAGCAGGAAGGGA	-
ENSLCOT00000000489.1	2253	2268	14	+	0.067	d7	0.6	-1	AAGGAGGTGGAGGAG	-
ENSLCOT00000000489.1	2544	2560	15	+	0.062	d8	0.44	-1	GAGAGAAATGAAGGAG	-
ENSLCOT00000000489.1	2648	2682	22	+	0.35	d2d5d24d28	0.47	-1	AATGGCGAAGAAAGAGAGGGAAAGCAGGCGGGAG	-
ENSLCOT00000000017.1	611	634	21	+	0.087	d10d21	0.65	-1	GGGGGGGAAGTGGAAGGAGAGCG	-
ENSLCOT00000000881.1	2132	2146	13	+	0.071	d9	0.43	-1	GGAAAGAGGTGAAA	-
ENSLCOT00000000881.1	2870	2889	18	+	0.053	d5	0.63	-1	GGAGGTGGGAAGAGAGGAG	-
ENSLCOT00000000881.1	3830	3846	15	+	0.062	d14	0.69	-1	GGGAGGGGAAGAGGCG	-
ENSLCOT00000000881.1	283	300	13	-	0.24	d2d14	0.82	-1	GGCGGGGAGGGGGGCGG	-
ENSLCOT00000000881.1	751	776	23	-	0.08	d8d20	0.52	-1	GAGGCAGAGGGAAGGGCAAAGAGAG	-
ENSLCOT00000000881.1	961	979	17	-	0.056	d11	0.56	-1	AGAGGGCGAAGAGGAAGG	-
ENSLCOT00000000881.1	1106	1120	13	-	0.071	d4	0.64	-1	GGGAGAAGGCGAGG	-
ENSLCOT00000000881.1	1228	1247	18	-	0.053	d10	0.53	-1	GAGGAGAACAGGGAGGAGA	-
ENSLCOT00000000881.1	1799	1815	15	-	0.062	d5	0.5	-1	GGAGAGGAGATAGAGA	-
ENSLCOT00000000881.1	2376	2390	13	-	0.071	d7	0.5	-1	AGGAAGTAGGAGAG	-
ENSLCOT00000000881.1	2657	2672	14	-	0.067	d6	0.4	-1	AGGAGAGGCAGAAAA	-
ENSLCOT00000000921.1	1880	1894	13	+	0.071	d9	0.43	-1	GGAAAGAGGTGAAA	-
ENSLCOT00000000921.1	2546	2565	18	+	0.053	d5	0.63	-1	GGAGGTGGGAAGAGAGGAG	-
ENSLCOT00000000921.1	3506	3522	15	+	0.062	d14	0.69	-1	GGGAGGGGAAGAGGCG	-
ENSLCOT00000000921.1	100	117	13	-	0.24	d2d14	0.82	-1	GGCGGGGAGGGGGGCGG	-
ENSLCOT00000000921.1	568	593	23	-	0.08	d8d20	0.52	-1	GAGGCAGAGGGAAGGGCAAAGAGAG	-
ENSLCOT00000000921.1	778	796	17	-	0.056	d11	0.56	-1	AGAGGGCGAAGAGGAAGG	-
ENSLCOT00000000921.1	923	937	13	-	0.071	d4	0.64	-1	GGGAGAAGGCGAGG	-
ENSLCOT00000000921.1	1045	1064	18	-	0.053	d10	0.53	-1	GAGGAGAACAGGGAGGAGA	-
ENSLCOT00000000921.1	1547	1563	15	-	0.062	d5	0.5	-1	GGAGAGGAGATAGAGA	-
ENSLCOT00000000921.1	2333	2348	14	-	0.067	d6	0.4	-1	AGGAGAGGCAGAAAA	-
ENSLCOT00000000946.1	100	117	13	-	0.24	d2d14	0.82	-1	GGCGGGGAGGGGGGCGG	-
ENSLCOT00000000946.1	568	593	23	-	0.08	d8d20	0.52	-1	GAGGCAGAGGGAAGGGCAAAGAGAG	-
ENSLCOT00000000946.1	778	796	17	-	0.056	d11	0.56	-1	AGAGGGCGAAGAGGAAGG	-
ENSLCOT00000000946.1	923	937	13	-	0.071	d4	0.64	-1	GGGAGAAGGCGAGG	-
ENSLCOT00000000946.1	1045	1064	18	-	0.053	d10	0.53	-1	GAGGAGAACAGGGAGGAGA	-
ENSLCOT00000000946.1	1616	1632	15	-	0.062	d5	0.5	-1	GGAGAGGAGATAGAGA	-
ENSLCOT00000000946.1	2187	2201	13	-	0.071	d7	0.5	-1	AGGAAGTAGGAGAG	-
ENSLCOT00000000946.1	2468	2483	14	-	0.067	d6	0.4	-1	AGGAGAGGCAGAAAA	-
ENSLCOT00000000013.1	278	293	14	+	0.067	d2	0.8	-1	GGTGGAGAGGGGGGG	-
ENSLCOT00000000013.1	843	863	16	+	0.2	d5d17	0.6	-1	AGGGATGGGAGGGAGAGCGA	-
ENSLCOT00000000013.1	979	993	13	+	0.071	d6	0.57	-1	AGGGGATGAAGGGA	-
ENSLCOT00000000013.1	954	972	18	-	0		0.28	-1	GAAAGAAAAAAGGAGAAA	-
ENSLCOT00000000012.1	140	156	15	+	0.062	d14	0.38	-1	AAGAAGGAAAAGGGCA	-
ENSLCOT00000000012.1	1130	1146	15	+	0.062	d3	0.62	-1	GAGCAGGAGGGGAAGG	-
ENSLCOT00000000012.1	1507	1523	15	+	0.062	d3	0.56	-1	GGGCGAGAGGAAGAAG	-
ENSLCOT00000000012.1	2695	2709	13	+	0.071	d9	0.71	-1	GGGAGGGAGCGGAG	-
ENSLCOT00000000012.1	2893	2918	23	+	0.08	d7d14	0.72	-1	GGGGGGACGGAGGGCAGGGAGGAGG	-
ENSLCOT00000000012.1	2960	2983	22	+	0.043	d2	0.17	-1	GGCAAAAAAAAAAAAAAAAGAGA	-
ENSLCOT00000000012.1	3148	3166	13	+	0.28	d1d14	0.17	-1	GCAAAAAGGAAAAATAAA	-
ENSLCOT00000000012.1	2988	3003	14	-	0.067	d1	0.33	-1	AGAAAAGGGAAAATG	-
ENSLCOT00000000012.1	3036	3068	27	-	0.16	d6	0.19	-1	AAAAAAAAAAAAAAGAAAGAGAAAACAGAAGG	-
ENSLCOT00000000012.1	3087	3126	21	-	0.46	d5d15d25d37	0.51	-1	ATGGGGGAGAGAGTGAAGAGGGATGGAGGAAGACAGGAA	-
ENSLCOT00000000078.1	711	726	14	+	0.067	d8	0.47	-1	AGAGAGGATGAAGAG	-
ENSLCOT00000000078.1	2696	2710	13	+	0.071	d5	0.21	-1	AGGAACAAAAGAAA	-
ENSLCOT00000000078.1	2838	2852	13	+	0.071	d4	0.29	-1	GAAACAGAAGGAAA	-
ENSLCOT00000000078.1	3693	3708	14	+	0.067	d10	0.47	-1	GAGGAAGGAATAAGG	-
ENSLCOT00000000078.1	3801	3815	13	+	0.071	d5	0.64	-1	GGAGGTGGAGAGGA	-
ENSLCOT00000000078.1	3845	3863	17	+	0.056	d9	0.33	-1	AGAAAAGGATAAGGGAAA	-
ENSLCOT00000000078.1	979	994	14	-	0.067	d11	0.4	-1	GAGTAAAGGAAAGAG	-
ENSLCOT00000000070.1	594	608	13	+	0.071	d3	0.36	-1	AGATGGAGGAAAAA	-
ENSLCOT00000000070.1	1249	1264	14	+	0.067	d11	0.53	-1	GGAGGAGAGGACGAA	-
ENSLCOT00000000070.1	1072	1087	14	-	0.067	d7	0.2	-1	GAAGAGACAAAAAAA	-
ENSLCOT00000000130.1	558	572	13	+	0.071	d3	0.36	-1	AGATGGAGGAAAAA	-
ENSLCOT00000000130.1	1123	1138	14	+	0.067	d11	0.53	-1	GGAGGAGAGGACGAA	-
ENSLCOT00000000131.1	708	722	13	+	0.071	d3	0.36	-1	AGATGGAGGAAAAA	-
ENSLCOT00000000131.1	1363	1378	14	+	0.067	d11	0.53	-1	GGAGGAGAGGACGAA	-
ENSLCOT00000000131.1	11	29	18	-	0		0.5	-1	GAGAAGGAGAGGGAAAAG	-
ENSLCOT00000000131.1	1186	1201	14	-	0.067	d7	0.2	-1	GAAGAGACAAAAAAA	-
ENSLCOT00000000069.1	1172	1190	17	+	0.056	d4	0.39	-1	GAGACAAGAGAAGAGAGA	-
ENSLCOT00000000069.1	1495	1513	18	+	0		0.56	-1	GGGAGGAAGAGGAAGAGA	-
ENSLCOT00000000069.1	692	706	13	-	0.071	d5	0.64	-1	GAGAGAGGTGGGAG	-
ENSLCOT00000000069.1	1237	1251	13	-	0.071	d4	0.36	-1	AGAGGAGAGCAAAA	-
ENSLCOT00000000025.1	82	96	13	-	0.071	d11	0.57	-1	GATGGGGAGAGGAA	-
ENSLCOT00000000043.1	390	418	26	+	0.071	d2d9	0.46	-1	GGTGGGAAATGGGGAAAAGAAGAGAAGA	-
ENSLCOT00000000043.1	481	508	25	+	0.074	d1d4	0.44	-1	ACAGTAGAGAAAAGGAGGGGAGAAAGG	-
ENSLCOT00000000043.1	67	82	14	-	0.067	d10	0.47	-1	GGAATAAAGGGAGGA	-
ENSLCOT00000000016.1	285	303	13	+	0.28	d1d14	0.39	-1	GCAGAAGAAGAAGACGGA	-
ENSLCOT00000000016.1	970	984	13	+	0.071	d4	0.5	-1	GGAGCAAAGGAAGG	-
ENSLCOT00000000016.1	2084	2108	22	+	0.083	d2d5	0.12	-1	AGTGGCAAAAAAAAAAAAAAAAAA	-
ENSLCOT00000000016.1	2114	2144	27	+	0.1	d4d28	0.1	-1	AAAATAAAAAAAAAAAAGAGAAAAAAAGCA	-
ENSLCOT00000000016.1	434	448	13	-	0.071	d6	0.29	-1	AAGAAAATAGGGAA	-
ENSLCOT00000000016.1	1058	1072	13	-	0.071	d12	0.36	-1	GTAGGAGAAGAAAA	-
ENSLCOT00000000016.1	1684	1699	14	-	0.067	d9	0.4	-1	AGGAGTGAAAAAGGA	-
ENSLCOT00000000323.1	7	45	26	+	0.32	d10d19d30	0.63	-1	GGGAGAGGAGCAGGAGGGATGGAAGAGGGGCAGGAGGG	-
ENSLCOT00000000323.1	617	637	14	+	0.3	d4d15	0.55	-1	GGAACAGGGAGGGGACAGGA	-
ENSLCOT00000000323.1	1835	1869	27	+	0.21	d25d28	0.68	-1	GGAGGAGGAGGAGGAGGAGGAGGAGCGGCGGGAG	-
ENSLCOT00000000323.1	1877	1891	13	+	0.071	d12	0.64	-1	GGAGGAGGAGAGCG	-
ENSLCOT00000000323.1	2128	2174	26	+	0.43	d8d22d38d44	0.67	-1	GGAGGAGGCGGGAGGAGGAGGATGGGGAGGAGGAAGGGCGGAGGCG	-
ENSLCOT00000000323.1	2748	2769	17	+	0.19	d3d18	0.62	-1	AAGCGGGAGGAGGAGGAGCGG	-
ENSLCOT00000000323.1	2869	2885	15	+	0.062	d4	0.5	-1	AGAGCAAAGGGAAGGG	-
ENSLCOT00000000323.1	3306	3320	13	+	0.071	d1	0.79	-1	GCGGAGGAGGGGGG	-
ENSLCOT00000000323.1	3340	3359	15	+	0.21	d3d16	0.68	-1	GGGCGGAGGAGGAGAGCGG	-
ENSLCOT00000000323.1	1312	1329	16	-	0.059	d5	0.59	-1	GAGGAGGAAGACGAGGG	-
ENSLCOT00000000346.1	1550	1584	27	+	0.21	d25d28	0.68	-1	GGAGGAGGAGGAGGAGGAGGAGGAGCGGCGGGAG	-
ENSLCOT00000000346.1	1592	1606	13	+	0.071	d12	0.64	-1	GGAGGAGGAGAGCG	-
ENSLCOT00000000346.1	1843	1889	26	+	0.43	d8d22d38d44	0.67	-1	GGAGGAGGCGGGAGGAGGAGGATGGGGAGGAGGAAGGGCGGAGGCG	-
ENSLCOT00000000346.1	2463	2484	17	+	0.19	d3d18	0.62	-1	AAGCGGGAGGAGGAGGAGCGG	-
ENSLCOT00000000346.1	2584	2600	15	+	0.062	d4	0.5	-1	AGAGCAAAGGGAAGGG	-
ENSLCOT00000000346.1	2982	2996	13	+	0.071	d1	0.79	-1	GCGGAGGAGGGGGG	-
ENSLCOT00000000346.1	3016	3035	15	+	0.21	d3d16	0.68	-1	GGGCGGAGGAGGAGAGCGG	-
ENSLCOT00000000346.1	1027	1044	16	-	0.059	d5	0.59	-1	GAGGAGGAAGACGAGGG	-
ENSLCOT00000000018.1	395	410	14	+	0.067	d6	0.13	-1	AGAAAATAAAAAAGA	-
ENSLCOT00000000018.1	436	450	13	+	0.071	d10	0.21	-1	AAAGGAAAAGTAAA	-
ENSLCOT00000000018.1	809	823	13	+	0.071	d5	0.5	-1	AGAAATGGAGAGGG	-
ENSLCOT00000000018.1	1257	1273	15	+	0.062	d8	0.38	-1	GGAAAAGGTGAAAGAA	-
ENSLCOT00000000018.1	1344	1359	15	+	0		0.6	-1	GAGGGGAAGAAGGAG	-
ENSLCOT00000000035.1	395	410	14	+	0.067	d6	0.13	-1	AGAAAATAAAAAAGA	-
ENSLCOT00000000035.1	436	450	13	+	0.071	d10	0.21	-1	AAAGGAAAAGTAAA	-
ENSLCOT00000000035.1	809	823	13	+	0.071	d5	0.5	-1	AGAAATGGAGAGGG	-
ENSLCOT00000000035.1	1257	1273	15	+	0.062	d8	0.38	-1	GGAAAAGGTGAAAGAA	-
ENSLCOT00000000035.1	1384	1401	16	+	0.059	d14	0.24	-1	AAGGAAGAAAAAGACAA	-
ENSLCOT00000000035.1	1430	1453	21	+	0.087	d6d17	0.26	-1	AAAAAATGAGAAAAGAATGGAGA	-
ENSLCOT00000000014.1	53	68	14	+	0.067	d4	0.67	-1	GGAGCAGGAGGGGAG	-
ENSLCOT00000000014.1	175	199	22	+	0.083	d10d16	0.54	-1	GAGGAAGGAGCGGAAGCAGGAAGG	-
ENSLCOT00000000014.1	213	227	13	+	0.071	d9	0.29	-1	GAGAAGAAACAAAG	-
ENSLCOT00000000014.1	231	260	26	+	0.1	d21d26	0.38	-1	AAAGAAAAGGGGAAGAGGAGATAAAGTGA	-
ENSLCOT00000000014.1	267	305	26	+	0.32	d2d12d28d30	0.39	-1	GACAAAGAAGAACGAGAAGGAGAGGGAATACGGAAGGA	-
ENSLCOT00000000014.1	312	327	14	+	0.067	d2	0.53	-1	GATGAGAGAGAGGAG	-
ENSLCOT00000000014.1	534	548	13	+	0.071	d1	0.36	-1	GCAAGAAGAGAAAG	-
ENSLCOT00000000014.1	1424	1446	21	+	0.045	d14	0.55	-1	GAGAGGGAAAGAAATGGGGAGG	-
ENSLCOT00000000014.1	1624	1639	14	+	0.067	d11	0.4	-1	GGAAGAAGAAGCAGA	-
ENSLCOT00000000014.1	1888	1902	13	+	0.071	d9	0.14	-1	AGAAAAAGACAAAA	-
ENSLCOT00000000014.1	2570	2588	17	+	0.056	d8	0.28	-1	AAAGAGGGCAAAAAAGAA	-
ENSLCOT00000000014.1	2630	2645	14	+	0.067	d2	0.47	-1	AATGAAGGAGAGGAG	-
ENSLCOT00000000014.1	3020	3035	14	+	0.067	d10	0.27	-1	AAGAAGAGAATAGAA	-
ENSLCOT00000000014.1	3058	3076	17	+	0.056	d9	0.28	-1	GGAAAGAGATAAAGAAAA	-
ENSLCOT00000000014.1	3593	3618	23	+	0.08	d13d21	0.52	-1	GAGGGAGGGAAAATGGGGGAATAAG	-
ENSLCOT00000000014.1	375	392	16	-	0.059	d14	0.47	-1	GACAAAGAGAGGGAGAG	-
ENSLCOT00000000014.1	592	623	24	-	0.23	d4d14d16	0.48	-1	GGAAGGAGAAGAGGTGCAGGAGGAAATGGAA	-
ENSLCOT00000000014.1	773	807	26	-	0.24	d21d24	0.53	-1	GGGAAGAGGCAGCAGGAGAGGAGGAGGAAGAAGA	-
ENSLCOT00000000014.1	4451	4465	13	-	0.071	d4	0.5	-1	GAAAGAGGATGAGG	-
ENSLCOT00000000014.1	4753	4767	13	-	0.071	d11	0.29	-1	AGTAGGAGAAAAAA	-
ENSLCOT00000000014.1	5042	5058	13	-	0.19	d1d14	0.19	-1	ACAAGAAAAAGGAACA	-
ENSLCOT00000000034.1	56	71	15	+	0		0.6	-1	GAAGGAGGAGAGGAG	-
ENSLCOT00000000034.1	151	169	17	+	0.056	d12	0.72	-1	GAGGGGAGGGGGTGGAAG	-
ENSLCOT00000000034.1	447	461	13	+	0.071	d7	0.29	-1	AAAGAAGCGAAAGA	-
ENSLCOT00000000251.1	905	921	15	+	0.062	d8	0.38	-1	AGAAGAAATGGAGGAA	-
ENSLCOT00000000251.1	969	987	17	+	0.056	d10	0.44	-1	GGGGAAGAAATGGAGAAA	-
ENSLCOT00000000251.1	1171	1185	13	+	0.071	d6	0.14	-1	AAGAAACAGAAAAA	-
ENSLCOT00000000251.1	1233	1263	26	+	0.13	d12d14	0.3	-1	GAAGAAGGAGAATATGAAGAAAAAAAAGAG	-
ENSLCOT00000000251.1	1295	1321	22	+	0.15	d2d11d24	0.35	-1	GATGAAGGAAGCAGAGAAAGGAAACA	-
ENSLCOT00000000251.1	1629	1644	14	+	0.067	d12	0.33	-1	GGAAAAGAAGAGCAA	-
ENSLCOT00000000251.1	1759	1773	13	+	0.071	d9	0.43	-1	AGGGAGAAACAGGA	-
ENSLCOT00000000251.1	1903	1917	13	+	0.071	d9	0.43	-1	AAAAAGGAGTGGAG	-
ENSLCOT00000000251.1	2079	2098	16	+	0.16	d4d17	0.26	-1	AGAATGGAAAAAGAAGATA	-
ENSLCOT00000000251.1	2122	2136	13	+	0.071	d10	0.36	-1	AGGAAAGAGATGAA	-
ENSLCOT00000000251.1	2466	2481	14	+	0.067	d3	0.2	-1	GAACGAGAAAAAAAA	-
ENSLCOT00000000251.1	3590	3609	13	+	0.32	d4d14	0.58	-1	GGGACAAGAAGGGGTGGAG	-
ENSLCOT00000000251.1	3675	3691	15	+	0.062	d9	0.38	-1	AAAGAGAGACAGGGAA	-
ENSLCOT00000000251.1	3722	3736	13	+	0.071	d4	0.36	-1	GGAGCAAAGAGAAA	-
ENSLCOT00000000251.1	4061	4075	13	+	0.071	d11	0.29	-1	AGAGGAAGAAATAA	-
ENSLCOT00000000251.1	4290	4311	17	+	0.19	d1d18	0.43	-1	ATGGAGAAAAGAGAAGGACGG	-
ENSLCOT00000000251.1	4341	4358	16	+	0.059	d3	0.47	-1	AAGCAGGAGAGGAGAAG	-
ENSLCOT00000000251.1	4908	4927	13	+	0.32	d4d14	0.26	-1	AAAGCAGAAAAGAGTGAAA	-
ENSLCOT00000000251.1	5031	5053	21	+	0.045	d7	0.27	-1	GAGGAAGCAAAGAGAAAAAAAA	-
ENSLCOT00000000251.1	5340	5355	14	+	0.067	d4	0.4	-1	GAAGCAGAGAGAGAA	-
ENSLCOT00000000251.1	6146	6160	13	+	0.071	d8	0.43	-1	AGAAGAGGTGAAAG	-
ENSLCOT00000000251.1	6294	6311	14	+	0.18	d1d15	0.29	-1	ATAGAGAAAAAGGGACA	-
ENSLCOT00000000251.1	6533	6560	25	+	0.074	d20d25	0.44	-1	GAGAGGAGAAGAGGAAGAAGTGGAACA	-
ENSLCOT00000000251.1	6688	6702	13	+	0.071	d10	0.21	-1	AAGAAGAAAGTAAA	-
ENSLCOT00000000251.1	7137	7156	13	+	0.32	d1d14	0.21	-1	ATGAAAGAAGAAAGCAAAA	-
ENSLCOT00000000251.1	7397	7423	13	+	0.5	d2d14d21	0.38	-1	AGTAGGAGAAAAGACAAAGGATGAGG	-
ENSLCOT00000000251.1	7691	7705	13	+	0.071	d9	0.36	-1	GGAGAGAGACAAAA	-
ENSLCOT00000000251.1	7803	7828	21	+	0.16	d1d6d23	0.24	-1	ACAGAACAAAGAGAAGAAGAAAATG	-
ENSLCOT00000000251.1	8074	8088	13	+	0.071	d11	0.43	-1	AAAGAGAGGAGCAG	-
ENSLCOT00000000251.1	8353	8371	17	+	0.056	d9	0.28	-1	AAAGAGAAATGAAGAAAG	-
ENSLCOT00000000251.1	8682	8704	15	+	0.32	d7d16	0.36	-1	GAGGAAGTGAAGAAGATGAAAA	-
ENSLCOT00000000251.1	9995	10009	13	+	0.071	d8	0.57	-1	GGAGAAGGCAGGAG	-
ENSLCOT00000000251.1	6	20	13	-	0.071	d10	0.64	-1	GGATGAGGGGAAGG	-
ENSLCOT00000000251.1	56	76	16	-	0.2	d2d17	0.2	-1	AGTGAAAAAAAAGAAAGCAA	-
ENSLCOT00000000251.1	155	170	14	-	0.067	d13	0.47	-1	ATAGAAAAGGAGGGG	-
ENSLCOT00000000251.1	1745	1759	13	-	0.071	d8	0.5	-1	GGGAGTAAGAGGAA	-
ENSLCOT00000000251.1	1989	2013	22	-	0.083	d18d21	0.42	-1	AGCAGTGGAAAAGGAGGGAAAAGA	-
ENSLCOT00000000251.1	2391	2411	16	-	0.2	d2d17	0.45	-1	AGTGGAGAGGAAAGAAATGG	-
ENSLCOT00000000251.1	7299	7314	14	-	0.067	d8	0.4	-1	AGGGAACAAGAGAGA	-
ENSLCOT00000000255.1	737	753	15	+	0.062	d8	0.38	-1	AGAAGAAATGGAGGAA	-
ENSLCOT00000000255.1	801	819	17	+	0.056	d10	0.44	-1	GGGGAAGAAATGGAGAAA	-
ENSLCOT00000000255.1	1003	1017	13	+	0.071	d6	0.14	-1	AAGAAACAGAAAAA	-
ENSLCOT00000000255.1	1065	1095	26	+	0.13	d12d14	0.3	-1	GAAGAAGGAGAATATGAAGAAAAAAAAGAG	-
ENSLCOT00000000255.1	1127	1153	22	+	0.15	d2d11d24	0.35	-1	GATGAAGGAAGCAGAGAAAGGAAACA	-
ENSLCOT00000000255.1	1461	1476	14	+	0.067	d12	0.33	-1	GGAAAAGAAGAGCAA	-
ENSLCOT00000000255.1	1591	1605	13	+	0.071	d9	0.43	-1	AGGGAGAAACAGGA	-
ENSLCOT00000000255.1	1735	1749	13	+	0.071	d9	0.43	-1	AAAAAGGAGTGGAG	-
ENSLCOT00000000255.1	1911	1930	16	+	0.16	d4d17	0.26	-1	AGAATGGAAAAAGAAGATA	-
ENSLCOT00000000255.1	1954	1968	13	+	0.071	d10	0.36	-1	AGGAAAGAGATGAA	-
ENSLCOT00000000255.1	2298	2313	14	+	0.067	d3	0.2	-1	GAACGAGAAAAAAAA	-
ENSLCOT00000000255.1	3422	3441	13	+	0.32	d4d14	0.58	-1	GGGACAAGAAGGGGTGGAG	-
ENSLCOT00000000255.1	3507	3523	15	+	0.062	d9	0.38	-1	AAAGAGAGACAGGGAA	-
ENSLCOT00000000255.1	3554	3568	13	+	0.071	d4	0.36	-1	GGAGCAAAGAGAAA	-
ENSLCOT00000000255.1	3893	3907	13	+	0.071	d11	0.29	-1	AGAGGAAGAAATAA	-
ENSLCOT00000000255.1	4122	4143	17	+	0.19	d1d18	0.43	-1	ATGGAGAAAAGAGAAGGACGG	-
ENSLCOT00000000255.1	4173	4190	16	+	0.059	d3	0.47	-1	AAGCAGGAGAGGAGAAG	-
ENSLCOT00000000255.1	4740	4759	13	+	0.32	d4d14	0.26	-1	AAAGCAGAAAAGAGTGAAA	-
ENSLCOT00000000255.1	4863	4885	21	+	0.045	d7	0.27	-1	GAGGAAGCAAAGAGAAAAAAAA	-
ENSLCOT00000000255.1	5172	5187	14	+	0.067	d4	0.4	-1	GAAGCAGAGAGAGAA	-
ENSLCOT00000000255.1	5978	5992	13	+	0.071	d8	0.43	-1	AGAAGAGGTGAAAG	-
ENSLCOT00000000255.1	6126	6143	14	+	0.18	d1d15	0.29	-1	ATAGAGAAAAAGGGACA	-
ENSLCOT00000000255.1	6365	6392	25	+	0.074	d20d25	0.44	-1	GAGAGGAGAAGAGGAAGAAGTGGAACA	-
ENSLCOT00000000255.1	6520	6534	13	+	0.071	d10	0.21	-1	AAGAAGAAAGTAAA	-
ENSLCOT00000000255.1	6969	6988	13	+	0.32	d1d14	0.21	-1	ATGAAAGAAGAAAGCAAAA	-
ENSLCOT00000000255.1	7229	7255	13	+	0.5	d2d14d21	0.38	-1	AGTAGGAGAAAAGACAAAGGATGAGG	-
ENSLCOT00000000255.1	7523	7537	13	+	0.071	d9	0.36	-1	GGAGAGAGACAAAA	-
ENSLCOT00000000255.1	7635	7660	21	+	0.16	d1d6d23	0.24	-1	ACAGAACAAAGAGAAGAAGAAAATG	-
ENSLCOT00000000255.1	7906	7920	13	+	0.071	d11	0.43	-1	AAAGAGAGGAGCAG	-
ENSLCOT00000000255.1	8185	8203	17	+	0.056	d9	0.28	-1	AAAGAGAAATGAAGAAAG	-
ENSLCOT00000000255.1	8514	8536	15	+	0.32	d7d16	0.36	-1	GAGGAAGTGAAGAAGATGAAAA	-
ENSLCOT00000000255.1	9650	9664	13	+	0.071	d8	0.57	-1	GGAGAAGGCAGGAG	-
ENSLCOT00000000255.1	1577	1591	13	-	0.071	d8	0.5	-1	GGGAGTAAGAGGAA	-
ENSLCOT00000000255.1	1821	1845	22	-	0.083	d18d21	0.42	-1	AGCAGTGGAAAAGGAGGGAAAAGA	-
ENSLCOT00000000255.1	2223	2243	16	-	0.2	d2d17	0.45	-1	AGTGGAGAGGAAAGAAATGG	-
ENSLCOT00000000255.1	7131	7146	14	-	0.067	d8	0.4	-1	AGGGAACAAGAGAGA	-
ENSLCOT00000000281.1	788	802	13	+	0.071	d8	0.57	-1	GGAGAAGGCAGGAG	-
ENSLCOT00000000030.1	632	646	13	+	0.071	d4	0.5	-1	GGGACAAGGAAGGA	-
ENSLCOT00000000030.1	867	882	14	+	0.067	d6	0.4	-1	GAAAAATGGGGAGAA	-
ENSLCOT00000000030.1	1050	1066	15	+	0.062	d8	0.44	-1	AGGGAAGACAGAGAAG	-
ENSLCOT00000000030.1	1704	1718	13	+	0.071	d1	0.64	-1	GCGGGAGGAGAAGG	-
ENSLCOT00000000030.1	2358	2373	14	+	0.067	d6	0.4	-1	GAAAGATGAGAGGAA	-
ENSLCOT00000000030.1	2407	2421	13	+	0.071	d10	0.21	-1	AAAGAAGAGATAAA	-
ENSLCOT00000000030.1	2659	2673	13	+	0.071	d11	0.43	-1	AAAGGAGAGAGTGA	-
ENSLCOT00000000030.1	3217	3235	17	+	0.056	d6	0.33	-1	AAGAGACGGAAAGGAAAA	-
ENSLCOT00000000030.1	3238	3253	14	+	0.067	d11	0.13	-1	AAAAGAAAAAGCAAA	-
ENSLCOT00000000030.1	3407	3421	14	+	0		0.43	-1	GGGAAAAAGGGAAA	-
ENSLCOT00000000030.1	3696	3714	17	+	0.056	d15	0.5	-1	AAAGGGAGGAGGAGGCAA	-
ENSLCOT00000000030.1	3737	3751	13	+	0.071	d9	0.5	-1	GGAGAAGGACAGAG	-
ENSLCOT00000000030.1	4064	4081	14	+	0.18	d1d15	0.53	-1	GTAGAGGAAGGGGAATG	-
ENSLCOT00000000030.1	4112	4126	13	+	0.071	d3	0.71	-1	AGGTAGGAGGGGGG	-
ENSLCOT00000000030.1	2592	2611	13	-	0.32	d4d15	0.53	-1	GGACAGGAGGAGGACAGGA	-
ENSLCOT00000000030.1	2970	2984	13	-	0.071	d7	0.43	-1	GGAAGATGAGGAAA	-
ENSLCOT00000000030.1	3971	4000	26	-	0.1	d14d20	0.48	-1	AGGGAAGGTGGGAGTAAAGGAGAAGAAAG	-
ENSLCOT00000000030.1	4447	4464	16	-	0.059	d3	0.18	-1	GAAAGGAAAAAAACAAA	-
ENSLCOT00000000030.1	4695	4718	21	-	0.087	d9d15	0.52	-1	AGGGGAGCAGGAATGGGAAAGGA	-
ENSLCOT00000000030.1	4873	4899	26	-	0		0.31	-1	AAAAAGGAGAAGGGAAAAAAAAAGAG	-
ENSLCOT00000000030.1	5595	5609	13	-	0.071	d8	0.43	-1	AGGGATGAAGGAAA	-
ENSLCOT00000000030.1	5821	5837	15	-	0.062	d14	0.56	-1	GTGAAGAGGGAAGAGG	-
ENSLCOT00000000030.1	6080	6106	24	-	0.077	d7d11	0.62	-1	AGGGGAGGAGGGGACGGGCAAAGGGA	-
ENSLCOT00000000015.1	335	355	16	-	0.2	d2d16	0.3	-1	AAACAAAAGGAGGAGAACGA	-
ENSLCOT00000000024.1	553	568	14	+	0.067	d7	0.4	-1	GAAGAGATAAAGAGG	-
ENSLCOT00000000024.1	831	849	18	+	0		0.22	-1	AGAAGAAGAAAGAAAAAA	-
ENSLCOT00000000024.1	1071	1091	19	+	0.05	d5	0.3	-1	GAAAATGAAGAAAGAAAAGG	-
ENSLCOT00000000024.1	1375	1400	23	+	0.08	d1d5	0.32	-1	GTAGATGAAGAAGAAAAAGGAAAGA	-
ENSLCOT00000000024.1	389	404	14	-	0.067	d6	0.53	-1	AGGAAGAATGGGGAG	-
ENSLCOT00000000024.1	1499	1519	14	-	0.3	d4d14	0.4	-1	AGGAGCAGAAAGAGATGAAG	-
ENSLCOT00000000032.1	553	568	14	+	0.067	d7	0.4	-1	GAAGAGATAAAGAGG	-
ENSLCOT00000000032.1	831	849	18	+	0		0.22	-1	AGAAGAAGAAAGAAAAAA	-
ENSLCOT00000000032.1	945	965	19	+	0.05	d5	0.3	-1	GAAAATGAAGAAAGAAAAGG	-
ENSLCOT00000000032.1	1249	1274	23	+	0.08	d1d5	0.32	-1	GTAGATGAAGAAGAAAAAGGAAAGA	-
ENSLCOT00000000032.1	389	404	14	-	0.067	d6	0.53	-1	AGGAAGAATGGGGAG	-
ENSLCOT00000000032.1	1373	1393	14	-	0.3	d4d14	0.4	-1	AGGAGCAGAAAGAGATGAAG	-
ENSLCOT00000000019.1	2076	2090	13	+	0.071	d8	0.36	-1	GAAAAGGACAAGGA	-
ENSLCOT00000000019.1	2037	2052	14	-	0.067	d4	0.6	-1	AAGGGGAGGGTAGAG	-
ENSLCOT00000000022.1	0	38	26	+	0.32	d4d13d32d35	0.39	-1	AAAGCAAGAAGAGTGAAAAGGGGAGAGGAGGGCAATAA	-
ENSLCOT00000000022.1	1016	1031	14	-	0.067	d5	0.4	-1	GGAAGGAGATGAAAA	-
ENSLCOT00000000039.1	56	77	20	-	0.048	d15	0.33	-1	AAGAGCAGAAGAAAGAGAAGA	-
ENSLCOT00000000039.1	773	788	14	-	0.067	d8	0.33	-1	GAGAAGTAGAAGAAA	-
ENSLCOT00000000039.1	934	950	15	-	0.062	d8	0.5	-1	GGGGAGATGAAGAAAG	-
ENSLCOT00000000048.1	0	14	13	-	0.071	d6	0.5	-1	GGGGAGATGAAGAA	-
ENSLCOT00000000402.1	730	751	17	+	0.19	d6d18	0.48	-1	AGAAGGCAGAGAAGGAGGTGA	-
ENSLCOT00000000402.1	130	147	16	-	0.059	d11	0.47	-1	GGAGATGAGGAAGAAGA	-
ENSLCOT00000000402.1	164	179	14	-	0.067	d7	0.6	-1	AGGAGGGTGAGGAAG	-
ENSLCOT00000000402.1	434	454	13	-	0.35	d5d16	0.6	-1	GGGTGGAGGAGAAGCGGAAG	-
ENSLCOT00000000402.1	502	518	15	-	0.062	d2	0.62	-1	AAGAGGGGAGGGGCAG	-
ENSLCOT00000000402.1	870	885	14	-	0.067	d3	0.47	-1	GGAGAAGAAAGCAGG	-
ENSLCOT00000000402.1	1030	1047	16	-	0.059	d8	0.59	-1	GGAGGAGACGGAGGAGA	-
ENSLCOT00000000020.1	935	955	13	+	0.35	d3d14	0.6	-1	AGACAGGAGGGAGGTGGAGG	-
ENSLCOT00000000020.1	31	48	16	-	0.059	d5	0.24	-1	AAAAAGAGGAATAAAGA	-
ENSLCOT00000000353.1	1010	1025	15	+	0		0.47	-1	GAAAGAGGAGAAGGA	-
ENSLCOT00000000353.1	764	780	15	-	0.062	d11	0.69	-1	GGAGTAGAAGGGGGGG	-
ENSLCOT00000000353.1	1051	1065	13	-	0.071	d11	0.43	-1	AGCAAAGGAGAGAG	-
ENSLCOT00000000353.1	1107	1121	13	-	0.071	d6	0.43	-1	GAGAAGACAGGAGA	-
ENSLCOT00000000026.1	1523	1547	22	+	0.083	d5d14	0.5	-1	GGAAGCAGAGAAGGCGAGAGGAGA	-
ENSLCOT00000000026.1	3084	3098	13	+	0.071	d5	0.29	-1	GGAGACAAAGAAAA	-
ENSLCOT00000000026.1	3371	3390	18	+	0.053	d12	0.53	-1	AGGAGGGAAGGATGAGGAA	-
ENSLCOT00000000026.1	3392	3409	16	+	0.059	d12	0.35	-1	AGAGAAGAAAGATGAGA	-
ENSLCOT00000000026.1	3943	3957	13	+	0.071	d3	0.43	-1	AAGCAGGAAAGGGA	-
ENSLCOT00000000026.1	4053	4069	15	+	0.062	d10	0.38	-1	AAGAAAGAAGCGGAGA	-
ENSLCOT00000000026.1	4097	4112	14	+	0.067	d9	0.53	-1	AGAGGAGGATGAGGA	-
ENSLCOT00000000026.1	4778	4795	14	+	0.18	d1d15	0.24	-1	GCAGGAAAAAAGAAACA	-
ENSLCOT00000000026.1	4812	4829	16	+	0.059	d2	0.24	-1	AATGAGGAAAAAGAAAA	-
ENSLCOT00000000026.1	4841	4855	13	+	0.071	d12	0.64	-1	AGGAGAGGGAGGTG	-
ENSLCOT00000000026.1	6304	6330	24	+	0.077	d2d8	0.46	-1	AGTGGGGACGGAGGGAAGAAGAAAAA	-
ENSLCOT00000000026.1	6403	6419	15	+	0.062	d4	0.38	-1	AAAGTAAGGAAGGAGA	-
ENSLCOT00000000026.1	1105	1119	13	-	0.071	d9	0.43	-1	GGGATGAAGAAGAA	-
ENSLCOT00000000026.1	2015	2029	13	-	0.071	d10	0.36	-1	AAATAGAAGAGGGA	-
ENSLCOT00000000026.1	3914	3932	17	-	0.056	d7	0.44	-1	AGGGAAGAGACAAGAAGG	-
ENSLCOT00000000026.1	5049	5066	16	-	0.059	d10	0.47	-1	GGAGAACAGAGAGAAGG	-
ENSLCOT00000000026.1	5341	5356	14	-	0.067	d2	0.33	-1	AAAGGAAGAGAGCAA	-
ENSLCOT00000000026.1	5677	5691	13	-	0.071	d8	0.5	-1	GGGAACAAGAAGGG	-
ENSLCOT00000000026.1	6383	6397	13	-	0.071	d1	0.21	-1	AAAAGGAAAAAATG	-
ENSLCOT00000000023.1	480	500	13	+	0.35	d1d14	0.35	-1	GTGAAGAAGGAAGATAAAGA	-
ENSLCOT00000000023.1	1113	1127	13	+	0.071	d12	0.64	-1	GGGGGAGAGAGGTA	-
ENSLCOT00000000023.1	1996	2017	13	-	0.38	d6d18	0.24	-1	AGCAGGAAGAAAAACGAAAAA	-
ENSLCOT00000000027.1	246	260	13	+	0.071	d3	0.29	-1	AGATGGAAAGAAAA	-
ENSLCOT00000000027.1	486	505	19	+	0		0.37	-1	AAAAGAAAAAGGGGAGAAG	-
ENSLCOT00000000027.1	0	18	17	-	0.056	d13	0.78	-1	GGGGCGGAGGGAGGAGGG	-
ENSLCOT00000000027.1	22	51	26	-	0.1	d23d25	0.59	-1	GAACGCGGGAGGAGGGAAGGAAGGAGGGA	-
ENSLCOT00000000027.1	750	766	15	-	0.062	d8	0.31	-1	AAAGAAGCAGAAAAGG	-
ENSLCOT00000000027.1	948	976	22	-	0.21	d3d16d23	0.21	-1	AAAACAGAAAGTAAAAAAGGAAAACAGG	-
ENSLCOT00000000027.1	1349	1368	15	-	0.21	d2d16	0.37	-1	GGTGAAGAGAGAAAAGCAA	-
ENSLCOT00000000028.1	607	621	13	+	0.071	d5	0.43	-1	AGAGGCAGAAGAAG	-
ENSLCOT00000000028.1	1305	1321	15	+	0.062	d6	0.44	-1	GAGGAACAGGAAAGGA	-
ENSLCOT00000000029.1	141	158	16	+	0.059	d1	0.41	-1	ATAAAAAGAGGAGGAGG	-
ENSLCOT00000000029.1	871	885	13	+	0.071	d5	0.43	-1	AGAGGCAGAAGAAG	-
ENSLCOT00000000029.1	1569	1585	15	+	0.062	d6	0.44	-1	GAGGAACAGGAAAGGA	-
ENSLCOT00000000029.1	249	263	13	-	0.071	d8	0.21	-1	AAAAGCAAAAAGAG	-
ENSLCOT00000000038.1	736	750	13	+	0.071	d5	0.43	-1	AGAGGCAGAAGAAG	-
ENSLCOT00000000038.1	1434	1450	15	+	0.062	d6	0.44	-1	GAGGAACAGGAAAGGA	-
ENSLCOT00000000033.1	254	268	13	+	0.071	d2	0.43	-1	GATGGGAAAAGAGA	-
ENSLCOT00000000033.1	307	321	13	+	0.071	d6	0.57	-1	AGAGAGTGAGGAGG	-
ENSLCOT00000000033.1	480	510	21	+	0.3	d9d11d23	0.37	-1	AAGAGGAGATGCAAAGGGAAGGACAAGAAA	-
ENSLCOT00000000033.1	132	146	13	-	0.071	d6	0.64	-1	AGGGAAGTGGGGGA	-
ENSLCOT00000000033.1	282	297	14	-	0.067	d12	0.67	-1	GACAGGAGGGGGGAG	-
ENSLCOT00000000033.1	660	674	13	-	0.071	d5	0.57	-1	AGGGAGAGCAGGAG	-
ENSLCOT00000000033.1	1002	1016	14	-	0		0.29	-1	GAAGAGAGAAAAAA	-
ENSLCOT00000000033.1	1024	1046	19	-	0.14	d1d16	0.41	-1	GGAGGTGAAAAGGAAAAAAGCG	-
ENSLCOT00000000033.1	1051	1065	13	-	0.071	d9	0.43	-1	AAGATAAGAGGAGG	-
ENSLCOT00000000045.1	93	107	13	+	0.071	d2	0.43	-1	GATGGGAAAAGAGA	-
ENSLCOT00000000045.1	146	160	13	+	0.071	d6	0.57	-1	AGAGAGTGAGGAGG	-
ENSLCOT00000000045.1	264	294	21	+	0.3	d9d11d23	0.37	-1	AAGAGGAGATGCAAAGGGAAGGACAAGAAA	-
ENSLCOT00000000045.1	121	136	14	-	0.067	d12	0.67	-1	GACAGGAGGGGGGAG	-
ENSLCOT00000000417.1	383	397	13	+	0.071	d6	0.43	-1	GGGGAATAAAGGAA	-
ENSLCOT00000000417.1	633	649	15	+	0.062	d11	0.38	-1	AGGGAAAAAGGCAGAA	-
ENSLCOT00000000417.1	470	486	15	-	0.062	d13	0.56	-1	AATGGGGAAGGAAGGG	-
ENSLCOT00000000452.1	410	424	13	+	0.071	d6	0.43	-1	GGGGAATAAAGGAA	-
ENSLCOT00000000452.1	726	742	15	+	0.062	d11	0.38	-1	AGGGAAAAAGGCAGAA	-
ENSLCOT00000000452.1	497	513	15	-	0.062	d13	0.56	-1	AATGGGGAAGGAAGGG	-
ENSLCOT00000000491.1	407	421	13	+	0.071	d6	0.43	-1	GGGGAATAAAGGAA	-
ENSLCOT00000000491.1	494	510	15	-	0.062	d13	0.56	-1	AATGGGGAAGGAAGGG	-
ENSLCOT00000000491.1	648	664	15	-	0.062	d9	0.44	-1	GGAGGGCAGAGAAAAA	-
ENSLCOT00000000080.1	595	609	13	+	0.071	d8	0.57	-1	GGGAGAAGCAGGAG	-
ENSLCOT00000000080.1	691	705	13	+	0.071	d8	0.5	-1	AGAAGGAGCAGGAG	-
ENSLCOT00000000080.1	1212	1229	16	+	0.059	d14	0.71	-1	GAGGGGGAGGAGGGCGA	-
ENSLCOT00000000080.1	1636	1664	26	+	0.071	d2d19	0.5	-1	AGCGAGGGAAGAAGGAGAGCAAGGAGGA	-
ENSLCOT00000000080.1	2334	2348	13	+	0.071	d4	0.5	-1	AAAGTGGAAGGAGG	-
ENSLCOT00000000080.1	288	305	16	-	0.059	d11	0.71	-1	GAGGGCGAGGAGGAGGG	-
ENSLCOT00000000080.1	1604	1618	13	-	0.071	d7	0.71	-1	GGAGGGTGAGGGAG	-
ENSLCOT00000000037.1	132	185	16	+	0.7	d2d17d20d26d41d50	0.57	-1	AGCGAGGAGGAGGAGGACGACGAGGACGAGGAGGAGGAGGACGAGGAGGACGG	-
ENSLCOT00000000037.1	345	359	13	+	0.071	d1	0.64	-1	GCGGGGGGGAAGAA	-
ENSLCOT00000000037.1	842	857	14	-	0.067	d1	0.67	-1	GGGAAGGGGAAGGCG	-
ENSLCOT00000000037.1	901	915	13	-	0.071	d5	0.57	-1	GGAGAAGACGGAGG	-
ENSLCOT00000000037.1	927	941	13	-	0.071	d2	0.57	-1	AGGAAGGAGGGCAG	-
ENSLCOT00000000037.1	1092	1106	13	-	0.071	d12	0.43	-1	ATGGAAAAAGAGGG	-
ENSLCOT00000000036.1	34	48	13	+	0.071	d11	0.71	-1	GAGGAGGGAGGCGG	-
ENSLCOT00000000036.1	93	114	17	+	0.19	d6d18	0.43	-1	AGAGAGTGAGGAAGAAGATGA	-
ENSLCOT00000000036.1	463	478	14	+	0.067	d9	0.4	-1	AGAGAAGAGCAGGAA	-
ENSLCOT00000000036.1	1314	1329	15	+	0		0.6	-1	AGAGGGGGAGGAAGA	-
ENSLCOT00000000036.1	650	664	13	-	0.071	d1	0.57	-1	GGGAGAGGGGAACA	-
ENSLCOT00000000042.1	157	174	16	+	0.059	d8	0.47	-1	AAGGAGAGCAAGAGGGA	-
ENSLCOT00000000042.1	457	472	14	+	0.067	d11	0.4	-1	AAGAAGAAAGATGGG	-
ENSLCOT00000000042.1	788	802	13	+	0.071	d11	0.5	-1	GAGAAAGGGAGTAG	-
ENSLCOT00000000042.1	2371	2385	13	+	0.071	d6	0.57	-1	AGGAGGTAGGAGAG	-
ENSLCOT00000000042.1	2534	2548	13	+	0.071	d5	0.21	-1	AAGAACAAGGAAAA	-
ENSLCOT00000000042.1	2561	2578	14	+	0.18	d1d15	0.41	-1	GCAAAGAGGGAAAAGTG	-
ENSLCOT00000000042.1	2585	2608	21	+	0.087	d8d12	0.48	-1	GAGGAAGACAGGTAAGAGAAGGG	-
ENSLCOT00000000042.1	832	846	13	-	0.071	d8	0.29	-1	AAGAATGAAGGAAA	-
ENSLCOT00000000042.1	1210	1227	13	-	0.24	d2d14	0.29	-1	AATGAGAAGAAAGACAG	-
ENSLCOT00000000042.1	3271	3286	14	-	0.067	d6	0.4	-1	GGAAAAGGCAAGGAA	-
ENSLCOT00000000093.1	2255	2273	17	+	0.056	d14	0.67	-1	GGGGAGGGAGGAGATGGA	-
ENSLCOT00000000093.1	2654	2668	13	+	0.071	d9	0.5	-1	AGGGAAGGACAGAG	-
ENSLCOT00000000093.1	2691	2711	13	+	0.35	d1d14	0.55	-1	GTGGAGAAGGGGAGCAGAGA	-
ENSLCOT00000000093.1	2855	2873	17	+	0.056	d4	0.61	-1	GGGGTGGGAGAAGGAAAG	-
ENSLCOT00000000093.1	3112	3127	14	+	0.067	d6	0.53	-1	GGGAAGCAGAAGAGG	-
ENSLCOT00000000093.1	3187	3202	14	+	0.067	d13	0.67	-1	GGGAGGAGGAGAGTG	-
ENSLCOT00000000093.1	3253	3280	25	+	0.074	d4d16	0.67	-1	GGGATGGGGAGGGGGGTGAGAGGGAAA	-
ENSLCOT00000000093.1	792	808	15	-	0.062	d9	0.56	-1	AGAAGGCGGAGGAGAG	-
ENSLCOT00000000093.1	1302	1325	21	-	0.087	d13d21	0.57	-1	ACGGGGAAGTAGAGGAGGAGGGA	-
ENSLCOT00000000103.1	792	808	15	-	0.062	d9	0.56	-1	AGAAGGCGGAGGAGAG	-
ENSLCOT00000000103.1	1311	1334	21	-	0.087	d13d21	0.57	-1	ACGGGGAAGTAGAGGAGGAGGGA	-
ENSLCOT00000000169.1	750	766	15	-	0.062	d9	0.56	-1	AGAAGGCGGAGGAGAG	-
ENSLCOT00000000249.1	1207	1225	17	-	0.056	d15	0.67	-1	GGTAGAGGGGGAGGAAGG	-
ENSLCOT00000000259.1	1387	1405	17	-	0.056	d15	0.67	-1	GGTAGAGGGGGAGGAAGG	-
ENSLCOT00000000260.1	64	80	15	+	0.062	d4	0.56	-1	GGGACAAAGGGGAGAG	-
ENSLCOT00000000260.1	192	207	15	+	0		0.67	-1	GGGAGGGAGGAAGAG	-
ENSLCOT00000000260.1	1453	1471	17	-	0.056	d15	0.67	-1	GGTAGAGGGGGAGGAAGG	-
