# Duplex-ID	Start	End	Score	Strand	Error-rate	Errors	Guanine-rate	Duplicates	TTS	Duplicate locations
ENSLCOT00000000041.1	1101	1116	13	+	0.13	d8	0.53	1	GGAGAAAATGGGGGA	-
ENSLCOT00000000041.1	2318	2332	13	+	0.071	d4	0.64	2	AGGATGGAGGGGAG	-
ENSLCOT00000000041.1	2855	2865	10	+	0		0.5	2	GAAGGAAGAG	-
ENSLCOT00000000041.1	3812	3828	13	+	0.19	d8	0.56	2	AGGAGGAACAGGGGAG	-
ENSLCOT00000000041.1	4998	5014	13	+	0.19	d7	0.56	2	GGGGAAATGGAAAGGG	-
ENSLCOT00000000041.1	5043	5054	10	+	0.091		0.45	2	AGAGAGGAAGA	-
ENSLCOT00000000041.1	5258	5271	12	+	0.077	d9	0.62	2	AGGGGAGAACGGG	-
ENSLCOT00000000041.1	5574	5587	12	+	0.077	d3	0.54	2	GGACAGGGAAGGA	-
ENSLCOT00000000041.1	7098	7108	10	+	0		0.5	2	GGAGAAAGAG	-
ENSLCOT00000000041.1	7530	7543	12	+	0.077	d10	0.62	2	GGGAAAGGGGTGA	-
ENSLCOT00000000041.1	7662	7678	13	+	0.19	d1d14	0.5	2	GTGGAGGGAAAGGACA	-
ENSLCOT00000000041.1	7884	7894	10	+	0		0.5	2	GAGGAAAAGG	-
ENSLCOT00000000041.1	7961	7981	13	+	0.35	d6d18	0.5	2	AAGAGATGGAGAGGAAGGCG	-
ENSLCOT00000000041.1	7998	8010	12	+	0		0.5	2	GGAGAAAAGAGG	-
ENSLCOT00000000041.1	4457	4472	13	-	0.13	d1	0.53	2	AAGGAGGAAGGAGCG	-
ENSLCOT00000000041.1	7429	7442	10	-	0.23		0.46	2	AGGGAAAGGAAAG	-
ENSLCOT00000000044.1	822	837	13	+	0.13	d8	0.53	1	GGAGAAAATGGGGGA	-
ENSLCOT00000000044.1	2039	2053	13	+	0.071	d4	0.64	2	AGGATGGAGGGGAG	-
ENSLCOT00000000044.1	2576	2586	10	+	0		0.5	2	GAAGGAAGAG	-
ENSLCOT00000000044.1	3533	3549	13	+	0.19	d8	0.56	2	AGGAGGAACAGGGGAG	-
ENSLCOT00000000044.1	4719	4735	13	+	0.19	d7	0.56	2	GGGGAAATGGAAAGGG	-
ENSLCOT00000000044.1	4764	4775	10	+	0.091		0.45	2	AGAGAGGAAGA	-
ENSLCOT00000000044.1	4979	4992	12	+	0.077	d9	0.62	2	AGGGGAGAACGGG	-
ENSLCOT00000000044.1	5295	5308	12	+	0.077	d3	0.54	2	GGACAGGGAAGGA	-
ENSLCOT00000000044.1	6819	6829	10	+	0		0.5	2	GGAGAAAGAG	-
ENSLCOT00000000044.1	7251	7264	12	+	0.077	d10	0.62	2	GGGAAAGGGGTGA	-
ENSLCOT00000000044.1	7383	7399	13	+	0.19	d1d14	0.5	2	GTGGAGGGAAAGGACA	-
ENSLCOT00000000044.1	7605	7615	10	+	0		0.5	2	GAGGAAAAGG	-
ENSLCOT00000000044.1	7682	7702	13	+	0.35	d6d18	0.5	2	AAGAGATGGAGAGGAAGGCG	-
ENSLCOT00000000044.1	7719	7731	12	+	0		0.5	2	GGAGAAAAGAGG	-
ENSLCOT00000000044.1	4178	4193	13	-	0.13	d1	0.53	2	AAGGAGGAAGGAGCG	-
ENSLCOT00000000044.1	7150	7163	10	-	0.23		0.46	2	AGGGAAAGGAAAG	-
ENSLCOT00000000056.1	1763	1777	13	+	0.071	d4	0.64	2	AGGATGGAGGGGAG	-
ENSLCOT00000000056.1	2300	2310	10	+	0		0.5	2	GAAGGAAGAG	-
ENSLCOT00000000056.1	3257	3273	13	+	0.19	d8	0.56	2	AGGAGGAACAGGGGAG	-
ENSLCOT00000000056.1	4443	4459	13	+	0.19	d7	0.56	2	GGGGAAATGGAAAGGG	-
ENSLCOT00000000056.1	4488	4499	10	+	0.091		0.45	2	AGAGAGGAAGA	-
ENSLCOT00000000056.1	4703	4716	12	+	0.077	d9	0.62	2	AGGGGAGAACGGG	-
ENSLCOT00000000056.1	5019	5032	12	+	0.077	d3	0.54	2	GGACAGGGAAGGA	-
ENSLCOT00000000056.1	6543	6553	10	+	0		0.5	2	GGAGAAAGAG	-
ENSLCOT00000000056.1	6975	6988	12	+	0.077	d10	0.62	2	GGGAAAGGGGTGA	-
ENSLCOT00000000056.1	7107	7123	13	+	0.19	d1d14	0.5	2	GTGGAGGGAAAGGACA	-
ENSLCOT00000000056.1	7329	7339	10	+	0		0.5	2	GAGGAAAAGG	-
ENSLCOT00000000056.1	7406	7426	13	+	0.35	d6d18	0.5	2	AAGAGATGGAGAGGAAGGCG	-
ENSLCOT00000000056.1	7443	7455	12	+	0		0.5	2	GGAGAAAAGAGG	-
ENSLCOT00000000056.1	3902	3917	13	-	0.13	d1	0.53	2	AAGGAGGAAGGAGCG	-
ENSLCOT00000000056.1	6874	6887	10	-	0.23		0.46	2	AGGGAAAGGAAAG	-
ENSLCOT00000000007.1	86	96	10	+	0		0.6	1	GGGGAAGAAG	-
ENSLCOT00000000007.1	321	335	13	+	0.071	d8	0.57	0	GAGGAGGGCGAGAA	-
ENSLCOT00000000007.1	824	838	13	+	0.071	d1	0.57	0	GCAGGAGAAGGGGA	-
ENSLCOT00000000007.1	877	895	13	+	0.28	d6	0.56	0	GGGAGGTGAAGAAGGAAG	-
ENSLCOT00000000007.1	924	946	13	+	0.41	d2d20	0.59	0	AGCGAGGAGGAGAGGAAGGGCG	-
ENSLCOT00000000007.1	983	1004	13	+	0.38	d2d19	0.57	0	GGTGAAGGAGGAAGAGGAGCG	-
ENSLCOT00000000007.1	1006	1021	13	+	0.13	d12	0.6	0	GGAGGAGGAAGGTGA	-
ENSLCOT00000000007.1	1026	1036	10	+	0		0.6	1	AAGGAGGAGG	-
ENSLCOT00000000007.1	1049	1066	13	+	0.24	d11	0.53	0	GGAAGAGGAGGCGAAAG	-
ENSLCOT00000000007.1	1173	1196	14	+	0.39	d18	0.57	0	GAGGAGGAAGAGGAGGAGCAGGA	-
ENSLCOT00000000007.1	1220	1239	14	+	0.26	d14	0.47	0	GGAAAGGAAGAAGGCAGAG	-
ENSLCOT00000000007.1	1341	1357	10	+	0.38	d12	0.44	0	AAGAGAGGGAAATGGA	-
ENSLCOT00000000007.1	1427	1441	13	+	0.071	d5	0.5	0	AGAAGTGGGAGAAG	-
ENSLCOT00000000007.1	1535	1556	13	+	0.38	d2d16	0.48	0	AATGGAAGAGGAGGAGCAGGA	-
ENSLCOT00000000007.1	1866	1889	13	+	0.43	d8d21	0.57	0	GGGGAGGACGAAGAGGAGGGACA	-
ENSLCOT00000000007.1	2169	2185	13	+	0.19	d8	0.56	0	GGAGAAGATGGGGAGA	-
ENSLCOT00000000007.1	2201	2222	13	+	0.38	d6d15	0.62	0	GGAAGATGAGGGGGGCGAGGA	-
ENSLCOT00000000007.1	2234	2249	13	+	0.13	d5	0.47	0	AGGAACAGAGGAGGA	-
ENSLCOT00000000007.1	2690	2700	10	+	0		0.7	1	GAGGAAGGGG	-
ENSLCOT00000000007.1	2771	2786	13	+	0.13	d3	0.53	0	GGATGAGGAGGAGAA	-
ENSLCOT00000000007.1	28	42	13	-	0.071	d2	0.64	0	AAAGGGAGGGGCGG	-
ENSLCOT00000000007.1	260	278	14	-	0.22	d3	0.56	0	GGAGAAGGGAGGAGTGAA	-
ENSLCOT00000000007.1	463	489	14	-	0.46	d2	0.62	0	AGAGGAGGAAGAGGAGGAGGGGGCAG	-
ENSLCOT00000000007.1	2085	2099	13	-	0.071	d8	0.57	0	AGAGGCAAGGGAGG	-
ENSLCOT00000000004.1	292	307	13	+	0.13	d2	0.47	0	GGCAAAGAGAAGGGA	-
ENSLCOT00000000005.1	25	39	13	+	0.071	d9	0.57	1	GGAGAGGAGCAGGA	-
ENSLCOT00000000006.1	167	178	10	+	0.091		0.45	0	AGGAAGGAAGA	-
ENSLCOT00000000006.1	529	543	13	+	0.071	d7	0.5	0	GGGGAAGTGAAAGA	-
ENSLCOT00000000006.1	1044	1054	10	+	0		0.5	0	GAGAGAAGGA	-
ENSLCOT00000000006.1	198	210	12	-	0		0.5	0	AAGGAGAGAAGG	-
ENSLCOT00000000006.1	774	787	12	-	0.077	d5	0.62	0	GGAGAGGTAGGAG	-
ENSLCOT00000000009.1	32	49	13	+	0.24	d12	0.71	0	GGAGGAGGAGAGCGGGG	-
ENSLCOT00000000009.1	110	126	13	-	0.19	d11	0.56	0	GAAGCAGAGGGAGGAG	-
ENSLCOT00000000009.1	1280	1294	13	-	0.071	d11	0.57	0	GGTAGAAGAGGGAG	-
ENSLCOT00000000445.1	758	775	13	+	0.24	d1d15	0.47	2	GCAGAAGGAGGAAGATG	-
ENSLCOT00000000445.1	780	802	13	+	0.41	d7d17	0.55	2	AAGGGGGTGAAAGGGAATGGGA	-
ENSLCOT00000000445.1	1757	1770	12	+	0.077	d4	0.54	2	GGAGTGGGAGAAA	-
ENSLCOT00000000445.1	1991	2004	13	+	0		0.54	2	GGAGAAGAAGGAG	-
ENSLCOT00000000445.1	2213	2230	13	+	0.24	d7	0.53	2	GAAGGAGCAGGAAGGGA	-
ENSLCOT00000000445.1	2268	2283	13	+	0.13	d7	0.6	2	AAGGAGGTGGAGGAG	-
ENSLCOT00000000445.1	2549	2559	10	+	0		0.6	0	GGGAAAGGAG	-
ENSLCOT00000000445.1	2735	2757	14	+	0.36	d18	0.45	2	GAAGAAAGAGAGGGAAAGCAGG	-
ENSLCOT00000000445.1	2792	2805	12	+	0.077	d1	0.54	2	GCAGGAGGAAGAG	-
ENSLCOT00000000445.1	3248	3261	12	+	0.077	d6	0.62	2	AGGAGGTGGGGAA	-
ENSLCOT00000000484.1	758	775	13	+	0.24	d1d15	0.47	2	GCAGAAGGAGGAAGATG	-
ENSLCOT00000000484.1	780	802	13	+	0.41	d7d17	0.55	2	AAGGGGGTGAAAGGGAATGGGA	-
ENSLCOT00000000484.1	1772	1785	12	+	0.077	d4	0.54	2	GGAGTGGGAGAAA	-
ENSLCOT00000000484.1	2006	2019	13	+	0		0.54	2	GGAGAAGAAGGAG	-
ENSLCOT00000000484.1	2228	2245	13	+	0.24	d7	0.53	2	GAAGGAGCAGGAAGGGA	-
ENSLCOT00000000484.1	2283	2298	13	+	0.13	d7	0.6	2	AAGGAGGTGGAGGAG	-
ENSLCOT00000000484.1	2657	2679	14	+	0.36	d18	0.45	2	GAAGAAAGAGAGGGAAAGCAGG	-
ENSLCOT00000000484.1	2714	2727	12	+	0.077	d1	0.54	2	GCAGGAGGAAGAG	-
ENSLCOT00000000484.1	3170	3183	12	+	0.077	d6	0.62	2	AGGAGGTGGGGAA	-
ENSLCOT00000000489.1	758	775	13	+	0.24	d1d15	0.47	2	GCAGAAGGAGGAAGATG	-
ENSLCOT00000000489.1	780	802	13	+	0.41	d7d17	0.55	2	AAGGGGGTGAAAGGGAATGGGA	-
ENSLCOT00000000489.1	1742	1755	12	+	0.077	d4	0.54	2	GGAGTGGGAGAAA	-
ENSLCOT00000000489.1	1976	1989	13	+	0		0.54	2	GGAGAAGAAGGAG	-
ENSLCOT00000000489.1	2198	2215	13	+	0.24	d7	0.53	2	GAAGGAGCAGGAAGGGA	-
ENSLCOT00000000489.1	2253	2268	13	+	0.13	d7	0.6	2	AAGGAGGTGGAGGAG	-
ENSLCOT00000000489.1	2654	2676	14	+	0.36	d18	0.45	2	GAAGAAAGAGAGGGAAAGCAGG	-
ENSLCOT00000000489.1	2711	2724	12	+	0.077	d1	0.54	2	GCAGGAGGAAGAG	-
ENSLCOT00000000489.1	3167	3180	12	+	0.077	d6	0.62	2	AGGAGGTGGGGAA	-
ENSLCOT00000000017.1	612	632	13	+	0.35	d9	0.65	0	GGGGGGAAGTGGAAGGAGAG	-
ENSLCOT00000000017.1	912	924	12	+	0		0.5	0	AAGGAAGGGAAG	-
ENSLCOT00000000017.1	930	940	10	+	0		0.6	1	AAGGAGGAGG	-
ENSLCOT00000000017.1	997	1010	12	+	0.077	d10	0.54	0	AGAGGAAGGATGG	-
ENSLCOT00000000881.1	738	751	12	+	0.077	d2	0.69	2	AGCGAGGGGGAGG	-
ENSLCOT00000000881.1	1395	1408	12	+	0.077	d10	0.62	2	GAGGAGGAGGTGA	-
ENSLCOT00000000881.1	2315	2328	12	+	0.077	d10	0.69	1	GGGAGGGGGACAG	-
ENSLCOT00000000881.1	2870	2889	13	+	0.32	d5	0.63	1	GGAGGTGGGAAGAGAGGAG	-
ENSLCOT00000000881.1	2913	2926	12	+	0.077	d8	0.69	1	GAGGAGGGCGAGG	-
ENSLCOT00000000881.1	3830	3846	13	+	0.19	d14	0.69	1	GGGAGGGGAAGAGGCG	-
ENSLCOT00000000881.1	753	776	13	-	0.43	d6d18	0.52	2	GAGGCAGAGGGAAGGGCAAAGAG	-
ENSLCOT00000000881.1	959	979	13	-	0.35	d1d13	0.55	2	AGAGGGCGAAGAGGAAGGCG	-
ENSLCOT00000000881.1	1106	1120	13	-	0.071	d4	0.64	2	GGGAGAAGGCGAGG	-
ENSLCOT00000000881.1	1228	1247	13	-	0.32	d10	0.53	2	GAGGAGAACAGGGAGGAGA	-
ENSLCOT00000000881.1	1800	1815	13	-	0.13	d4	0.53	2	GGAGAGGAGATAGAG	-
ENSLCOT00000000881.1	2376	2390	13	-	0.071	d7	0.5	1	AGGAAGTAGGAGAG	-
ENSLCOT00000000881.1	2362	2375	12	-	0.077	d10	0.62	1	AGCAGGGGAGAGG	-
ENSLCOT00000000881.1	2690	2702	12	-	0		0.58	2	GGGAAGAGGAAG	-
ENSLCOT00000000921.1	555	568	12	+	0.077	d2	0.69	2	AGCGAGGGGGAGG	-
ENSLCOT00000000921.1	1212	1225	12	+	0.077	d10	0.62	2	GAGGAGGAGGTGA	-
ENSLCOT00000000921.1	2546	2565	13	+	0.32	d5	0.63	1	GGAGGTGGGAAGAGAGGAG	-
ENSLCOT00000000921.1	2589	2602	12	+	0.077	d8	0.69	1	GAGGAGGGCGAGG	-
ENSLCOT00000000921.1	3506	3522	13	+	0.19	d14	0.69	1	GGGAGGGGAAGAGGCG	-
ENSLCOT00000000921.1	570	593	13	-	0.43	d6d18	0.52	2	GAGGCAGAGGGAAGGGCAAAGAG	-
ENSLCOT00000000921.1	776	796	13	-	0.35	d1d13	0.55	2	AGAGGGCGAAGAGGAAGGCG	-
ENSLCOT00000000921.1	923	937	13	-	0.071	d4	0.64	2	GGGAGAAGGCGAGG	-
ENSLCOT00000000921.1	1045	1064	13	-	0.32	d10	0.53	2	GAGGAGAACAGGGAGGAGA	-
ENSLCOT00000000921.1	1548	1563	13	-	0.13	d4	0.53	2	GGAGAGGAGATAGAG	-
ENSLCOT00000000921.1	2366	2378	12	-	0		0.58	2	GGGAAGAGGAAG	-
ENSLCOT00000000946.1	555	568	12	+	0.077	d2	0.69	2	AGCGAGGGGGAGG	-
ENSLCOT00000000946.1	1212	1225	12	+	0.077	d10	0.62	2	GAGGAGGAGGTGA	-
ENSLCOT00000000946.1	2126	2139	12	+	0.077	d10	0.69	1	GGGAGGGGGACAG	-
ENSLCOT00000000946.1	570	593	13	-	0.43	d6d18	0.52	2	GAGGCAGAGGGAAGGGCAAAGAG	-
ENSLCOT00000000946.1	776	796	13	-	0.35	d1d13	0.55	2	AGAGGGCGAAGAGGAAGGCG	-
ENSLCOT00000000946.1	923	937	13	-	0.071	d4	0.64	2	GGGAGAAGGCGAGG	-
ENSLCOT00000000946.1	1045	1064	13	-	0.32	d10	0.53	2	GAGGAGAACAGGGAGGAGA	-
ENSLCOT00000000946.1	1617	1632	13	-	0.13	d4	0.53	2	GGAGAGGAGATAGAG	-
ENSLCOT00000000946.1	2187	2201	13	-	0.071	d7	0.5	1	AGGAAGTAGGAGAG	-
ENSLCOT00000000946.1	2173	2186	12	-	0.077	d10	0.62	1	AGCAGGGGAGAGG	-
ENSLCOT00000000946.1	2501	2513	12	-	0		0.58	2	GGGAAGAGGAAG	-
ENSLCOT00000000013.1	755	768	12	+	0.077	d10	0.69	0	GGGAGGGAGGTGA	-
ENSLCOT00000000013.1	843	863	13	+	0.35	d5d17	0.6	0	AGGGATGGGAGGGAGAGCGA	-
ENSLCOT00000000013.1	941	954	10	+	0.23		0.46	0	AGAGAAAGGGAAG	-
ENSLCOT00000000013.1	979	993	13	+	0.071	d6	0.57	0	AGGGGATGAAGGGA	-
ENSLCOT00000000012.1	142	154	12	+	0		0.5	0	GAAGGAAAAGGG	-
ENSLCOT00000000012.1	1130	1146	13	+	0.19	d3	0.62	0	GAGCAGGAGGGGAAGG	-
ENSLCOT00000000012.1	1507	1523	13	+	0.19	d3	0.56	0	GGGCGAGAGGAAGAAG	-
ENSLCOT00000000012.1	2553	2563	10	+	0		0.6	1	AGAAGGGAGG	-
ENSLCOT00000000012.1	2695	2709	12	+	0.14	d9	0.71	0	GGGAGGGAGCGGAG	-
ENSLCOT00000000012.1	2871	2884	12	+	0.077	d8	0.69	0	GGAGGGAGCGGGA	-
ENSLCOT00000000012.1	2901	2921	12	+	0.4	d6d17	0.65	0	GGAGGGCAGGGAGGAGGTGA	-
ENSLCOT00000000012.1	508	521	12	-	0.077	d11	0.54	0	GCGGGAGAAGAAG	-
ENSLCOT00000000012.1	2463	2476	12	-	0.077	d9	0.62	0	GGGTGGAAGAGGA	-
ENSLCOT00000000012.1	3088	3126	12	-	0.68	d4d14d24d36	0.53	0	ATGGGGGAGAGAGTGAAGAGGGATGGAGGAAGACAGGA	-
ENSLCOT00000000078.1	220	230	10	+	0		0.5	2	GGAAAAGGAG	-
ENSLCOT00000000078.1	712	726	13	+	0.071	d7	0.5	0	GAGAGGATGAAGAG	-
ENSLCOT00000000078.1	3045	3055	10	+	0		0.5	0	GAGAAAGGAG	-
ENSLCOT00000000078.1	3499	3510	10	+	0.091		0.45	0	AGAAGGGAGAA	-
ENSLCOT00000000078.1	3693	3703	10	+	0		0.5	0	GAGGAAGGAA	-
ENSLCOT00000000078.1	3801	3815	13	+	0.071	d5	0.64	0	GGAGGTGGAGAGGA	-
ENSLCOT00000000070.1	1247	1264	12	+	0.29	d1d13	0.47	2	ATGGAGGAGAGGACGAA	-
ENSLCOT00000000130.1	1121	1138	12	+	0.29	d1d13	0.47	2	ATGGAGGAGAGGACGAA	-
ENSLCOT00000000131.1	1361	1378	12	+	0.29	d1d13	0.47	2	ATGGAGGAGAGGACGAA	-
ENSLCOT00000000131.1	56	66	10	-	0		0.5	0	AGGAGAGAGA	-
ENSLCOT00000000131.1	11	29	14	-	0.22		0.5	0	GAGAAGGAGAGGGAAAAG	-
ENSLCOT00000000069.1	1179	1189	10	+	0		0.5	0	GAGAAGAGAG	-
ENSLCOT00000000069.1	1495	1513	14	+	0.22		0.56	0	GGGAGGAAGAGGAAGAGA	-
ENSLCOT00000000069.1	692	706	13	-	0.071	d5	0.64	0	GAGAGAGGTGGGAG	-
ENSLCOT00000000069.1	1009	1020	11	-	0		0.64	0	GGAGAGAGAGG	-
ENSLCOT00000000025.1	82	96	13	-	0.071	d11	0.57	0	GATGGGGAGAGGAA	-
ENSLCOT00000000043.1	173	186	12	+	0.077	d2	0.54	0	GACAGAGGAGAGG	-
ENSLCOT00000000043.1	393	414	13	+	0.38	d6	0.48	0	GGGAAATGGGGAAAAGAAGAG	-
ENSLCOT00000000043.1	486	508	14	+	0.36		0.5	0	AGAGAAAAGGAGGGGAGAAAGG	-
ENSLCOT00000000043.1	67	82	13	-	0.13	d10	0.47	0	GGAATAAAGGGAGGA	-
ENSLCOT00000000016.1	872	885	12	+	0.077	d9	0.69	0	GGAAGGGGGTAGG	-
ENSLCOT00000000016.1	970	984	13	+	0.071	d4	0.5	0	GGAGCAAAGGAAGG	-
ENSLCOT00000000323.1	4	45	12	+	0.71	d2d13d22d33	0.63	0	GGTGGGAGAGGAGCAGGAGGGATGGAAGAGGGGCAGGAGGG	-
ENSLCOT00000000323.1	617	637	13	+	0.35	d4d15	0.55	0	GGAACAGGGAGGGGACAGGA	-
ENSLCOT00000000323.1	741	754	12	+	0.077	d3	0.54	1	AAGCAGGGAGAGG	-
ENSLCOT00000000323.1	1103	1116	12	+	0.077	d7	0.62	1	GGAGGAGTGGAAG	-
ENSLCOT00000000323.1	1835	1863	13	+	0.54	d25	0.68	1	GGAGGAGGAGGAGGAGGAGGAGGAGCGG	-
ENSLCOT00000000323.1	2128	2172	12	+	0.73	d8d22d38	0.68	1	GGAGGAGGCGGGAGGAGGAGGATGGGGAGGAGGAAGGGCGGAGG	-
ENSLCOT00000000323.1	2748	2769	13	+	0.38	d3d18	0.62	1	AAGCGGGAGGAGGAGGAGCGG	-
ENSLCOT00000000323.1	2870	2885	13	+	0.13	d3	0.53	1	GAGCAAAGGGAAGGG	-
ENSLCOT00000000323.1	3340	3359	12	+	0.37	d3d16	0.68	1	GGGCGGAGGAGGAGAGCGG	-
ENSLCOT00000000323.1	1312	1329	13	-	0.24	d5	0.59	1	GAGGAGGAAGACGAGGG	-
ENSLCOT00000000323.1	2329	2339	10	-	0		0.7	1	AGGGGGAAGG	-
ENSLCOT00000000346.1	57	70	12	+	0.077	d9	0.62	0	GGGGAGGAGCGAA	-
ENSLCOT00000000346.1	456	469	12	+	0.077	d3	0.54	1	AAGCAGGGAGAGG	-
ENSLCOT00000000346.1	818	831	12	+	0.077	d7	0.62	1	GGAGGAGTGGAAG	-
ENSLCOT00000000346.1	1550	1578	13	+	0.54	d25	0.68	1	GGAGGAGGAGGAGGAGGAGGAGGAGCGG	-
ENSLCOT00000000346.1	1843	1887	12	+	0.73	d8d22d38	0.68	1	GGAGGAGGCGGGAGGAGGAGGATGGGGAGGAGGAAGGGCGGAGG	-
ENSLCOT00000000346.1	2463	2484	13	+	0.38	d3d18	0.62	1	AAGCGGGAGGAGGAGGAGCGG	-
ENSLCOT00000000346.1	2585	2600	13	+	0.13	d3	0.53	1	GAGCAAAGGGAAGGG	-
ENSLCOT00000000346.1	3016	3035	12	+	0.37	d3d16	0.68	1	GGGCGGAGGAGGAGAGCGG	-
ENSLCOT00000000346.1	1027	1044	13	-	0.24	d5	0.59	1	GAGGAGGAAGACGAGGG	-
ENSLCOT00000000346.1	2044	2054	10	-	0		0.7	1	AGGGGGAAGG	-
ENSLCOT00000000018.1	809	823	13	+	0.071	d5	0.5	1	AGAAATGGAGAGGG	-
ENSLCOT00000000018.1	1113	1126	12	+	0.077	d2	0.54	1	GATGGGAGGAAGA	-
ENSLCOT00000000018.1	1344	1359	14	+	0.067		0.6	0	GAGGGGAAGAAGGAG	-
ENSLCOT00000000018.1	115	125	10	-	0		0.5	1	AAAGGGAGAG	-
ENSLCOT00000000035.1	809	823	13	+	0.071	d5	0.5	1	AGAAATGGAGAGGG	-
ENSLCOT00000000035.1	1113	1126	12	+	0.077	d2	0.54	1	GATGGGAGGAAGA	-
ENSLCOT00000000035.1	115	125	10	-	0		0.5	1	AAAGGGAGAG	-
ENSLCOT00000000014.1	53	68	13	+	0.13	d4	0.67	0	GGAGCAGGAGGGGAG	-
ENSLCOT00000000014.1	175	199	13	+	0.46	d10d16	0.54	0	GAGGAAGGAGCGGAAGCAGGAAGG	-
ENSLCOT00000000014.1	233	254	10	+	0.52	d19	0.43	0	AGAAAAGGGGAAGAGGAGATA	-
ENSLCOT00000000014.1	278	295	13	+	0.24	d1	0.47	0	ACGAGAAGGAGAGGGAA	-
ENSLCOT00000000014.1	312	327	13	+	0.13	d2	0.53	0	GATGAGAGAGAGGAG	-
ENSLCOT00000000014.1	1424	1446	12	+	0.45	d14	0.55	0	GAGAGGGAAAGAAATGGGGAGG	-
ENSLCOT00000000014.1	1558	1571	12	+	0.077	d7	0.54	0	AGAGGGACAGAGG	-
ENSLCOT00000000014.1	2631	2645	13	+	0.071	d1	0.5	0	ATGAAGGAGAGGAG	-
ENSLCOT00000000014.1	2680	2693	12	+	0.077	d6	0.54	0	AGAGGATGGAGAG	-
ENSLCOT00000000014.1	3593	3614	13	+	0.38	d13	0.57	0	GAGGGAGGGAAAATGGGGGAA	-
ENSLCOT00000000014.1	375	389	14	-	0		0.5	0	AAAGAGAGGGAGAG	-
ENSLCOT00000000014.1	454	467	13	-	0		0.54	0	GGGGGAAGAGAAA	-
ENSLCOT00000000014.1	607	623	14	-	0.12	d1	0.56	0	GGAAGGAGAAGAGGTG	-
ENSLCOT00000000014.1	773	797	13	-	0.46	d21	0.5	0	AGCAGGAGAGGAGGAGGAAGAAGA	-
ENSLCOT00000000014.1	4451	4465	13	-	0.071	d4	0.5	0	GAAAGAGGATGAGG	-
ENSLCOT00000000034.1	56	71	14	+	0.067		0.6	0	GAAGGAGGAGAGGAG	-
ENSLCOT00000000034.1	155	169	12	+	0.14	d8	0.71	0	GGAGGGGGTGGAAG	-
ENSLCOT00000000251.1	394	404	10	+	0		0.7	1	GGAAGGGAGG	-
ENSLCOT00000000251.1	938	948	10	+	0		0.6	1	AGAGGGGGAA	-
ENSLCOT00000000251.1	969	984	13	+	0.13	d10	0.53	1	GGGGAAGAAATGGAG	-
ENSLCOT00000000251.1	3590	3609	13	+	0.32	d4d14	0.58	1	GGGACAAGAAGGGGTGGAG	-
ENSLCOT00000000251.1	4341	4358	13	+	0.24	d3	0.47	1	AAGCAGGAGAGGAGAAG	-
ENSLCOT00000000251.1	6533	6557	14	+	0.42	d20	0.5	1	GAGAGGAGAAGAGGAAGAAGTGGA	-
ENSLCOT00000000251.1	9392	9404	12	+	0		0.58	1	GGAAGGAGAAGG	-
ENSLCOT00000000251.1	9995	10009	13	+	0.071	d8	0.57	2	GGAGAAGGCAGGAG	-
ENSLCOT00000000251.1	6	20	13	-	0.071	d10	0.64	0	GGATGAGGGGAAGG	-
ENSLCOT00000000251.1	155	168	13	-	0		0.54	1	AGAAAAGGAGGGG	-
ENSLCOT00000000251.1	1745	1759	13	-	0.071	d8	0.5	1	GGGAGTAAGAGGAA	-
ENSLCOT00000000251.1	1989	2010	13	-	0.38	d18	0.43	1	AGTGGAAAAGGAGGGAAAAGA	-
ENSLCOT00000000251.1	2396	2411	13	-	0.13	d12	0.47	1	AGTGGAGAGGAAAGA	-
ENSLCOT00000000251.1	8881	8894	12	-	0.077	d2	0.54	1	AAAGAGAGGGTGG	-
ENSLCOT00000000255.1	226	236	10	+	0		0.7	1	GGAAGGGAGG	-
ENSLCOT00000000255.1	770	780	10	+	0		0.6	1	AGAGGGGGAA	-
ENSLCOT00000000255.1	801	816	13	+	0.13	d10	0.53	1	GGGGAAGAAATGGAG	-
ENSLCOT00000000255.1	3422	3441	13	+	0.32	d4d14	0.58	1	GGGACAAGAAGGGGTGGAG	-
ENSLCOT00000000255.1	4173	4190	13	+	0.24	d3	0.47	1	AAGCAGGAGAGGAGAAG	-
ENSLCOT00000000255.1	6365	6389	14	+	0.42	d20	0.5	1	GAGAGGAGAAGAGGAAGAAGTGGA	-
ENSLCOT00000000255.1	9224	9236	12	+	0		0.58	1	GGAAGGAGAAGG	-
ENSLCOT00000000255.1	9650	9664	13	+	0.071	d8	0.57	2	GGAGAAGGCAGGAG	-
ENSLCOT00000000255.1	1577	1591	13	-	0.071	d8	0.5	1	GGGAGTAAGAGGAA	-
ENSLCOT00000000255.1	1821	1842	13	-	0.38	d18	0.43	1	AGTGGAAAAGGAGGGAAAAGA	-
ENSLCOT00000000255.1	2228	2243	13	-	0.13	d12	0.47	1	AGTGGAGAGGAAAGA	-
ENSLCOT00000000255.1	8713	8726	12	-	0.077	d2	0.54	1	AAAGAGAGGGTGG	-
ENSLCOT00000000281.1	788	802	13	+	0.071	d8	0.57	2	GGAGAAGGCAGGAG	-
ENSLCOT00000000030.1	632	646	13	+	0.071	d4	0.5	0	GGGACAAGGAAGGA	-
ENSLCOT00000000030.1	1704	1718	13	+	0.071	d1	0.64	0	GCGGGAGGAGAAGG	-
ENSLCOT00000000030.1	2660	2670	10	+	0		0.5	1	AAGGAGAGAG	-
ENSLCOT00000000030.1	3407	3419	12	+	0		0.5	0	GGGAAAAAGGGA	-
ENSLCOT00000000030.1	3482	3494	12	+	0		0.5	0	AGAGGGAGGAAA	-
ENSLCOT00000000030.1	3696	3714	14	+	0.22	d15	0.5	0	AAAGGGAGGAGGAGGCAA	-
ENSLCOT00000000030.1	3737	3751	13	+	0.071	d9	0.5	0	GGAGAAGGACAGAG	-
ENSLCOT00000000030.1	3883	3895	12	+	0		0.5	0	AGAGAAGGAAGG	-
ENSLCOT00000000030.1	4064	4081	13	+	0.24	d1d15	0.53	0	GTAGAGGAAGGGGAATG	-
ENSLCOT00000000030.1	4112	4125	12	+	0.077	d3	0.69	0	AGGTAGGAGGGGG	-
ENSLCOT00000000030.1	4605	4615	10	+	0		0.5	0	GGAAAAGGGA	-
ENSLCOT00000000030.1	5248	5261	12	+	0.077	d5	0.69	0	GGGAGTAGGAGGG	-
ENSLCOT00000000030.1	5532	5545	12	+	0.077	d1	0.54	0	ATGGGAGAGGGAA	-
ENSLCOT00000000030.1	5935	5948	12	+	0.077	d5	0.62	0	GGGGACGAGGAGA	-
ENSLCOT00000000030.1	906	919	12	-	0.077	d3	0.69	0	GGGAGGGAACGGG	-
ENSLCOT00000000030.1	2592	2611	13	-	0.32	d4d15	0.53	0	GGACAGGAGGAGGACAGGA	-
ENSLCOT00000000030.1	3977	4000	13	-	0.43	d8d14	0.52	0	AGGGAAGGTGGGAGTAAAGGAGA	-
ENSLCOT00000000030.1	4695	4718	12	-	0.48	d9d15	0.52	0	AGGGGAGCAGGAATGGGAAAGGA	-
ENSLCOT00000000030.1	4882	4897	12	-	0.2		0.4	0	AAAGGAGAAGGGAAA	-
ENSLCOT00000000030.1	5821	5837	13	-	0.19	d14	0.56	0	GTGAAGAGGGAAGAGG	-
ENSLCOT00000000030.1	5702	5712	10	-	0		0.5	0	AGAGGGAAGA	-
ENSLCOT00000000030.1	6088	6106	10	-	0.44	d3	0.72	0	AGGGGAGGAGGGGACGGG	-
ENSLCOT00000000015.1	338	350	10	-	0.17		0.42	0	AAAGGAGGAGAA	-
ENSLCOT00000000024.1	250	260	10	-	0		0.7	1	AGGAGAGGGG	-
ENSLCOT00000000024.1	389	404	13	-	0.13	d6	0.53	1	AGGAAGAATGGGGAG	-
ENSLCOT00000000032.1	250	260	10	-	0		0.7	1	AGGAGAGGGG	-
ENSLCOT00000000032.1	389	404	13	-	0.13	d6	0.53	1	AGGAAGAATGGGGAG	-
ENSLCOT00000000021.1	196	206	10	-	0		0.5	1	AAGGAGAGGA	-
ENSLCOT00000000019.1	835	845	10	+	0		0.5	0	AAGAAGGGGA	-
ENSLCOT00000000019.1	2062	2075	12	+	0.077	d10	0.62	0	GGGAAGGGGACAG	-
ENSLCOT00000000019.1	2037	2055	12	-	0.33	d4d15	0.5	0	AATAAGGGGAGGGTAGAG	-
ENSLCOT00000000022.1	9	35	13	+	0.5	d4d23	0.5	0	AGAGTGAAAAGGGGAGAGGAGGGCAA	-
ENSLCOT00000000022.1	274	287	12	+	0.077	d2	0.54	0	GATGGAGAGAAGG	-
ENSLCOT00000000022.1	486	496	10	-	0		0.5	0	AAAAGGGAGG	-
ENSLCOT00000000039.1	936	950	13	-	0.071	d6	0.5	1	GGGGAGATGAAGAA	-
ENSLCOT00000000048.1	0	14	13	-	0.071	d6	0.5	1	GGGGAGATGAAGAA	-
ENSLCOT00000000402.1	731	751	13	+	0.35	d5d17	0.5	0	GAAGGCAGAGAAGGAGGTGA	-
ENSLCOT00000000402.1	164	179	13	-	0.13	d7	0.6	0	AGGAGGGTGAGGAAG	-
ENSLCOT00000000402.1	131	147	13	-	0.19	d10	0.5	0	GGAGATGAGGAAGAAG	-
ENSLCOT00000000402.1	502	518	13	-	0.19	d2	0.62	0	AAGAGGGGAGGGGCAG	-
ENSLCOT00000000402.1	434	454	13	-	0.35	d5d16	0.6	0	GGGTGGAGGAGAAGCGGAAG	-
ENSLCOT00000000402.1	632	645	12	-	0.077	d7	0.54	0	GGGGATGAAGAAG	-
ENSLCOT00000000402.1	890	903	12	-	0.077	d11	0.62	1	GTAGAGGGAGGAG	-
ENSLCOT00000000402.1	1030	1047	13	-	0.24	d8	0.59	0	GGAGGAGACGGAGGAGA	-
ENSLCOT00000000020.1	935	955	13	+	0.35	d3d14	0.6	0	AGACAGGAGGGAGGTGGAGG	-
ENSLCOT00000000353.1	370	383	12	+	0.077	d11	0.62	0	AGGGGAGGAAGTG	-
ENSLCOT00000000353.1	1010	1025	14	+	0.067		0.47	0	GAAAGAGGAGAAGGA	-
ENSLCOT00000000353.1	762	780	13	-	0.28	d1d13	0.61	0	GGAGTAGAAGGGGGGGTA	-
ENSLCOT00000000353.1	1051	1061	10	-	0		0.5	1	AAGGAGAGAG	-
ENSLCOT00000000026.1	855	865	10	+	0		0.6	1	GGGGAGAAAG	-
ENSLCOT00000000026.1	1523	1547	13	+	0.46	d5d14	0.5	0	GGAAGCAGAGAAGGCGAGAGGAGA	-
ENSLCOT00000000026.1	3371	3390	13	+	0.32	d12	0.53	0	AGGAGGGAAGGATGAGGAA	-
ENSLCOT00000000026.1	3947	3957	10	+	0		0.5	0	AGGAAAGGGA	-
ENSLCOT00000000026.1	4097	4112	13	+	0.13	d9	0.53	0	AGAGGAGGATGAGGA	-
ENSLCOT00000000026.1	4841	4855	13	+	0.071	d12	0.64	0	AGGAGAGGGAGGTG	-
ENSLCOT00000000026.1	6307	6327	13	+	0.35	d5	0.55	0	GGGGACGGAGGGAAGAAGAA	-
ENSLCOT00000000026.1	6408	6419	10	+	0.091		0.45	0	AAGGAAGGAGA	-
ENSLCOT00000000026.1	2015	2025	10	-	0		0.5	1	AGAAGAGGGA	-
ENSLCOT00000000026.1	2063	2075	12	-	0		0.5	0	AAAGGAAGGGGA	-
ENSLCOT00000000026.1	3922	3932	10	-	0		0.5	0	AGGGAAGAGA	-
ENSLCOT00000000026.1	5049	5059	10	-	0		0.5	0	AGAGAGAAGG	-
ENSLCOT00000000026.1	5344	5354	10	-	0		0.5	0	AGGAAGAGAG	-
ENSLCOT00000000026.1	5677	5691	13	-	0.071	d8	0.5	0	GGGAACAAGAAGGG	-
ENSLCOT00000000023.1	389	399	10	+	0		0.7	2	GGAGGAAGGG	-
ENSLCOT00000000023.1	1113	1127	13	+	0.071	d12	0.64	0	GGGGGAGAGAGGTA	-
ENSLCOT00000000023.1	1199	1212	12	+	0.077	d8	0.62	1	GGAGGAGACGGAG	-
ENSLCOT00000000023.1	1941	1954	13	-	0		0.69	0	GGGAGAGGGAAGG	-
ENSLCOT00000000027.1	490	505	12	+	0.2		0.47	0	GAAAAAGGGGAGAAG	-
ENSLCOT00000000027.1	1	16	12	-	0.2	d12	0.73	0	GGCGGAGGGAGGAGG	-
ENSLCOT00000000027.1	48	61	12	-	0.077	d3	0.62	0	AGGAGGGGGCGAA	-
ENSLCOT00000000027.1	22	47	13	-	0.48	d23	0.64	0	GCGGGAGGAGGGAAGGAAGGAGGGA	-
ENSLCOT00000000028.1	145	158	12	-	0.077	d2	0.69	2	GGGGGAAGGGCAG	-
ENSLCOT00000000029.1	144	158	14	+	0		0.5	0	AAAAGAGGAGGAGG	-
ENSLCOT00000000029.1	409	422	12	-	0.077	d2	0.69	2	GGGGGAAGGGCAG	-
ENSLCOT00000000038.1	274	287	12	-	0.077	d2	0.69	2	GGGGGAAGGGCAG	-
ENSLCOT00000000033.1	257	267	10	+	0		0.5	1	GGGAAAAGAG	-
ENSLCOT00000000033.1	307	321	13	+	0.071	d6	0.57	1	AGAGAGTGAGGAGG	-
ENSLCOT00000000033.1	492	503	10	+	0.091		0.45	1	AAAGGGAAGGA	-
ENSLCOT00000000033.1	132	146	13	-	0.071	d6	0.64	0	AGGGAAGTGGGGGA	-
ENSLCOT00000000033.1	282	297	13	-	0.13	d12	0.67	1	GACAGGAGGGGGGAG	-
ENSLCOT00000000033.1	332	345	13	-	0		0.62	1	GGAGAAGAGGAGG	-
ENSLCOT00000000033.1	660	674	13	-	0.071	d5	0.57	0	AGGGAGAGCAGGAG	-
ENSLCOT00000000033.1	1032	1046	13	-	0.071	d8	0.5	0	GGAGGTGAAAAGGA	-
ENSLCOT00000000045.1	96	106	10	+	0		0.5	1	GGGAAAAGAG	-
ENSLCOT00000000045.1	146	160	13	+	0.071	d6	0.57	1	AGAGAGTGAGGAGG	-
ENSLCOT00000000045.1	276	287	10	+	0.091		0.45	1	AAAGGGAAGGA	-
ENSLCOT00000000045.1	121	136	13	-	0.13	d12	0.67	1	GACAGGAGGGGGGAG	-
ENSLCOT00000000045.1	171	184	13	-	0		0.62	1	GGAGAAGAGGAGG	-
ENSLCOT00000000417.1	634	644	10	+	0		0.5	2	GGGAAAAAGG	-
ENSLCOT00000000417.1	470	486	13	-	0.19	d13	0.56	2	AATGGGGAAGGAAGGG	-
ENSLCOT00000000417.1	875	888	12	-	0.077	d8	0.62	2	GAGATGGGAGGGA	-
ENSLCOT00000000452.1	727	737	10	+	0		0.5	2	GGGAAAAAGG	-
ENSLCOT00000000452.1	497	513	13	-	0.19	d13	0.56	2	AATGGGGAAGGAAGGG	-
ENSLCOT00000000452.1	968	981	12	-	0.077	d8	0.62	2	GAGATGGGAGGGA	-
ENSLCOT00000000491.1	494	510	13	-	0.19	d13	0.56	2	AATGGGGAAGGAAGGG	-
ENSLCOT00000000491.1	650	664	13	-	0.071	d7	0.5	0	GGAGGGCAGAGAAA	-
ENSLCOT00000000491.1	896	909	12	-	0.077	d8	0.62	2	GAGATGGGAGGGA	-
ENSLCOT00000000080.1	485	498	12	+	0.077	d8	0.69	0	GGAGGAGGTGGAG	-
ENSLCOT00000000080.1	595	609	13	+	0.071	d8	0.57	0	GGGAGAAGCAGGAG	-
ENSLCOT00000000080.1	691	705	13	+	0.071	d8	0.5	0	AGAAGGAGCAGGAG	-
ENSLCOT00000000080.1	1213	1229	10	+	0.38	d13	0.69	0	AGGGGGAGGAGGGCGA	-
ENSLCOT00000000080.1	1636	1664	13	+	0.54	d2d19	0.5	0	AGCGAGGGAAGAAGGAGAGCAAGGAGGA	-
ENSLCOT00000000080.1	2334	2348	13	+	0.071	d4	0.5	0	AAAGTGGAAGGAGG	-
ENSLCOT00000000080.1	286	305	13	-	0.32	d1d13	0.68	0	GAGGGCGAGGAGGAGGGCG	-
ENSLCOT00000000080.1	1604	1618	12	-	0.14	d7	0.71	0	GGAGGGTGAGGGAG	-
ENSLCOT00000000037.1	132	152	13	+	0.35	d2d17	0.55	0	AGCGAGGAGGAGGAGGACGA	-
ENSLCOT00000000037.1	153	182	13	+	0.55	d5d20	0.59	0	GAGGACGAGGAGGAGGAGGACGAGGAGGA	-
ENSLCOT00000000037.1	345	359	13	+	0.071	d1	0.64	0	GCGGGGGGGAAGAA	-
ENSLCOT00000000037.1	524	534	10	-	0		0.7	0	GAGGGAGAGG	-
ENSLCOT00000000037.1	901	915	13	-	0.071	d5	0.57	0	GGAGAAGACGGAGG	-
ENSLCOT00000000037.1	842	857	13	-	0.13	d1	0.67	0	GGGAAGGGGAAGGCG	-
ENSLCOT00000000037.1	927	941	13	-	0.071	d2	0.57	0	AGGAAGGAGGGCAG	-
ENSLCOT00000000037.1	1092	1104	12	-	0		0.5	0	GGAAAAAGAGGG	-
ENSLCOT00000000036.1	34	48	12	+	0.14	d11	0.71	0	GAGGAGGGAGGCGG	-
ENSLCOT00000000036.1	93	110	13	+	0.24	d6	0.47	0	AGAGAGTGAGGAAGAAG	-
ENSLCOT00000000036.1	418	428	10	+	0		0.5	1	GAAAGGGAAG	-
ENSLCOT00000000036.1	510	523	12	+	0.077	d7	0.54	0	AGGAAGGCAGAGG	-
ENSLCOT00000000036.1	1314	1329	14	+	0.067		0.6	0	AGAGGGGGAGGAAGA	-
ENSLCOT00000000036.1	650	664	13	-	0.071	d1	0.57	0	GGGAGAGGGGAACA	-
ENSLCOT00000000042.1	158	174	13	+	0.19	d7	0.5	0	AGGAGAGCAAGAGGGA	-
ENSLCOT00000000042.1	786	802	12	+	0.25	d1d13	0.5	0	GTGAGAAAGGGAGTAG	-
ENSLCOT00000000042.1	912	925	12	+	0.077	d6	0.62	0	GAGGGGCAAAGGG	-
ENSLCOT00000000042.1	2371	2385	13	+	0.071	d6	0.57	0	AGGAGGTAGGAGAG	-
ENSLCOT00000000042.1	2594	2608	13	+	0.071	d3	0.5	0	AGGTAAGAGAAGGG	-
ENSLCOT00000000042.1	2782	2795	12	+	0.077	d8	0.62	0	GAAGGGAGTGGAG	-
ENSLCOT00000000042.1	2804	2816	12	+	0		0.58	0	GAGGAGGAAAGG	-
ENSLCOT00000000042.1	3035	3048	12	+	0.077	d8	0.54	0	AAAGAGGGTGGGA	-
ENSLCOT00000000042.1	557	567	10	-	0		0.5	1	AGGAAGAAGG	-
ENSLCOT00000000093.1	2256	2273	13	+	0.24	d13	0.65	0	GGGAGGGAGGAGATGGA	-
ENSLCOT00000000093.1	2654	2668	13	+	0.071	d9	0.5	0	AGGGAAGGACAGAG	-
ENSLCOT00000000093.1	2691	2711	13	+	0.35	d1d14	0.55	0	GTGGAGAAGGGGAGCAGAGA	-
ENSLCOT00000000093.1	2774	2784	10	+	0		0.6	0	GGAGAAGGAG	-
ENSLCOT00000000093.1	2855	2873	12	+	0.33	d4	0.61	0	GGGGTGGGAGAAGGAAAG	-
ENSLCOT00000000093.1	3112	3127	13	+	0.13	d6	0.53	0	GGGAAGCAGAAGAGG	-
ENSLCOT00000000093.1	3187	3202	13	+	0.13	d13	0.67	0	GGGAGGAGGAGAGTG	-
ENSLCOT00000000093.1	3261	3280	12	+	0.37	d8	0.63	0	GAGGGGGGTGAGAGGGAAA	-
ENSLCOT00000000093.1	792	808	13	-	0.19	d9	0.56	2	AGAAGGCGGAGGAGAG	-
ENSLCOT00000000093.1	1302	1323	13	-	0.38	d13	0.62	1	GGGGAAGTAGAGGAGGAGGGA	-
ENSLCOT00000000103.1	792	808	13	-	0.19	d9	0.56	2	AGAAGGCGGAGGAGAG	-
ENSLCOT00000000103.1	1311	1332	13	-	0.38	d13	0.62	1	GGGGAAGTAGAGGAGGAGGGA	-
ENSLCOT00000000169.1	750	766	13	-	0.19	d9	0.56	2	AGAAGGCGGAGGAGAG	-
ENSLCOT00000000249.1	1950	1963	13	+	0		0.62	2	GAGGAGGAGAAGG	-
ENSLCOT00000000249.1	499	509	10	-	0		0.6	2	GGAGGAGAGA	-
ENSLCOT00000000249.1	477	490	12	-	0.077	d3	0.69	2	AGGGGGAGATGGG	-
ENSLCOT00000000249.1	1207	1225	12	-	0.33	d15	0.67	2	GGTAGAGGGGGAGGAAGG	-
ENSLCOT00000000259.1	2133	2146	13	+	0		0.62	2	GAGGAGGAGAAGG	-
ENSLCOT00000000259.1	679	689	10	-	0		0.6	2	GGAGGAGAGA	-
ENSLCOT00000000259.1	657	670	12	-	0.077	d3	0.69	2	AGGGGGAGATGGG	-
ENSLCOT00000000259.1	1387	1405	12	-	0.33	d15	0.67	2	GGTAGAGGGGGAGGAAGG	-
ENSLCOT00000000260.1	64	80	13	+	0.19	d4	0.56	0	GGGACAAAGGGGAGAG	-
ENSLCOT00000000260.1	192	207	14	+	0.067		0.67	0	GGGAGGGAGGAAGAG	-
ENSLCOT00000000260.1	2358	2371	13	+	0		0.62	2	GAGGAGGAGAAGG	-
ENSLCOT00000000260.1	745	755	10	-	0		0.6	2	GGAGGAGAGA	-
ENSLCOT00000000260.1	723	736	12	-	0.077	d3	0.69	2	AGGGGGAGATGGG	-
ENSLCOT00000000260.1	1453	1471	12	-	0.33	d15	0.67	2	GGTAGAGGGGGAGGAAGG	-
