# Duplex-ID	Start	End	Score	Strand	Error-rate	Errors	Guanine-rate	Duplicates	TTS	Duplicate locations
ENSLCOT00000000041.1	1803	1814	11	+	0		0.27	2	AAAGGAGAAAA	-
ENSLCOT00000000041.1	2852	2867	15	+	0		0.4	2	GAAGAAGGAAGAGAA	-
ENSLCOT00000000041.1	4308	4318	10	+	0		0.2	2	GAAAAAAAGA	-
ENSLCOT00000000041.1	5043	5054	11	+	0		0.45	2	AGAGAGGAAGA	-
ENSLCOT00000000041.1	6380	6391	11	+	0		0.27	2	GAAAAGAGAAA	-
ENSLCOT00000000041.1	7098	7109	11	+	0		0.45	2	GGAGAAAGAGA	-
ENSLCOT00000000041.1	7530	7540	10	+	0		0.7	2	GGGAAAGGGG	-
ENSLCOT00000000041.1	7664	7676	12	+	0		0.58	2	GGAGGGAAAGGA	-
ENSLCOT00000000041.1	7884	7894	10	+	0		0.5	2	GAGGAAAAGG	-
ENSLCOT00000000041.1	7990	8010	19	+	0.05	d3	0.45	2	GGACAGAAGGAGAAAAGAGG	-
ENSLCOT00000000041.1	4459	4472	13	-	0		0.54	2	AAGGAGGAAGGAG	-
ENSLCOT00000000041.1	7429	7442	13	-	0		0.46	2	AGGGAAAGGAAAG	-
ENSLCOT00000000044.1	1524	1535	11	+	0		0.27	2	AAAGGAGAAAA	-
ENSLCOT00000000044.1	2573	2588	15	+	0		0.4	2	GAAGAAGGAAGAGAA	-
ENSLCOT00000000044.1	4029	4039	10	+	0		0.2	2	GAAAAAAAGA	-
ENSLCOT00000000044.1	4764	4775	11	+	0		0.45	2	AGAGAGGAAGA	-
ENSLCOT00000000044.1	6101	6112	11	+	0		0.27	2	GAAAAGAGAAA	-
ENSLCOT00000000044.1	6819	6830	11	+	0		0.45	2	GGAGAAAGAGA	-
ENSLCOT00000000044.1	7251	7261	10	+	0		0.7	2	GGGAAAGGGG	-
ENSLCOT00000000044.1	7385	7397	12	+	0		0.58	2	GGAGGGAAAGGA	-
ENSLCOT00000000044.1	7605	7615	10	+	0		0.5	2	GAGGAAAAGG	-
ENSLCOT00000000044.1	7711	7731	19	+	0.05	d3	0.45	2	GGACAGAAGGAGAAAAGAGG	-
ENSLCOT00000000044.1	4180	4193	13	-	0		0.54	2	AAGGAGGAAGGAG	-
ENSLCOT00000000044.1	7150	7163	13	-	0		0.46	2	AGGGAAAGGAAAG	-
ENSLCOT00000000056.1	1251	1262	11	+	0		0.27	2	AAAGGAGAAAA	-
ENSLCOT00000000056.1	2297	2312	15	+	0		0.4	2	GAAGAAGGAAGAGAA	-
ENSLCOT00000000056.1	3753	3763	10	+	0		0.2	2	GAAAAAAAGA	-
ENSLCOT00000000056.1	4488	4499	11	+	0		0.45	2	AGAGAGGAAGA	-
ENSLCOT00000000056.1	5825	5836	11	+	0		0.27	2	GAAAAGAGAAA	-
ENSLCOT00000000056.1	6543	6554	11	+	0		0.45	2	GGAGAAAGAGA	-
ENSLCOT00000000056.1	6975	6985	10	+	0		0.7	2	GGGAAAGGGG	-
ENSLCOT00000000056.1	7109	7121	12	+	0		0.58	2	GGAGGGAAAGGA	-
ENSLCOT00000000056.1	7329	7339	10	+	0		0.5	2	GAGGAAAAGG	-
ENSLCOT00000000056.1	7435	7455	19	+	0.05	d3	0.45	2	GGACAGAAGGAGAAAAGAGG	-
ENSLCOT00000000056.1	3904	3917	13	-	0		0.54	2	AAGGAGGAAGGAG	-
ENSLCOT00000000056.1	6874	6887	13	-	0		0.46	2	AGGGAAAGGAAAG	-
ENSLCOT00000000007.1	86	96	10	+	0		0.6	1	GGGGAAGAAG	-
ENSLCOT00000000007.1	826	838	12	+	0		0.58	0	AGGAGAAGGGGA	-
ENSLCOT00000000007.1	924	944	19	+	0.05	d2	0.6	0	AGCGAGGAGGAGAGGAAGGG	-
ENSLCOT00000000007.1	986	1002	16	+	0		0.56	0	GAAGGAGGAAGAGGAG	-
ENSLCOT00000000007.1	1006	1018	12	+	0		0.67	2	GGAGGAGGAAGG	-
ENSLCOT00000000007.1	1026	1036	10	+	0		0.6	1	AAGGAGGAGG	-
ENSLCOT00000000007.1	1173	1196	22	+	0.043	d18	0.57	0	GAGGAGGAAGAGGAGGAGCAGGA	-
ENSLCOT00000000007.1	1220	1234	14	+	0		0.5	0	GGAAAGGAAGAAGG	-
ENSLCOT00000000007.1	1538	1551	13	+	0		0.62	2	GGAAGAGGAGGAG	-
ENSLCOT00000000007.1	1866	1887	20	+	0.048	d8	0.62	0	GGGGAGGACGAAGAGGAGGGA	-
ENSLCOT00000000007.1	2314	2326	12	+	0		0.42	0	AGAAGAGGAAAG	-
ENSLCOT00000000007.1	2690	2700	10	+	0		0.7	1	GAGGAAGGGG	-
ENSLCOT00000000007.1	31	42	11	-	0		0.64	0	AAAGGGAGGGG	-
ENSLCOT00000000007.1	216	229	13	-	0		0.85	0	GGGGGGGGGGAAG	-
ENSLCOT00000000007.1	264	278	14	-	0		0.64	0	GGAGAAGGGAGGAG	-
ENSLCOT00000000007.1	466	491	24	-	0.04	d23	0.6	0	ACAGAGGAGGAAGAGGAGGAGGGGG	-
ENSLCOT00000000007.1	463	489	25	-	0.038	d2	0.62	0	AGAGGAGGAAGAGGAGGAGGGGGCAG	-
ENSLCOT00000000002.1	181	191	10	+	0		0.3	0	AAGGAAAAGA	-
ENSLCOT00000000004.1	96	107	11	+	0		0.36	0	GAAAAGGAGAA	-
ENSLCOT00000000004.1	295	307	12	+	0		0.42	0	AAAGAGAAGGGA	-
ENSLCOT00000000004.1	485	495	10	+	0		0.4	2	AGAGGGAAAA	-
ENSLCOT00000000006.1	167	178	11	+	0		0.45	0	AGGAAGGAAGA	-
ENSLCOT00000000006.1	333	345	12	+	0		0.42	1	AAAGAGGAGAAG	-
ENSLCOT00000000006.1	456	467	11	+	0		0.27	0	AGAAGGAAAAA	-
ENSLCOT00000000006.1	591	604	13	+	0		0.31	0	GGAAAAGAAAGAA	-
ENSLCOT00000000006.1	1044	1054	10	+	0		0.5	0	GAGAGAAGGA	-
ENSLCOT00000000006.1	198	210	12	-	0		0.5	0	AAGGAGAGAAGG	-
ENSLCOT00000000006.1	1516	1526	10	-	0		0.4	0	AGGGAGAAAA	-
ENSLCOT00000000009.1	110	121	11	-	0		0.64	1	AGAGGGAGGAG	-
ENSLCOT00000000009.1	1280	1291	11	-	0		0.55	0	AGAAGAGGGAG	-
ENSLCOT00000000445.1	760	773	13	+	0		0.46	2	AGAAGGAGGAAGA	-
ENSLCOT00000000445.1	1991	2004	13	+	0		0.54	2	GGAGAAGAAGGAG	-
ENSLCOT00000000445.1	2549	2559	10	+	0		0.6	0	GGGAAAGGAG	-
ENSLCOT00000000445.1	2732	2753	20	+	0.048	d2	0.48	2	GGCGAAGAAAGAGAGGGAAAG	-
ENSLCOT00000000445.1	2735	2757	21	+	0.045	d18	0.45	2	GAAGAAAGAGAGGGAAAGCAGG	-
ENSLCOT00000000484.1	760	773	13	+	0		0.46	2	AGAAGGAGGAAGA	-
ENSLCOT00000000484.1	2006	2019	13	+	0		0.54	2	GGAGAAGAAGGAG	-
ENSLCOT00000000484.1	2654	2675	20	+	0.048	d2	0.48	2	GGCGAAGAAAGAGAGGGAAAG	-
ENSLCOT00000000484.1	2657	2679	21	+	0.045	d18	0.45	2	GAAGAAAGAGAGGGAAAGCAGG	-
ENSLCOT00000000489.1	760	773	13	+	0		0.46	2	AGAAGGAGGAAGA	-
ENSLCOT00000000489.1	1976	1989	13	+	0		0.54	2	GGAGAAGAAGGAG	-
ENSLCOT00000000489.1	2651	2672	20	+	0.048	d2	0.48	2	GGCGAAGAAAGAGAGGGAAAG	-
ENSLCOT00000000489.1	2654	2676	21	+	0.045	d18	0.45	2	GAAGAAAGAGAGGGAAAGCAGG	-
ENSLCOT00000000017.1	611	632	20	+	0.048	d10	0.67	0	GGGGGGGAAGTGGAAGGAGAG	-
ENSLCOT00000000017.1	912	924	12	+	0		0.5	0	AAGGAAGGGAAG	-
ENSLCOT00000000017.1	930	940	10	+	0		0.6	1	AAGGAGGAGG	-
ENSLCOT00000000017.1	997	1007	10	+	0		0.5	0	AGAGGAAGGA	-
ENSLCOT00000000881.1	1553	1564	11	+	0		0.45	2	AAGGAAAGAGG	-
ENSLCOT00000000881.1	2315	2325	10	+	0		0.8	1	GGGAGGGGGA	-
ENSLCOT00000000881.1	2876	2889	13	+	0		0.62	1	GGGAAGAGAGGAG	-
ENSLCOT00000000881.1	3830	3844	14	+	0		0.71	1	GGGAGGGGAAGAGG	-
ENSLCOT00000000881.1	106	116	10	-	0		0.9	0	GGGGGGGGAG	-
ENSLCOT00000000881.1	751	771	19	-	0.05	d8	0.5	2	AGAGGGAAGGGCAAAGAGAG	-
ENSLCOT00000000881.1	961	972	11	-	0		0.55	2	GAAGAGGAAGG	-
ENSLCOT00000000881.1	2362	2372	10	-	0		0.7	2	AGGGGAGAGG	-
ENSLCOT00000000881.1	2538	2548	10	-	0		0.4	2	GAAAGAAGAG	-
ENSLCOT00000000881.1	2690	2702	12	-	0		0.58	2	GGGAAGAGGAAG	-
ENSLCOT00000000921.1	1301	1312	11	+	0		0.45	2	AAGGAAAGAGG	-
ENSLCOT00000000921.1	2552	2565	13	+	0		0.62	1	GGGAAGAGAGGAG	-
ENSLCOT00000000921.1	3506	3520	14	+	0		0.71	1	GGGAGGGGAAGAGG	-
ENSLCOT00000000921.1	568	588	19	-	0.05	d8	0.5	2	AGAGGGAAGGGCAAAGAGAG	-
ENSLCOT00000000921.1	778	789	11	-	0		0.55	2	GAAGAGGAAGG	-
ENSLCOT00000000921.1	2214	2224	10	-	0		0.4	2	GAAAGAAGAG	-
ENSLCOT00000000921.1	2366	2378	12	-	0		0.58	2	GGGAAGAGGAAG	-
ENSLCOT00000000946.1	1370	1381	11	+	0		0.45	2	AAGGAAAGAGG	-
ENSLCOT00000000946.1	2126	2136	10	+	0		0.8	1	GGGAGGGGGA	-
ENSLCOT00000000946.1	568	588	19	-	0.05	d8	0.5	2	AGAGGGAAGGGCAAAGAGAG	-
ENSLCOT00000000946.1	778	789	11	-	0		0.55	2	GAAGAGGAAGG	-
ENSLCOT00000000946.1	2173	2183	10	-	0		0.7	2	AGGGGAGAGG	-
ENSLCOT00000000946.1	2349	2359	10	-	0		0.4	2	GAAAGAAGAG	-
ENSLCOT00000000946.1	2501	2513	12	-	0		0.58	2	GGGAAGAGGAAG	-
ENSLCOT00000000013.1	281	293	12	+	0		0.83	0	GGAGAGGGGGGG	-
ENSLCOT00000000013.1	755	765	10	+	0		0.8	2	GGGAGGGAGG	-
ENSLCOT00000000013.1	849	860	11	+	0		0.73	0	GGGAGGGAGAG	-
ENSLCOT00000000013.1	941	954	13	+	0		0.46	0	AGAGAAAGGGAAG	-
ENSLCOT00000000013.1	954	972	18	-	0		0.28	0	GAAAGAAAAAAGGAGAAA	-
ENSLCOT00000000012.1	140	154	14	+	0		0.43	0	AAGAAGGAAAAGGG	-
ENSLCOT00000000012.1	1134	1146	12	+	0		0.67	0	AGGAGGGGAAGG	-
ENSLCOT00000000012.1	1511	1523	12	+	0		0.5	0	GAGAGGAAGAAG	-
ENSLCOT00000000012.1	2553	2563	10	+	0		0.6	1	AGAAGGGAGG	-
ENSLCOT00000000012.1	2728	2738	10	+	0		0.8	0	GGAGGGGAGG	-
ENSLCOT00000000012.1	2908	2918	10	+	0		0.7	2	AGGGAGGAGG	-
ENSLCOT00000000012.1	2960	2983	22	+	0.043	d2	0.17	0	GGCAAAAAAAAAAAAAAAAGAGA	-
ENSLCOT00000000012.1	3150	3162	12	+	0		0.17	0	AAAAAGGAAAAA	-
ENSLCOT00000000012.1	508	519	11	-	0		0.55	0	GGGAGAAGAAG	-
ENSLCOT00000000012.1	2990	3003	13	-	0		0.31	0	AGAAAAGGGAAAA	-
ENSLCOT00000000012.1	3036	3068	31	-	0.031	d6	0.19	0	AAAAAAAAAAAAAAGAAAGAGAAAACAGAAGG	-
ENSLCOT00000000012.1	3103	3124	20	-	0.048	d9	0.62	0	GGGGGAGAGAGTGAAGAGGGA	-
ENSLCOT00000000078.1	219	230	11	+	0		0.45	0	AGGAAAAGGAG	-
ENSLCOT00000000078.1	258	268	10	+	0		0.3	1	GAGAAAAGAA	-
ENSLCOT00000000078.1	296	307	11	+	0		0.36	0	GGAAAAAGAGA	-
ENSLCOT00000000078.1	1691	1701	10	+	0		0.3	2	AGAAGGAAAA	-
ENSLCOT00000000078.1	3045	3058	13	+	0		0.46	0	GAGAAAGGAGAAG	-
ENSLCOT00000000078.1	3428	3439	11	+	0		0.36	0	AAAGAAGGAGA	-
ENSLCOT00000000078.1	3499	3510	11	+	0		0.45	0	AGAAGGGAGAA	-
ENSLCOT00000000078.1	3693	3703	10	+	0		0.5	0	GAGGAAGGAA	-
ENSLCOT00000000078.1	979	990	11	-	0		0.36	0	AAAGGAAAGAG	-
ENSLCOT00000000078.1	2246	2256	10	-	0		0.4	0	AAGGGAAGAA	-
ENSLCOT00000000070.1	576	586	10	+	0		0.3	2	AAAGAGGAAA	-
ENSLCOT00000000070.1	598	608	10	+	0		0.4	2	GGAGGAAAAA	-
ENSLCOT00000000130.1	540	550	10	+	0		0.3	2	AAAGAGGAAA	-
ENSLCOT00000000130.1	562	572	10	+	0		0.4	2	GGAGGAAAAA	-
ENSLCOT00000000131.1	690	700	10	+	0		0.3	2	AAAGAGGAAA	-
ENSLCOT00000000131.1	712	722	10	+	0		0.4	2	GGAGGAAAAA	-
ENSLCOT00000000131.1	11	29	18	-	0		0.5	0	GAGAAGGAGAGGGAAAAG	-
ENSLCOT00000000131.1	56	66	10	-	0		0.5	0	AGGAGAGAGA	-
ENSLCOT00000000069.1	1177	1190	13	+	0		0.38	0	AAGAGAAGAGAGA	-
ENSLCOT00000000069.1	1495	1513	18	+	0		0.56	0	GGGAGGAAGAGGAAGAGA	-
ENSLCOT00000000069.1	1009	1020	11	-	0		0.64	0	GGAGAGAGAGG	-
ENSLCOT00000000025.1	82	93	11	-	0		0.64	0	GGGGAGAGGAA	-
ENSLCOT00000000043.1	176	186	10	+	0		0.6	0	AGAGGAGAGG	-
ENSLCOT00000000043.1	393	418	24	+	0.04	d6	0.44	0	GGGAAATGGGGAAAAGAAGAGAAGA	-
ENSLCOT00000000043.1	483	508	24	+	0.04	d2	0.48	0	AGTAGAGAAAAGGAGGGGAGAAAGG	-
ENSLCOT00000000043.1	67	77	10	-	0		0.5	1	AAAGGGAGGA	-
ENSLCOT00000000016.1	287	299	12	+	0		0.33	0	AGAAGAAGAAGA	-
ENSLCOT00000000016.1	323	334	11	+	0		0.36	1	GGAAAGGAAAA	-
ENSLCOT00000000016.1	2087	2107	19	+	0.05	d2	0.1	0	GGCAAAAAAAAAAAAAAAAA	-
ENSLCOT00000000016.1	2112	2142	29	+	0.033	d6	0.1	0	AAAAAATAAAAAAAAAAAAGAGAAAAAAAG	-
ENSLCOT00000000016.1	2119	2144	24	+	0.04	d23	0.12	0	AAAAAAAAAAAAGAGAAAAAAAGCA	-
ENSLCOT00000000016.1	575	587	12	-	0		0.33	0	AAAAGGAAAGGA	-
ENSLCOT00000000016.1	1058	1070	12	-	0		0.33	0	AGGAGAAGAAAA	-
ENSLCOT00000000323.1	7	17	10	+	0		0.7	1	GGGAGAGGAG	-
ENSLCOT00000000323.1	27	37	10	+	0		0.7	0	GGAAGAGGGG	-
ENSLCOT00000000323.1	622	632	10	+	0		0.7	0	AGGGAGGGGA	-
ENSLCOT00000000323.1	1835	1863	27	+	0.036	d25	0.68	1	GGAGGAGGAGGAGGAGGAGGAGGAGCGG	-
ENSLCOT00000000323.1	2128	2150	21	+	0.045	d8	0.68	1	GGAGGAGGCGGGAGGAGGAGGA	-
ENSLCOT00000000323.1	2137	2166	28	+	0.034	d13	0.69	1	GGGAGGAGGAGGATGGGGAGGAGGAAGGG	-
ENSLCOT00000000323.1	2151	2172	20	+	0.048	d15	0.71	1	GGGGAGGAGGAAGGGCGGAGG	-
ENSLCOT00000000323.1	2752	2766	14	+	0		0.71	1	GGGAGGAGGAGGAG	-
ENSLCOT00000000323.1	2874	2885	11	+	0		0.55	1	AAAGGGAAGGG	-
ENSLCOT00000000323.1	3308	3320	12	+	0		0.83	1	GGAGGAGGGGGG	-
ENSLCOT00000000323.1	2329	2339	10	-	0		0.7	1	AGGGGGAAGG	-
ENSLCOT00000000346.1	1550	1578	27	+	0.036	d25	0.68	1	GGAGGAGGAGGAGGAGGAGGAGGAGCGG	-
ENSLCOT00000000346.1	1843	1865	21	+	0.045	d8	0.68	1	GGAGGAGGCGGGAGGAGGAGGA	-
ENSLCOT00000000346.1	1852	1881	28	+	0.034	d13	0.69	1	GGGAGGAGGAGGATGGGGAGGAGGAAGGG	-
ENSLCOT00000000346.1	1866	1887	20	+	0.048	d15	0.71	1	GGGGAGGAGGAAGGGCGGAGG	-
ENSLCOT00000000346.1	2467	2481	14	+	0		0.71	1	GGGAGGAGGAGGAG	-
ENSLCOT00000000346.1	2589	2600	11	+	0		0.55	1	AAAGGGAAGGG	-
ENSLCOT00000000346.1	2984	2996	12	+	0		0.83	1	GGAGGAGGGGGG	-
ENSLCOT00000000346.1	2044	2054	10	-	0		0.7	1	AGGGGGAAGG	-
ENSLCOT00000000018.1	436	446	10	+	0		0.3	1	AAAGGAAAAG	-
ENSLCOT00000000018.1	1344	1359	15	+	0		0.6	0	GAGGGGAAGAAGGAG	-
ENSLCOT00000000018.1	115	125	10	-	0		0.5	1	AAAGGGAGAG	-
ENSLCOT00000000035.1	436	446	10	+	0		0.3	1	AAAGGAAAAG	-
ENSLCOT00000000035.1	1384	1398	14	+	0		0.29	0	AAGGAAGAAAAAGA	-
ENSLCOT00000000035.1	1437	1447	10	+	0		0.3	1	GAGAAAAGAA	-
ENSLCOT00000000035.1	115	125	10	-	0		0.5	1	AAAGGGAGAG	-
ENSLCOT00000000014.1	58	68	10	+	0		0.7	1	AGGAGGGGAG	-
ENSLCOT00000000014.1	231	257	25	+	0.038	d21	0.38	0	AAAGAAAAGGGGAAGAGGAGATAAAG	-
ENSLCOT00000000014.1	270	295	24	+	0.04	d9	0.4	0	AAAGAAGAACGAGAAGGAGAGGGAA	-
ENSLCOT00000000014.1	315	327	12	+	0		0.58	0	GAGAGAGAGGAG	-
ENSLCOT00000000014.1	536	548	12	+	0		0.33	0	AAGAAGAGAAAG	-
ENSLCOT00000000014.1	575	587	12	+	0		0.25	0	GAAAAAGAAGAA	-
ENSLCOT00000000014.1	1424	1446	21	+	0.045	d14	0.55	0	GAGAGGGAAAGAAATGGGGAGG	-
ENSLCOT00000000014.1	1624	1635	11	+	0		0.45	0	GGAAGAAGAAG	-
ENSLCOT00000000014.1	2633	2645	12	+	0		0.58	0	GAAGGAGAGGAG	-
ENSLCOT00000000014.1	3020	3030	10	+	0		0.3	2	AAGAAGAGAA	-
ENSLCOT00000000014.1	3593	3614	20	+	0.048	d13	0.57	0	GAGGGAGGGAAAATGGGGGAA	-
ENSLCOT00000000014.1	3915	3926	11	+	0		0.27	2	AGAAAAGAGAA	-
ENSLCOT00000000014.1	4343	4354	11	+	0		0.36	0	GGGAAAAAAAG	-
ENSLCOT00000000014.1	375	389	14	-	0		0.5	0	AAAGAGAGGGAGAG	-
ENSLCOT00000000014.1	454	467	13	-	0		0.54	0	GGGGGAAGAGAAA	-
ENSLCOT00000000014.1	609	623	14	-	0		0.57	0	GGAAGGAGAAGAGG	-
ENSLCOT00000000014.1	773	797	23	-	0.042	d21	0.5	0	AGCAGGAGAGGAGGAGGAAGAAGA	-
ENSLCOT00000000014.1	1209	1219	10	-	0		0.4	1	AGGAAAAGGA	-
ENSLCOT00000000014.1	3580	3593	13	-	0		0.23	1	AAGGGAAAAAAAA	-
ENSLCOT00000000014.1	4753	4764	11	-	0		0.27	1	AGGAGAAAAAA	-
ENSLCOT00000000014.1	5044	5056	12	-	0		0.25	2	AAGAAAAAGGAA	-
ENSLCOT00000000034.1	56	71	15	+	0		0.6	0	GAAGGAGGAGAGGAG	-
ENSLCOT00000000034.1	151	163	12	+	0		0.83	0	GAGGGGAGGGGG	-
ENSLCOT00000000251.1	394	404	10	+	0		0.7	1	GGAAGGGAGG	-
ENSLCOT00000000251.1	938	948	10	+	0		0.6	1	AGAGGGGGAA	-
ENSLCOT00000000251.1	969	979	10	+	0		0.5	1	GGGGAAGAAA	-
ENSLCOT00000000251.1	1233	1245	12	+	0		0.42	1	GAAGAAGGAGAA	-
ENSLCOT00000000251.1	1248	1263	15	+	0		0.27	1	GAAGAAAAAAAAGAG	-
ENSLCOT00000000251.1	1298	1319	20	+	0.048	d8	0.38	1	GAAGGAAGCAGAGAAAGGAAA	-
ENSLCOT00000000251.1	1629	1641	12	+	0		0.42	2	GGAAAAGAAGAG	-
ENSLCOT00000000251.1	2122	2132	10	+	0		0.4	1	AGGAAAGAGA	-
ENSLCOT00000000251.1	2631	2641	10	+	0		0.4	1	AAGGGAGAAA	-
ENSLCOT00000000251.1	4061	4072	11	+	0		0.36	1	AGAGGAAGAAA	-
ENSLCOT00000000251.1	4292	4308	16	+	0		0.44	1	GGAGAAAAGAGAAGGA	-
ENSLCOT00000000251.1	4345	4358	13	+	0		0.54	1	AGGAGAGGAGAAG	-
ENSLCOT00000000251.1	5031	5053	21	+	0.045	d7	0.27	1	GAGGAAGCAAAGAGAAAAAAAA	-
ENSLCOT00000000251.1	5131	5141	10	+	0		0.4	2	GAGAAGGAAA	-
ENSLCOT00000000251.1	5258	5268	10	+	0		0.2	1	AAGAAAAGAA	-
ENSLCOT00000000251.1	5345	5355	10	+	0		0.4	1	AGAGAGAGAA	-
ENSLCOT00000000251.1	6296	6309	13	+	0		0.38	1	AGAGAAAAAGGGA	-
ENSLCOT00000000251.1	6533	6558	24	+	0.04	d20	0.48	1	GAGAGGAGAAGAGGAAGAAGTGGAA	-
ENSLCOT00000000251.1	7139	7151	12	+	0		0.33	1	GAAAGAAGAAAG	-
ENSLCOT00000000251.1	7805	7826	20	+	0.048	d4	0.24	1	AGAACAAAGAGAAGAAGAAAA	-
ENSLCOT00000000251.1	8074	8085	11	+	0		0.45	1	AAAGAGAGGAG	-
ENSLCOT00000000251.1	8519	8529	10	+	0		0.4	1	GGAAGAAAAG	-
ENSLCOT00000000251.1	9392	9404	12	+	0		0.58	1	GGAAGGAGAAGG	-
ENSLCOT00000000251.1	6	16	10	-	0		0.7	1	GAGGGGAAGG	-
ENSLCOT00000000251.1	79	89	10	-	0		0.1	2	AAAAAAAGAA	-
ENSLCOT00000000251.1	59	73	14	-	0		0.21	0	GAAAAAAAAGAAAG	-
ENSLCOT00000000251.1	155	168	13	-	0		0.54	1	AGAAAAGGAGGGG	-
ENSLCOT00000000251.1	956	969	13	-	0		0.38	1	GGAAAAAGAAGAG	-
ENSLCOT00000000251.1	1989	2010	20	-	0.048	d18	0.43	1	AGTGGAAAAGGAGGGAAAAGA	-
ENSLCOT00000000251.1	2394	2408	14	-	0		0.43	1	GGAGAGGAAAGAAA	-
ENSLCOT00000000251.1	5247	5258	11	-	0		0.36	1	GGAAAAAAGGA	-
ENSLCOT00000000255.1	226	236	10	+	0		0.7	1	GGAAGGGAGG	-
ENSLCOT00000000255.1	770	780	10	+	0		0.6	1	AGAGGGGGAA	-
ENSLCOT00000000255.1	801	811	10	+	0		0.5	1	GGGGAAGAAA	-
ENSLCOT00000000255.1	1065	1077	12	+	0		0.42	1	GAAGAAGGAGAA	-
ENSLCOT00000000255.1	1080	1095	15	+	0		0.27	1	GAAGAAAAAAAAGAG	-
ENSLCOT00000000255.1	1130	1151	20	+	0.048	d8	0.38	1	GAAGGAAGCAGAGAAAGGAAA	-
ENSLCOT00000000255.1	1461	1473	12	+	0		0.42	2	GGAAAAGAAGAG	-
ENSLCOT00000000255.1	1954	1964	10	+	0		0.4	1	AGGAAAGAGA	-
ENSLCOT00000000255.1	2463	2473	10	+	0		0.4	1	AAGGGAGAAA	-
ENSLCOT00000000255.1	3893	3904	11	+	0		0.36	1	AGAGGAAGAAA	-
ENSLCOT00000000255.1	4124	4140	16	+	0		0.44	1	GGAGAAAAGAGAAGGA	-
ENSLCOT00000000255.1	4177	4190	13	+	0		0.54	1	AGGAGAGGAGAAG	-
ENSLCOT00000000255.1	4863	4885	21	+	0.045	d7	0.27	1	GAGGAAGCAAAGAGAAAAAAAA	-
ENSLCOT00000000255.1	4963	4973	10	+	0		0.4	2	GAGAAGGAAA	-
ENSLCOT00000000255.1	5090	5100	10	+	0		0.2	1	AAGAAAAGAA	-
ENSLCOT00000000255.1	5177	5187	10	+	0		0.4	1	AGAGAGAGAA	-
ENSLCOT00000000255.1	6128	6141	13	+	0		0.38	1	AGAGAAAAAGGGA	-
ENSLCOT00000000255.1	6365	6390	24	+	0.04	d20	0.48	1	GAGAGGAGAAGAGGAAGAAGTGGAA	-
ENSLCOT00000000255.1	6971	6983	12	+	0		0.33	1	GAAAGAAGAAAG	-
ENSLCOT00000000255.1	7637	7658	20	+	0.048	d4	0.24	1	AGAACAAAGAGAAGAAGAAAA	-
ENSLCOT00000000255.1	7906	7917	11	+	0		0.45	1	AAAGAGAGGAG	-
ENSLCOT00000000255.1	8351	8361	10	+	0		0.4	1	GGAAGAAAAG	-
ENSLCOT00000000255.1	9224	9236	12	+	0		0.58	1	GGAAGGAGAAGG	-
ENSLCOT00000000255.1	788	801	13	-	0		0.38	1	GGAAAAAGAAGAG	-
ENSLCOT00000000255.1	1821	1842	20	-	0.048	d18	0.43	1	AGTGGAAAAGGAGGGAAAAGA	-
ENSLCOT00000000255.1	2226	2240	14	-	0		0.43	1	GGAGAGGAAAGAAA	-
ENSLCOT00000000255.1	5079	5090	11	-	0		0.36	1	GGAAAAAAGGA	-
ENSLCOT00000000030.1	838	849	11	+	0		0.27	0	GAGAAAGAAAA	-
ENSLCOT00000000030.1	1706	1718	12	+	0		0.67	0	GGGAGGAGAAGG	-
ENSLCOT00000000030.1	2659	2670	11	+	0		0.45	1	AAAGGAGAGAG	-
ENSLCOT00000000030.1	3224	3235	11	+	0		0.36	1	GGAAAGGAAAA	-
ENSLCOT00000000030.1	3238	3249	11	+	0		0.18	1	AAAAGAAAAAG	-
ENSLCOT00000000030.1	3407	3421	14	+	0		0.43	0	GGGAAAAAGGGAAA	-
ENSLCOT00000000030.1	3482	3494	12	+	0		0.5	0	AGAGGGAGGAAA	-
ENSLCOT00000000030.1	3696	3711	15	+	0		0.6	0	AAAGGGAGGAGGAGG	-
ENSLCOT00000000030.1	3883	3895	12	+	0		0.5	0	AGAGAAGGAAGG	-
ENSLCOT00000000030.1	4066	4079	13	+	0		0.54	0	AGAGGAAGGGGAA	-
ENSLCOT00000000030.1	4605	4616	11	+	0		0.45	0	GGAAAAGGGAA	-
ENSLCOT00000000030.1	5534	5545	11	+	0		0.64	1	GGGAGAGGGAA	-
ENSLCOT00000000030.1	2240	2252	12	-	0		0.33	0	AAAGAAAGGAGA	-
ENSLCOT00000000030.1	3971	3991	19	-	0.05	d14	0.45	0	GGGAGTAAAGGAGAAGAAAG	-
ENSLCOT00000000030.1	4451	4464	13	-	0		0.23	0	GAAAGGAAAAAAA	-
ENSLCOT00000000030.1	4873	4899	26	-	0		0.31	0	AAAAAGGAGAAGGGAAAAAAAAAGAG	-
ENSLCOT00000000030.1	5702	5712	10	-	0		0.5	1	AGAGGGAAGA	-
ENSLCOT00000000030.1	5821	5835	14	-	0		0.57	0	GAAGAGGGAAGAGG	-
ENSLCOT00000000030.1	6092	6106	14	-	0		0.71	0	AGGGGAGGAGGGGA	-
ENSLCOT00000000015.1	338	351	13	-	0		0.38	0	AAAAGGAGGAGAA	-
ENSLCOT00000000024.1	831	849	18	+	0		0.22	1	AGAAGAAGAAAGAAAAAA	-
ENSLCOT00000000024.1	1071	1091	19	+	0.05	d5	0.3	1	GAAAATGAAGAAAGAAAAGG	-
ENSLCOT00000000024.1	1377	1400	22	+	0.043	d3	0.3	1	AGATGAAGAAGAAAAAGGAAAGA	-
ENSLCOT00000000024.1	250	260	10	-	0		0.7	1	AGGAGAGGGG	-
ENSLCOT00000000032.1	831	849	18	+	0		0.22	1	AGAAGAAGAAAGAAAAAA	-
ENSLCOT00000000032.1	945	965	19	+	0.05	d5	0.3	1	GAAAATGAAGAAAGAAAAGG	-
ENSLCOT00000000032.1	1251	1274	22	+	0.043	d3	0.3	1	AGATGAAGAAGAAAAAGGAAAGA	-
ENSLCOT00000000032.1	250	260	10	-	0		0.7	1	AGGAGAGGGG	-
ENSLCOT00000000021.1	196	206	10	-	0		0.5	1	AAGGAGAGGA	-
ENSLCOT00000000019.1	835	845	10	+	0		0.5	0	AAGAAGGGGA	-
ENSLCOT00000000019.1	2062	2072	10	+	0		0.7	1	GGGAAGGGGA	-
ENSLCOT00000000019.1	728	739	11	-	0		0.36	0	AGAAGGAAAGA	-
ENSLCOT00000000019.1	2042	2052	10	-	0		0.7	0	AAGGGGAGGG	-
ENSLCOT00000000022.1	5	32	26	+	0.037	d8	0.52	0	AAGAAGAGTGAAAAGGGGAGAGGAGGG	-
ENSLCOT00000000022.1	14	35	20	+	0.048	d18	0.52	0	GAAAAGGGGAGAGGAGGGCAA	-
ENSLCOT00000000022.1	277	287	10	+	0		0.6	1	GGAGAGAAGG	-
ENSLCOT00000000022.1	203	213	10	-	0		0.4	0	AGGAAGAAAG	-
ENSLCOT00000000022.1	486	496	10	-	0		0.5	0	AAAAGGGAGG	-
ENSLCOT00000000039.1	56	77	20	-	0.048	d15	0.33	0	AAGAGCAGAAGAAAGAGAAGA	-
ENSLCOT00000000402.1	737	748	11	+	0		0.55	0	AGAGAAGGAGG	-
ENSLCOT00000000402.1	130	141	11	-	0		0.45	2	GAGGAAGAAGA	-
ENSLCOT00000000402.1	505	518	13	-	0		0.69	0	AAGAGGGGAGGGG	-
ENSLCOT00000000402.1	874	885	11	-	0		0.45	1	GGAGAAGAAAG	-
ENSLCOT00000000402.1	890	901	11	-	0		0.64	1	AGAGGGAGGAG	-
ENSLCOT00000000020.1	939	949	10	+	0		0.7	1	AGGAGGGAGG	-
ENSLCOT00000000020.1	37	48	11	-	0		0.27	0	AAAAAGAGGAA	-
ENSLCOT00000000020.1	208	218	10	-	0		0.4	0	AAAGAAGGGA	-
ENSLCOT00000000353.1	370	381	11	+	0		0.64	0	AGGGGAGGAAG	-
ENSLCOT00000000353.1	1010	1025	15	+	0		0.47	0	GAAAGAGGAGAAGGA	-
ENSLCOT00000000353.1	764	775	11	-	0		0.73	0	AGAAGGGGGGG	-
ENSLCOT00000000353.1	1051	1062	11	-	0		0.45	1	AAAGGAGAGAG	-
ENSLCOT00000000026.1	49	59	10	+	0		0.3	0	AGAAAAAGAG	-
ENSLCOT00000000026.1	855	865	10	+	0		0.6	1	GGGGAGAAAG	-
ENSLCOT00000000026.1	3371	3383	12	+	0		0.58	1	AGGAGGGAAGGA	-
ENSLCOT00000000026.1	3392	3404	12	+	0		0.33	0	AGAGAAGAAAGA	-
ENSLCOT00000000026.1	3947	3957	10	+	0		0.5	0	AGGAAAGGGA	-
ENSLCOT00000000026.1	4053	4063	10	+	0		0.3	0	AAGAAAGAAG	-
ENSLCOT00000000026.1	4780	4793	13	+	0		0.23	0	AGGAAAAAAGAAA	-
ENSLCOT00000000026.1	4815	4829	14	+	0		0.29	0	GAGGAAAAAGAAAA	-
ENSLCOT00000000026.1	4841	4853	12	+	0		0.67	0	AGGAGAGGGAGG	-
ENSLCOT00000000026.1	6307	6330	22	+	0.043	d5	0.48	0	GGGGACGGAGGGAAGAAGAAAAA	-
ENSLCOT00000000026.1	6408	6419	11	+	0		0.45	0	AAGGAAGGAGA	-
ENSLCOT00000000026.1	2015	2025	10	-	0		0.5	1	AGAAGAGGGA	-
ENSLCOT00000000026.1	2063	2075	12	-	0		0.5	0	AAAGGAAGGGGA	-
ENSLCOT00000000026.1	3922	3932	10	-	0		0.5	0	AGGGAAGAGA	-
ENSLCOT00000000026.1	5049	5059	10	-	0		0.5	0	AGAGAGAAGG	-
ENSLCOT00000000026.1	5344	5356	12	-	0		0.42	0	AAAGGAAGAGAG	-
ENSLCOT00000000026.1	6385	6397	12	-	0		0.17	1	AAAAGGAAAAAA	-
ENSLCOT00000000023.1	389	399	10	+	0		0.7	2	GGAGGAAGGG	-
ENSLCOT00000000023.1	1113	1125	12	+	0		0.75	0	GGGGGAGAGAGG	-
ENSLCOT00000000023.1	1941	1954	13	-	0		0.69	0	GGGAGAGGGAAGG	-
ENSLCOT00000000023.1	2003	2014	11	-	0		0.27	1	AGGAAGAAAAA	-
ENSLCOT00000000027.1	250	260	10	+	0		0.3	0	GGAAAGAAAA	-
ENSLCOT00000000027.1	486	505	19	+	0		0.37	0	AAAAGAAAAAGGGGAGAAG	-
ENSLCOT00000000027.1	0	13	13	-	0		0.77	0	GGAGGGAGGAGGG	-
ENSLCOT00000000027.1	22	47	24	-	0.04	d23	0.64	0	GCGGGAGGAGGGAAGGAAGGAGGGA	-
ENSLCOT00000000027.1	894	905	11	-	0		0.36	0	GAGAAAGAAAG	-
ENSLCOT00000000027.1	952	964	12	-	0		0.17	0	AAAAAAGGAAAA	-
ENSLCOT00000000027.1	1352	1365	13	-	0		0.38	0	GAAGAGAGAAAAG	-
ENSLCOT00000000028.1	148	158	10	-	0		0.8	2	GGGGGAAGGG	-
ENSLCOT00000000029.1	143	158	15	+	0		0.47	0	AAAAAGAGGAGGAGG	-
ENSLCOT00000000029.1	28	38	10	-	0		0.1	1	AAAAAGAAAA	-
ENSLCOT00000000029.1	412	422	10	-	0		0.8	2	GGGGGAAGGG	-
ENSLCOT00000000038.1	277	287	10	-	0		0.8	2	GGGGGAAGGG	-
ENSLCOT00000000033.1	257	268	11	+	0		0.45	1	GGGAAAAGAGA	-
ENSLCOT00000000033.1	492	503	11	+	0		0.45	1	AAAGGGAAGGA	-
ENSLCOT00000000033.1	282	294	12	-	0		0.75	1	AGGAGGGGGGAG	-
ENSLCOT00000000033.1	332	345	13	-	0		0.62	1	GGAGAAGAGGAGG	-
ENSLCOT00000000033.1	1002	1016	14	-	0		0.29	0	GAAGAGAGAAAAAA	-
ENSLCOT00000000033.1	1026	1046	19	-	0.05	d14	0.4	0	GGAGGTGAAAAGGAAAAAAG	-
ENSLCOT00000000045.1	96	107	11	+	0		0.45	1	GGGAAAAGAGA	-
ENSLCOT00000000045.1	276	287	11	+	0		0.45	1	AAAGGGAAGGA	-
ENSLCOT00000000045.1	121	133	12	-	0		0.75	1	AGGAGGGGGGAG	-
ENSLCOT00000000045.1	171	184	13	-	0		0.62	1	GGAGAAGAGGAGG	-
ENSLCOT00000000045.1	419	430	11	-	0		0.27	1	AGGAGAAAAAA	-
ENSLCOT00000000417.1	633	644	11	+	0		0.45	1	AGGGAAAAAGG	-
ENSLCOT00000000417.1	470	483	13	-	0		0.69	2	GGGGAAGGAAGGG	-
ENSLCOT00000000452.1	726	737	11	+	0		0.45	1	AGGGAAAAAGG	-
ENSLCOT00000000452.1	86	96	10	-	0		0.4	1	AGGAGGAAAA	-
ENSLCOT00000000452.1	497	510	13	-	0		0.69	2	GGGGAAGGAAGGG	-
ENSLCOT00000000491.1	83	93	10	-	0		0.4	1	AGGAGGAAAA	-
ENSLCOT00000000491.1	494	507	13	-	0		0.69	2	GGGGAAGGAAGGG	-
ENSLCOT00000000080.1	1212	1226	14	+	0		0.79	0	GAGGGGGAGGAGGG	-
ENSLCOT00000000080.1	1639	1664	24	+	0.04	d16	0.52	0	GAGGGAAGAAGGAGAGCAAGGAGGA	-
ENSLCOT00000000080.1	2297	2307	10	+	0		0.4	0	GAGGAAAAGA	-
ENSLCOT00000000037.1	153	173	19	+	0.05	d5	0.6	0	GAGGACGAGGAGGAGGAGGA	-
ENSLCOT00000000037.1	159	182	22	+	0.043	d14	0.61	0	GAGGAGGAGGAGGACGAGGAGGA	-
ENSLCOT00000000037.1	347	359	12	+	0		0.67	0	GGGGGGGAAGAA	-
ENSLCOT00000000037.1	524	534	10	-	0		0.7	0	GAGGGAGAGG	-
ENSLCOT00000000037.1	844	857	13	-	0		0.69	0	GGGAAGGGGAAGG	-
ENSLCOT00000000037.1	930	941	11	-	0		0.64	1	AGGAAGGAGGG	-
ENSLCOT00000000037.1	1092	1104	12	-	0		0.5	0	GGAAAAAGAGGG	-
ENSLCOT00000000036.1	34	45	11	+	0		0.73	0	GAGGAGGGAGG	-
ENSLCOT00000000036.1	100	111	11	+	0		0.45	2	GAGGAAGAAGA	-
ENSLCOT00000000036.1	418	428	10	+	0		0.5	1	GAAAGGGAAG	-
ENSLCOT00000000036.1	716	727	11	+	0		0.45	2	AGAAGAGGAAG	-
ENSLCOT00000000036.1	1249	1259	10	+	0		0.3	1	AAGAAGGAAA	-
ENSLCOT00000000036.1	1314	1329	15	+	0		0.6	0	AGAGGGGGAGGAAGA	-
ENSLCOT00000000036.1	652	664	12	-	0		0.67	0	GGGAGAGGGGAA	-
ENSLCOT00000000042.1	457	468	11	+	0		0.27	2	AAGAAGAAAGA	-
ENSLCOT00000000042.1	788	799	11	+	0		0.55	0	GAGAAAGGGAG	-
ENSLCOT00000000042.1	2563	2576	13	+	0		0.38	0	AAAGAGGGAAAAG	-
ENSLCOT00000000042.1	2598	2608	10	+	0		0.5	1	AAGAGAAGGG	-
ENSLCOT00000000042.1	2804	2816	12	+	0		0.58	0	GAGGAGGAAAGG	-
ENSLCOT00000000042.1	557	567	10	-	0		0.5	1	AGGAAGAAGG	-
ENSLCOT00000000042.1	1213	1224	11	-	0		0.36	1	GAGAAGAAAGA	-
ENSLCOT00000000093.1	2255	2269	14	+	0		0.71	0	GGGGAGGGAGGAGA	-
ENSLCOT00000000093.1	2693	2705	12	+	0		0.67	0	GGAGAAGGGGAG	-
ENSLCOT00000000093.1	2774	2784	10	+	0		0.6	0	GGAGAAGGAG	-
ENSLCOT00000000093.1	2860	2873	13	+	0		0.54	0	GGGAGAAGGAAAG	-
ENSLCOT00000000093.1	3187	3200	13	+	0		0.69	0	GGGAGGAGGAGAG	-
ENSLCOT00000000093.1	3258	3280	21	+	0.045	d11	0.68	0	GGGGAGGGGGGTGAGAGGGAAA	-
ENSLCOT00000000093.1	1302	1323	20	-	0.048	d13	0.62	1	GGGGAAGTAGAGGAGGAGGGA	-
ENSLCOT00000000103.1	1311	1332	20	-	0.048	d13	0.62	1	GGGGAAGTAGAGGAGGAGGGA	-
ENSLCOT00000000249.1	1950	1963	13	+	0		0.62	2	GAGGAGGAGAAGG	-
ENSLCOT00000000249.1	499	509	10	-	0		0.6	2	GGAGGAGAGA	-
ENSLCOT00000000249.1	1207	1222	15	-	0		0.67	2	AGAGGGGGAGGAAGG	-
ENSLCOT00000000259.1	2133	2146	13	+	0		0.62	2	GAGGAGGAGAAGG	-
ENSLCOT00000000259.1	679	689	10	-	0		0.6	2	GGAGGAGAGA	-
ENSLCOT00000000259.1	1387	1402	15	-	0		0.67	2	AGAGGGGGAGGAAGG	-
ENSLCOT00000000260.1	69	80	11	+	0		0.55	1	AAAGGGGAGAG	-
ENSLCOT00000000260.1	192	207	15	+	0		0.67	0	GGGAGGGAGGAAGAG	-
ENSLCOT00000000260.1	2358	2371	13	+	0		0.62	2	GAGGAGGAGAAGG	-
ENSLCOT00000000260.1	745	755	10	-	0		0.6	2	GGAGGAGAGA	-
ENSLCOT00000000260.1	1453	1468	15	-	0		0.67	2	AGAGGGGGAGGAAGG	-
