# Duplex-ID	Start	End	Score	Strand	Error-rate	Errors	Guanine-rate	Duplicates	TTS	Duplicate locations
ENSLCOT00000000041.1	7990	8010	19	+	0.05	d3	0.45	-1	GGACAGAAGGAGAAAAGAGG	-
ENSLCOT00000000044.1	7711	7731	19	+	0.05	d3	0.45	-1	GGACAGAAGGAGAAAAGAGG	-
ENSLCOT00000000056.1	7435	7455	19	+	0.05	d3	0.45	-1	GGACAGAAGGAGAAAAGAGG	-
ENSLCOT00000000007.1	924	944	19	+	0.05	d2	0.6	-1	AGCGAGGAGGAGAGGAAGGG	-
ENSLCOT00000000007.1	986	1002	16	+	0		0.56	-1	GAAGGAGGAAGAGGAG	-
ENSLCOT00000000007.1	1173	1196	22	+	0.043	d18	0.57	-1	GAGGAGGAAGAGGAGGAGCAGGA	-
ENSLCOT00000000007.1	1866	1887	20	+	0.048	d8	0.62	-1	GGGGAGGACGAAGAGGAGGGA	-
ENSLCOT00000000007.1	466	491	24	-	0.04	d23	0.6	-1	ACAGAGGAGGAAGAGGAGGAGGGGG	-
ENSLCOT00000000007.1	463	489	25	-	0.038	d2	0.62	-1	AGAGGAGGAAGAGGAGGAGGGGGCAG	-
ENSLCOT00000000445.1	2732	2753	20	+	0.048	d2	0.48	-1	GGCGAAGAAAGAGAGGGAAAG	-
ENSLCOT00000000445.1	2735	2757	21	+	0.045	d18	0.45	-1	GAAGAAAGAGAGGGAAAGCAGG	-
ENSLCOT00000000484.1	2654	2675	20	+	0.048	d2	0.48	-1	GGCGAAGAAAGAGAGGGAAAG	-
ENSLCOT00000000484.1	2657	2679	21	+	0.045	d18	0.45	-1	GAAGAAAGAGAGGGAAAGCAGG	-
ENSLCOT00000000489.1	2651	2672	20	+	0.048	d2	0.48	-1	GGCGAAGAAAGAGAGGGAAAG	-
ENSLCOT00000000489.1	2654	2676	21	+	0.045	d18	0.45	-1	GAAGAAAGAGAGGGAAAGCAGG	-
ENSLCOT00000000017.1	611	632	20	+	0.048	d10	0.67	-1	GGGGGGGAAGTGGAAGGAGAG	-
ENSLCOT00000000881.1	751	771	19	-	0.05	d8	0.5	-1	AGAGGGAAGGGCAAAGAGAG	-
ENSLCOT00000000921.1	568	588	19	-	0.05	d8	0.5	-1	AGAGGGAAGGGCAAAGAGAG	-
ENSLCOT00000000946.1	568	588	19	-	0.05	d8	0.5	-1	AGAGGGAAGGGCAAAGAGAG	-
ENSLCOT00000000013.1	954	972	18	-	0		0.28	-1	GAAAGAAAAAAGGAGAAA	-
ENSLCOT00000000012.1	2960	2983	22	+	0.043	d2	0.17	-1	GGCAAAAAAAAAAAAAAAAGAGA	-
ENSLCOT00000000012.1	3038	3068	29	-	0.033	d4	0.13	-1	AAAAAAAAAAAAAAGAAAGAGAAAACAGAA	-
ENSLCOT00000000012.1	3037	3067	29	-	0.033	d5	0.17	-1	AAAAAAAAAAAAAGAAAGAGAAAACAGAAG	-
ENSLCOT00000000012.1	3036	3066	29	-	0.033	d6	0.2	-1	AAAAAAAAAAAAGAAAGAGAAAACAGAAGG	-
ENSLCOT00000000012.1	3103	3124	20	-	0.048	d9	0.62	-1	GGGGGAGAGAGTGAAGAGGGA	-
ENSLCOT00000000131.1	11	29	18	-	0		0.5	-1	GAGAAGGAGAGGGAAAAG	-
ENSLCOT00000000069.1	1495	1513	18	+	0		0.56	-1	GGGAGGAAGAGGAAGAGA	-
ENSLCOT00000000043.1	393	418	24	+	0.04	d6	0.44	-1	GGGAAATGGGGAAAAGAAGAGAAGA	-
ENSLCOT00000000043.1	483	508	24	+	0.04	d2	0.48	-1	AGTAGAGAAAAGGAGGGGAGAAAGG	-
ENSLCOT00000000016.1	2087	2107	19	+	0.05	d2	0.1	-1	GGCAAAAAAAAAAAAAAAAA	-
ENSLCOT00000000016.1	2112	2142	29	+	0.033	d6	0.1	-1	AAAAAATAAAAAAAAAAAAGAGAAAAAAAG	-
ENSLCOT00000000016.1	2119	2144	24	+	0.04	d23	0.12	-1	AAAAAAAAAAAAGAGAAAAAAAGCA	-
ENSLCOT00000000323.1	1835	1863	27	+	0.036	d25	0.68	-1	GGAGGAGGAGGAGGAGGAGGAGGAGCGG	-
ENSLCOT00000000323.1	2128	2150	21	+	0.045	d8	0.68	-1	GGAGGAGGCGGGAGGAGGAGGA	-
ENSLCOT00000000323.1	2137	2166	28	+	0.034	d13	0.69	-1	GGGAGGAGGAGGATGGGGAGGAGGAAGGG	-
ENSLCOT00000000323.1	2151	2172	20	+	0.048	d15	0.71	-1	GGGGAGGAGGAAGGGCGGAGG	-
ENSLCOT00000000346.1	1550	1578	27	+	0.036	d25	0.68	-1	GGAGGAGGAGGAGGAGGAGGAGGAGCGG	-
ENSLCOT00000000346.1	1843	1865	21	+	0.045	d8	0.68	-1	GGAGGAGGCGGGAGGAGGAGGA	-
ENSLCOT00000000346.1	1852	1881	28	+	0.034	d13	0.69	-1	GGGAGGAGGAGGATGGGGAGGAGGAAGGG	-
ENSLCOT00000000346.1	1866	1887	20	+	0.048	d15	0.71	-1	GGGGAGGAGGAAGGGCGGAGG	-
ENSLCOT00000000014.1	231	257	25	+	0.038	d21	0.38	-1	AAAGAAAAGGGGAAGAGGAGATAAAG	-
ENSLCOT00000000014.1	270	295	24	+	0.04	d9	0.4	-1	AAAGAAGAACGAGAAGGAGAGGGAA	-
ENSLCOT00000000014.1	1424	1446	21	+	0.045	d14	0.55	-1	GAGAGGGAAAGAAATGGGGAGG	-
ENSLCOT00000000014.1	3593	3614	20	+	0.048	d13	0.57	-1	GAGGGAGGGAAAATGGGGGAA	-
ENSLCOT00000000014.1	773	797	23	-	0.042	d21	0.5	-1	AGCAGGAGAGGAGGAGGAAGAAGA	-
ENSLCOT00000000251.1	1298	1319	20	+	0.048	d8	0.38	-1	GAAGGAAGCAGAGAAAGGAAA	-
ENSLCOT00000000251.1	4292	4308	16	+	0		0.44	-1	GGAGAAAAGAGAAGGA	-
ENSLCOT00000000251.1	5031	5053	21	+	0.045	d7	0.27	-1	GAGGAAGCAAAGAGAAAAAAAA	-
ENSLCOT00000000251.1	6533	6558	24	+	0.04	d20	0.48	-1	GAGAGGAGAAGAGGAAGAAGTGGAA	-
ENSLCOT00000000251.1	7805	7826	20	+	0.048	d4	0.24	-1	AGAACAAAGAGAAGAAGAAAA	-
ENSLCOT00000000251.1	1989	2010	20	-	0.048	d18	0.43	-1	AGTGGAAAAGGAGGGAAAAGA	-
ENSLCOT00000000255.1	1130	1151	20	+	0.048	d8	0.38	-1	GAAGGAAGCAGAGAAAGGAAA	-
ENSLCOT00000000255.1	4124	4140	16	+	0		0.44	-1	GGAGAAAAGAGAAGGA	-
ENSLCOT00000000255.1	4863	4885	21	+	0.045	d7	0.27	-1	GAGGAAGCAAAGAGAAAAAAAA	-
ENSLCOT00000000255.1	6365	6390	24	+	0.04	d20	0.48	-1	GAGAGGAGAAGAGGAAGAAGTGGAA	-
ENSLCOT00000000255.1	7637	7658	20	+	0.048	d4	0.24	-1	AGAACAAAGAGAAGAAGAAAA	-
ENSLCOT00000000255.1	1821	1842	20	-	0.048	d18	0.43	-1	AGTGGAAAAGGAGGGAAAAGA	-
ENSLCOT00000000030.1	3971	3991	19	-	0.05	d14	0.45	-1	GGGAGTAAAGGAGAAGAAAG	-
ENSLCOT00000000030.1	4873	4899	26	-	0		0.31	-1	AAAAAGGAGAAGGGAAAAAAAAAGAG	-
ENSLCOT00000000024.1	831	849	18	+	0		0.22	-1	AGAAGAAGAAAGAAAAAA	-
ENSLCOT00000000024.1	1071	1091	19	+	0.05	d5	0.3	-1	GAAAATGAAGAAAGAAAAGG	-
ENSLCOT00000000024.1	1377	1400	22	+	0.043	d3	0.3	-1	AGATGAAGAAGAAAAAGGAAAGA	-
ENSLCOT00000000032.1	831	849	18	+	0		0.22	-1	AGAAGAAGAAAGAAAAAA	-
ENSLCOT00000000032.1	945	965	19	+	0.05	d5	0.3	-1	GAAAATGAAGAAAGAAAAGG	-
ENSLCOT00000000032.1	1251	1274	22	+	0.043	d3	0.3	-1	AGATGAAGAAGAAAAAGGAAAGA	-
ENSLCOT00000000022.1	5	32	26	+	0.037	d8	0.52	-1	AAGAAGAGTGAAAAGGGGAGAGGAGGG	-
ENSLCOT00000000022.1	14	35	20	+	0.048	d18	0.52	-1	GAAAAGGGGAGAGGAGGGCAA	-
ENSLCOT00000000039.1	56	77	20	-	0.048	d15	0.33	-1	AAGAGCAGAAGAAAGAGAAGA	-
ENSLCOT00000000026.1	6307	6330	22	+	0.043	d5	0.48	-1	GGGGACGGAGGGAAGAAGAAAAA	-
ENSLCOT00000000027.1	486	505	19	+	0		0.37	-1	AAAAGAAAAAGGGGAGAAG	-
ENSLCOT00000000027.1	22	47	24	-	0.04	d23	0.64	-1	GCGGGAGGAGGGAAGGAAGGAGGGA	-
ENSLCOT00000000033.1	1026	1046	19	-	0.05	d14	0.4	-1	GGAGGTGAAAAGGAAAAAAG	-
ENSLCOT00000000080.1	1639	1664	24	+	0.04	d16	0.52	-1	GAGGGAAGAAGGAGAGCAAGGAGGA	-
ENSLCOT00000000037.1	153	173	19	+	0.05	d5	0.6	-1	GAGGACGAGGAGGAGGAGGA	-
ENSLCOT00000000037.1	159	182	22	+	0.043	d14	0.61	-1	GAGGAGGAGGAGGACGAGGAGGA	-
ENSLCOT00000000093.1	3258	3280	21	+	0.045	d11	0.68	-1	GGGGAGGGGGGTGAGAGGGAAA	-
ENSLCOT00000000093.1	1302	1323	20	-	0.048	d13	0.62	-1	GGGGAAGTAGAGGAGGAGGGA	-
ENSLCOT00000000103.1	1311	1332	20	-	0.048	d13	0.62	-1	GGGGAAGTAGAGGAGGAGGGA	-
ENSLCOT00000023191.1	121	147	25	+	0.038	d12	0.65	-1	GGAGGAAGAGGATGGAGAGGGGGAGG	-
ENSLCOT00000023191.1	1317	1334	17	-	0		0.59	-1	GGGGAGGAAAAAGGGGA	-
ENSLCOT00000010487.1	0	23	22	+	0.043	d12	0.57	-1	GAGGAAGGGAGACGGGAGGAAAG	-
ENSLCOT00000010487.1	2494	2514	19	-	0.05	d5	0.7	-1	GAGAGGGAGGAGGGCAGGGG	-
ENSLCOT00000010487.1	2807	2827	19	-	0.05	d10	0.75	-1	GGGGGAAGGCGGGGAGGAGG	-
ENSLCOT00000010487.1	6098	6123	24	-	0.04	d22	0.56	-1	AGTGAGGGGAGGGAAAAGGGGAAGA	-
ENSLCOT00000010487.1	6090	6120	29	-	0.033	d7	0.6	-1	GAGGGGAGGGAAAAGGGGAAGATGGGAGAG	-
ENSLCOT00000010487.1	6089	6119	29	-	0.033	d8	0.6	-1	AGGGGAGGGAAAAGGGGAAGATGGGAGAGG	-
ENSLCOT00000010487.1	6088	6118	29	-	0.033	d9	0.6	-1	GGGGAGGGAAAAGGGGAAGATGGGAGAGGA	-
ENSLCOT00000010487.1	6087	6117	29	-	0.033	d10	0.6	-1	GGGAGGGAAAAGGGGAAGATGGGAGAGGAG	-
ENSLCOT00000010487.1	6086	6116	29	-	0.033	d11	0.6	-1	GGAGGGAAAAGGGGAAGATGGGAGAGGAGG	-
ENSLCOT00000008897.1	3759	3784	24	+	0.04	d11	0.2	-1	AAAAAAAAAAACAGGAAAAAGAGGA	-
ENSLCOT00000008897.1	4143	4159	16	+	0		0.5	-1	GGAAGAGAGAGAAGAG	-
ENSLCOT00000008897.1	4310	4326	16	+	0		0.62	-1	GGAGGAGGAAGGAGGA	-
ENSLCOT00000008897.1	5304	5326	21	+	0.045	d4	0.55	-1	GGGGTGGGAAAAGAGAAGGGAA	-
ENSLCOT00000008897.1	5678	5694	16	+	0		0.69	-1	GGAGGGGAGGGAAGAG	-
ENSLCOT00000008897.1	3177	3195	18	-	0		0.61	-1	GAGAGGGGGAGAGAAAGG	-
ENSLCOT00000008897.1	3475	3498	22	-	0.043	d6	0.61	-1	GGAGGAAGGAGGGGGATGAAGGA	-
ENSLCOT00000008897.1	3662	3692	30	-	0		0.27	-1	AAAGGAGGGGAAAAAAAAGAAAAAAAAAGA	-
ENSLCOT00000008897.1	4262	4291	29	-	0		0.34	-1	AGGGAAAAAAAGGGGGAAAAAAGAAAAGA	-
ENSLCOT00000008897.1	4260	4290	29	-	0.033	d1	0.33	-1	GGGAAAAAAAGGGGGAAAAAAGAAAAGACA	-
ENSLCOT00000008897.1	4259	4289	29	-	0.033	d2	0.3	-1	GGAAAAAAAGGGGGAAAAAAGAAAAGACAA	-
ENSLCOT00000008897.1	4258	4288	29	-	0.033	d3	0.27	-1	GAAAAAAAGGGGGAAAAAAGAAAAGACAAA	-
ENSLCOT00000008897.1	4257	4287	29	-	0.033	d4	0.23	-1	AAAAAAAGGGGGAAAAAAGAAAAGACAAAA	-
ENSLCOT00000008897.1	4256	4286	29	-	0.033	d5	0.23	-1	AAAAAAGGGGGAAAAAAGAAAAGACAAAAA	-
ENSLCOT00000008897.1	4255	4285	29	-	0.033	d6	0.23	-1	AAAAAGGGGGAAAAAAGAAAAGACAAAAAA	-
ENSLCOT00000008897.1	4254	4284	29	-	0.033	d7	0.23	-1	AAAAGGGGGAAAAAAGAAAAGACAAAAAAA	-
ENSLCOT00000008897.1	4253	4283	29	-	0.033	d8	0.27	-1	AAAGGGGGAAAAAAGAAAAGACAAAAAAAG	-
ENSLCOT00000008897.1	4252	4282	29	-	0.033	d9	0.27	-1	AAGGGGGAAAAAAGAAAAGACAAAAAAAGA	-
ENSLCOT00000008897.1	4251	4281	29	-	0.033	d10	0.3	-1	AGGGGGAAAAAAGAAAAGACAAAAAAAGAG	-
ENSLCOT00000008897.1	4250	4280	29	-	0.033	d11	0.33	-1	GGGGGAAAAAAGAAAAGACAAAAAAAGAGG	-
ENSLCOT00000004026.1	200	230	30	-	0		0.63	-1	GGGAAAGAGGGAGAAGGGGAGGGAAAGGGG	-
ENSLCOT00000004026.1	199	229	30	-	0		0.6	-1	GGAAAGAGGGAGAAGGGGAGGGAAAGGGGA	-
ENSLCOT00000004026.1	198	228	30	-	0		0.6	-1	GAAAGAGGGAGAAGGGGAGGGAAAGGGGAG	-
ENSLCOT00000004026.1	197	227	30	-	0		0.57	-1	AAAGAGGGAGAAGGGGAGGGAAAGGGGAGA	-
ENSLCOT00000004026.1	196	226	30	-	0		0.57	-1	AAGAGGGAGAAGGGGAGGGAAAGGGGAGAA	-
ENSLCOT00000004026.1	195	225	30	-	0		0.6	-1	AGAGGGAGAAGGGGAGGGAAAGGGGAGAAG	-
ENSLCOT00000004026.1	194	224	30	-	0		0.63	-1	GAGGGAGAAGGGGAGGGAAAGGGGAGAAGG	-
ENSLCOT00000004026.1	193	223	30	-	0		0.6	-1	AGGGAGAAGGGGAGGGAAAGGGGAGAAGGA	-
ENSLCOT00000004026.1	192	222	30	-	0		0.6	-1	GGGAGAAGGGGAGGGAAAGGGGAGAAGGAA	-
ENSLCOT00000004026.1	191	221	30	-	0		0.57	-1	GGAGAAGGGGAGGGAAAGGGGAGAAGGAAA	-
ENSLCOT00000004026.1	190	220	30	-	0		0.57	-1	GAGAAGGGGAGGGAAAGGGGAGAAGGAAAG	-
ENSLCOT00000004026.1	189	219	30	-	0		0.57	-1	AGAAGGGGAGGGAAAGGGGAGAAGGAAAGG	-
ENSLCOT00000004026.1	188	218	30	-	0		0.6	-1	GAAGGGGAGGGAAAGGGGAGAAGGAAAGGG	-
ENSLCOT00000004026.1	187	217	30	-	0		0.6	-1	AAGGGGAGGGAAAGGGGAGAAGGAAAGGGG	-
ENSLCOT00000004026.1	186	216	30	-	0		0.6	-1	AGGGGAGGGAAAGGGGAGAAGGAAAGGGGA	-
ENSLCOT00000004026.1	185	215	30	-	0		0.63	-1	GGGGAGGGAAAGGGGAGAAGGAAAGGGGAG	-
ENSLCOT00000004026.1	184	214	30	-	0		0.63	-1	GGGAGGGAAAGGGGAGAAGGAAAGGGGAGG	-
ENSLCOT00000004026.1	183	213	30	-	0		0.63	-1	GGAGGGAAAGGGGAGAAGGAAAGGGGAGGG	-
ENSLCOT00000004026.1	182	212	30	-	0		0.6	-1	GAGGGAAAGGGGAGAAGGAAAGGGGAGGGA	-
ENSLCOT00000004026.1	181	211	30	-	0		0.57	-1	AGGGAAAGGGGAGAAGGAAAGGGGAGGGAA	-
ENSLCOT00000004026.1	180	210	30	-	0		0.57	-1	GGGAAAGGGGAGAAGGAAAGGGGAGGGAAA	-
ENSLCOT00000004026.1	179	209	30	-	0		0.57	-1	GGAAAGGGGAGAAGGAAAGGGGAGGGAAAG	-
ENSLCOT00000004026.1	178	208	30	-	0		0.57	-1	GAAAGGGGAGAAGGAAAGGGGAGGGAAAGG	-
ENSLCOT00000004026.1	177	207	30	-	0		0.53	-1	AAAGGGGAGAAGGAAAGGGGAGGGAAAGGA	-
ENSLCOT00000004026.1	176	206	30	-	0		0.57	-1	AAGGGGAGAAGGAAAGGGGAGGGAAAGGAG	-
ENSLCOT00000004026.1	175	205	30	-	0		0.6	-1	AGGGGAGAAGGAAAGGGGAGGGAAAGGAGG	-
ENSLCOT00000004026.1	174	204	30	-	0		0.6	-1	GGGGAGAAGGAAAGGGGAGGGAAAGGAGGA	-
ENSLCOT00000004026.1	173	203	30	-	0		0.6	-1	GGGAGAAGGAAAGGGGAGGGAAAGGAGGAG	-
ENSLCOT00000004026.1	172	202	30	-	0		0.57	-1	GGAGAAGGAAAGGGGAGGGAAAGGAGGAGA	-
ENSLCOT00000004026.1	171	201	30	-	0		0.53	-1	GAGAAGGAAAGGGGAGGGAAAGGAGGAGAA	-
ENSLCOT00000004026.1	170	200	30	-	0		0.53	-1	AGAAGGAAAGGGGAGGGAAAGGAGGAGAAG	-
ENSLCOT00000004026.1	169	199	30	-	0		0.53	-1	GAAGGAAAGGGGAGGGAAAGGAGGAGAAGA	-
ENSLCOT00000004026.1	168	198	30	-	0		0.53	-1	AAGGAAAGGGGAGGGAAAGGAGGAGAAGAG	-
ENSLCOT00000004026.1	167	197	30	-	0		0.57	-1	AGGAAAGGGGAGGGAAAGGAGGAGAAGAGG	-
ENSLCOT00000004026.1	166	196	30	-	0		0.57	-1	GGAAAGGGGAGGGAAAGGAGGAGAAGAGGA	-
ENSLCOT00000004026.1	165	195	30	-	0		0.57	-1	GAAAGGGGAGGGAAAGGAGGAGAAGAGGAG	-
ENSLCOT00000004026.1	164	194	30	-	0		0.57	-1	AAAGGGGAGGGAAAGGAGGAGAAGAGGAGG	-
ENSLCOT00000004026.1	163	193	30	-	0		0.6	-1	AAGGGGAGGGAAAGGAGGAGAAGAGGAGGG	-
ENSLCOT00000004026.1	162	192	30	-	0		0.6	-1	AGGGGAGGGAAAGGAGGAGAAGAGGAGGGA	-
ENSLCOT00000004026.1	161	191	30	-	0		0.6	-1	GGGGAGGGAAAGGAGGAGAAGAGGAGGGAA	-
ENSLCOT00000004026.1	160	190	30	-	0		0.57	-1	GGGAGGGAAAGGAGGAGAAGAGGAGGGAAA	-
ENSLCOT00000004026.1	158	188	29	-	0.033	d1	0.53	-1	GAGGGAAAGGAGGAGAAGAGGAGGGAAATG	-
ENSLCOT00000004026.1	157	187	29	-	0.033	d2	0.53	-1	AGGGAAAGGAGGAGAAGAGGAGGGAAATGG	-
ENSLCOT00000004026.1	156	186	29	-	0.033	d3	0.57	-1	GGGAAAGGAGGAGAAGAGGAGGGAAATGGG	-
ENSLCOT00000004026.1	155	185	29	-	0.033	d4	0.53	-1	GGAAAGGAGGAGAAGAGGAGGGAAATGGGA	-
ENSLCOT00000004026.1	154	184	29	-	0.033	d5	0.53	-1	GAAAGGAGGAGAAGAGGAGGGAAATGGGAG	-
ENSLCOT00000004026.1	153	183	29	-	0.033	d6	0.53	-1	AAAGGAGGAGAAGAGGAGGGAAATGGGAGG	-
ENSLCOT00000004026.1	152	182	29	-	0.033	d7	0.57	-1	AAGGAGGAGAAGAGGAGGGAAATGGGAGGG	-
ENSLCOT00000004026.1	151	181	29	-	0.033	d8	0.57	-1	AGGAGGAGAAGAGGAGGGAAATGGGAGGGA	-
ENSLCOT00000004026.1	150	180	29	-	0.033	d9	0.57	-1	GGAGGAGAAGAGGAGGGAAATGGGAGGGAA	-
ENSLCOT00000004026.1	149	179	29	-	0.033	d10	0.53	-1	GAGGAGAAGAGGAGGGAAATGGGAGGGAAA	-
ENSLCOT00000004026.1	148	178	29	-	0.033	d11	0.53	-1	AGGAGAAGAGGAGGGAAATGGGAGGGAAAG	-
ENSLCOT00000004026.1	147	177	29	-	0.033	d12	0.53	-1	GGAGAAGAGGAGGGAAATGGGAGGGAAAGA	-
ENSLCOT00000004026.1	146	176	29	-	0.033	d13	0.53	-1	GAGAAGAGGAGGGAAATGGGAGGGAAAGAG	-
ENSLCOT00000004026.1	145	175	29	-	0.033	d14	0.53	-1	AGAAGAGGAGGGAAATGGGAGGGAAAGAGG	-
ENSLCOT00000004026.1	144	174	29	-	0.033	d15	0.53	-1	GAAGAGGAGGGAAATGGGAGGGAAAGAGGA	-
ENSLCOT00000004026.1	143	173	29	-	0.033	d16	0.53	-1	AAGAGGAGGGAAATGGGAGGGAAAGAGGAG	-
ENSLCOT00000004026.1	142	172	29	-	0.033	d17	0.53	-1	AGAGGAGGGAAATGGGAGGGAAAGAGGAGA	-
ENSLCOT00000004026.1	141	171	29	-	0.033	d18	0.57	-1	GAGGAGGGAAATGGGAGGGAAAGAGGAGAG	-
ENSLCOT00000004026.1	140	170	29	-	0.033	d19	0.53	-1	AGGAGGGAAATGGGAGGGAAAGAGGAGAGA	-
ENSLCOT00000004026.1	139	169	29	-	0.033	d20	0.53	-1	GGAGGGAAATGGGAGGGAAAGAGGAGAGAA	-
ENSLCOT00000004026.1	138	168	29	-	0.033	d21	0.5	-1	GAGGGAAATGGGAGGGAAAGAGGAGAGAAA	-
ENSLCOT00000004026.1	137	167	29	-	0.033	d22	0.47	-1	AGGGAAATGGGAGGGAAAGAGGAGAGAAAA	-
ENSLCOT00000004026.1	136	166	29	-	0.033	d23	0.5	-1	GGGAAATGGGAGGGAAAGAGGAGAGAAAAG	-
ENSLCOT00000004026.1	135	165	29	-	0.033	d24	0.5	-1	GGAAATGGGAGGGAAAGAGGAGAGAAAAGG	-
ENSLCOT00000004026.1	134	164	29	-	0.033	d25	0.5	-1	GAAATGGGAGGGAAAGAGGAGAGAAAAGGG	-
ENSLCOT00000004026.1	133	163	29	-	0.033	d26	0.47	-1	AAATGGGAGGGAAAGAGGAGAGAAAAGGGA	-
ENSLCOT00000004026.1	132	162	29	-	0.033	d27	0.5	-1	AATGGGAGGGAAAGAGGAGAGAAAAGGGAG	-
ENSLCOT00000004026.1	131	161	29	-	0.033	d28	0.5	-1	ATGGGAGGGAAAGAGGAGAGAAAAGGGAGA	-
ENSLCOT00000004026.1	129	159	30	-	0		0.53	-1	GGGAGGGAAAGAGGAGAGAAAAGGGAGAAG	-
ENSLCOT00000004026.1	128	158	30	-	0		0.53	-1	GGAGGGAAAGAGGAGAGAAAAGGGAGAAGG	-
ENSLCOT00000004026.1	127	157	30	-	0		0.5	-1	GAGGGAAAGAGGAGAGAAAAGGGAGAAGGA	-
ENSLCOT00000004026.1	126	156	30	-	0		0.47	-1	AGGGAAAGAGGAGAGAAAAGGGAGAAGGAA	-
ENSLCOT00000004026.1	125	155	30	-	0		0.47	-1	GGGAAAGAGGAGAGAAAAGGGAGAAGGAAA	-
ENSLCOT00000004026.1	124	154	30	-	0		0.47	-1	GGAAAGAGGAGAGAAAAGGGAGAAGGAAAG	-
ENSLCOT00000004026.1	123	153	30	-	0		0.43	-1	GAAAGAGGAGAGAAAAGGGAGAAGGAAAGA	-
ENSLCOT00000004026.1	122	152	30	-	0		0.43	-1	AAAGAGGAGAGAAAAGGGAGAAGGAAAGAG	-
ENSLCOT00000004026.1	121	151	30	-	0		0.47	-1	AAGAGGAGAGAAAAGGGAGAAGGAAAGAGG	-
ENSLCOT00000004026.1	120	150	30	-	0		0.5	-1	AGAGGAGAGAAAAGGGAGAAGGAAAGAGGG	-
ENSLCOT00000004026.1	119	149	30	-	0		0.5	-1	GAGGAGAGAAAAGGGAGAAGGAAAGAGGGA	-
ENSLCOT00000004026.1	118	148	30	-	0		0.5	-1	AGGAGAGAAAAGGGAGAAGGAAAGAGGGAG	-
ENSLCOT00000004026.1	117	147	30	-	0		0.5	-1	GGAGAGAAAAGGGAGAAGGAAAGAGGGAGA	-
ENSLCOT00000004026.1	116	146	30	-	0		0.47	-1	GAGAGAAAAGGGAGAAGGAAAGAGGGAGAA	-
ENSLCOT00000004026.1	115	145	30	-	0		0.47	-1	AGAGAAAAGGGAGAAGGAAAGAGGGAGAAG	-
ENSLCOT00000004026.1	114	144	30	-	0		0.47	-1	GAGAAAAGGGAGAAGGAAAGAGGGAGAAGA	-
ENSLCOT00000004026.1	113	143	30	-	0		0.43	-1	AGAAAAGGGAGAAGGAAAGAGGGAGAAGAA	-
ENSLCOT00000004026.1	112	142	30	-	0		0.43	-1	GAAAAGGGAGAAGGAAAGAGGGAGAAGAAA	-
ENSLCOT00000004026.1	111	141	30	-	0		0.4	-1	AAAAGGGAGAAGGAAAGAGGGAGAAGAAAA	-
ENSLCOT00000004026.1	110	140	30	-	0		0.43	-1	AAAGGGAGAAGGAAAGAGGGAGAAGAAAAG	-
ENSLCOT00000004026.1	109	139	30	-	0		0.43	-1	AAGGGAGAAGGAAAGAGGGAGAAGAAAAGA	-
ENSLCOT00000004026.1	108	138	30	-	0		0.47	-1	AGGGAGAAGGAAAGAGGGAGAAGAAAAGAG	-
ENSLCOT00000004026.1	107	137	30	-	0		0.5	-1	GGGAGAAGGAAAGAGGGAGAAGAAAAGAGG	-
ENSLCOT00000004026.1	106	136	30	-	0		0.47	-1	GGAGAAGGAAAGAGGGAGAAGAAAAGAGGA	-
ENSLCOT00000004026.1	104	134	29	-	0.033	d1	0.43	-1	AGAAGGAAAGAGGGAGAAGAAAAGAGGATG	-
ENSLCOT00000004026.1	103	133	29	-	0.033	d2	0.47	-1	GAAGGAAAGAGGGAGAAGAAAAGAGGATGG	-
ENSLCOT00000004026.1	102	132	29	-	0.033	d3	0.43	-1	AAGGAAAGAGGGAGAAGAAAAGAGGATGGA	-
ENSLCOT00000004026.1	101	131	29	-	0.033	d4	0.47	-1	AGGAAAGAGGGAGAAGAAAAGAGGATGGAG	-
ENSLCOT00000004026.1	100	130	29	-	0.033	d5	0.47	-1	GGAAAGAGGGAGAAGAAAAGAGGATGGAGA	-
ENSLCOT00000004026.1	99	129	29	-	0.033	d6	0.47	-1	GAAAGAGGGAGAAGAAAAGAGGATGGAGAG	-
ENSLCOT00000004026.1	98	128	29	-	0.033	d7	0.47	-1	AAAGAGGGAGAAGAAAAGAGGATGGAGAGG	-
ENSLCOT00000004026.1	97	127	29	-	0.033	d8	0.5	-1	AAGAGGGAGAAGAAAAGAGGATGGAGAGGG	-
ENSLCOT00000004026.1	96	126	29	-	0.033	d9	0.53	-1	AGAGGGAGAAGAAAAGAGGATGGAGAGGGG	-
ENSLCOT00000004026.1	95	125	29	-	0.033	d10	0.53	-1	GAGGGAGAAGAAAAGAGGATGGAGAGGGGA	-
ENSLCOT00000004026.1	94	124	29	-	0.033	d11	0.5	-1	AGGGAGAAGAAAAGAGGATGGAGAGGGGAA	-
ENSLCOT00000004026.1	93	123	29	-	0.033	d12	0.53	-1	GGGAGAAGAAAAGAGGATGGAGAGGGGAAG	-
ENSLCOT00000004026.1	92	122	29	-	0.033	d13	0.5	-1	GGAGAAGAAAAGAGGATGGAGAGGGGAAGA	-
ENSLCOT00000004026.1	91	121	29	-	0.033	d14	0.47	-1	GAGAAGAAAAGAGGATGGAGAGGGGAAGAA	-
ENSLCOT00000004026.1	90	120	29	-	0.033	d15	0.47	-1	AGAAGAAAAGAGGATGGAGAGGGGAAGAAG	-
ENSLCOT00000004026.1	89	119	29	-	0.033	d16	0.5	-1	GAAGAAAAGAGGATGGAGAGGGGAAGAAGG	-
ENSLCOT00000004026.1	88	118	29	-	0.033	d17	0.5	-1	AAGAAAAGAGGATGGAGAGGGGAAGAAGGG	-
ENSLCOT00000004026.1	87	117	29	-	0.033	d18	0.53	-1	AGAAAAGAGGATGGAGAGGGGAAGAAGGGG	-
ENSLCOT00000004026.1	86	116	29	-	0.033	d19	0.53	-1	GAAAAGAGGATGGAGAGGGGAAGAAGGGGA	-
ENSLCOT00000004026.1	85	115	29	-	0.033	d20	0.53	-1	AAAAGAGGATGGAGAGGGGAAGAAGGGGAG	-
ENSLCOT00000004026.1	84	114	29	-	0.033	d21	0.57	-1	AAAGAGGATGGAGAGGGGAAGAAGGGGAGG	-
ENSLCOT00000004026.1	83	113	29	-	0.033	d22	0.6	-1	AAGAGGATGGAGAGGGGAAGAAGGGGAGGG	-
ENSLCOT00000004026.1	82	112	29	-	0.033	d23	0.6	-1	AGAGGATGGAGAGGGGAAGAAGGGGAGGGA	-
ENSLCOT00000004026.1	81	111	29	-	0.033	d24	0.6	-1	GAGGATGGAGAGGGGAAGAAGGGGAGGGAA	-
ENSLCOT00000004026.1	80	110	29	-	0.033	d25	0.57	-1	AGGATGGAGAGGGGAAGAAGGGGAGGGAAA	-
ENSLCOT00000004026.1	79	109	29	-	0.033	d26	0.6	-1	GGATGGAGAGGGGAAGAAGGGGAGGGAAAG	-
ENSLCOT00000004026.1	78	108	29	-	0.033	d27	0.6	-1	GATGGAGAGGGGAAGAAGGGGAGGGAAAGG	-
ENSLCOT00000004026.1	77	107	29	-	0.033	d28	0.6	-1	ATGGAGAGGGGAAGAAGGGGAGGGAAAGGG	-
ENSLCOT00000004026.1	75	105	30	-	0		0.67	-1	GGAGAGGGGAAGAAGGGGAGGGAAAGGGGG	-
ENSLCOT00000004026.1	74	104	30	-	0		0.63	-1	GAGAGGGGAAGAAGGGGAGGGAAAGGGGGA	-
ENSLCOT00000004026.1	73	103	30	-	0		0.63	-1	AGAGGGGAAGAAGGGGAGGGAAAGGGGGAG	-
ENSLCOT00000004026.1	72	102	30	-	0		0.63	-1	GAGGGGAAGAAGGGGAGGGAAAGGGGGAGA	-
ENSLCOT00000004026.1	71	101	30	-	0		0.6	-1	AGGGGAAGAAGGGGAGGGAAAGGGGGAGAA	-
ENSLCOT00000004026.1	70	100	30	-	0		0.63	-1	GGGGAAGAAGGGGAGGGAAAGGGGGAGAAG	-
ENSLCOT00000004026.1	69	99	30	-	0		0.63	-1	GGGAAGAAGGGGAGGGAAAGGGGGAGAAGG	-
ENSLCOT00000004026.1	68	98	30	-	0		0.6	-1	GGAAGAAGGGGAGGGAAAGGGGGAGAAGGA	-
ENSLCOT00000004026.1	67	97	30	-	0		0.6	-1	GAAGAAGGGGAGGGAAAGGGGGAGAAGGAG	-
ENSLCOT00000004026.1	66	96	30	-	0		0.57	-1	AAGAAGGGGAGGGAAAGGGGGAGAAGGAGA	-
ENSLCOT00000004026.1	65	95	30	-	0		0.6	-1	AGAAGGGGAGGGAAAGGGGGAGAAGGAGAG	-
ENSLCOT00000004026.1	64	94	30	-	0		0.63	-1	GAAGGGGAGGGAAAGGGGGAGAAGGAGAGG	-
ENSLCOT00000004026.1	63	93	30	-	0		0.63	-1	AAGGGGAGGGAAAGGGGGAGAAGGAGAGGG	-
ENSLCOT00000004026.1	62	92	30	-	0		0.67	-1	AGGGGAGGGAAAGGGGGAGAAGGAGAGGGG	-
ENSLCOT00000004026.1	61	91	30	-	0		0.67	-1	GGGGAGGGAAAGGGGGAGAAGGAGAGGGGA	-
ENSLCOT00000004026.1	60	90	30	-	0		0.67	-1	GGGAGGGAAAGGGGGAGAAGGAGAGGGGAG	-
ENSLCOT00000004026.1	59	89	30	-	0		0.67	-1	GGAGGGAAAGGGGGAGAAGGAGAGGGGAGG	-
ENSLCOT00000004026.1	58	88	30	-	0		0.67	-1	GAGGGAAAGGGGGAGAAGGAGAGGGGAGGG	-
ENSLCOT00000004026.1	57	87	30	-	0		0.63	-1	AGGGAAAGGGGGAGAAGGAGAGGGGAGGGA	-
ENSLCOT00000004026.1	56	86	30	-	0		0.63	-1	GGGAAAGGGGGAGAAGGAGAGGGGAGGGAA	-
ENSLCOT00000004026.1	55	85	30	-	0		0.63	-1	GGAAAGGGGGAGAAGGAGAGGGGAGGGAAG	-
ENSLCOT00000004026.1	54	84	30	-	0		0.6	-1	GAAAGGGGGAGAAGGAGAGGGGAGGGAAGA	-
ENSLCOT00000004026.1	53	83	30	-	0		0.6	-1	AAAGGGGGAGAAGGAGAGGGGAGGGAAGAG	-
ENSLCOT00000004026.1	52	82	30	-	0		0.63	-1	AAGGGGGAGAAGGAGAGGGGAGGGAAGAGG	-
ENSLCOT00000004026.1	51	81	30	-	0		0.63	-1	AGGGGGAGAAGGAGAGGGGAGGGAAGAGGA	-
ENSLCOT00000004026.1	50	80	30	-	0		0.67	-1	GGGGGAGAAGGAGAGGGGAGGGAAGAGGAG	-
ENSLCOT00000004026.1	49	79	30	-	0		0.67	-1	GGGGAGAAGGAGAGGGGAGGGAAGAGGAGG	-
ENSLCOT00000004026.1	48	78	30	-	0		0.67	-1	GGGAGAAGGAGAGGGGAGGGAAGAGGAGGG	-
ENSLCOT00000004026.1	47	77	30	-	0		0.63	-1	GGAGAAGGAGAGGGGAGGGAAGAGGAGGGA	-
ENSLCOT00000004026.1	46	76	30	-	0		0.6	-1	GAGAAGGAGAGGGGAGGGAAGAGGAGGGAA	-
ENSLCOT00000004026.1	45	75	30	-	0		0.57	-1	AGAAGGAGAGGGGAGGGAAGAGGAGGGAAA	-
ENSLCOT00000004026.1	44	74	30	-	0		0.6	-1	GAAGGAGAGGGGAGGGAAGAGGAGGGAAAG	-
ENSLCOT00000004026.1	43	73	30	-	0		0.6	-1	AAGGAGAGGGGAGGGAAGAGGAGGGAAAGG	-
ENSLCOT00000004026.1	42	72	30	-	0		0.63	-1	AGGAGAGGGGAGGGAAGAGGAGGGAAAGGG	-
ENSLCOT00000004026.1	41	71	30	-	0		0.67	-1	GGAGAGGGGAGGGAAGAGGAGGGAAAGGGG	-
ENSLCOT00000004026.1	40	70	30	-	0		0.63	-1	GAGAGGGGAGGGAAGAGGAGGGAAAGGGGA	-
ENSLCOT00000004026.1	39	69	30	-	0		0.63	-1	AGAGGGGAGGGAAGAGGAGGGAAAGGGGAG	-
ENSLCOT00000004026.1	37	67	29	-	0.033	d1	0.63	-1	AGGGGAGGGAAGAGGAGGGAAAGGGGAGCG	-
ENSLCOT00000004026.1	36	66	29	-	0.033	d2	0.63	-1	GGGGAGGGAAGAGGAGGGAAAGGGGAGCGA	-
ENSLCOT00000004026.1	35	65	29	-	0.033	d3	0.6	-1	GGGAGGGAAGAGGAGGGAAAGGGGAGCGAA	-
ENSLCOT00000004026.1	34	64	29	-	0.033	d4	0.57	-1	GGAGGGAAGAGGAGGGAAAGGGGAGCGAAA	-
ENSLCOT00000004026.1	33	63	29	-	0.033	d5	0.57	-1	GAGGGAAGAGGAGGGAAAGGGGAGCGAAAG	-
ENSLCOT00000004026.1	32	62	29	-	0.033	d6	0.53	-1	AGGGAAGAGGAGGGAAAGGGGAGCGAAAGA	-
ENSLCOT00000004026.1	31	61	29	-	0.033	d7	0.57	-1	GGGAAGAGGAGGGAAAGGGGAGCGAAAGAG	-
ENSLCOT00000004026.1	30	60	29	-	0.033	d8	0.57	-1	GGAAGAGGAGGGAAAGGGGAGCGAAAGAGG	-
ENSLCOT00000004026.1	29	59	29	-	0.033	d9	0.53	-1	GAAGAGGAGGGAAAGGGGAGCGAAAGAGGA	-
ENSLCOT00000004026.1	28	58	29	-	0.033	d10	0.53	-1	AAGAGGAGGGAAAGGGGAGCGAAAGAGGAG	-
ENSLCOT00000004026.1	27	57	29	-	0.033	d11	0.57	-1	AGAGGAGGGAAAGGGGAGCGAAAGAGGAGG	-
ENSLCOT00000004026.1	26	56	29	-	0.033	d12	0.6	-1	GAGGAGGGAAAGGGGAGCGAAAGAGGAGGG	-
ENSLCOT00000004026.1	25	55	29	-	0.033	d13	0.57	-1	AGGAGGGAAAGGGGAGCGAAAGAGGAGGGA	-
ENSLCOT00000004026.1	24	54	29	-	0.033	d14	0.57	-1	GGAGGGAAAGGGGAGCGAAAGAGGAGGGAA	-
ENSLCOT00000004026.1	23	53	29	-	0.033	d15	0.53	-1	GAGGGAAAGGGGAGCGAAAGAGGAGGGAAA	-
ENSLCOT00000004026.1	22	52	29	-	0.033	d16	0.53	-1	AGGGAAAGGGGAGCGAAAGAGGAGGGAAAG	-
ENSLCOT00000004026.1	21	51	29	-	0.033	d17	0.57	-1	GGGAAAGGGGAGCGAAAGAGGAGGGAAAGG	-
ENSLCOT00000004026.1	20	50	29	-	0.033	d18	0.57	-1	GGAAAGGGGAGCGAAAGAGGAGGGAAAGGG	-
ENSLCOT00000004026.1	19	49	29	-	0.033	d19	0.57	-1	GAAAGGGGAGCGAAAGAGGAGGGAAAGGGG	-
ENSLCOT00000004026.1	18	48	29	-	0.033	d20	0.53	-1	AAAGGGGAGCGAAAGAGGAGGGAAAGGGGA	-
ENSLCOT00000004026.1	17	47	29	-	0.033	d21	0.57	-1	AAGGGGAGCGAAAGAGGAGGGAAAGGGGAG	-
ENSLCOT00000004026.1	16	46	29	-	0.033	d22	0.6	-1	AGGGGAGCGAAAGAGGAGGGAAAGGGGAGG	-
ENSLCOT00000004026.1	15	45	29	-	0.033	d23	0.63	-1	GGGGAGCGAAAGAGGAGGGAAAGGGGAGGG	-
ENSLCOT00000004026.1	14	44	29	-	0.033	d24	0.63	-1	GGGAGCGAAAGAGGAGGGAAAGGGGAGGGG	-
ENSLCOT00000004026.1	13	43	29	-	0.033	d25	0.63	-1	GGAGCGAAAGAGGAGGGAAAGGGGAGGGGG	-
ENSLCOT00000004026.1	12	42	29	-	0.033	d26	0.6	-1	GAGCGAAAGAGGAGGGAAAGGGGAGGGGGA	-
ENSLCOT00000004026.1	11	41	29	-	0.033	d27	0.6	-1	AGCGAAAGAGGAGGGAAAGGGGAGGGGGAG	-
ENSLCOT00000004026.1	10	40	29	-	0.033	d28	0.6	-1	GCGAAAGAGGAGGGAAAGGGGAGGGGGAGA	-
ENSLCOT00000004026.1	8	38	30	-	0		0.63	-1	GAAAGAGGAGGGAAAGGGGAGGGGGAGAGG	-
ENSLCOT00000004026.1	7	37	30	-	0		0.6	-1	AAAGAGGAGGGAAAGGGGAGGGGGAGAGGA	-
ENSLCOT00000004026.1	6	36	30	-	0		0.63	-1	AAGAGGAGGGAAAGGGGAGGGGGAGAGGAG	-
ENSLCOT00000004026.1	5	35	30	-	0		0.67	-1	AGAGGAGGGAAAGGGGAGGGGGAGAGGAGG	-
ENSLCOT00000004026.1	4	34	30	-	0		0.7	-1	GAGGAGGGAAAGGGGAGGGGGAGAGGAGGG	-
ENSLCOT00000004026.1	3	33	30	-	0		0.67	-1	AGGAGGGAAAGGGGAGGGGGAGAGGAGGGA	-
ENSLCOT00000004026.1	2	32	30	-	0		0.67	-1	GGAGGGAAAGGGGAGGGGGAGAGGAGGGAA	-
ENSLCOT00000004026.1	1	31	30	-	0		0.63	-1	GAGGGAAAGGGGAGGGGGAGAGGAGGGAAA	-
ENSLCOT00000004026.1	0	30	30	-	0		0.63	-1	AGGGAAAGGGGAGGGGGAGAGGAGGGAAAG	-
ENSLCOT00000004230.1	369	391	21	+	0.045	d4	0.73	-1	GAGGTGGGAGGAGGGAGGGAGG	-
ENSLCOT00000004230.1	374	404	29	+	0.033	d17	0.7	-1	GGGAGGAGGGAGGGAGGTGGAAAGGAGGGG	-
ENSLCOT00000004230.1	375	405	29	+	0.033	d16	0.7	-1	GGAGGAGGGAGGGAGGTGGAAAGGAGGGGG	-
ENSLCOT00000004230.1	392	412	19	+	0.05	d13	0.75	-1	GGAAAGGAGGGGGTGGGGGG	-
ENSLCOT00000004230.1	652	676	23	-	0.042	d20	0.54	-1	GGGTGGAAGAGGAAGAGGAAGAGA	-
ENSLCOT00000004230.1	642	672	29	-	0.033	d9	0.5	-1	GGAAGAGGAAGAGGAAGAGATGAGGAGGAA	-
ENSLCOT00000004230.1	641	671	29	-	0.033	d10	0.5	-1	GAAGAGGAAGAGGAAGAGATGAGGAGGAAG	-
ENSLCOT00000004230.1	640	670	29	-	0.033	d11	0.47	-1	AAGAGGAAGAGGAAGAGATGAGGAGGAAGA	-
ENSLCOT00000004230.1	639	669	29	-	0.033	d12	0.47	-1	AGAGGAAGAGGAAGAGATGAGGAGGAAGAA	-
ENSLCOT00000004230.1	638	668	29	-	0.033	d13	0.5	-1	GAGGAAGAGGAAGAGATGAGGAGGAAGAAG	-
ENSLCOT00000004230.1	637	667	29	-	0.033	d14	0.47	-1	AGGAAGAGGAAGAGATGAGGAGGAAGAAGA	-
ENSLCOT00000004230.1	636	666	29	-	0.033	d15	0.47	-1	GGAAGAGGAAGAGATGAGGAGGAAGAAGAA	-
ENSLCOT00000004230.1	635	665	29	-	0.033	d16	0.47	-1	GAAGAGGAAGAGATGAGGAGGAAGAAGAAG	-
ENSLCOT00000004230.1	634	664	29	-	0.033	d17	0.47	-1	AAGAGGAAGAGATGAGGAGGAAGAAGAAGG	-
ENSLCOT00000004230.1	601	631	29	-	0.033	d12	0.5	-1	GAGAAGGAGGAGGAAGACAAGGAGAAGGAG	-
ENSLCOT00000004230.1	600	630	29	-	0.033	d13	0.47	-1	AGAAGGAGGAGGAAGACAAGGAGAAGGAGA	-
ENSLCOT00000004230.1	599	629	29	-	0.033	d14	0.47	-1	GAAGGAGGAGGAAGACAAGGAGAAGGAGAA	-
ENSLCOT00000004230.1	598	628	29	-	0.033	d15	0.47	-1	AAGGAGGAGGAAGACAAGGAGAAGGAGAAG	-
ENSLCOT00000004230.1	597	627	29	-	0.033	d16	0.5	-1	AGGAGGAGGAAGACAAGGAGAAGGAGAAGG	-
ENSLCOT00000004230.1	596	626	29	-	0.033	d17	0.5	-1	GGAGGAGGAAGACAAGGAGAAGGAGAAGGA	-
ENSLCOT00000004230.1	595	625	29	-	0.033	d18	0.5	-1	GAGGAGGAAGACAAGGAGAAGGAGAAGGAG	-
ENSLCOT00000004230.1	594	624	29	-	0.033	d19	0.47	-1	AGGAGGAAGACAAGGAGAAGGAGAAGGAGA	-
ENSLCOT00000004230.1	593	623	29	-	0.033	d20	0.47	-1	GGAGGAAGACAAGGAGAAGGAGAAGGAGAA	-
ENSLCOT00000004230.1	592	622	29	-	0.033	d21	0.47	-1	GAGGAAGACAAGGAGAAGGAGAAGGAGAAG	-
ENSLCOT00000004230.1	591	621	29	-	0.033	d22	0.43	-1	AGGAAGACAAGGAGAAGGAGAAGGAGAAGA	-
ENSLCOT00000004230.1	590	620	29	-	0.033	d23	0.43	-1	GGAAGACAAGGAGAAGGAGAAGGAGAAGAA	-
ENSLCOT00000004230.1	589	619	29	-	0.033	d24	0.43	-1	GAAGACAAGGAGAAGGAGAAGGAGAAGAAG	-
ENSLCOT00000004230.1	588	618	29	-	0.033	d25	0.43	-1	AAGACAAGGAGAAGGAGAAGGAGAAGAAGG	-
ENSLCOT00000004230.1	587	617	29	-	0.033	d26	0.43	-1	AGACAAGGAGAAGGAGAAGGAGAAGAAGGA	-
ENSLCOT00000004230.1	586	616	29	-	0.033	d27	0.47	-1	GACAAGGAGAAGGAGAAGGAGAAGAAGGAG	-
ENSLCOT00000004230.1	585	615	29	-	0.033	d28	0.43	-1	ACAAGGAGAAGGAGAAGGAGAAGAAGGAGA	-
ENSLCOT00000004230.1	583	613	30	-	0		0.47	-1	AAGGAGAAGGAGAAGGAGAAGAAGGAGAAG	-
ENSLCOT00000004230.1	582	612	30	-	0		0.5	-1	AGGAGAAGGAGAAGGAGAAGAAGGAGAAGG	-
ENSLCOT00000004230.1	581	611	30	-	0		0.5	-1	GGAGAAGGAGAAGGAGAAGAAGGAGAAGGA	-
ENSLCOT00000004230.1	580	610	30	-	0		0.5	-1	GAGAAGGAGAAGGAGAAGAAGGAGAAGGAG	-
ENSLCOT00000004230.1	579	609	30	-	0		0.47	-1	AGAAGGAGAAGGAGAAGAAGGAGAAGGAGA	-
ENSLCOT00000004230.1	578	608	30	-	0		0.47	-1	GAAGGAGAAGGAGAAGAAGGAGAAGGAGAA	-
ENSLCOT00000004230.1	577	607	30	-	0		0.47	-1	AAGGAGAAGGAGAAGAAGGAGAAGGAGAAG	-
ENSLCOT00000004230.1	576	606	30	-	0		0.5	-1	AGGAGAAGGAGAAGAAGGAGAAGGAGAAGG	-
ENSLCOT00000004230.1	575	605	30	-	0		0.5	-1	GGAGAAGGAGAAGAAGGAGAAGGAGAAGGA	-
ENSLCOT00000004230.1	574	604	30	-	0		0.5	-1	GAGAAGGAGAAGAAGGAGAAGGAGAAGGAG	-
ENSLCOT00000004230.1	573	603	30	-	0		0.47	-1	AGAAGGAGAAGAAGGAGAAGGAGAAGGAGA	-
ENSLCOT00000004230.1	572	602	30	-	0		0.47	-1	GAAGGAGAAGAAGGAGAAGGAGAAGGAGAA	-
ENSLCOT00000004230.1	571	601	30	-	0		0.47	-1	AAGGAGAAGAAGGAGAAGGAGAAGGAGAAG	-
ENSLCOT00000004230.1	570	600	30	-	0		0.5	-1	AGGAGAAGAAGGAGAAGGAGAAGGAGAAGG	-
ENSLCOT00000004230.1	569	599	30	-	0		0.5	-1	GGAGAAGAAGGAGAAGGAGAAGGAGAAGGA	-
ENSLCOT00000004230.1	568	598	30	-	0		0.5	-1	GAGAAGAAGGAGAAGGAGAAGGAGAAGGAG	-
ENSLCOT00000004230.1	567	597	30	-	0		0.47	-1	AGAAGAAGGAGAAGGAGAAGGAGAAGGAGA	-
ENSLCOT00000004230.1	566	596	30	-	0		0.47	-1	GAAGAAGGAGAAGGAGAAGGAGAAGGAGAA	-
ENSLCOT00000004230.1	565	595	30	-	0		0.47	-1	AAGAAGGAGAAGGAGAAGGAGAAGGAGAAG	-
ENSLCOT00000004230.1	564	594	30	-	0		0.5	-1	AGAAGGAGAAGGAGAAGGAGAAGGAGAAGG	-
ENSLCOT00000004230.1	563	593	30	-	0		0.5	-1	GAAGGAGAAGGAGAAGGAGAAGGAGAAGGA	-
ENSLCOT00000004230.1	562	592	30	-	0		0.5	-1	AAGGAGAAGGAGAAGGAGAAGGAGAAGGAG	-
ENSLCOT00000004230.1	561	591	30	-	0		0.53	-1	AGGAGAAGGAGAAGGAGAAGGAGAAGGAGG	-
ENSLCOT00000004230.1	560	590	30	-	0		0.53	-1	GGAGAAGGAGAAGGAGAAGGAGAAGGAGGA	-
ENSLCOT00000004230.1	559	589	30	-	0		0.53	-1	GAGAAGGAGAAGGAGAAGGAGAAGGAGGAG	-
ENSLCOT00000004230.1	558	588	30	-	0		0.53	-1	AGAAGGAGAAGGAGAAGGAGAAGGAGGAGG	-
ENSLCOT00000004230.1	557	587	30	-	0		0.53	-1	GAAGGAGAAGGAGAAGGAGAAGGAGGAGGA	-
ENSLCOT00000004230.1	556	586	30	-	0		0.53	-1	AAGGAGAAGGAGAAGGAGAAGGAGGAGGAG	-
ENSLCOT00000004230.1	555	585	30	-	0		0.53	-1	AGGAGAAGGAGAAGGAGAAGGAGGAGGAGA	-
ENSLCOT00000004230.1	554	584	30	-	0		0.53	-1	GGAGAAGGAGAAGGAGAAGGAGGAGGAGAA	-
ENSLCOT00000004230.1	553	583	30	-	0		0.53	-1	GAGAAGGAGAAGGAGAAGGAGGAGGAGAAG	-
ENSLCOT00000004230.1	552	582	30	-	0		0.53	-1	AGAAGGAGAAGGAGAAGGAGGAGGAGAAGG	-
ENSLCOT00000004230.1	551	581	30	-	0		0.53	-1	GAAGGAGAAGGAGAAGGAGGAGGAGAAGGA	-
ENSLCOT00000004230.1	550	580	30	-	0		0.53	-1	AAGGAGAAGGAGAAGGAGGAGGAGAAGGAG	-
ENSLCOT00000004230.1	549	579	30	-	0		0.53	-1	AGGAGAAGGAGAAGGAGGAGGAGAAGGAGA	-
ENSLCOT00000004230.1	548	578	30	-	0		0.53	-1	GGAGAAGGAGAAGGAGGAGGAGAAGGAGAA	-
ENSLCOT00000004230.1	547	577	30	-	0		0.53	-1	GAGAAGGAGAAGGAGGAGGAGAAGGAGAAG	-
ENSLCOT00000004230.1	546	576	30	-	0		0.53	-1	AGAAGGAGAAGGAGGAGGAGAAGGAGAAGG	-
ENSLCOT00000004230.1	545	575	30	-	0		0.53	-1	GAAGGAGAAGGAGGAGGAGAAGGAGAAGGA	-
ENSLCOT00000004230.1	544	574	30	-	0		0.53	-1	AAGGAGAAGGAGGAGGAGAAGGAGAAGGAG	-
ENSLCOT00000004230.1	543	573	30	-	0		0.53	-1	AGGAGAAGGAGGAGGAGAAGGAGAAGGAGA	-
ENSLCOT00000004230.1	542	572	30	-	0		0.53	-1	GGAGAAGGAGGAGGAGAAGGAGAAGGAGAA	-
ENSLCOT00000004230.1	541	571	30	-	0		0.53	-1	GAGAAGGAGGAGGAGAAGGAGAAGGAGAAG	-
ENSLCOT00000004230.1	540	570	30	-	0		0.53	-1	AGAAGGAGGAGGAGAAGGAGAAGGAGAAGG	-
ENSLCOT00000004230.1	539	569	30	-	0		0.53	-1	GAAGGAGGAGGAGAAGGAGAAGGAGAAGGA	-
ENSLCOT00000004230.1	538	568	30	-	0		0.53	-1	AAGGAGGAGGAGAAGGAGAAGGAGAAGGAG	-
ENSLCOT00000004230.1	537	567	30	-	0		0.53	-1	AGGAGGAGGAGAAGGAGAAGGAGAAGGAGA	-
ENSLCOT00000004230.1	536	566	30	-	0		0.53	-1	GGAGGAGGAGAAGGAGAAGGAGAAGGAGAA	-
ENSLCOT00000004230.1	535	565	30	-	0		0.53	-1	GAGGAGGAGAAGGAGAAGGAGAAGGAGAAG	-
ENSLCOT00000004230.1	534	564	30	-	0		0.53	-1	AGGAGGAGAAGGAGAAGGAGAAGGAGAAGG	-
ENSLCOT00000004230.1	533	563	30	-	0		0.53	-1	GGAGGAGAAGGAGAAGGAGAAGGAGAAGGA	-
ENSLCOT00000004230.1	532	562	30	-	0		0.53	-1	GAGGAGAAGGAGAAGGAGAAGGAGAAGGAG	-
ENSLCOT00000004230.1	531	561	30	-	0		0.5	-1	AGGAGAAGGAGAAGGAGAAGGAGAAGGAGA	-
ENSLCOT00000004230.1	530	560	30	-	0		0.5	-1	GGAGAAGGAGAAGGAGAAGGAGAAGGAGAA	-
ENSLCOT00000004230.1	529	559	30	-	0		0.5	-1	GAGAAGGAGAAGGAGAAGGAGAAGGAGAAG	-
ENSLCOT00000004230.1	528	558	30	-	0		0.47	-1	AGAAGGAGAAGGAGAAGGAGAAGGAGAAGA	-
ENSLCOT00000004230.1	527	557	30	-	0		0.47	-1	GAAGGAGAAGGAGAAGGAGAAGGAGAAGAA	-
ENSLCOT00000004230.1	526	556	30	-	0		0.47	-1	AAGGAGAAGGAGAAGGAGAAGGAGAAGAAG	-
ENSLCOT00000004230.1	525	555	30	-	0		0.5	-1	AGGAGAAGGAGAAGGAGAAGGAGAAGAAGG	-
ENSLCOT00000004230.1	524	554	30	-	0		0.5	-1	GGAGAAGGAGAAGGAGAAGGAGAAGAAGGA	-
ENSLCOT00000004230.1	523	553	30	-	0		0.5	-1	GAGAAGGAGAAGGAGAAGGAGAAGAAGGAG	-
ENSLCOT00000004230.1	522	552	30	-	0		0.47	-1	AGAAGGAGAAGGAGAAGGAGAAGAAGGAGA	-
ENSLCOT00000004230.1	521	551	30	-	0		0.47	-1	GAAGGAGAAGGAGAAGGAGAAGAAGGAGAA	-
ENSLCOT00000004230.1	520	550	30	-	0		0.47	-1	AAGGAGAAGGAGAAGGAGAAGAAGGAGAAG	-
ENSLCOT00000004230.1	519	549	30	-	0		0.5	-1	AGGAGAAGGAGAAGGAGAAGAAGGAGAAGG	-
ENSLCOT00000004230.1	518	548	30	-	0		0.5	-1	GGAGAAGGAGAAGGAGAAGAAGGAGAAGGA	-
ENSLCOT00000004230.1	517	547	30	-	0		0.5	-1	GAGAAGGAGAAGGAGAAGAAGGAGAAGGAG	-
ENSLCOT00000004230.1	516	546	30	-	0		0.5	-1	AGAAGGAGAAGGAGAAGAAGGAGAAGGAGG	-
ENSLCOT00000004230.1	515	545	30	-	0		0.5	-1	GAAGGAGAAGGAGAAGAAGGAGAAGGAGGA	-
ENSLCOT00000004230.1	514	544	30	-	0		0.5	-1	AAGGAGAAGGAGAAGAAGGAGAAGGAGGAG	-
ENSLCOT00000004230.1	513	543	30	-	0		0.5	-1	AGGAGAAGGAGAAGAAGGAGAAGGAGGAGA	-
ENSLCOT00000004230.1	512	542	30	-	0		0.5	-1	GGAGAAGGAGAAGAAGGAGAAGGAGGAGAA	-
ENSLCOT00000004230.1	511	541	30	-	0		0.5	-1	GAGAAGGAGAAGAAGGAGAAGGAGGAGAAG	-
ENSLCOT00000004230.1	510	540	30	-	0		0.5	-1	AGAAGGAGAAGAAGGAGAAGGAGGAGAAGG	-
ENSLCOT00000004230.1	509	539	30	-	0		0.5	-1	GAAGGAGAAGAAGGAGAAGGAGGAGAAGGA	-
ENSLCOT00000004230.1	508	538	30	-	0		0.5	-1	AAGGAGAAGAAGGAGAAGGAGGAGAAGGAG	-
ENSLCOT00000004230.1	507	537	30	-	0		0.5	-1	AGGAGAAGAAGGAGAAGGAGGAGAAGGAGA	-
ENSLCOT00000004230.1	506	536	30	-	0		0.5	-1	GGAGAAGAAGGAGAAGGAGGAGAAGGAGAA	-
ENSLCOT00000004230.1	505	535	30	-	0		0.5	-1	GAGAAGAAGGAGAAGGAGGAGAAGGAGAAG	-
ENSLCOT00000004230.1	504	534	30	-	0		0.5	-1	AGAAGAAGGAGAAGGAGGAGAAGGAGAAGG	-
ENSLCOT00000004230.1	503	533	30	-	0		0.5	-1	GAAGAAGGAGAAGGAGGAGAAGGAGAAGGA	-
ENSLCOT00000004230.1	502	532	30	-	0		0.5	-1	AAGAAGGAGAAGGAGGAGAAGGAGAAGGAG	-
ENSLCOT00000004230.1	501	531	30	-	0		0.5	-1	AGAAGGAGAAGGAGGAGAAGGAGAAGGAGA	-
ENSLCOT00000004230.1	500	530	30	-	0		0.5	-1	GAAGGAGAAGGAGGAGAAGGAGAAGGAGAA	-
ENSLCOT00000004230.1	499	529	30	-	0		0.5	-1	AAGGAGAAGGAGGAGAAGGAGAAGGAGAAG	-
ENSLCOT00000004230.1	498	528	30	-	0		0.53	-1	AGGAGAAGGAGGAGAAGGAGAAGGAGAAGG	-
ENSLCOT00000004230.1	497	527	30	-	0		0.53	-1	GGAGAAGGAGGAGAAGGAGAAGGAGAAGGA	-
ENSLCOT00000004230.1	496	526	30	-	0		0.53	-1	GAGAAGGAGGAGAAGGAGAAGGAGAAGGAG	-
ENSLCOT00000004230.1	495	525	30	-	0		0.5	-1	AGAAGGAGGAGAAGGAGAAGGAGAAGGAGA	-
ENSLCOT00000004230.1	494	524	30	-	0		0.5	-1	GAAGGAGGAGAAGGAGAAGGAGAAGGAGAA	-
ENSLCOT00000004230.1	493	523	30	-	0		0.5	-1	AAGGAGGAGAAGGAGAAGGAGAAGGAGAAG	-
ENSLCOT00000004230.1	492	522	30	-	0		0.53	-1	AGGAGGAGAAGGAGAAGGAGAAGGAGAAGG	-
ENSLCOT00000004230.1	491	521	30	-	0		0.53	-1	GGAGGAGAAGGAGAAGGAGAAGGAGAAGGA	-
ENSLCOT00000004230.1	490	520	30	-	0		0.53	-1	GAGGAGAAGGAGAAGGAGAAGGAGAAGGAG	-
ENSLCOT00000004230.1	489	519	30	-	0		0.5	-1	AGGAGAAGGAGAAGGAGAAGGAGAAGGAGA	-
ENSLCOT00000004230.1	488	518	30	-	0		0.5	-1	GGAGAAGGAGAAGGAGAAGGAGAAGGAGAA	-
ENSLCOT00000004230.1	487	517	30	-	0		0.5	-1	GAGAAGGAGAAGGAGAAGGAGAAGGAGAAG	-
ENSLCOT00000004230.1	486	516	30	-	0		0.5	-1	AGAAGGAGAAGGAGAAGGAGAAGGAGAAGG	-
ENSLCOT00000004230.1	485	515	30	-	0		0.5	-1	GAAGGAGAAGGAGAAGGAGAAGGAGAAGGA	-
ENSLCOT00000004230.1	484	514	30	-	0		0.5	-1	AAGGAGAAGGAGAAGGAGAAGGAGAAGGAG	-
ENSLCOT00000004230.1	483	513	30	-	0		0.5	-1	AGGAGAAGGAGAAGGAGAAGGAGAAGGAGA	-
ENSLCOT00000004230.1	482	512	30	-	0		0.5	-1	GGAGAAGGAGAAGGAGAAGGAGAAGGAGAA	-
ENSLCOT00000004230.1	481	511	30	-	0		0.5	-1	GAGAAGGAGAAGGAGAAGGAGAAGGAGAAG	-
ENSLCOT00000004230.1	480	510	30	-	0		0.47	-1	AGAAGGAGAAGGAGAAGGAGAAGGAGAAGA	-
ENSLCOT00000004230.1	479	509	30	-	0		0.47	-1	GAAGGAGAAGGAGAAGGAGAAGGAGAAGAA	-
ENSLCOT00000004230.1	478	508	30	-	0		0.47	-1	AAGGAGAAGGAGAAGGAGAAGGAGAAGAAG	-
ENSLCOT00000004230.1	477	507	30	-	0		0.5	-1	AGGAGAAGGAGAAGGAGAAGGAGAAGAAGG	-
ENSLCOT00000004230.1	476	506	30	-	0		0.5	-1	GGAGAAGGAGAAGGAGAAGGAGAAGAAGGA	-
ENSLCOT00000004230.1	475	505	30	-	0		0.5	-1	GAGAAGGAGAAGGAGAAGGAGAAGAAGGAG	-
ENSLCOT00000004230.1	474	504	30	-	0		0.47	-1	AGAAGGAGAAGGAGAAGGAGAAGAAGGAGA	-
ENSLCOT00000004230.1	473	503	30	-	0		0.47	-1	GAAGGAGAAGGAGAAGGAGAAGAAGGAGAA	-
ENSLCOT00000004230.1	472	502	30	-	0		0.47	-1	AAGGAGAAGGAGAAGGAGAAGAAGGAGAAG	-
ENSLCOT00000004230.1	471	501	30	-	0		0.5	-1	AGGAGAAGGAGAAGGAGAAGAAGGAGAAGG	-
ENSLCOT00000004230.1	470	500	30	-	0		0.5	-1	GGAGAAGGAGAAGGAGAAGAAGGAGAAGGA	-
ENSLCOT00000004230.1	469	499	30	-	0		0.5	-1	GAGAAGGAGAAGGAGAAGAAGGAGAAGGAG	-
ENSLCOT00000004230.1	468	498	30	-	0		0.47	-1	AGAAGGAGAAGGAGAAGAAGGAGAAGGAGA	-
ENSLCOT00000004230.1	467	497	30	-	0		0.47	-1	GAAGGAGAAGGAGAAGAAGGAGAAGGAGAA	-
ENSLCOT00000004230.1	466	496	30	-	0		0.47	-1	AAGGAGAAGGAGAAGAAGGAGAAGGAGAAG	-
ENSLCOT00000004230.1	465	495	30	-	0		0.5	-1	AGGAGAAGGAGAAGAAGGAGAAGGAGAAGG	-
ENSLCOT00000004230.1	464	494	30	-	0		0.5	-1	GGAGAAGGAGAAGAAGGAGAAGGAGAAGGA	-
ENSLCOT00000004230.1	463	493	30	-	0		0.5	-1	GAGAAGGAGAAGAAGGAGAAGGAGAAGGAG	-
ENSLCOT00000004230.1	462	492	30	-	0		0.47	-1	AGAAGGAGAAGAAGGAGAAGGAGAAGGAGA	-
ENSLCOT00000004230.1	461	491	30	-	0		0.47	-1	GAAGGAGAAGAAGGAGAAGGAGAAGGAGAA	-
ENSLCOT00000004230.1	460	490	30	-	0		0.47	-1	AAGGAGAAGAAGGAGAAGGAGAAGGAGAAG	-
ENSLCOT00000004230.1	459	489	30	-	0		0.5	-1	AGGAGAAGAAGGAGAAGGAGAAGGAGAAGG	-
ENSLCOT00000004230.1	458	488	30	-	0		0.5	-1	GGAGAAGAAGGAGAAGGAGAAGGAGAAGGA	-
ENSLCOT00000004230.1	457	487	30	-	0		0.5	-1	GAGAAGAAGGAGAAGGAGAAGGAGAAGGAG	-
ENSLCOT00000004230.1	456	486	30	-	0		0.47	-1	AGAAGAAGGAGAAGGAGAAGGAGAAGGAGA	-
ENSLCOT00000004230.1	455	485	30	-	0		0.47	-1	GAAGAAGGAGAAGGAGAAGGAGAAGGAGAA	-
ENSLCOT00000004230.1	454	484	30	-	0		0.47	-1	AAGAAGGAGAAGGAGAAGGAGAAGGAGAAG	-
ENSLCOT00000004230.1	453	483	30	-	0		0.5	-1	AGAAGGAGAAGGAGAAGGAGAAGGAGAAGG	-
ENSLCOT00000019763.1	2661	2679	18	+	0		0.39	-1	AAAAAGAAGGAGAAGGAG	-
ENSLCOT00000019764.1	2829	2847	18	+	0		0.39	-1	AAAAAGAAGGAGAAGGAG	-
ENSLCOT00000019764.1	2311	2337	25	-	0.038	d24	0.54	-1	ATAGAGGGGAAAGGGGAGAGGAGGAA	-
ENSLCOT00000019765.1	2775	2793	18	+	0		0.39	-1	AAAAAGAAGGAGAAGGAG	-
ENSLCOT00000019765.1	2257	2283	25	-	0.038	d24	0.54	-1	ATAGAGGGGAAAGGGGAGAGGAGGAA	-
