# Duplex-ID	Start	End	Score	Strand	Error-rate	Errors	Guanine-rate	Duplicates	TTS	Duplicate locations
ENSLCOT00000000041.1	7994	8010	16	+	0		0.44	-1	AGAAGGAGAAAAGAGG	-
ENSLCOT00000000044.1	7715	7731	16	+	0		0.44	-1	AGAAGGAGAAAAGAGG	-
ENSLCOT00000000056.1	7439	7455	16	+	0		0.44	-1	AGAAGGAGAAAAGAGG	-
ENSLCOT00000000007.1	927	944	17	+	0		0.65	-1	GAGGAGGAGAGGAAGGG	-
ENSLCOT00000000007.1	986	1002	16	+	0		0.56	-1	GAAGGAGGAAGAGGAG	-
ENSLCOT00000000007.1	1173	1191	18	+	0		0.61	-1	GAGGAGGAAGAGGAGGAG	-
ENSLCOT00000000007.1	466	489	23	-	0		0.65	-1	AGAGGAGGAAGAGGAGGAGGGGG	-
ENSLCOT00000000445.1	2735	2753	18	+	0		0.44	-1	GAAGAAAGAGAGGGAAAG	-
ENSLCOT00000000484.1	2657	2675	18	+	0		0.44	-1	GAAGAAAGAGAGGGAAAG	-
ENSLCOT00000000489.1	2654	2672	18	+	0		0.44	-1	GAAGAAAGAGAGGGAAAG	-
ENSLCOT00000000013.1	954	972	18	-	0		0.28	-1	GAAAGAAAAAAGGAGAAA	-
ENSLCOT00000000012.1	2963	2983	20	+	0		0.1	-1	AAAAAAAAAAAAAAAAGAGA	-
ENSLCOT00000000012.1	3043	3068	25	-	0		0.12	-1	AAAAAAAAAAAAAAGAAAGAGAAAA	-
ENSLCOT00000000131.1	11	29	18	-	0		0.5	-1	GAGAAGGAGAGGGAAAAG	-
ENSLCOT00000000069.1	1495	1513	18	+	0		0.56	-1	GGGAGGAAGAGGAAGAGA	-
ENSLCOT00000000043.1	400	418	18	+	0		0.44	-1	GGGGAAAAGAAGAGAAGA	-
ENSLCOT00000000043.1	486	508	22	+	0		0.5	-1	AGAGAAAAGGAGGGGAGAAAGG	-
ENSLCOT00000000016.1	2119	2142	23	+	0		0.13	-1	AAAAAAAAAAAAGAGAAAAAAAG	-
ENSLCOT00000000323.1	1835	1860	25	+	0		0.68	-1	GGAGGAGGAGGAGGAGGAGGAGGAG	-
ENSLCOT00000000346.1	1550	1575	25	+	0		0.68	-1	GGAGGAGGAGGAGGAGGAGGAGGAG	-
ENSLCOT00000000014.1	231	252	21	+	0		0.43	-1	AAAGAAAAGGGGAAGAGGAGA	-
ENSLCOT00000000014.1	773	794	21	-	0		0.52	-1	AGGAGAGGAGGAGGAAGAAGA	-
ENSLCOT00000000251.1	4292	4308	16	+	0		0.44	-1	GGAGAAAAGAGAAGGA	-
ENSLCOT00000000251.1	6533	6553	20	+	0		0.5	-1	GAGAGGAGAAGAGGAAGAAG	-
ENSLCOT00000000251.1	7810	7826	16	+	0		0.25	-1	AAAGAGAAGAAGAAAA	-
ENSLCOT00000000251.1	1989	2007	18	-	0		0.44	-1	GGAAAAGGAGGGAAAAGA	-
ENSLCOT00000000255.1	4124	4140	16	+	0		0.44	-1	GGAGAAAAGAGAAGGA	-
ENSLCOT00000000255.1	6365	6385	20	+	0		0.5	-1	GAGAGGAGAAGAGGAAGAAG	-
ENSLCOT00000000255.1	7642	7658	16	+	0		0.25	-1	AAAGAGAAGAAGAAAA	-
ENSLCOT00000000255.1	1821	1839	18	-	0		0.44	-1	GGAAAAGGAGGGAAAAGA	-
ENSLCOT00000000030.1	4873	4899	26	-	0		0.31	-1	AAAAAGGAGAAGGGAAAAAAAAAGAG	-
ENSLCOT00000000024.1	831	849	18	+	0		0.22	-1	AGAAGAAGAAAGAAAAAA	-
ENSLCOT00000000024.1	1381	1400	19	+	0		0.32	-1	GAAGAAGAAAAAGGAAAGA	-
ENSLCOT00000000032.1	831	849	18	+	0		0.22	-1	AGAAGAAGAAAGAAAAAA	-
ENSLCOT00000000032.1	1255	1274	19	+	0		0.32	-1	GAAGAAGAAAAAGGAAAGA	-
ENSLCOT00000000022.1	14	32	18	+	0		0.61	-1	GAAAAGGGGAGAGGAGGG	-
ENSLCOT00000000026.1	6313	6330	17	+	0		0.41	-1	GGAGGGAAGAAGAAAAA	-
ENSLCOT00000000027.1	486	505	19	+	0		0.37	-1	AAAAGAAAAAGGGGAGAAG	-
ENSLCOT00000000027.1	22	45	23	-	0		0.65	-1	GGGAGGAGGGAAGGAAGGAGGGA	-
ENSLCOT00000000080.1	1639	1655	16	+	0		0.56	-1	GAGGGAAGAAGGAGAG	-
