# Duplex-ID	Start	End	Score	Strand	Error-rate	Errors	Guanine-rate	Duplicates	TTS	Duplicate locations
ENSLCOT00000000041.1	1101	1116	14	+	0.067	d8	0.53	1	GGAGAAAATGGGGGA	-
ENSLCOT00000000041.1	2318	2332	13	+	0.071	d4	0.64	2	AGGATGGAGGGGAG	-
ENSLCOT00000000041.1	2855	2865	10	+	0		0.5	2	GAAGGAAGAG	-
ENSLCOT00000000041.1	3812	3828	15	+	0.062	d8	0.56	2	AGGAGGAACAGGGGAG	-
ENSLCOT00000000041.1	4998	5014	15	+	0.062	d7	0.56	2	GGGGAAATGGAAAGGG	-
ENSLCOT00000000041.1	5043	5053	10	+	0		0.5	2	AGAGAGGAAG	-
ENSLCOT00000000041.1	5258	5271	12	+	0.077	d9	0.62	2	AGGGGAGAACGGG	-
ENSLCOT00000000041.1	5574	5587	12	+	0.077	d3	0.54	2	GGACAGGGAAGGA	-
ENSLCOT00000000041.1	7098	7108	10	+	0		0.5	2	GGAGAAAGAG	-
ENSLCOT00000000041.1	7530	7543	12	+	0.077	d10	0.62	2	GGGAAAGGGGTGA	-
ENSLCOT00000000041.1	7662	7676	13	+	0.071	d1	0.57	2	GTGGAGGGAAAGGA	-
ENSLCOT00000000041.1	7664	7678	13	+	0.071	d12	0.5	2	GGAGGGAAAGGACA	-
ENSLCOT00000000041.1	7884	7894	10	+	0		0.5	2	GAGGAAAAGG	-
ENSLCOT00000000041.1	7961	7979	17	+	0.056	d6	0.5	2	AAGAGATGGAGAGGAAGG	-
ENSLCOT00000000041.1	7968	7981	12	+	0.077	d11	0.62	2	GGAGAGGAAGGCG	-
ENSLCOT00000000041.1	7998	8010	12	+	0		0.5	2	GGAGAAAAGAGG	-
ENSLCOT00000000041.1	4457	4472	14	-	0.067	d1	0.53	2	AAGGAGGAAGGAGCG	-
ENSLCOT00000000041.1	7429	7441	12	-	0		0.5	2	GGGAAAGGAAAG	-
ENSLCOT00000000044.1	822	837	14	+	0.067	d8	0.53	1	GGAGAAAATGGGGGA	-
ENSLCOT00000000044.1	2039	2053	13	+	0.071	d4	0.64	2	AGGATGGAGGGGAG	-
ENSLCOT00000000044.1	2576	2586	10	+	0		0.5	2	GAAGGAAGAG	-
ENSLCOT00000000044.1	3533	3549	15	+	0.062	d8	0.56	2	AGGAGGAACAGGGGAG	-
ENSLCOT00000000044.1	4719	4735	15	+	0.062	d7	0.56	2	GGGGAAATGGAAAGGG	-
ENSLCOT00000000044.1	4764	4774	10	+	0		0.5	2	AGAGAGGAAG	-
ENSLCOT00000000044.1	4979	4992	12	+	0.077	d9	0.62	2	AGGGGAGAACGGG	-
ENSLCOT00000000044.1	5295	5308	12	+	0.077	d3	0.54	2	GGACAGGGAAGGA	-
ENSLCOT00000000044.1	6819	6829	10	+	0		0.5	2	GGAGAAAGAG	-
ENSLCOT00000000044.1	7251	7264	12	+	0.077	d10	0.62	2	GGGAAAGGGGTGA	-
ENSLCOT00000000044.1	7383	7397	13	+	0.071	d1	0.57	2	GTGGAGGGAAAGGA	-
ENSLCOT00000000044.1	7385	7399	13	+	0.071	d12	0.5	2	GGAGGGAAAGGACA	-
ENSLCOT00000000044.1	7605	7615	10	+	0		0.5	2	GAGGAAAAGG	-
ENSLCOT00000000044.1	7682	7700	17	+	0.056	d6	0.5	2	AAGAGATGGAGAGGAAGG	-
ENSLCOT00000000044.1	7689	7702	12	+	0.077	d11	0.62	2	GGAGAGGAAGGCG	-
ENSLCOT00000000044.1	7719	7731	12	+	0		0.5	2	GGAGAAAAGAGG	-
ENSLCOT00000000044.1	4178	4193	14	-	0.067	d1	0.53	2	AAGGAGGAAGGAGCG	-
ENSLCOT00000000044.1	7150	7162	12	-	0		0.5	2	GGGAAAGGAAAG	-
ENSLCOT00000000056.1	1763	1777	13	+	0.071	d4	0.64	2	AGGATGGAGGGGAG	-
ENSLCOT00000000056.1	2300	2310	10	+	0		0.5	2	GAAGGAAGAG	-
ENSLCOT00000000056.1	3257	3273	15	+	0.062	d8	0.56	2	AGGAGGAACAGGGGAG	-
ENSLCOT00000000056.1	4443	4459	15	+	0.062	d7	0.56	2	GGGGAAATGGAAAGGG	-
ENSLCOT00000000056.1	4488	4498	10	+	0		0.5	2	AGAGAGGAAG	-
ENSLCOT00000000056.1	4703	4716	12	+	0.077	d9	0.62	2	AGGGGAGAACGGG	-
ENSLCOT00000000056.1	5019	5032	12	+	0.077	d3	0.54	2	GGACAGGGAAGGA	-
ENSLCOT00000000056.1	6543	6553	10	+	0		0.5	2	GGAGAAAGAG	-
ENSLCOT00000000056.1	6975	6988	12	+	0.077	d10	0.62	2	GGGAAAGGGGTGA	-
ENSLCOT00000000056.1	7107	7121	13	+	0.071	d1	0.57	2	GTGGAGGGAAAGGA	-
ENSLCOT00000000056.1	7109	7123	13	+	0.071	d12	0.5	2	GGAGGGAAAGGACA	-
ENSLCOT00000000056.1	7329	7339	10	+	0		0.5	2	GAGGAAAAGG	-
ENSLCOT00000000056.1	7406	7424	17	+	0.056	d6	0.5	2	AAGAGATGGAGAGGAAGG	-
ENSLCOT00000000056.1	7413	7426	12	+	0.077	d11	0.62	2	GGAGAGGAAGGCG	-
ENSLCOT00000000056.1	7443	7455	12	+	0		0.5	2	GGAGAAAAGAGG	-
ENSLCOT00000000056.1	3902	3917	14	-	0.067	d1	0.53	2	AAGGAGGAAGGAGCG	-
ENSLCOT00000000056.1	6874	6886	12	-	0		0.5	2	GGGAAAGGAAAG	-
ENSLCOT00000000007.1	86	96	10	+	0		0.6	1	GGGGAAGAAG	-
ENSLCOT00000000007.1	321	335	13	+	0.071	d8	0.57	0	GAGGAGGGCGAGAA	-
ENSLCOT00000000007.1	824	838	13	+	0.071	d1	0.57	0	GCAGGAGAAGGGGA	-
ENSLCOT00000000007.1	877	895	17	+	0.056	d6	0.56	0	GGGAGGTGAAGAAGGAAG	-
ENSLCOT00000000007.1	924	944	19	+	0.05	d2	0.6	0	AGCGAGGAGGAGAGGAAGGG	-
ENSLCOT00000000007.1	927	946	18	+	0.053	d17	0.63	0	GAGGAGGAGAGGAAGGGCG	-
ENSLCOT00000000007.1	983	1002	18	+	0.053	d2	0.58	0	GGTGAAGGAGGAAGAGGAG	-
ENSLCOT00000000007.1	986	1004	17	+	0.056	d16	0.56	0	GAAGGAGGAAGAGGAGCG	-
ENSLCOT00000000007.1	1006	1021	14	+	0.067	d12	0.6	0	GGAGGAGGAAGGTGA	-
ENSLCOT00000000007.1	1026	1036	10	+	0		0.6	1	AAGGAGGAGG	-
ENSLCOT00000000007.1	1049	1075	24	+	0.077	d11d17	0.5	0	GGAAGAGGAGGCGAAAGCGGAAGAGA	-
ENSLCOT00000000007.1	1173	1198	23	+	0.08	d18d23	0.52	0	GAGGAGGAAGAGGAGGAGCAGGACA	-
ENSLCOT00000000007.1	1220	1234	14	+	0		0.5	0	GGAAAGGAAGAAGG	-
ENSLCOT00000000007.1	1225	1239	13	+	0.071	d9	0.5	0	GGAAGAAGGCAGAG	-
ENSLCOT00000000007.1	1342	1356	13	+	0.071	d11	0.5	0	AGAGAGGGAAATGG	-
ENSLCOT00000000007.1	1343	1357	13	+	0.071	d10	0.5	0	GAGAGGGAAATGGA	-
ENSLCOT00000000007.1	1427	1441	13	+	0.071	d5	0.5	0	AGAAGTGGGAGAAG	-
ENSLCOT00000000007.1	1535	1551	15	+	0.062	d2	0.5	0	AATGGAAGAGGAGGAG	-
ENSLCOT00000000007.1	1538	1556	17	+	0.056	d13	0.56	1	GGAAGAGGAGGAGCAGGA	-
ENSLCOT00000000007.1	1866	1887	20	+	0.048	d8	0.62	0	GGGGAGGACGAAGAGGAGGGA	-
ENSLCOT00000000007.1	1875	1889	13	+	0.071	d12	0.5	0	GAAGAGGAGGGACA	-
ENSLCOT00000000007.1	2169	2185	15	+	0.062	d8	0.56	0	GGAGAAGATGGGGAGA	-
ENSLCOT00000000007.1	2201	2216	14	+	0.067	d6	0.67	0	GGAAGATGAGGGGGG	-
ENSLCOT00000000007.1	2209	2222	12	+	0.077	d7	0.69	0	AGGGGGGCGAGGA	-
ENSLCOT00000000007.1	2234	2248	13	+	0.071	d5	0.5	0	AGGAACAGAGGAGG	-
ENSLCOT00000000007.1	2235	2249	13	+	0.071	d4	0.5	0	GGAACAGAGGAGGA	-
ENSLCOT00000000007.1	2690	2700	10	+	0		0.7	1	GAGGAAGGGG	-
ENSLCOT00000000007.1	2771	2786	14	+	0.067	d3	0.53	0	GGATGAGGAGGAGAA	-
ENSLCOT00000000007.1	26	42	15	-	0.062	d4	0.62	0	AAAGGGAGGGGCGGGA	-
ENSLCOT00000000007.1	260	278	17	-	0.056	d3	0.56	0	GGAGAAGGGAGGAGTGAA	-
ENSLCOT00000000007.1	463	501	35	-	0.079	d2d26d28	0.63	0	GGGGGGAGGCACAGAGGAGGAAGAGGAGGAGGGGGCAG	-
ENSLCOT00000000007.1	460	489	27	-	0.069	d2d5	0.59	0	AGAGGAGGAAGAGGAGGAGGGGGCAGCAG	-
ENSLCOT00000000007.1	2085	2099	13	-	0.071	d8	0.57	0	AGAGGCAAGGGAGG	-
ENSLCOT00000000004.1	292	306	13	+	0.071	d2	0.5	0	GGCAAAGAGAAGGG	-
ENSLCOT00000000004.1	297	307	10	+	0		0.5	0	AGAGAAGGGA	-
ENSLCOT00000000005.1	25	39	13	+	0.071	d9	0.57	1	GGAGAGGAGCAGGA	-
ENSLCOT00000000006.1	167	177	10	+	0		0.5	0	AGGAAGGAAG	-
ENSLCOT00000000006.1	168	178	10	+	0		0.5	0	GGAAGGAAGA	-
ENSLCOT00000000006.1	529	545	15	+	0.062	d7	0.5	0	GGGGAAGTGAAAGAAG	-
ENSLCOT00000000006.1	1044	1054	10	+	0		0.5	0	GAGAGAAGGA	-
ENSLCOT00000000006.1	198	210	12	-	0		0.5	0	AAGGAGAGAAGG	-
ENSLCOT00000000006.1	774	787	12	-	0.077	d5	0.62	0	GGAGAGGTAGGAG	-
ENSLCOT00000000009.1	32	48	15	+	0.062	d12	0.69	0	GGAGGAGGAGAGCGGG	-
ENSLCOT00000000009.1	33	49	15	+	0.062	d11	0.69	0	GAGGAGGAGAGCGGGG	-
ENSLCOT00000000009.1	110	126	15	-	0.062	d11	0.56	0	GAAGCAGAGGGAGGAG	-
ENSLCOT00000000009.1	1280	1294	13	-	0.071	d11	0.57	0	GGTAGAAGAGGGAG	-
ENSLCOT00000000445.1	758	772	13	+	0.071	d1	0.5	2	GCAGAAGGAGGAAG	-
ENSLCOT00000000445.1	761	775	13	+	0.071	d12	0.5	2	GAAGGAGGAAGATG	-
ENSLCOT00000000445.1	780	797	16	+	0.059	d7	0.53	2	AAGGGGGTGAAAGGGAA	-
ENSLCOT00000000445.1	788	802	13	+	0.071	d9	0.5	2	GAAAGGGAATGGGA	-
ENSLCOT00000000445.1	1757	1770	12	+	0.077	d4	0.54	2	GGAGTGGGAGAAA	-
ENSLCOT00000000445.1	1991	2004	13	+	0		0.54	2	GGAGAAGAAGGAG	-
ENSLCOT00000000445.1	2212	2230	17	+	0.056	d8	0.5	2	AGAAGGAGCAGGAAGGGA	-
ENSLCOT00000000445.1	2268	2283	14	+	0.067	d7	0.6	2	AAGGAGGTGGAGGAG	-
ENSLCOT00000000445.1	2549	2559	10	+	0		0.6	0	GGGAAAGGAG	-
ENSLCOT00000000445.1	2732	2750	17	+	0.056	d2	0.5	2	GGCGAAGAAAGAGAGGGA	-
ENSLCOT00000000445.1	2735	2763	26	+	0.071	d18d22	0.5	2	GAAGAAAGAGAGGGAAAGCAGGCGGGAG	-
ENSLCOT00000000445.1	2792	2805	12	+	0.077	d1	0.54	2	GCAGGAGGAAGAG	-
ENSLCOT00000000445.1	3248	3261	12	+	0.077	d6	0.62	2	AGGAGGTGGGGAA	-
ENSLCOT00000000484.1	758	772	13	+	0.071	d1	0.5	2	GCAGAAGGAGGAAG	-
ENSLCOT00000000484.1	761	775	13	+	0.071	d12	0.5	2	GAAGGAGGAAGATG	-
ENSLCOT00000000484.1	780	797	16	+	0.059	d7	0.53	2	AAGGGGGTGAAAGGGAA	-
ENSLCOT00000000484.1	788	802	13	+	0.071	d9	0.5	2	GAAAGGGAATGGGA	-
ENSLCOT00000000484.1	1772	1785	12	+	0.077	d4	0.54	2	GGAGTGGGAGAAA	-
ENSLCOT00000000484.1	2006	2019	13	+	0		0.54	2	GGAGAAGAAGGAG	-
ENSLCOT00000000484.1	2227	2245	17	+	0.056	d8	0.5	2	AGAAGGAGCAGGAAGGGA	-
ENSLCOT00000000484.1	2283	2298	14	+	0.067	d7	0.6	2	AAGGAGGTGGAGGAG	-
ENSLCOT00000000484.1	2654	2672	17	+	0.056	d2	0.5	2	GGCGAAGAAAGAGAGGGA	-
ENSLCOT00000000484.1	2657	2685	26	+	0.071	d18d22	0.5	2	GAAGAAAGAGAGGGAAAGCAGGCGGGAG	-
ENSLCOT00000000484.1	2714	2727	12	+	0.077	d1	0.54	2	GCAGGAGGAAGAG	-
ENSLCOT00000000484.1	3170	3183	12	+	0.077	d6	0.62	2	AGGAGGTGGGGAA	-
ENSLCOT00000000489.1	758	772	13	+	0.071	d1	0.5	2	GCAGAAGGAGGAAG	-
ENSLCOT00000000489.1	761	775	13	+	0.071	d12	0.5	2	GAAGGAGGAAGATG	-
ENSLCOT00000000489.1	780	797	16	+	0.059	d7	0.53	2	AAGGGGGTGAAAGGGAA	-
ENSLCOT00000000489.1	788	802	13	+	0.071	d9	0.5	2	GAAAGGGAATGGGA	-
ENSLCOT00000000489.1	1742	1755	12	+	0.077	d4	0.54	2	GGAGTGGGAGAAA	-
ENSLCOT00000000489.1	1976	1989	13	+	0		0.54	2	GGAGAAGAAGGAG	-
ENSLCOT00000000489.1	2197	2215	17	+	0.056	d8	0.5	2	AGAAGGAGCAGGAAGGGA	-
ENSLCOT00000000489.1	2253	2268	14	+	0.067	d7	0.6	2	AAGGAGGTGGAGGAG	-
ENSLCOT00000000489.1	2651	2669	17	+	0.056	d2	0.5	2	GGCGAAGAAAGAGAGGGA	-
ENSLCOT00000000489.1	2654	2682	26	+	0.071	d18d22	0.5	2	GAAGAAAGAGAGGGAAAGCAGGCGGGAG	-
ENSLCOT00000000489.1	2711	2724	12	+	0.077	d1	0.54	2	GCAGGAGGAAGAG	-
ENSLCOT00000000489.1	3167	3180	12	+	0.077	d6	0.62	2	AGGAGGTGGGGAA	-
ENSLCOT00000000017.1	611	632	20	+	0.048	d10	0.67	0	GGGGGGGAAGTGGAAGGAGAG	-
ENSLCOT00000000017.1	912	924	12	+	0		0.5	0	AAGGAAGGGAAG	-
ENSLCOT00000000017.1	930	940	10	+	0		0.6	1	AAGGAGGAGG	-
ENSLCOT00000000017.1	997	1010	12	+	0.077	d10	0.54	0	AGAGGAAGGATGG	-
ENSLCOT00000000881.1	738	751	12	+	0.077	d2	0.69	2	AGCGAGGGGGAGG	-
ENSLCOT00000000881.1	1395	1408	12	+	0.077	d10	0.62	2	GAGGAGGAGGTGA	-
ENSLCOT00000000881.1	2315	2328	12	+	0.077	d10	0.69	1	GGGAGGGGGACAG	-
ENSLCOT00000000881.1	2870	2889	18	+	0.053	d5	0.63	1	GGAGGTGGGAAGAGAGGAG	-
ENSLCOT00000000881.1	2913	2926	12	+	0.077	d8	0.69	1	GAGGAGGGCGAGG	-
ENSLCOT00000000881.1	3830	3846	15	+	0.062	d14	0.69	1	GGGAGGGGAAGAGGCG	-
ENSLCOT00000000881.1	751	776	23	-	0.08	d8d20	0.52	2	GAGGCAGAGGGAAGGGCAAAGAGAG	-
ENSLCOT00000000881.1	961	979	17	-	0.056	d11	0.56	2	AGAGGGCGAAGAGGAAGG	-
ENSLCOT00000000881.1	959	972	12	-	0.077	d1	0.54	2	GAAGAGGAAGGCG	-
ENSLCOT00000000881.1	1106	1120	13	-	0.071	d4	0.64	2	GGGAGAAGGCGAGG	-
ENSLCOT00000000881.1	1228	1247	18	-	0.053	d10	0.53	2	GAGGAGAACAGGGAGGAGA	-
ENSLCOT00000000881.1	1799	1815	15	-	0.062	d5	0.5	2	GGAGAGGAGATAGAGA	-
ENSLCOT00000000881.1	2376	2390	13	-	0.071	d7	0.5	1	AGGAAGTAGGAGAG	-
ENSLCOT00000000881.1	2362	2375	12	-	0.077	d10	0.62	1	AGCAGGGGAGAGG	-
ENSLCOT00000000881.1	2690	2702	12	-	0		0.58	2	GGGAAGAGGAAG	-
ENSLCOT00000000921.1	555	568	12	+	0.077	d2	0.69	2	AGCGAGGGGGAGG	-
ENSLCOT00000000921.1	1212	1225	12	+	0.077	d10	0.62	2	GAGGAGGAGGTGA	-
ENSLCOT00000000921.1	2546	2565	18	+	0.053	d5	0.63	1	GGAGGTGGGAAGAGAGGAG	-
ENSLCOT00000000921.1	2589	2602	12	+	0.077	d8	0.69	1	GAGGAGGGCGAGG	-
ENSLCOT00000000921.1	3506	3522	15	+	0.062	d14	0.69	1	GGGAGGGGAAGAGGCG	-
ENSLCOT00000000921.1	568	593	23	-	0.08	d8d20	0.52	2	GAGGCAGAGGGAAGGGCAAAGAGAG	-
ENSLCOT00000000921.1	778	796	17	-	0.056	d11	0.56	2	AGAGGGCGAAGAGGAAGG	-
ENSLCOT00000000921.1	776	789	12	-	0.077	d1	0.54	2	GAAGAGGAAGGCG	-
ENSLCOT00000000921.1	923	937	13	-	0.071	d4	0.64	2	GGGAGAAGGCGAGG	-
ENSLCOT00000000921.1	1045	1064	18	-	0.053	d10	0.53	2	GAGGAGAACAGGGAGGAGA	-
ENSLCOT00000000921.1	1547	1563	15	-	0.062	d5	0.5	2	GGAGAGGAGATAGAGA	-
ENSLCOT00000000921.1	2366	2378	12	-	0		0.58	2	GGGAAGAGGAAG	-
ENSLCOT00000000946.1	555	568	12	+	0.077	d2	0.69	2	AGCGAGGGGGAGG	-
ENSLCOT00000000946.1	1212	1225	12	+	0.077	d10	0.62	2	GAGGAGGAGGTGA	-
ENSLCOT00000000946.1	2126	2139	12	+	0.077	d10	0.69	1	GGGAGGGGGACAG	-
ENSLCOT00000000946.1	568	593	23	-	0.08	d8d20	0.52	2	GAGGCAGAGGGAAGGGCAAAGAGAG	-
ENSLCOT00000000946.1	778	796	17	-	0.056	d11	0.56	2	AGAGGGCGAAGAGGAAGG	-
ENSLCOT00000000946.1	776	789	12	-	0.077	d1	0.54	2	GAAGAGGAAGGCG	-
ENSLCOT00000000946.1	923	937	13	-	0.071	d4	0.64	2	GGGAGAAGGCGAGG	-
ENSLCOT00000000946.1	1045	1064	18	-	0.053	d10	0.53	2	GAGGAGAACAGGGAGGAGA	-
ENSLCOT00000000946.1	1616	1632	15	-	0.062	d5	0.5	2	GGAGAGGAGATAGAGA	-
ENSLCOT00000000946.1	2187	2201	13	-	0.071	d7	0.5	1	AGGAAGTAGGAGAG	-
ENSLCOT00000000946.1	2173	2186	12	-	0.077	d10	0.62	1	AGCAGGGGAGAGG	-
ENSLCOT00000000946.1	2501	2513	12	-	0		0.58	2	GGGAAGAGGAAG	-
ENSLCOT00000000013.1	755	768	12	+	0.077	d10	0.69	0	GGGAGGGAGGTGA	-
ENSLCOT00000000013.1	843	860	16	+	0.059	d5	0.65	0	AGGGATGGGAGGGAGAG	-
ENSLCOT00000000013.1	849	863	13	+	0.071	d11	0.64	0	GGGAGGGAGAGCGA	-
ENSLCOT00000000013.1	941	951	10	+	0		0.5	0	AGAGAAAGGG	-
ENSLCOT00000000013.1	942	954	12	+	0		0.5	0	GAGAAAGGGAAG	-
ENSLCOT00000000013.1	979	993	13	+	0.071	d6	0.57	0	AGGGGATGAAGGGA	-
ENSLCOT00000000012.1	142	154	12	+	0		0.5	0	GAAGGAAAAGGG	-
ENSLCOT00000000012.1	1130	1146	15	+	0.062	d3	0.62	0	GAGCAGGAGGGGAAGG	-
ENSLCOT00000000012.1	1507	1523	15	+	0.062	d3	0.56	0	GGGCGAGAGGAAGAAG	-
ENSLCOT00000000012.1	2553	2563	10	+	0		0.6	1	AGAAGGGAGG	-
ENSLCOT00000000012.1	2695	2708	12	+	0.077	d9	0.69	0	GGGAGGGAGCGGA	-
ENSLCOT00000000012.1	2696	2709	12	+	0.077	d8	0.69	0	GGAGGGAGCGGAG	-
ENSLCOT00000000012.1	2871	2884	12	+	0.077	d8	0.69	0	GGAGGGAGCGGGA	-
ENSLCOT00000000012.1	2901	2917	15	+	0.062	d6	0.69	0	GGAGGGCAGGGAGGAG	-
ENSLCOT00000000012.1	2902	2918	15	+	0.062	d5	0.69	0	GAGGGCAGGGAGGAGG	-
ENSLCOT00000000012.1	2908	2921	12	+	0.077	d10	0.62	0	AGGGAGGAGGTGA	-
ENSLCOT00000000012.1	508	521	12	-	0.077	d11	0.54	0	GCGGGAGAAGAAG	-
ENSLCOT00000000012.1	2463	2476	12	-	0.077	d9	0.62	0	GGGTGGAAGAGGA	-
ENSLCOT00000000012.1	3113	3126	12	-	0.077	d11	0.62	0	ATGGGGGAGAGAG	-
ENSLCOT00000000012.1	3093	3124	29	-	0.065	d9d19	0.58	0	GGGGGAGAGAGTGAAGAGGGATGGAGGAAGA	-
ENSLCOT00000000012.1	3088	3102	13	-	0.071	d4	0.5	0	GGAGGAAGACAGGA	-
ENSLCOT00000000078.1	220	230	10	+	0		0.5	2	GGAAAAGGAG	-
ENSLCOT00000000078.1	712	726	13	+	0.071	d7	0.5	0	GAGAGGATGAAGAG	-
ENSLCOT00000000078.1	3045	3055	10	+	0		0.5	0	GAGAAAGGAG	-
ENSLCOT00000000078.1	3499	3509	10	+	0		0.5	0	AGAAGGGAGA	-
ENSLCOT00000000078.1	3500	3510	10	+	0		0.5	0	GAAGGGAGAA	-
ENSLCOT00000000078.1	3693	3703	10	+	0		0.5	0	GAGGAAGGAA	-
ENSLCOT00000000078.1	3801	3815	13	+	0.071	d5	0.64	0	GGAGGTGGAGAGGA	-
ENSLCOT00000000070.1	1247	1260	12	+	0.077	d1	0.54	2	ATGGAGGAGAGGA	-
ENSLCOT00000000070.1	1249	1264	14	+	0.067	d11	0.53	2	GGAGGAGAGGACGAA	-
ENSLCOT00000000130.1	1121	1134	12	+	0.077	d1	0.54	2	ATGGAGGAGAGGA	-
ENSLCOT00000000130.1	1123	1138	14	+	0.067	d11	0.53	2	GGAGGAGAGGACGAA	-
ENSLCOT00000000131.1	1361	1374	12	+	0.077	d1	0.54	2	ATGGAGGAGAGGA	-
ENSLCOT00000000131.1	1363	1378	14	+	0.067	d11	0.53	2	GGAGGAGAGGACGAA	-
ENSLCOT00000000131.1	56	66	10	-	0		0.5	0	AGGAGAGAGA	-
ENSLCOT00000000131.1	11	29	18	-	0		0.5	0	GAGAAGGAGAGGGAAAAG	-
ENSLCOT00000000069.1	1179	1189	10	+	0		0.5	0	GAGAAGAGAG	-
ENSLCOT00000000069.1	1495	1513	18	+	0		0.56	0	GGGAGGAAGAGGAAGAGA	-
ENSLCOT00000000069.1	692	706	13	-	0.071	d5	0.64	0	GAGAGAGGTGGGAG	-
ENSLCOT00000000069.1	1009	1020	11	-	0		0.64	0	GGAGAGAGAGG	-
ENSLCOT00000000025.1	82	96	13	-	0.071	d11	0.57	0	GATGGGGAGAGGAA	-
ENSLCOT00000000043.1	173	186	12	+	0.077	d2	0.54	0	GACAGAGGAGAGG	-
ENSLCOT00000000043.1	393	409	15	+	0.062	d6	0.5	0	GGGAAATGGGGAAAAG	-
ENSLCOT00000000043.1	400	414	14	+	0		0.5	0	GGGGAAAAGAAGAG	-
ENSLCOT00000000043.1	483	503	19	+	0.05	d2	0.5	0	AGTAGAGAAAAGGAGGGGAG	-
ENSLCOT00000000043.1	484	508	23	+	0.042	d1	0.5	0	GTAGAGAAAAGGAGGGGAGAAAGG	-
ENSLCOT00000000043.1	487	515	26	+	0.071	d21d22	0.5	0	GAGAAAAGGAGGGGAGAAAGGCTGAAGG	-
ENSLCOT00000000043.1	68	82	13	-	0.071	d9	0.5	0	GGAATAAAGGGAGG	-
ENSLCOT00000000043.1	67	77	10	-	0		0.5	1	AAAGGGAGGA	-
ENSLCOT00000000016.1	872	885	12	+	0.077	d9	0.69	0	GGAAGGGGGTAGG	-
ENSLCOT00000000016.1	970	984	13	+	0.071	d4	0.5	0	GGAGCAAAGGAAGG	-
ENSLCOT00000000323.1	4	17	12	+	0.077	d2	0.69	0	GGTGGGAGAGGAG	-
ENSLCOT00000000323.1	7	45	35	+	0.079	d10d19d30	0.63	0	GGGAGAGGAGCAGGAGGGATGGAAGAGGGGCAGGAGGG	-
ENSLCOT00000000323.1	617	632	14	+	0.067	d4	0.6	0	GGAACAGGGAGGGGA	-
ENSLCOT00000000323.1	622	637	14	+	0.067	d10	0.6	0	AGGGAGGGGACAGGA	-
ENSLCOT00000000323.1	741	754	12	+	0.077	d3	0.54	1	AAGCAGGGAGAGG	-
ENSLCOT00000000323.1	1103	1116	12	+	0.077	d7	0.62	1	GGAGGAGTGGAAG	-
ENSLCOT00000000323.1	1835	1869	32	+	0.059	d25d28	0.68	1	GGAGGAGGAGGAGGAGGAGGAGGAGCGGCGGGAG	-
ENSLCOT00000000323.1	2128	2172	41	+	0.068	d8d22d38	0.68	1	GGAGGAGGCGGGAGGAGGAGGATGGGGAGGAGGAAGGGCGGAGG	-
ENSLCOT00000000323.1	2748	2766	17	+	0.056	d3	0.61	1	AAGCGGGAGGAGGAGGAG	-
ENSLCOT00000000323.1	2752	2768	15	+	0.062	d14	0.69	1	GGGAGGAGGAGGAGCG	-
ENSLCOT00000000323.1	2869	2885	15	+	0.062	d4	0.5	1	AGAGCAAAGGGAAGGG	-
ENSLCOT00000000323.1	3340	3356	15	+	0.062	d3	0.69	1	GGGCGGAGGAGGAGAG	-
ENSLCOT00000000323.1	3344	3359	14	+	0.067	d12	0.67	2	GGAGGAGGAGAGCGG	-
ENSLCOT00000000323.1	1312	1329	16	-	0.059	d5	0.59	1	GAGGAGGAAGACGAGGG	-
ENSLCOT00000000323.1	2329	2339	10	-	0		0.7	1	AGGGGGAAGG	-
ENSLCOT00000000346.1	57	70	12	+	0.077	d9	0.62	0	GGGGAGGAGCGAA	-
ENSLCOT00000000346.1	456	469	12	+	0.077	d3	0.54	1	AAGCAGGGAGAGG	-
ENSLCOT00000000346.1	818	831	12	+	0.077	d7	0.62	1	GGAGGAGTGGAAG	-
ENSLCOT00000000346.1	1550	1584	32	+	0.059	d25d28	0.68	1	GGAGGAGGAGGAGGAGGAGGAGGAGCGGCGGGAG	-
ENSLCOT00000000346.1	1843	1887	41	+	0.068	d8d22d38	0.68	1	GGAGGAGGCGGGAGGAGGAGGATGGGGAGGAGGAAGGGCGGAGG	-
ENSLCOT00000000346.1	2463	2481	17	+	0.056	d3	0.61	1	AAGCGGGAGGAGGAGGAG	-
ENSLCOT00000000346.1	2467	2483	15	+	0.062	d14	0.69	1	GGGAGGAGGAGGAGCG	-
ENSLCOT00000000346.1	2584	2600	15	+	0.062	d4	0.5	1	AGAGCAAAGGGAAGGG	-
ENSLCOT00000000346.1	3016	3032	15	+	0.062	d3	0.69	1	GGGCGGAGGAGGAGAG	-
ENSLCOT00000000346.1	3020	3035	14	+	0.067	d12	0.67	2	GGAGGAGGAGAGCGG	-
ENSLCOT00000000346.1	1027	1044	16	-	0.059	d5	0.59	1	GAGGAGGAAGACGAGGG	-
ENSLCOT00000000346.1	2044	2054	10	-	0		0.7	1	AGGGGGAAGG	-
ENSLCOT00000000018.1	809	823	13	+	0.071	d5	0.5	1	AGAAATGGAGAGGG	-
ENSLCOT00000000018.1	1113	1126	12	+	0.077	d2	0.54	1	GATGGGAGGAAGA	-
ENSLCOT00000000018.1	1344	1359	15	+	0		0.6	0	GAGGGGAAGAAGGAG	-
ENSLCOT00000000018.1	115	125	10	-	0		0.5	1	AAAGGGAGAG	-
ENSLCOT00000000035.1	809	823	13	+	0.071	d5	0.5	1	AGAAATGGAGAGGG	-
ENSLCOT00000000035.1	1113	1126	12	+	0.077	d2	0.54	1	GATGGGAGGAAGA	-
ENSLCOT00000000035.1	115	125	10	-	0		0.5	1	AAAGGGAGAG	-
ENSLCOT00000000014.1	53	68	14	+	0.067	d4	0.67	0	GGAGCAGGAGGGGAG	-
ENSLCOT00000000014.1	175	191	15	+	0.062	d10	0.56	0	GAGGAAGGAGCGGAAG	-
ENSLCOT00000000014.1	186	199	12	+	0.077	d5	0.54	0	GGAAGCAGGAAGG	-
ENSLCOT00000000014.1	233	251	18	+	0		0.5	0	AGAAAAGGGGAAGAGGAG	-
ENSLCOT00000000014.1	234	252	18	+	0		0.5	0	GAAAAGGGGAAGAGGAGA	-
ENSLCOT00000000014.1	238	254	15	+	0.062	d14	0.5	0	AGGGGAAGAGGAGATA	-
ENSLCOT00000000014.1	239	257	17	+	0.056	d13	0.5	0	GGGGAAGAGGAGATAAAG	-
ENSLCOT00000000014.1	273	293	19	+	0.05	d6	0.5	0	GAAGAACGAGAAGGAGAGGG	-
ENSLCOT00000000014.1	276	294	17	+	0.056	d3	0.5	0	GAACGAGAAGGAGAGGGA	-
ENSLCOT00000000014.1	280	295	15	+	0		0.53	1	GAGAAGGAGAGGGAA	-
ENSLCOT00000000014.1	312	327	14	+	0.067	d2	0.53	0	GATGAGAGAGAGGAG	-
ENSLCOT00000000014.1	1424	1446	21	+	0.045	d14	0.55	0	GAGAGGGAAAGAAATGGGGAGG	-
ENSLCOT00000000014.1	1558	1571	12	+	0.077	d7	0.54	0	AGAGGGACAGAGG	-
ENSLCOT00000000014.1	2631	2645	13	+	0.071	d1	0.5	0	ATGAAGGAGAGGAG	-
ENSLCOT00000000014.1	2680	2693	12	+	0.077	d6	0.54	0	AGAGGATGGAGAG	-
ENSLCOT00000000014.1	3593	3618	23	+	0.08	d13d21	0.52	0	GAGGGAGGGAAAATGGGGGAATAAG	-
ENSLCOT00000000014.1	375	389	14	-	0		0.5	0	AAAGAGAGGGAGAG	-
ENSLCOT00000000014.1	454	467	13	-	0		0.54	0	GGGGGAAGAGAAA	-
ENSLCOT00000000014.1	597	623	24	-	0.077	d9d11	0.5	0	GGAAGGAGAAGAGGTGCAGGAGGAAA	-
ENSLCOT00000000014.1	773	807	32	-	0.059	d21d24	0.53	0	GGGAAGAGGCAGCAGGAGAGGAGGAGGAAGAAGA	-
ENSLCOT00000000014.1	4451	4465	13	-	0.071	d4	0.5	0	GAAAGAGGATGAGG	-
ENSLCOT00000000034.1	56	71	15	+	0		0.6	0	GAAGGAGGAGAGGAG	-
ENSLCOT00000000034.1	152	168	15	+	0.062	d11	0.69	0	AGGGGAGGGGGTGGAA	-
ENSLCOT00000000034.1	156	169	12	+	0.077	d7	0.69	0	GAGGGGGTGGAAG	-
ENSLCOT00000000251.1	394	404	10	+	0		0.7	1	GGAAGGGAGG	-
ENSLCOT00000000251.1	938	948	10	+	0		0.6	1	AGAGGGGGAA	-
ENSLCOT00000000251.1	969	985	15	+	0.062	d10	0.5	1	GGGGAAGAAATGGAGA	-
ENSLCOT00000000251.1	3590	3604	13	+	0.071	d4	0.57	1	GGGACAAGAAGGGG	-
ENSLCOT00000000251.1	3595	3609	13	+	0.071	d9	0.57	1	AAGAAGGGGTGGAG	-
ENSLCOT00000000251.1	4341	4355	13	+	0.071	d3	0.5	1	AAGCAGGAGAGGAG	-
ENSLCOT00000000251.1	4342	4358	15	+	0.062	d2	0.5	1	AGCAGGAGAGGAGAAG	-
ENSLCOT00000000251.1	6533	6557	23	+	0.042	d20	0.5	1	GAGAGGAGAAGAGGAAGAAGTGGA	-
ENSLCOT00000000251.1	9392	9404	12	+	0		0.58	1	GGAAGGAGAAGG	-
ENSLCOT00000000251.1	9995	10009	13	+	0.071	d8	0.57	2	GGAGAAGGCAGGAG	-
ENSLCOT00000000251.1	6	20	13	-	0.071	d10	0.64	0	GGATGAGGGGAAGG	-
ENSLCOT00000000251.1	155	168	13	-	0		0.54	1	AGAAAAGGAGGGG	-
ENSLCOT00000000251.1	1745	1759	13	-	0.071	d8	0.5	1	GGGAGTAAGAGGAA	-
ENSLCOT00000000251.1	1994	2010	15	-	0.062	d13	0.5	1	AGTGGAAAAGGAGGGA	-
ENSLCOT00000000251.1	1993	2009	15	-	0.062	d14	0.5	1	GTGGAAAAGGAGGGAA	-
ENSLCOT00000000251.1	1990	2002	12	-	0		0.5	1	AGGAGGGAAAAG	-
ENSLCOT00000000251.1	1989	2001	12	-	0		0.5	1	GGAGGGAAAAGA	-
ENSLCOT00000000251.1	2397	2411	13	-	0.071	d11	0.5	1	AGTGGAGAGGAAAG	-
ENSLCOT00000000251.1	2396	2410	13	-	0.071	d12	0.5	1	GTGGAGAGGAAAGA	-
ENSLCOT00000000251.1	8881	8894	12	-	0.077	d2	0.54	1	AAAGAGAGGGTGG	-
ENSLCOT00000000255.1	226	236	10	+	0		0.7	1	GGAAGGGAGG	-
ENSLCOT00000000255.1	770	780	10	+	0		0.6	1	AGAGGGGGAA	-
ENSLCOT00000000255.1	801	817	15	+	0.062	d10	0.5	1	GGGGAAGAAATGGAGA	-
ENSLCOT00000000255.1	3422	3436	13	+	0.071	d4	0.57	1	GGGACAAGAAGGGG	-
ENSLCOT00000000255.1	3427	3441	13	+	0.071	d9	0.57	1	AAGAAGGGGTGGAG	-
ENSLCOT00000000255.1	4173	4187	13	+	0.071	d3	0.5	1	AAGCAGGAGAGGAG	-
ENSLCOT00000000255.1	4174	4190	15	+	0.062	d2	0.5	1	AGCAGGAGAGGAGAAG	-
ENSLCOT00000000255.1	6365	6389	23	+	0.042	d20	0.5	1	GAGAGGAGAAGAGGAAGAAGTGGA	-
ENSLCOT00000000255.1	9224	9236	12	+	0		0.58	1	GGAAGGAGAAGG	-
ENSLCOT00000000255.1	9650	9664	13	+	0.071	d8	0.57	2	GGAGAAGGCAGGAG	-
ENSLCOT00000000255.1	1577	1591	13	-	0.071	d8	0.5	1	GGGAGTAAGAGGAA	-
ENSLCOT00000000255.1	1826	1842	15	-	0.062	d13	0.5	1	AGTGGAAAAGGAGGGA	-
ENSLCOT00000000255.1	1825	1841	15	-	0.062	d14	0.5	1	GTGGAAAAGGAGGGAA	-
ENSLCOT00000000255.1	1822	1834	12	-	0		0.5	1	AGGAGGGAAAAG	-
ENSLCOT00000000255.1	1821	1833	12	-	0		0.5	1	GGAGGGAAAAGA	-
ENSLCOT00000000255.1	2229	2243	13	-	0.071	d11	0.5	1	AGTGGAGAGGAAAG	-
ENSLCOT00000000255.1	2228	2242	13	-	0.071	d12	0.5	1	GTGGAGAGGAAAGA	-
ENSLCOT00000000255.1	8713	8726	12	-	0.077	d2	0.54	1	AAAGAGAGGGTGG	-
ENSLCOT00000000281.1	788	802	13	+	0.071	d8	0.57	2	GGAGAAGGCAGGAG	-
ENSLCOT00000000030.1	632	646	13	+	0.071	d4	0.5	0	GGGACAAGGAAGGA	-
ENSLCOT00000000030.1	1704	1718	13	+	0.071	d1	0.64	0	GCGGGAGGAGAAGG	-
ENSLCOT00000000030.1	2660	2670	10	+	0		0.5	1	AAGGAGAGAG	-
ENSLCOT00000000030.1	3407	3419	12	+	0		0.5	0	GGGAAAAAGGGA	-
ENSLCOT00000000030.1	3482	3494	12	+	0		0.5	0	AGAGGGAGGAAA	-
ENSLCOT00000000030.1	3696	3714	17	+	0.056	d15	0.5	0	AAAGGGAGGAGGAGGCAA	-
ENSLCOT00000000030.1	3737	3751	13	+	0.071	d9	0.5	0	GGAGAAGGACAGAG	-
ENSLCOT00000000030.1	3883	3895	12	+	0		0.5	0	AGAGAAGGAAGG	-
ENSLCOT00000000030.1	4064	4079	14	+	0.067	d1	0.53	0	GTAGAGGAAGGGGAA	-
ENSLCOT00000000030.1	4066	4081	14	+	0.067	d13	0.53	0	AGAGGAAGGGGAATG	-
ENSLCOT00000000030.1	4112	4125	12	+	0.077	d3	0.69	0	AGGTAGGAGGGGG	-
ENSLCOT00000000030.1	4605	4615	10	+	0		0.5	0	GGAAAAGGGA	-
ENSLCOT00000000030.1	5248	5261	12	+	0.077	d5	0.69	0	GGGAGTAGGAGGG	-
ENSLCOT00000000030.1	5532	5545	12	+	0.077	d1	0.54	0	ATGGGAGAGGGAA	-
ENSLCOT00000000030.1	5935	5948	12	+	0.077	d5	0.62	0	GGGGACGAGGAGA	-
ENSLCOT00000000030.1	906	919	12	-	0.077	d3	0.69	0	GGGAGGGAACGGG	-
ENSLCOT00000000030.1	2597	2611	13	-	0.071	d10	0.57	0	GGACAGGAGGAGGA	-
ENSLCOT00000000030.1	2592	2607	14	-	0.067	d4	0.53	0	AGGAGGAGGACAGGA	-
ENSLCOT00000000030.1	3974	4000	24	-	0.077	d11d17	0.5	0	AGGGAAGGTGGGAGTAAAGGAGAAGA	-
ENSLCOT00000000030.1	3971	3999	26	-	0.071	d14d20	0.5	0	GGGAAGGTGGGAGTAAAGGAGAAGAAAG	-
ENSLCOT00000000030.1	4705	4718	12	-	0.077	d5	0.54	0	AGGGGAGCAGGAA	-
ENSLCOT00000000030.1	4696	4710	13	-	0.071	d8	0.5	0	AGGAATGGGAAAGG	-
ENSLCOT00000000030.1	4695	4709	13	-	0.071	d9	0.5	0	GGAATGGGAAAGGA	-
ENSLCOT00000000030.1	4885	4897	12	-	0		0.5	0	AAAGGAGAAGGG	-
ENSLCOT00000000030.1	4884	4896	12	-	0		0.5	0	AAGGAGAAGGGA	-
ENSLCOT00000000030.1	4883	4895	12	-	0		0.5	0	AGGAGAAGGGAA	-
ENSLCOT00000000030.1	4882	4894	12	-	0		0.5	0	GGAGAAGGGAAA	-
ENSLCOT00000000030.1	5821	5837	15	-	0.062	d14	0.56	0	GTGAAGAGGGAAGAGG	-
ENSLCOT00000000030.1	5702	5712	10	-	0		0.5	1	AGAGGGAAGA	-
ENSLCOT00000000030.1	6080	6106	24	-	0.077	d7d11	0.62	0	AGGGGAGGAGGGGACGGGCAAAGGGA	-
ENSLCOT00000000015.1	340	350	10	-	0		0.5	0	AAAGGAGGAG	-
ENSLCOT00000000024.1	250	260	10	-	0		0.7	1	AGGAGAGGGG	-
ENSLCOT00000000024.1	389	404	14	-	0.067	d6	0.53	1	AGGAAGAATGGGGAG	-
ENSLCOT00000000032.1	250	260	10	-	0		0.7	1	AGGAGAGGGG	-
ENSLCOT00000000032.1	389	404	14	-	0.067	d6	0.53	1	AGGAAGAATGGGGAG	-
ENSLCOT00000000021.1	196	206	10	-	0		0.5	1	AAGGAGAGGA	-
ENSLCOT00000000019.1	835	845	10	+	0		0.5	0	AAGAAGGGGA	-
ENSLCOT00000000019.1	2062	2075	12	+	0.077	d10	0.62	0	GGGAAGGGGACAG	-
ENSLCOT00000000019.1	2042	2055	12	-	0.077	d10	0.54	0	AATAAGGGGAGGG	-
ENSLCOT00000000019.1	2037	2052	14	-	0.067	d4	0.6	0	AAGGGGAGGGTAGAG	-
ENSLCOT00000000022.1	2	32	28	+	0.067	d2d11	0.5	0	AGCAAGAAGAGTGAAAAGGGGAGAGGAGGG	-
ENSLCOT00000000022.1	6	34	26	+	0.071	d7d26	0.5	0	AGAAGAGTGAAAAGGGGAGAGGAGGGCA	-
ENSLCOT00000000022.1	7	35	26	+	0.071	d6d25	0.5	0	GAAGAGTGAAAAGGGGAGAGGAGGGCAA	-
ENSLCOT00000000022.1	274	287	12	+	0.077	d2	0.54	0	GATGGAGAGAAGG	-
ENSLCOT00000000022.1	486	496	10	-	0		0.5	0	AAAAGGGAGG	-
ENSLCOT00000000039.1	934	950	15	-	0.062	d8	0.5	0	GGGGAGATGAAGAAAG	-
ENSLCOT00000000048.1	0	14	13	-	0.071	d6	0.5	1	GGGGAGATGAAGAA	-
ENSLCOT00000000402.1	730	748	17	+	0.056	d6	0.5	0	AGAAGGCAGAGAAGGAGG	-
ENSLCOT00000000402.1	737	751	13	+	0.071	d11	0.5	0	AGAGAAGGAGGTGA	-
ENSLCOT00000000402.1	164	179	14	-	0.067	d7	0.6	0	AGGAGGGTGAGGAAG	-
ENSLCOT00000000402.1	131	147	15	-	0.062	d10	0.5	0	GGAGATGAGGAAGAAG	-
ENSLCOT00000000402.1	502	518	15	-	0.062	d2	0.62	0	AAGAGGGGAGGGGCAG	-
ENSLCOT00000000402.1	440	454	13	-	0.071	d10	0.64	0	GGGTGGAGGAGAAG	-
ENSLCOT00000000402.1	434	450	15	-	0.062	d5	0.56	0	GGAGGAGAAGCGGAAG	-
ENSLCOT00000000402.1	632	645	12	-	0.077	d7	0.54	0	GGGGATGAAGAAG	-
ENSLCOT00000000402.1	890	903	12	-	0.077	d11	0.62	1	GTAGAGGGAGGAG	-
ENSLCOT00000000402.1	1030	1047	16	-	0.059	d8	0.59	0	GGAGGAGACGGAGGAGA	-
ENSLCOT00000000020.1	935	949	13	+	0.071	d3	0.57	0	AGACAGGAGGGAGG	-
ENSLCOT00000000020.1	939	955	15	+	0.062	d10	0.69	0	AGGAGGGAGGTGGAGG	-
ENSLCOT00000000353.1	370	383	12	+	0.077	d11	0.62	0	AGGGGAGGAAGTG	-
ENSLCOT00000000353.1	1010	1024	14	+	0		0.5	0	GAAAGAGGAGAAGG	-
ENSLCOT00000000353.1	1013	1025	12	+	0		0.5	0	AGAGGAGAAGGA	-
ENSLCOT00000000353.1	764	780	15	-	0.062	d11	0.69	0	GGAGTAGAAGGGGGGG	-
ENSLCOT00000000353.1	762	775	12	-	0.077	d1	0.62	0	AGAAGGGGGGGTA	-
ENSLCOT00000000353.1	1051	1061	10	-	0		0.5	1	AAGGAGAGAG	-
ENSLCOT00000000026.1	855	865	10	+	0		0.6	1	GGGGAGAAAG	-
ENSLCOT00000000026.1	1523	1537	13	+	0.071	d5	0.5	0	GGAAGCAGAGAAGG	-
ENSLCOT00000000026.1	1529	1547	17	+	0.056	d8	0.5	0	AGAGAAGGCGAGAGGAGA	-
ENSLCOT00000000026.1	3371	3390	18	+	0.053	d12	0.53	0	AGGAGGGAAGGATGAGGAA	-
ENSLCOT00000000026.1	3947	3957	10	+	0		0.5	0	AGGAAAGGGA	-
ENSLCOT00000000026.1	4097	4112	14	+	0.067	d9	0.53	0	AGAGGAGGATGAGGA	-
ENSLCOT00000000026.1	4841	4855	13	+	0.071	d12	0.64	0	AGGAGAGGGAGGTG	-
ENSLCOT00000000026.1	6307	6329	21	+	0.045	d5	0.5	0	GGGGACGGAGGGAAGAAGAAAA	-
ENSLCOT00000000026.1	6408	6418	10	+	0		0.5	1	AAGGAAGGAG	-
ENSLCOT00000000026.1	6409	6419	10	+	0		0.5	0	AGGAAGGAGA	-
ENSLCOT00000000026.1	2015	2025	10	-	0		0.5	1	AGAAGAGGGA	-
ENSLCOT00000000026.1	2063	2075	12	-	0		0.5	0	AAAGGAAGGGGA	-
ENSLCOT00000000026.1	3922	3932	10	-	0		0.5	0	AGGGAAGAGA	-
ENSLCOT00000000026.1	5049	5059	10	-	0		0.5	0	AGAGAGAAGG	-
ENSLCOT00000000026.1	5344	5354	10	-	0		0.5	0	AGGAAGAGAG	-
ENSLCOT00000000026.1	5677	5691	13	-	0.071	d8	0.5	0	GGGAACAAGAAGGG	-
ENSLCOT00000000023.1	389	399	10	+	0		0.7	2	GGAGGAAGGG	-
ENSLCOT00000000023.1	1113	1127	13	+	0.071	d12	0.64	0	GGGGGAGAGAGGTA	-
ENSLCOT00000000023.1	1199	1212	12	+	0.077	d8	0.62	1	GGAGGAGACGGAG	-
ENSLCOT00000000023.1	1941	1954	13	-	0		0.69	0	GGGAGAGGGAAGG	-
ENSLCOT00000000027.1	490	502	12	+	0		0.5	0	GAAAAAGGGGAG	-
ENSLCOT00000000027.1	493	505	12	+	0		0.5	0	AAAGGGGAGAAG	-
ENSLCOT00000000027.1	3	16	12	-	0.077	d10	0.69	0	GGCGGAGGGAGGA	-
ENSLCOT00000000027.1	2	15	12	-	0.077	d11	0.69	0	GCGGAGGGAGGAG	-
ENSLCOT00000000027.1	1	11	10	-	0		0.7	2	AGGGAGGAGG	-
ENSLCOT00000000027.1	22	61	36	-	0.077	d23d25d29	0.62	0	AGGAGGGGGCGAACGCGGGAGGAGGGAAGGAAGGAGGGA	-
ENSLCOT00000000028.1	145	158	12	-	0.077	d2	0.69	2	GGGGGAAGGGCAG	-
ENSLCOT00000000029.1	144	158	14	+	0		0.5	0	AAAAGAGGAGGAGG	-
ENSLCOT00000000029.1	409	422	12	-	0.077	d2	0.69	2	GGGGGAAGGGCAG	-
ENSLCOT00000000038.1	274	287	12	-	0.077	d2	0.69	2	GGGGGAAGGGCAG	-
ENSLCOT00000000033.1	257	267	10	+	0		0.5	1	GGGAAAAGAG	-
ENSLCOT00000000033.1	307	321	13	+	0.071	d6	0.57	1	AGAGAGTGAGGAGG	-
ENSLCOT00000000033.1	493	503	10	+	0		0.5	1	AAGGGAAGGA	-
ENSLCOT00000000033.1	132	146	13	-	0.071	d6	0.64	0	AGGGAAGTGGGGGA	-
ENSLCOT00000000033.1	282	297	14	-	0.067	d12	0.67	1	GACAGGAGGGGGGAG	-
ENSLCOT00000000033.1	332	345	13	-	0		0.62	1	GGAGAAGAGGAGG	-
ENSLCOT00000000033.1	660	674	13	-	0.071	d5	0.57	0	AGGGAGAGCAGGAG	-
ENSLCOT00000000033.1	1032	1046	13	-	0.071	d8	0.5	0	GGAGGTGAAAAGGA	-
ENSLCOT00000000045.1	96	106	10	+	0		0.5	1	GGGAAAAGAG	-
ENSLCOT00000000045.1	146	160	13	+	0.071	d6	0.57	1	AGAGAGTGAGGAGG	-
ENSLCOT00000000045.1	277	287	10	+	0		0.5	1	AAGGGAAGGA	-
ENSLCOT00000000045.1	121	136	14	-	0.067	d12	0.67	1	GACAGGAGGGGGGAG	-
ENSLCOT00000000045.1	171	184	13	-	0		0.62	1	GGAGAAGAGGAGG	-
ENSLCOT00000000417.1	634	644	10	+	0		0.5	2	GGGAAAAAGG	-
ENSLCOT00000000417.1	470	486	15	-	0.062	d13	0.56	2	AATGGGGAAGGAAGGG	-
ENSLCOT00000000417.1	875	888	12	-	0.077	d8	0.62	2	GAGATGGGAGGGA	-
ENSLCOT00000000452.1	727	737	10	+	0		0.5	2	GGGAAAAAGG	-
ENSLCOT00000000452.1	497	513	15	-	0.062	d13	0.56	2	AATGGGGAAGGAAGGG	-
ENSLCOT00000000452.1	968	981	12	-	0.077	d8	0.62	2	GAGATGGGAGGGA	-
ENSLCOT00000000491.1	494	510	15	-	0.062	d13	0.56	2	AATGGGGAAGGAAGGG	-
ENSLCOT00000000491.1	650	664	13	-	0.071	d7	0.5	0	GGAGGGCAGAGAAA	-
ENSLCOT00000000491.1	896	909	12	-	0.077	d8	0.62	2	GAGATGGGAGGGA	-
ENSLCOT00000000080.1	485	498	12	+	0.077	d8	0.69	0	GGAGGAGGTGGAG	-
ENSLCOT00000000080.1	595	609	13	+	0.071	d8	0.57	0	GGGAGAAGCAGGAG	-
ENSLCOT00000000080.1	691	705	13	+	0.071	d8	0.5	0	AGAAGGAGCAGGAG	-
ENSLCOT00000000080.1	1213	1229	15	+	0.062	d13	0.69	0	AGGGGGAGGAGGGCGA	-
ENSLCOT00000000080.1	1636	1664	26	+	0.071	d2d19	0.5	0	AGCGAGGGAAGAAGGAGAGCAAGGAGGA	-
ENSLCOT00000000080.1	2334	2348	13	+	0.071	d4	0.5	0	AAAGTGGAAGGAGG	-
ENSLCOT00000000080.1	289	305	15	-	0.062	d10	0.69	0	GAGGGCGAGGAGGAGG	-
ENSLCOT00000000080.1	288	304	15	-	0.062	d11	0.69	0	AGGGCGAGGAGGAGGG	-
ENSLCOT00000000080.1	286	299	12	-	0.077	d1	0.69	0	GAGGAGGAGGGCG	-
ENSLCOT00000000080.1	1605	1618	12	-	0.077	d6	0.69	0	GGAGGGTGAGGGA	-
ENSLCOT00000000080.1	1604	1617	12	-	0.077	d7	0.69	0	GAGGGTGAGGGAG	-
ENSLCOT00000000037.1	132	149	16	+	0.059	d2	0.59	0	AGCGAGGAGGAGGAGGA	-
ENSLCOT00000000037.1	135	173	35	+	0.079	d14d17d23	0.58	0	GAGGAGGAGGAGGACGACGAGGACGAGGAGGAGGAGGA	-
ENSLCOT00000000037.1	153	182	27	+	0.069	d5d20	0.59	0	GAGGACGAGGAGGAGGAGGACGAGGAGGA	-
ENSLCOT00000000037.1	159	185	24	+	0.077	d14d23	0.62	0	GAGGAGGAGGAGGACGAGGAGGACGG	-
ENSLCOT00000000037.1	345	359	13	+	0.071	d1	0.64	0	GCGGGGGGGAAGAA	-
ENSLCOT00000000037.1	524	534	10	-	0		0.7	0	GAGGGAGAGG	-
ENSLCOT00000000037.1	901	915	13	-	0.071	d5	0.57	0	GGAGAAGACGGAGG	-
ENSLCOT00000000037.1	842	857	14	-	0.067	d1	0.67	0	GGGAAGGGGAAGGCG	-
ENSLCOT00000000037.1	927	941	13	-	0.071	d2	0.57	0	AGGAAGGAGGGCAG	-
ENSLCOT00000000037.1	1092	1104	12	-	0		0.5	0	GGAAAAAGAGGG	-
ENSLCOT00000000036.1	34	47	12	+	0.077	d11	0.69	0	GAGGAGGGAGGCG	-
ENSLCOT00000000036.1	35	48	12	+	0.077	d10	0.69	1	AGGAGGGAGGCGG	-
ENSLCOT00000000036.1	93	107	13	+	0.071	d6	0.5	0	AGAGAGTGAGGAAG	-
ENSLCOT00000000036.1	94	110	15	+	0.062	d5	0.5	0	GAGAGTGAGGAAGAAG	-
ENSLCOT00000000036.1	418	428	10	+	0		0.5	1	GAAAGGGAAG	-
ENSLCOT00000000036.1	510	523	12	+	0.077	d7	0.54	0	AGGAAGGCAGAGG	-
ENSLCOT00000000036.1	1314	1329	15	+	0		0.6	0	AGAGGGGGAGGAAGA	-
ENSLCOT00000000036.1	650	664	13	-	0.071	d1	0.57	0	GGGAGAGGGGAACA	-
ENSLCOT00000000042.1	157	173	15	+	0.062	d8	0.5	0	AAGGAGAGCAAGAGGG	-
ENSLCOT00000000042.1	158	174	15	+	0.062	d7	0.5	0	AGGAGAGCAAGAGGGA	-
ENSLCOT00000000042.1	786	799	12	+	0.077	d1	0.54	0	GTGAGAAAGGGAG	-
ENSLCOT00000000042.1	788	802	13	+	0.071	d11	0.5	0	GAGAAAGGGAGTAG	-
ENSLCOT00000000042.1	912	925	12	+	0.077	d6	0.62	0	GAGGGGCAAAGGG	-
ENSLCOT00000000042.1	2371	2385	13	+	0.071	d6	0.57	0	AGGAGGTAGGAGAG	-
ENSLCOT00000000042.1	2594	2608	13	+	0.071	d3	0.5	0	AGGTAAGAGAAGGG	-
ENSLCOT00000000042.1	2782	2795	12	+	0.077	d8	0.62	0	GAAGGGAGTGGAG	-
ENSLCOT00000000042.1	2804	2816	12	+	0		0.58	0	GAGGAGGAAAGG	-
ENSLCOT00000000042.1	3035	3048	12	+	0.077	d8	0.54	0	AAAGAGGGTGGGA	-
ENSLCOT00000000042.1	557	567	10	-	0		0.5	1	AGGAAGAAGG	-
ENSLCOT00000000093.1	2255	2273	17	+	0.056	d14	0.67	0	GGGGAGGGAGGAGATGGA	-
ENSLCOT00000000093.1	2654	2668	13	+	0.071	d9	0.5	0	AGGGAAGGACAGAG	-
ENSLCOT00000000093.1	2691	2705	13	+	0.071	d1	0.64	0	GTGGAGAAGGGGAG	-
ENSLCOT00000000093.1	2693	2711	17	+	0.056	d12	0.56	0	GGAGAAGGGGAGCAGAGA	-
ENSLCOT00000000093.1	2774	2784	10	+	0		0.6	0	GGAGAAGGAG	-
ENSLCOT00000000093.1	2855	2873	17	+	0.056	d4	0.61	0	GGGGTGGGAGAAGGAAAG	-
ENSLCOT00000000093.1	3112	3127	14	+	0.067	d6	0.53	0	GGGAAGCAGAAGAGG	-
ENSLCOT00000000093.1	3187	3202	14	+	0.067	d13	0.67	0	GGGAGGAGGAGAGTG	-
ENSLCOT00000000093.1	3253	3280	25	+	0.074	d4d16	0.67	0	GGGATGGGGAGGGGGGTGAGAGGGAAA	-
ENSLCOT00000000093.1	792	808	15	-	0.062	d9	0.56	2	AGAAGGCGGAGGAGAG	-
ENSLCOT00000000093.1	1302	1323	20	-	0.048	d13	0.62	1	GGGGAAGTAGAGGAGGAGGGA	-
ENSLCOT00000000103.1	792	808	15	-	0.062	d9	0.56	2	AGAAGGCGGAGGAGAG	-
ENSLCOT00000000103.1	1311	1332	20	-	0.048	d13	0.62	1	GGGGAAGTAGAGGAGGAGGGA	-
ENSLCOT00000000169.1	750	766	15	-	0.062	d9	0.56	2	AGAAGGCGGAGGAGAG	-
ENSLCOT00000000249.1	1950	1963	13	+	0		0.62	2	GAGGAGGAGAAGG	-
ENSLCOT00000000249.1	499	509	10	-	0		0.6	2	GGAGGAGAGA	-
ENSLCOT00000000249.1	477	490	12	-	0.077	d3	0.69	2	AGGGGGAGATGGG	-
ENSLCOT00000000249.1	1207	1225	17	-	0.056	d15	0.67	2	GGTAGAGGGGGAGGAAGG	-
ENSLCOT00000000259.1	2133	2146	13	+	0		0.62	2	GAGGAGGAGAAGG	-
ENSLCOT00000000259.1	679	689	10	-	0		0.6	2	GGAGGAGAGA	-
ENSLCOT00000000259.1	657	670	12	-	0.077	d3	0.69	2	AGGGGGAGATGGG	-
ENSLCOT00000000259.1	1387	1405	17	-	0.056	d15	0.67	2	GGTAGAGGGGGAGGAAGG	-
ENSLCOT00000000260.1	64	80	15	+	0.062	d4	0.56	0	GGGACAAAGGGGAGAG	-
ENSLCOT00000000260.1	192	207	15	+	0		0.67	0	GGGAGGGAGGAAGAG	-
ENSLCOT00000000260.1	2358	2371	13	+	0		0.62	2	GAGGAGGAGAAGG	-
ENSLCOT00000000260.1	745	755	10	-	0		0.6	2	GGAGGAGAGA	-
ENSLCOT00000000260.1	723	736	12	-	0.077	d3	0.69	2	AGGGGGAGATGGG	-
ENSLCOT00000000260.1	1453	1471	17	-	0.056	d15	0.67	2	GGTAGAGGGGGAGGAAGG	-
