# Duplex-ID	Start	End	Score	Strand	Error-rate	Errors	Guanine-rate	Duplicates	TTS	Duplicate locations
ENSLCOT00000000041.1	7990	8010	19	+	0.05	d3	0.45	2	GGACAGAAGGAGAAAAGAGG	-
ENSLCOT00000000044.1	7711	7731	19	+	0.05	d3	0.45	2	GGACAGAAGGAGAAAAGAGG	-
ENSLCOT00000000056.1	7435	7455	19	+	0.05	d3	0.45	2	GGACAGAAGGAGAAAAGAGG	-
ENSLCOT00000000007.1	924	944	19	+	0.05	d2	0.6	0	AGCGAGGAGGAGAGGAAGGG	-
ENSLCOT00000000007.1	986	1002	16	+	0		0.56	0	GAAGGAGGAAGAGGAG	-
ENSLCOT00000000007.1	1173	1196	16	+	0.3	d18	0.57	0	GAGGAGGAAGAGGAGGAGCAGGA	-
ENSLCOT00000000007.1	1866	1887	19	+	0.095	d8	0.62	0	GGGGAGGACGAAGAGGAGGGA	-
ENSLCOT00000000007.1	463	491	19	-	0.32	d2d26	0.57	0	ACAGAGGAGGAAGAGGAGGAGGGGGCAG	-
ENSLCOT00000000445.1	2732	2757	19	+	0.24	d2d21	0.48	2	GGCGAAGAAAGAGAGGGAAAGCAGG	-
ENSLCOT00000000484.1	2654	2679	19	+	0.24	d2d21	0.48	2	GGCGAAGAAAGAGAGGGAAAGCAGG	-
ENSLCOT00000000489.1	2651	2676	19	+	0.24	d2d21	0.48	2	GGCGAAGAAAGAGAGGGAAAGCAGG	-
ENSLCOT00000000017.1	611	632	19	+	0.095	d10	0.67	0	GGGGGGGAAGTGGAAGGAGAG	-
ENSLCOT00000000881.1	751	771	19	-	0.05	d8	0.5	2	AGAGGGAAGGGCAAAGAGAG	-
ENSLCOT00000000921.1	568	588	19	-	0.05	d8	0.5	2	AGAGGGAAGGGCAAAGAGAG	-
ENSLCOT00000000946.1	568	588	19	-	0.05	d8	0.5	2	AGAGGGAAGGGCAAAGAGAG	-
ENSLCOT00000000013.1	954	972	16	-	0.11		0.28	0	GAAAGAAAAAAGGAGAAA	-
ENSLCOT00000000012.1	3103	3124	19	-	0.095	d9	0.62	0	GGGGGAGAGAGTGAAGAGGGA	-
ENSLCOT00000000131.1	11	29	16	-	0.11		0.5	0	GAGAAGGAGAGGGAAAAG	-
ENSLCOT00000000069.1	1495	1513	16	+	0.11		0.56	0	GGGAGGAAGAGGAAGAGA	-
ENSLCOT00000000043.1	393	418	19	+	0.24	d6	0.44	0	GGGAAATGGGGAAAAGAAGAGAAGA	-
ENSLCOT00000000043.1	483	508	19	+	0.24	d2	0.48	0	AGTAGAGAAAAGGAGGGGAGAAAGG	-
ENSLCOT00000000323.1	2151	2172	19	+	0.095	d15	0.71	1	GGGGAGGAGGAAGGGCGGAGG	-
ENSLCOT00000000346.1	1866	1887	19	+	0.095	d15	0.71	1	GGGGAGGAGGAAGGGCGGAGG	-
ENSLCOT00000000014.1	231	257	16	+	0.38	d21	0.38	0	AAAGAAAAGGGGAAGAGGAGATAAAG	-
ENSLCOT00000000014.1	270	295	19	+	0.24	d9	0.4	0	AAAGAAGAACGAGAAGGAGAGGGAA	-
ENSLCOT00000000014.1	1424	1446	19	+	0.14	d14	0.55	0	GAGAGGGAAAGAAATGGGGAGG	-
ENSLCOT00000000014.1	3593	3614	19	+	0.095	d13	0.57	0	GAGGGAGGGAAAATGGGGGAA	-
ENSLCOT00000000014.1	773	797	19	-	0.21	d21	0.5	0	AGCAGGAGAGGAGGAGGAAGAAGA	-
ENSLCOT00000000251.1	1298	1319	19	+	0.095	d8	0.38	1	GAAGGAAGCAGAGAAAGGAAA	-
ENSLCOT00000000251.1	4292	4308	16	+	0		0.44	1	GGAGAAAAGAGAAGGA	-
ENSLCOT00000000251.1	5031	5053	19	+	0.14	d7	0.27	1	GAGGAAGCAAAGAGAAAAAAAA	-
ENSLCOT00000000251.1	6533	6558	16	+	0.36	d20	0.48	1	GAGAGGAGAAGAGGAAGAAGTGGAA	-
ENSLCOT00000000251.1	7805	7826	19	+	0.095	d4	0.24	1	AGAACAAAGAGAAGAAGAAAA	-
ENSLCOT00000000251.1	1989	2010	19	-	0.095	d18	0.43	1	AGTGGAAAAGGAGGGAAAAGA	-
ENSLCOT00000000255.1	1130	1151	19	+	0.095	d8	0.38	1	GAAGGAAGCAGAGAAAGGAAA	-
ENSLCOT00000000255.1	4124	4140	16	+	0		0.44	1	GGAGAAAAGAGAAGGA	-
ENSLCOT00000000255.1	4863	4885	19	+	0.14	d7	0.27	1	GAGGAAGCAAAGAGAAAAAAAA	-
ENSLCOT00000000255.1	6365	6390	16	+	0.36	d20	0.48	1	GAGAGGAGAAGAGGAAGAAGTGGAA	-
ENSLCOT00000000255.1	7637	7658	19	+	0.095	d4	0.24	1	AGAACAAAGAGAAGAAGAAAA	-
ENSLCOT00000000255.1	1821	1842	19	-	0.095	d18	0.43	1	AGTGGAAAAGGAGGGAAAAGA	-
ENSLCOT00000000030.1	3971	3991	19	-	0.05	d14	0.45	0	GGGAGTAAAGGAGAAGAAAG	-
ENSLCOT00000000030.1	4873	4899	16	-	0.38		0.31	0	AAAAAGGAGAAGGGAAAAAAAAAGAG	-
ENSLCOT00000000024.1	831	849	16	+	0.11		0.22	1	AGAAGAAGAAAGAAAAAA	-
ENSLCOT00000000024.1	1071	1091	19	+	0.05	d5	0.3	1	GAAAATGAAGAAAGAAAAGG	-
ENSLCOT00000000024.1	1377	1400	19	+	0.17	d3	0.3	1	AGATGAAGAAGAAAAAGGAAAGA	-
ENSLCOT00000000032.1	831	849	16	+	0.11		0.22	1	AGAAGAAGAAAGAAAAAA	-
ENSLCOT00000000032.1	945	965	19	+	0.05	d5	0.3	1	GAAAATGAAGAAAGAAAAGG	-
ENSLCOT00000000032.1	1251	1274	19	+	0.17	d3	0.3	1	AGATGAAGAAGAAAAAGGAAAGA	-
ENSLCOT00000000022.1	5	35	19	+	0.37	d8d27	0.47	0	AAGAAGAGTGAAAAGGGGAGAGGAGGGCAA	-
ENSLCOT00000000039.1	56	77	19	-	0.095	d15	0.33	0	AAGAGCAGAAGAAAGAGAAGA	-
ENSLCOT00000000026.1	6307	6330	19	+	0.17	d5	0.48	0	GGGGACGGAGGGAAGAAGAAAAA	-
ENSLCOT00000000027.1	486	505	16	+	0.16		0.37	0	AAAAGAAAAAGGGGAGAAG	-
ENSLCOT00000000027.1	22	47	19	-	0.24	d23	0.64	0	GCGGGAGGAGGGAAGGAAGGAGGGA	-
ENSLCOT00000000033.1	1026	1046	19	-	0.05	d14	0.4	0	GGAGGTGAAAAGGAAAAAAG	-
ENSLCOT00000000080.1	1639	1664	16	+	0.36	d16	0.52	0	GAGGGAAGAAGGAGAGCAAGGAGGA	-
ENSLCOT00000000093.1	3258	3280	19	+	0.14	d11	0.68	0	GGGGAGGGGGGTGAGAGGGAAA	-
ENSLCOT00000000093.1	1302	1323	19	-	0.095	d13	0.62	1	GGGGAAGTAGAGGAGGAGGGA	-
ENSLCOT00000000103.1	1311	1332	19	-	0.095	d13	0.62	1	GGGGAAGTAGAGGAGGAGGGA	-
ENSLCOT00000023191.1	121	147	19	+	0.27	d12	0.65	0	GGAGGAAGAGGATGGAGAGGGGGAGG	-
ENSLCOT00000023191.1	1317	1334	16	-	0.059		0.59	0	GGGGAGGAAAAAGGGGA	-
ENSLCOT00000010487.1	0	23	19	+	0.17	d12	0.57	0	GAGGAAGGGAGACGGGAGGAAAG	-
ENSLCOT00000010487.1	2494	2514	19	-	0.05	d5	0.7	0	GAGAGGGAGGAGGGCAGGGG	-
ENSLCOT00000010487.1	2807	2827	19	-	0.05	d10	0.75	0	GGGGGAAGGCGGGGAGGAGG	-
ENSLCOT00000010487.1	6086	6123	19	-	0.49	d11d34	0.59	0	AGTGAGGGGAGGGAAAAGGGGAAGATGGGAGAGGAGG	-
ENSLCOT00000008897.1	4143	4159	16	+	0		0.5	0	GGAAGAGAGAGAAGAG	-
ENSLCOT00000008897.1	4310	4326	16	+	0		0.62	0	GGAGGAGGAAGGAGGA	-
ENSLCOT00000008897.1	5304	5326	19	+	0.14	d4	0.55	0	GGGGTGGGAAAAGAGAAGGGAA	-
ENSLCOT00000008897.1	5678	5694	16	+	0		0.69	0	GGAGGGGAGGGAAGAG	-
ENSLCOT00000008897.1	3177	3195	16	-	0.11		0.61	0	GAGAGGGGGAGAGAAAGG	-
ENSLCOT00000008897.1	3475	3498	16	-	0.3	d6	0.61	0	GGAGGAAGGAGGGGGATGAAGGA	-
ENSLCOT00000008897.1	3662	3692	16	-	0.47		0.27	0	AAAGGAGGGGAAAAAAAAGAAAAAAAAAGA	-
ENSLCOT00000008897.1	4250	4291	16	-	0.61	d11	0.32	0	AGGGAAAAAAAGGGGGAAAAAAGAAAAGACAAAAAAAGAGG	-
ENSLCOT00000004026.1	0	230	16	-	0.93	d38d105d159	0.57	0	GGGAAAGAGGGAGAAGGGGAGGGAAAGGGGAGAAGGAAAGGGGAGGGAAAGGAGGAGAAGAGGAGGGAAATGGGAGGGAAAGAGGAGAGAAAAGGGAGAAGGAAAGAGGGAGAAGAAAAGAGGATGGAGAGGGGAAGAAGGGGAGGGAAAGGGGGAGAAGGAGAGGGGAGGGAAGAGGAGGGAAAGGGGAGCGAAAGAGGAGGGAAAGGGGAGGGGGAGAGGAGGGAAAG	-
ENSLCOT00000004230.1	392	412	19	+	0.05	d13	0.75	0	GGAAAGGAGGGGGTGGGGGG	-
ENSLCOT00000004230.1	634	676	19	-	0.55	d17d38	0.52	0	GGGTGGAAGAGGAAGAGGAAGAGATGAGGAGGAAGAAGAAGG	-
ENSLCOT00000004230.1	453	631	16	-	0.91	d160	0.5	0	GAGAAGGAGGAGGAAGACAAGGAGAAGGAGAAGGAGAAGAAGGAGAAGGAGAAGGAGAAGGAGAAGGAGGAGGAGAAGGAGAAGGAGAAGGAGAAGGAGAAGAAGGAGAAGGAGGAGAAGGAGAAGGAGAAGGAGAAGGAGAAGGAGAAGAAGGAGAAGGAGAAGGAGAAGGAGAAGG	-
ENSLCOT00000019763.1	2661	2679	16	+	0.11		0.39	2	AAAAAGAAGGAGAAGGAG	-
ENSLCOT00000019764.1	2829	2847	16	+	0.11		0.39	2	AAAAAGAAGGAGAAGGAG	-
ENSLCOT00000019764.1	2311	2337	19	-	0.27	d24	0.54	1	ATAGAGGGGAAAGGGGAGAGGAGGAA	-
ENSLCOT00000019765.1	2775	2793	16	+	0.11		0.39	2	AAAAAGAAGGAGAAGGAG	-
ENSLCOT00000019765.1	2257	2283	19	-	0.27	d24	0.54	1	ATAGAGGGGAAAGGGGAGAGGAGGAA	-
