# Duplex-ID	Start	End	Score	Strand	Error-rate	Errors	Guanine-rate	Duplicates	TTS	Duplicate locations
ENSLCOT00000000041.1	2850	2872	18	+	0.18	d1d17d20	0.32	2	ATGAAGAAGGAAGAGAATGACA	-
ENSLCOT00000000041.1	3812	3828	15	+	0.062	d8	0.56	2	AGGAGGAACAGGGGAG	-
ENSLCOT00000000041.1	4998	5014	15	+	0.062	d7	0.56	2	GGGGAAATGGAAAGGG	-
ENSLCOT00000000041.1	7954	7981	23	+	0.15	d6d13d25	0.48	2	AGAGAGTAAGAGATGGAGAGGAAGGCG	-
ENSLCOT00000000041.1	7988	8013	20	+	0.2	d1d5d22	0.44	2	GTGGACAGAAGGAGAAAAGAGGCAG	-
ENSLCOT00000000041.1	8119	8139	18	+	0.1	d4d9	0.4	2	AAAGTGAGATAGGAAAGAGG	-
ENSLCOT00000000044.1	2571	2593	18	+	0.18	d1d17d20	0.32	2	ATGAAGAAGGAAGAGAATGACA	-
ENSLCOT00000000044.1	3533	3549	15	+	0.062	d8	0.56	2	AGGAGGAACAGGGGAG	-
ENSLCOT00000000044.1	4719	4735	15	+	0.062	d7	0.56	2	GGGGAAATGGAAAGGG	-
ENSLCOT00000000044.1	7675	7702	23	+	0.15	d6d13d25	0.48	2	AGAGAGTAAGAGATGGAGAGGAAGGCG	-
ENSLCOT00000000044.1	7709	7734	20	+	0.2	d1d5d22	0.44	2	GTGGACAGAAGGAGAAAAGAGGCAG	-
ENSLCOT00000000044.1	7840	7860	18	+	0.1	d4d9	0.4	2	AAAGTGAGATAGGAAAGAGG	-
ENSLCOT00000000056.1	2295	2317	18	+	0.18	d1d17d20	0.32	2	ATGAAGAAGGAAGAGAATGACA	-
ENSLCOT00000000056.1	3257	3273	15	+	0.062	d8	0.56	2	AGGAGGAACAGGGGAG	-
ENSLCOT00000000056.1	4443	4459	15	+	0.062	d7	0.56	2	GGGGAAATGGAAAGGG	-
ENSLCOT00000000056.1	7399	7426	23	+	0.15	d6d13d25	0.48	2	AGAGAGTAAGAGATGGAGAGGAAGGCG	-
ENSLCOT00000000056.1	7433	7458	20	+	0.2	d1d5d22	0.44	2	GTGGACAGAAGGAGAAAAGAGGCAG	-
ENSLCOT00000000056.1	7564	7584	18	+	0.1	d4d9	0.4	2	AAAGTGAGATAGGAAAGAGG	-
ENSLCOT00000000007.1	873	905	20	+	0.38	d3d10d22d26	0.5	0	AAGCGGGAGGTGAAGAAGGAAGTGAACGAGGG	-
ENSLCOT00000000007.1	921	949	21	+	0.25	d2d5d23d25	0.54	0	AACAGCGAGGAGGAGAGGAAGGGCGTGG	-
ENSLCOT00000000007.1	981	1004	19	+	0.17	d1d4d21	0.57	0	GTGGTGAAGGAGGAAGAGGAGCG	-
ENSLCOT00000000007.1	1049	1075	24	+	0.077	d11d17	0.5	0	GGAAGAGGAGGCGAAAGCGGAAGAGA	-
ENSLCOT00000000007.1	1173	1198	23	+	0.08	d18d23	0.52	0	GAGGAGGAAGAGGAGGAGCAGGACA	-
ENSLCOT00000000007.1	1220	1239	18	+	0.053	d14	0.47	0	GGAAAGGAAGAAGGCAGAG	-
ENSLCOT00000000007.1	1341	1359	17	+	0.056	d12	0.39	0	AAGAGAGGGAAATGGAAA	-
ENSLCOT00000000007.1	1532	1556	22	+	0.083	d5d19	0.42	0	AAAAATGGAAGAGGAGGAGCAGGA	-
ENSLCOT00000000007.1	1863	1895	22	+	0.31	d2d11d24d27	0.5	0	GACGGGGAGGACGAAGAGGAGGGACAACGAAG	-
ENSLCOT00000000007.1	2169	2185	15	+	0.062	d8	0.56	0	GGAGAAGATGGGGAGA	-
ENSLCOT00000000007.1	2195	2223	19	+	0.32	d5d12d21	0.61	0	GGAGATGGAAGATGAGGGGGGCGAGGAG	-
ENSLCOT00000000007.1	26	42	15	-	0.062	d4	0.62	0	AAAGGGAGGGGCGGGA	-
ENSLCOT00000000007.1	260	278	17	-	0.056	d3	0.56	0	GGAGAAGGGAGGAGTGAA	-
ENSLCOT00000000007.1	456	503	27	-	0.43	d3d6d9d33d35d45	0.62	0	GTGGGGGGAGGCACAGAGGAGGAAGAGGAGGAGGGGGCAGCAGTGGG	-
ENSLCOT00000000004.1	291	307	15	+	0.062	d3	0.44	0	AGGCAAAGAGAAGGGA	-
ENSLCOT00000000006.1	516	545	18	+	0.38	d7d12d20	0.41	0	AAAGGAGCAGAACGGGGAAGTGAAAGAAG	-
ENSLCOT00000000006.1	588	604	15	+	0.062	d2	0.25	0	AATGGAAAAGAAAGAA	-
ENSLCOT00000000006.1	704	724	18	+	0.1	d10d12	0.15	0	AAGAAGAAAACACAGAAAAA	-
ENSLCOT00000000006.1	1090	1119	19	+	0.34	d1d11d21	0.38	0	ACAGAGGAAGGTGAAAAGAGATGGAAAGA	-
ENSLCOT00000000009.1	32	49	16	+	0.059	d12	0.71	0	GGAGGAGGAGAGCGGGG	-
ENSLCOT00000000009.1	215	235	18	+	0.1	d9d12	0.6	1	GGAGGAGGACGATGAGGAGG	-
ENSLCOT00000000009.1	110	126	15	-	0.062	d11	0.56	0	GAAGCAGAGGGAGGAG	-
ENSLCOT00000000445.1	681	701	18	+	0.1	d8d10	0.6	2	GGGGAGAGCATGGAGGAAGG	-
ENSLCOT00000000445.1	757	773	15	+	0.062	d2	0.44	2	AGCAGAAGGAGGAAGA	-
ENSLCOT00000000445.1	776	804	19	+	0.32	d3d11d21	0.46	2	AGATAAGGGGGTGAAAGGGAATGGGAAA	-
ENSLCOT00000000445.1	1367	1395	18	+	0.36	d6d15d20	0.32	2	GAAGAGCAAAGAGAATAAGACAGAAGAG	-
ENSLCOT00000000445.1	1647	1669	20	+	0.091	d9d12	0.45	2	GAGGAAGAGCAGCAGAAAGAGG	-
ENSLCOT00000000445.1	1991	2010	18	+	0.053	d13	0.47	2	GGAGAAGAAGGAGCAAGAG	-
ENSLCOT00000000445.1	2208	2230	20	+	0.091	d3d12	0.5	2	AGGCAGAAGGAGCAGGAAGGGA	-
ENSLCOT00000000445.1	2262	2283	19	+	0.095	d5d13	0.52	2	AGGAATAAGGAGGTGGAGGAG	-
ENSLCOT00000000445.1	2729	2763	22	+	0.35	d2d5d24d28	0.47	2	AATGGCGAAGAAAGAGAGGGAAAGCAGGCGGGAG	-
ENSLCOT00000000484.1	681	701	18	+	0.1	d8d10	0.6	2	GGGGAGAGCATGGAGGAAGG	-
ENSLCOT00000000484.1	757	773	15	+	0.062	d2	0.44	2	AGCAGAAGGAGGAAGA	-
ENSLCOT00000000484.1	776	804	19	+	0.32	d3d11d21	0.46	2	AGATAAGGGGGTGAAAGGGAATGGGAAA	-
ENSLCOT00000000484.1	1376	1404	18	+	0.36	d6d15d20	0.32	2	GAAGAGCAAAGAGAATAAGACAGAAGAG	-
ENSLCOT00000000484.1	1662	1684	20	+	0.091	d9d12	0.45	2	GAGGAAGAGCAGCAGAAAGAGG	-
ENSLCOT00000000484.1	2006	2025	18	+	0.053	d13	0.47	2	GGAGAAGAAGGAGCAAGAG	-
ENSLCOT00000000484.1	2223	2245	20	+	0.091	d3d12	0.5	2	AGGCAGAAGGAGCAGGAAGGGA	-
ENSLCOT00000000484.1	2277	2298	19	+	0.095	d5d13	0.52	2	AGGAATAAGGAGGTGGAGGAG	-
ENSLCOT00000000484.1	2651	2685	22	+	0.35	d2d5d24d28	0.47	2	AATGGCGAAGAAAGAGAGGGAAAGCAGGCGGGAG	-
ENSLCOT00000000489.1	681	701	18	+	0.1	d8d10	0.6	2	GGGGAGAGCATGGAGGAAGG	-
ENSLCOT00000000489.1	757	773	15	+	0.062	d2	0.44	2	AGCAGAAGGAGGAAGA	-
ENSLCOT00000000489.1	776	804	19	+	0.32	d3d11d21	0.46	2	AGATAAGGGGGTGAAAGGGAATGGGAAA	-
ENSLCOT00000000489.1	1346	1374	18	+	0.36	d6d15d20	0.32	2	GAAGAGCAAAGAGAATAAGACAGAAGAG	-
ENSLCOT00000000489.1	1632	1654	20	+	0.091	d9d12	0.45	2	GAGGAAGAGCAGCAGAAAGAGG	-
ENSLCOT00000000489.1	1976	1995	18	+	0.053	d13	0.47	2	GGAGAAGAAGGAGCAAGAG	-
ENSLCOT00000000489.1	2193	2215	20	+	0.091	d3d12	0.5	2	AGGCAGAAGGAGCAGGAAGGGA	-
ENSLCOT00000000489.1	2247	2268	19	+	0.095	d5d13	0.52	2	AGGAATAAGGAGGTGGAGGAG	-
ENSLCOT00000000489.1	2539	2560	19	+	0.095	d4d13	0.48	0	GGGATGAGAGAAATGAAGGAG	-
ENSLCOT00000000489.1	2648	2682	22	+	0.35	d2d5d24d28	0.47	2	AATGGCGAAGAAAGAGAGGGAAAGCAGGCGGGAG	-
ENSLCOT00000000017.1	611	634	21	+	0.087	d10d21	0.65	0	GGGGGGGAAGTGGAAGGAGAGCG	-
ENSLCOT00000000881.1	2870	2889	18	+	0.053	d5	0.63	1	GGAGGTGGGAAGAGAGGAG	-
ENSLCOT00000000881.1	3830	3850	18	+	0.1	d14d16	0.65	1	GGGAGGGGAAGAGGCGCAGG	-
ENSLCOT00000000881.1	751	776	23	-	0.08	d8d20	0.52	2	GAGGCAGAGGGAAGGGCAAAGAGAG	-
ENSLCOT00000000881.1	959	982	19	-	0.17	d1d13d20	0.57	2	GGCAGAGGGCGAAGAGGAAGGCG	-
ENSLCOT00000000881.1	1226	1249	19	-	0.17	d1d12d21	0.52	2	GTGAGGAGAACAGGGAGGAGATG	-
ENSLCOT00000000881.1	1799	1815	15	-	0.062	d5	0.5	2	GGAGAGGAGATAGAGA	-
ENSLCOT00000000881.1	2362	2383	19	-	0.095	d10d13	0.57	1	AGGAGAGCAGCAGGGGAGAGG	-
ENSLCOT00000000921.1	2546	2565	18	+	0.053	d5	0.63	1	GGAGGTGGGAAGAGAGGAG	-
ENSLCOT00000000921.1	3506	3526	18	+	0.1	d14d16	0.65	1	GGGAGGGGAAGAGGCGCAGG	-
ENSLCOT00000000921.1	568	593	23	-	0.08	d8d20	0.52	2	GAGGCAGAGGGAAGGGCAAAGAGAG	-
ENSLCOT00000000921.1	776	799	19	-	0.17	d1d13d20	0.57	2	GGCAGAGGGCGAAGAGGAAGGCG	-
ENSLCOT00000000921.1	1043	1066	19	-	0.17	d1d12d21	0.52	2	GTGAGGAGAACAGGGAGGAGATG	-
ENSLCOT00000000921.1	1547	1563	15	-	0.062	d5	0.5	2	GGAGAGGAGATAGAGA	-
ENSLCOT00000000946.1	568	593	23	-	0.08	d8d20	0.52	2	GAGGCAGAGGGAAGGGCAAAGAGAG	-
ENSLCOT00000000946.1	776	799	19	-	0.17	d1d13d20	0.57	2	GGCAGAGGGCGAAGAGGAAGGCG	-
ENSLCOT00000000946.1	1043	1066	19	-	0.17	d1d12d21	0.52	2	GTGAGGAGAACAGGGAGGAGATG	-
ENSLCOT00000000946.1	1616	1632	15	-	0.062	d5	0.5	2	GGAGAGGAGATAGAGA	-
ENSLCOT00000000946.1	2173	2194	19	-	0.095	d10d13	0.57	1	AGGAGAGCAGCAGGGGAGAGG	-
ENSLCOT00000000013.1	840	863	18	+	0.22	d2d8d20	0.61	0	GGCAGGGATGGGAGGGAGAGCGA	-
ENSLCOT00000000013.1	954	972	18	-	0		0.28	0	GAAAGAAAAAAGGAGAAA	-
ENSLCOT00000000012.1	140	156	15	+	0.062	d14	0.38	0	AAGAAGGAAAAGGGCA	-
ENSLCOT00000000012.1	1130	1146	15	+	0.062	d3	0.62	0	GAGCAGGAGGGGAAGG	-
ENSLCOT00000000012.1	1507	1523	15	+	0.062	d3	0.56	0	GGGCGAGAGGAAGAAG	-
ENSLCOT00000000012.1	2888	2921	27	+	0.18	d4d12d19d30	0.67	0	GGAGCGGGGGGACGGAGGGCAGGGAGGAGGTGA	-
ENSLCOT00000000012.1	3150	3172	18	+	0.18	d12d16	0.091	0	AAAAAGGAAAAATAAATAAAAA	-
ENSLCOT00000000012.1	3036	3054	17	-	0.056	d6	0.33	0	GAAAGAGAAAACAGAAGG	-
ENSLCOT00000000012.1	3082	3126	27	-	0.39	d4d10d20d30d42	0.45	0	ATGGGGGAGAGAGTGAAGAGGGATGGAGGAAGACAGGAACAAAA	-
ENSLCOT00000000078.1	3843	3863	18	+	0.1	d1d11	0.3	0	ACAGAAAAGGATAAGGGAAA	-
ENSLCOT00000000078.1	979	999	18	-	0.1	d11d15	0.4	0	GAGATGAGTAAAGGAAAGAG	-
ENSLCOT00000000070.1	1303	1325	20	-	0.091	d11d13	0.36	2	AGGAAGGATGTAGGAAAAAAGA	-
ENSLCOT00000000130.1	1177	1199	20	-	0.091	d11d13	0.36	2	AGGAAGGATGTAGGAAAAAAGA	-
ENSLCOT00000000131.1	11	29	18	-	0		0.5	0	GAGAAGGAGAGGGAAAAG	-
ENSLCOT00000000131.1	1417	1439	20	-	0.091	d11d13	0.36	2	AGGAAGGATGTAGGAAAAAAGA	-
ENSLCOT00000000069.1	1172	1190	17	+	0.056	d4	0.39	0	GAGACAAGAGAAGAGAGA	-
ENSLCOT00000000069.1	1495	1513	18	+	0		0.56	0	GGGAGGAAGAGGAAGAGA	-
ENSLCOT00000000043.1	390	418	26	+	0.071	d2d9	0.46	0	GGTGGGAAATGGGGAAAAGAAGAGAAGA	-
ENSLCOT00000000043.1	477	508	27	+	0.13	d3d5d8	0.45	0	GAGTACAGTAGAGAAAAGGAGGGGAGAAAGG	-
ENSLCOT00000000323.1	4	45	27	+	0.34	d2d13d22d33	0.63	0	GGTGGGAGAGGAGCAGGAGGGATGGAAGAGGGGCAGGAGGG	-
ENSLCOT00000000323.1	612	642	18	+	0.4	d4d9d20d25	0.5	0	AAGGCGGAACAGGGAGGGGACAGGACAGGA	-
ENSLCOT00000000323.1	2151	2174	21	+	0.087	d15d21	0.7	1	GGGGAGGAGGAAGGGCGGAGGCG	-
ENSLCOT00000000323.1	2869	2885	15	+	0.062	d4	0.5	1	AGAGCAAAGGGAAGGG	-
ENSLCOT00000000323.1	3340	3356	15	+	0.062	d3	0.69	1	GGGCGGAGGAGGAGAG	-
ENSLCOT00000000323.1	1307	1329	20	-	0.091	d4d10	0.59	1	GAGGAGGAAGACGAGGGTGAGG	-
ENSLCOT00000000346.1	1866	1889	21	+	0.087	d15d21	0.7	1	GGGGAGGAGGAAGGGCGGAGGCG	-
ENSLCOT00000000346.1	2584	2600	15	+	0.062	d4	0.5	1	AGAGCAAAGGGAAGGG	-
ENSLCOT00000000346.1	3016	3032	15	+	0.062	d3	0.69	1	GGGCGGAGGAGGAGAG	-
ENSLCOT00000000346.1	1022	1044	20	-	0.091	d4d10	0.59	1	GAGGAGGAAGACGAGGGTGAGG	-
ENSLCOT00000000018.1	1257	1273	15	+	0.062	d8	0.38	1	GGAAAAGGTGAAAGAA	-
ENSLCOT00000000035.1	1257	1273	15	+	0.062	d8	0.38	1	GGAAAAGGTGAAAGAA	-
ENSLCOT00000000035.1	1384	1401	16	+	0.059	d14	0.24	0	AAGGAAGAAAAAGACAA	-
ENSLCOT00000000035.1	1430	1453	21	+	0.087	d6d17	0.26	0	AAAAAATGAGAAAAGAATGGAGA	-
ENSLCOT00000000014.1	58	80	20	+	0.091	d10d12	0.55	0	AGGAGGGGAGCGCAAGGAGAAG	-
ENSLCOT00000000014.1	175	205	27	+	0.1	d10d16d24	0.5	0	GAGGAAGGAGCGGAAGCAGGAAGGCAAAGG	-
ENSLCOT00000000014.1	231	260	27	+	0.069	d21d26	0.38	0	AAAGAAAAGGGGAAGAGGAGATAAAGTGA	-
ENSLCOT00000000014.1	267	305	27	+	0.29	d2d12d28d30	0.39	0	GACAAAGAAGAACGAGAAGGAGAGGGAATACGGAAGGA	-
ENSLCOT00000000014.1	1424	1446	21	+	0.045	d14	0.55	0	GAGAGGGAAAGAAATGGGGAGG	-
ENSLCOT00000000014.1	1624	1644	18	+	0.1	d11d15	0.35	0	GGAAGAAGAAGCAGACAGAA	-
ENSLCOT00000000014.1	2570	2588	17	+	0.056	d8	0.28	0	AAAGAGGGCAAAAAAGAA	-
ENSLCOT00000000014.1	3056	3076	18	+	0.1	d1d11	0.25	0	ATGGAAAGAGATAAAGAAAA	-
ENSLCOT00000000014.1	3593	3618	23	+	0.08	d13d21	0.52	0	GAGGGAGGGAAAATGGGGGAATAAG	-
ENSLCOT00000000014.1	375	392	16	-	0.059	d14	0.47	0	GACAAAGAGAGGGAGAG	-
ENSLCOT00000000014.1	592	623	27	-	0.13	d4d14d16	0.48	0	GGAAGGAGAAGAGGTGCAGGAGGAAATGGAA	-
ENSLCOT00000000014.1	630	650	18	-	0.1	d7d10	0.6	1	GGAGGAGGATGACGAGGAGG	-
ENSLCOT00000000014.1	773	807	28	-	0.18	d21d24	0.53	0	GGGAAGAGGCAGCAGGAGAGGAGGAGGAAGAAGA	-
ENSLCOT00000000034.1	151	172	19	+	0.095	d12d18	0.71	0	GAGGGGAGGGGGTGGAAGTGG	-
ENSLCOT00000000251.1	905	921	15	+	0.062	d8	0.38	1	AGAAGAAATGGAGGAA	-
ENSLCOT00000000251.1	969	987	17	+	0.056	d10	0.44	1	GGGGAAGAAATGGAGAAA	-
ENSLCOT00000000251.1	1233	1263	28	+	0.067	d12d14	0.3	1	GAAGAAGGAGAATATGAAGAAAAAAAAGAG	-
ENSLCOT00000000251.1	1295	1321	22	+	0.15	d2d11d24	0.35	1	GATGAAGGAAGCAGAGAAAGGAAACA	-
ENSLCOT00000000251.1	1759	1780	19	+	0.095	d9d14	0.43	1	AGGGAGAAACAGGACAGGAAG	-
ENSLCOT00000000251.1	2076	2096	18	+	0.1	d2d7	0.35	1	GGCAGAATGGAAAAAGAAGA	-
ENSLCOT00000000251.1	2122	2143	19	+	0.095	d10d14	0.33	1	AGGAAAGAGATGAACAGAAAG	-
ENSLCOT00000000251.1	3675	3691	15	+	0.062	d9	0.38	1	AAAGAGAGACAGGGAA	-
ENSLCOT00000000251.1	3714	3736	20	+	0.091	d7d12	0.36	1	GGAAAAGTGGAGCAAAGAGAAA	-
ENSLCOT00000000251.1	4290	4311	19	+	0.095	d1d18	0.43	1	ATGGAGAAAAGAGAAGGACGG	-
ENSLCOT00000000251.1	4341	4358	16	+	0.059	d3	0.47	1	AAGCAGGAGAGGAGAAG	-
ENSLCOT00000000251.1	5031	5053	21	+	0.045	d7	0.27	1	GAGGAAGCAAAGAGAAAAAAAA	-
ENSLCOT00000000251.1	6533	6560	25	+	0.074	d20d25	0.44	1	GAGAGGAGAAGAGGAAGAAGTGGAACA	-
ENSLCOT00000000251.1	7139	7156	16	+	0.059	d12	0.24	1	GAAAGAAGAAAGCAAAA	-
ENSLCOT00000000251.1	7391	7423	18	+	0.44	d5d8d20d27	0.38	1	AGAAGCAGTAGGAGAAAAGACAAAGGATGAGG	-
ENSLCOT00000000251.1	7803	7830	21	+	0.22	d1d6d23d25	0.22	1	ACAGAACAAAGAGAAGAAGAAAATGCA	-
ENSLCOT00000000251.1	8353	8373	18	+	0.1	d9d18	0.25	1	AAAGAGAAATGAAGAAAGCA	-
ENSLCOT00000000251.1	8615	8635	18	+	0.1	d7d12	0.35	1	GGAAAAGCAGAATGAAGAGA	-
ENSLCOT00000000251.1	8682	8704	20	+	0.091	d7d16	0.36	1	GAGGAAGTGAAGAAGATGAAAA	-
ENSLCOT00000000251.1	56	89	27	-	0.18	d2d17d20d22	0.15	0	AAAAAAAGAACACAGTGAAAAAAAAGAAAGCAA	-
ENSLCOT00000000251.1	1989	2013	22	-	0.083	d18d21	0.42	1	AGCAGTGGAAAAGGAGGGAAAAGA	-
ENSLCOT00000000251.1	2391	2411	18	-	0.1	d2d17	0.45	1	AGTGGAGAGGAAAGAAATGG	-
ENSLCOT00000000255.1	737	753	15	+	0.062	d8	0.38	1	AGAAGAAATGGAGGAA	-
ENSLCOT00000000255.1	801	819	17	+	0.056	d10	0.44	1	GGGGAAGAAATGGAGAAA	-
ENSLCOT00000000255.1	1065	1095	28	+	0.067	d12d14	0.3	1	GAAGAAGGAGAATATGAAGAAAAAAAAGAG	-
ENSLCOT00000000255.1	1127	1153	22	+	0.15	d2d11d24	0.35	1	GATGAAGGAAGCAGAGAAAGGAAACA	-
ENSLCOT00000000255.1	1591	1612	19	+	0.095	d9d14	0.43	1	AGGGAGAAACAGGACAGGAAG	-
ENSLCOT00000000255.1	1908	1928	18	+	0.1	d2d7	0.35	1	GGCAGAATGGAAAAAGAAGA	-
ENSLCOT00000000255.1	1954	1975	19	+	0.095	d10d14	0.33	1	AGGAAAGAGATGAACAGAAAG	-
ENSLCOT00000000255.1	3507	3523	15	+	0.062	d9	0.38	1	AAAGAGAGACAGGGAA	-
ENSLCOT00000000255.1	3546	3568	20	+	0.091	d7d12	0.36	1	GGAAAAGTGGAGCAAAGAGAAA	-
ENSLCOT00000000255.1	4122	4143	19	+	0.095	d1d18	0.43	1	ATGGAGAAAAGAGAAGGACGG	-
ENSLCOT00000000255.1	4173	4190	16	+	0.059	d3	0.47	1	AAGCAGGAGAGGAGAAG	-
ENSLCOT00000000255.1	4863	4885	21	+	0.045	d7	0.27	1	GAGGAAGCAAAGAGAAAAAAAA	-
ENSLCOT00000000255.1	6365	6392	25	+	0.074	d20d25	0.44	1	GAGAGGAGAAGAGGAAGAAGTGGAACA	-
ENSLCOT00000000255.1	6971	6988	16	+	0.059	d12	0.24	1	GAAAGAAGAAAGCAAAA	-
ENSLCOT00000000255.1	7223	7255	18	+	0.44	d5d8d20d27	0.38	1	AGAAGCAGTAGGAGAAAAGACAAAGGATGAGG	-
ENSLCOT00000000255.1	7635	7662	21	+	0.22	d1d6d23d25	0.22	1	ACAGAACAAAGAGAAGAAGAAAATGCA	-
ENSLCOT00000000255.1	8185	8205	18	+	0.1	d9d18	0.25	1	AAAGAGAAATGAAGAAAGCA	-
ENSLCOT00000000255.1	8447	8467	18	+	0.1	d7d12	0.35	1	GGAAAAGCAGAATGAAGAGA	-
ENSLCOT00000000255.1	8514	8536	20	+	0.091	d7d16	0.36	1	GAGGAAGTGAAGAAGATGAAAA	-
ENSLCOT00000000255.1	1821	1845	22	-	0.083	d18d21	0.42	1	AGCAGTGGAAAAGGAGGGAAAAGA	-
ENSLCOT00000000255.1	2223	2243	18	-	0.1	d2d17	0.45	1	AGTGGAGAGGAAAGAAATGG	-
ENSLCOT00000000030.1	1050	1066	15	+	0.062	d8	0.44	0	AGGGAAGACAGAGAAG	-
ENSLCOT00000000030.1	3215	3235	18	+	0.1	d1d8	0.35	0	GCAAGAGACGGAAAGGAAAA	-
ENSLCOT00000000030.1	3696	3714	17	+	0.056	d15	0.5	0	AAAGGGAGGAGGAGGCAA	-
ENSLCOT00000000030.1	4059	4079	18	+	0.1	d4d6	0.55	0	GGAGTGTAGAGGAAGGGGAA	-
ENSLCOT00000000030.1	3971	4000	27	-	0.069	d14d20	0.48	0	AGGGAAGGTGGGAGTAAAGGAGAAGAAAG	-
ENSLCOT00000000030.1	4447	4464	16	-	0.059	d3	0.18	0	GAAAGGAAAAAAACAAA	-
ENSLCOT00000000030.1	4695	4718	21	-	0.087	d9d15	0.52	0	AGGGGAGCAGGAATGGGAAAGGA	-
ENSLCOT00000000030.1	4873	4899	26	-	0		0.31	0	AAAAAGGAGAAGGGAAAAAAAAAGAG	-
ENSLCOT00000000030.1	5821	5837	15	-	0.062	d14	0.56	0	GTGAAGAGGGAAGAGG	-
ENSLCOT00000000030.1	6080	6106	24	-	0.077	d7d11	0.62	0	AGGGGAGGAGGGGACGGGCAAAGGGA	-
ENSLCOT00000000015.1	335	355	18	-	0.1	d2d16	0.3	0	AAACAAAAGGAGGAGAACGA	-
ENSLCOT00000000024.1	831	849	18	+	0		0.22	1	AGAAGAAGAAAGAAAAAA	-
ENSLCOT00000000024.1	1069	1091	20	+	0.091	d1d7	0.27	1	ATGAAAATGAAGAAAGAAAAGG	-
ENSLCOT00000000024.1	1375	1400	23	+	0.08	d1d5	0.32	1	GTAGATGAAGAAGAAAAAGGAAAGA	-
ENSLCOT00000000024.1	389	409	18	-	0.1	d6d15	0.45	1	AAAGTAGGAAGAATGGGGAG	-
ENSLCOT00000000024.1	1499	1519	18	-	0.1	d4d14	0.4	1	AGGAGCAGAAAGAGATGAAG	-
ENSLCOT00000000032.1	831	849	18	+	0		0.22	1	AGAAGAAGAAAGAAAAAA	-
ENSLCOT00000000032.1	943	965	20	+	0.091	d1d7	0.27	1	ATGAAAATGAAGAAAGAAAAGG	-
ENSLCOT00000000032.1	1249	1274	23	+	0.08	d1d5	0.32	1	GTAGATGAAGAAGAAAAAGGAAAGA	-
ENSLCOT00000000032.1	389	409	18	-	0.1	d6d15	0.45	1	AAAGTAGGAAGAATGGGGAG	-
ENSLCOT00000000032.1	1373	1393	18	-	0.1	d4d14	0.4	1	AGGAGCAGAAAGAGATGAAG	-
ENSLCOT00000000019.1	2062	2084	20	+	0.091	d10d13	0.5	0	GGGAAGGGGACAGCGAAAAGGA	-
ENSLCOT00000000022.1	0	38	28	+	0.26	d4d13d32d35	0.39	0	AAAGCAAGAAGAGTGAAAAGGGGAGAGGAGGGCAATAA	-
ENSLCOT00000000039.1	56	77	20	-	0.048	d15	0.33	0	AAGAGCAGAAGAAAGAGAAGA	-
ENSLCOT00000000039.1	934	950	15	-	0.062	d8	0.5	0	GGGGAGATGAAGAAAG	-
ENSLCOT00000000402.1	730	751	19	+	0.095	d6d18	0.48	0	AGAAGGCAGAGAAGGAGGTGA	-
ENSLCOT00000000402.1	130	150	18	-	0.1	d11d17	0.5	0	GGTGGAGATGAGGAAGAAGA	-
ENSLCOT00000000402.1	434	454	18	-	0.1	d5d16	0.6	0	GGGTGGAGGAGAAGCGGAAG	-
ENSLCOT00000000402.1	502	518	15	-	0.062	d2	0.62	0	AAGAGGGGAGGGGCAG	-
ENSLCOT00000000402.1	1030	1047	16	-	0.059	d8	0.59	0	GGAGGAGACGGAGGAGA	-
ENSLCOT00000000020.1	935	955	18	+	0.1	d3d14	0.6	0	AGACAGGAGGGAGGTGGAGG	-
ENSLCOT00000000020.1	31	48	16	-	0.059	d5	0.24	0	AAAAAGAGGAATAAAGA	-
ENSLCOT00000000353.1	764	780	15	-	0.062	d11	0.69	0	GGAGTAGAAGGGGGGG	-
ENSLCOT00000000026.1	1523	1547	22	+	0.083	d5d14	0.5	0	GGAAGCAGAGAAGGCGAGAGGAGA	-
ENSLCOT00000000026.1	3371	3390	18	+	0.053	d12	0.53	0	AGGAGGGAAGGATGAGGAA	-
ENSLCOT00000000026.1	3392	3413	19	+	0.095	d12d17	0.38	0	AGAGAAGAAAGATGAGATGGA	-
ENSLCOT00000000026.1	4053	4069	15	+	0.062	d10	0.38	0	AAGAAAGAAGCGGAGA	-
ENSLCOT00000000026.1	4809	4829	18	+	0.1	d2d5	0.25	0	GATAATGAGGAAAAAGAAAA	-
ENSLCOT00000000026.1	6304	6330	24	+	0.077	d2d8	0.46	0	AGTGGGGACGGAGGGAAGAAGAAAAA	-
ENSLCOT00000000026.1	6397	6419	20	+	0.091	d5d10	0.27	0	AAAAACAAAGTAAGGAAGGAGA	-
ENSLCOT00000000026.1	3914	3932	17	-	0.056	d7	0.44	0	AGGGAAGAGACAAGAAGG	-
ENSLCOT00000000026.1	5046	5066	18	-	0.1	d2d13	0.45	0	GGAGAACAGAGAGAAGGCAG	-
ENSLCOT00000000023.1	480	512	18	+	0.44	d1d14d20d24	0.41	0	GTGAAGAAGGAAGATAAAGATGAGCAGAGGAG	-
ENSLCOT00000000023.1	644	664	18	+	0.1	d8d10	0.45	0	AAAGAAGGTGCAAGGAGGAG	-
ENSLCOT00000000023.1	1992	2017	19	-	0.24	d3d10d22	0.2	0	AGCAGGAAGAAAAACGAAAAACAAA	-
ENSLCOT00000000027.1	486	505	19	+	0		0.37	0	AAAAGAAAAAGGGGAGAAG	-
ENSLCOT00000000027.1	0	18	17	-	0.056	d13	0.78	0	GGGGCGGAGGGAGGAGGG	-
ENSLCOT00000000027.1	22	61	27	-	0.31	d23d25d29	0.62	0	AGGAGGGGGCGAACGCGGGAGGAGGGAAGGAAGGAGGGA	-
ENSLCOT00000000027.1	750	766	15	-	0.062	d8	0.31	0	AAAGAAGCAGAAAAGG	-
ENSLCOT00000000027.1	948	976	22	-	0.21	d3d16d23	0.21	0	AAAACAGAAAGTAAAAAAGGAAAACAGG	-
ENSLCOT00000000027.1	1349	1368	15	-	0.21	d2d16	0.37	0	GGTGAAGAGAGAAAAGCAA	-
ENSLCOT00000000028.1	599	621	20	+	0.091	d7d13	0.36	2	AAGAGAATAGAGGCAGAAGAAG	-
ENSLCOT00000000028.1	1305	1321	15	+	0.062	d6	0.44	2	GAGGAACAGGAAAGGA	-
ENSLCOT00000000029.1	141	158	16	+	0.059	d1	0.41	0	ATAAAAAGAGGAGGAGG	-
ENSLCOT00000000029.1	863	885	20	+	0.091	d7d13	0.36	2	AAGAGAATAGAGGCAGAAGAAG	-
ENSLCOT00000000029.1	1569	1585	15	+	0.062	d6	0.44	2	GAGGAACAGGAAAGGA	-
ENSLCOT00000000038.1	728	750	20	+	0.091	d7d13	0.36	2	AAGAGAATAGAGGCAGAAGAAG	-
ENSLCOT00000000038.1	1434	1450	15	+	0.062	d6	0.44	2	GAGGAACAGGAAAGGA	-
ENSLCOT00000000033.1	480	510	27	+	0.1	d9d11d23	0.37	1	AAGAGGAGATGCAAAGGGAAGGACAAGAAA	-
ENSLCOT00000000033.1	654	674	18	-	0.1	d5d11	0.6	0	AGGGAGAGCAGGAGTGGAGG	-
ENSLCOT00000000033.1	1024	1046	20	-	0.091	d1d16	0.41	0	GGAGGTGAAAAGGAAAAAAGCG	-
ENSLCOT00000000045.1	264	294	27	+	0.1	d9d11d23	0.37	1	AAGAGGAGATGCAAAGGGAAGGACAAGAAA	-
ENSLCOT00000000417.1	377	397	18	+	0.1	d5d12	0.45	2	GGGAATGGGGAATAAAGGAA	-
ENSLCOT00000000417.1	633	653	18	+	0.1	d11d16	0.4	1	AGGGAAAAAGGCAGAATAGG	-
ENSLCOT00000000417.1	470	490	18	-	0.1	d13d16	0.55	2	GGACAATGGGGAAGGAAGGG	-
ENSLCOT00000000452.1	404	424	18	+	0.1	d5d12	0.45	2	GGGAATGGGGAATAAAGGAA	-
ENSLCOT00000000452.1	726	746	18	+	0.1	d11d16	0.4	1	AGGGAAAAAGGCAGAATAGG	-
ENSLCOT00000000452.1	497	517	18	-	0.1	d13d16	0.55	2	GGACAATGGGGAAGGAAGGG	-
ENSLCOT00000000491.1	401	421	18	+	0.1	d5d12	0.45	2	GGGAATGGGGAATAAAGGAA	-
ENSLCOT00000000491.1	494	514	18	-	0.1	d13d16	0.55	2	GGACAATGGGGAAGGAAGGG	-
ENSLCOT00000000491.1	648	664	15	-	0.062	d9	0.44	0	GGAGGGCAGAGAAAAA	-
ENSLCOT00000000080.1	485	505	18	+	0.1	d8d13	0.55	0	GGAGGAGGTGGAGCAGAAGA	-
ENSLCOT00000000080.1	1212	1229	16	+	0.059	d14	0.71	0	GAGGGGGAGGAGGGCGA	-
ENSLCOT00000000080.1	1636	1664	26	+	0.071	d2d19	0.5	0	AGCGAGGGAAGAAGGAGAGCAAGGAGGA	-
ENSLCOT00000000080.1	288	310	20	-	0.091	d11d17	0.73	0	GGGGCGAGGGCGAGGAGGAGGG	-
ENSLCOT00000000036.1	91	114	18	+	0.22	d1d8d20	0.43	0	GCAGAGAGTGAGGAAGAAGATGA	-
ENSLCOT00000000042.1	157	174	16	+	0.059	d8	0.47	0	AAGGAGAGCAAGAGGGA	-
ENSLCOT00000000042.1	2585	2608	21	+	0.087	d8d12	0.48	0	GAGGAAGACAGGTAAGAGAAGGG	-
ENSLCOT00000000093.1	2255	2275	18	+	0.1	d14d18	0.65	0	GGGGAGGGAGGAGATGGACG	-
ENSLCOT00000000093.1	2691	2711	18	+	0.1	d1d14	0.55	0	GTGGAGAAGGGGAGCAGAGA	-
ENSLCOT00000000093.1	2853	2873	18	+	0.1	d1d6	0.55	0	ATGGGGTGGGAGAAGGAAAG	-
ENSLCOT00000000093.1	3253	3280	25	+	0.074	d4d16	0.67	0	GGGATGGGGAGGGGGGTGAGAGGGAAA	-
ENSLCOT00000000093.1	792	808	15	-	0.062	d9	0.56	2	AGAAGGCGGAGGAGAG	-
ENSLCOT00000000093.1	1302	1325	21	-	0.087	d13d21	0.57	1	ACGGGGAAGTAGAGGAGGAGGGA	-
ENSLCOT00000000103.1	792	808	15	-	0.062	d9	0.56	2	AGAAGGCGGAGGAGAG	-
ENSLCOT00000000103.1	1311	1334	21	-	0.087	d13d21	0.57	1	ACGGGGAAGTAGAGGAGGAGGGA	-
ENSLCOT00000000169.1	750	766	15	-	0.062	d9	0.56	2	AGAAGGCGGAGGAGAG	-
ENSLCOT00000000249.1	1207	1225	17	-	0.056	d15	0.67	2	GGTAGAGGGGGAGGAAGG	-
ENSLCOT00000000259.1	1387	1405	17	-	0.056	d15	0.67	2	GGTAGAGGGGGAGGAAGG	-
ENSLCOT00000000260.1	64	80	15	+	0.062	d4	0.56	0	GGGACAAAGGGGAGAG	-
ENSLCOT00000000260.1	1453	1471	17	-	0.056	d15	0.67	2	GGTAGAGGGGGAGGAAGG	-
