# Duplex-ID	Start	End	Score	Strand	Error-rate	Errors	Guanine-rate	Duplicates	TTS	Duplicate locations
ENSLCOT00000000041.1	2850	2870	18	+	0.1	d1d17	0.35	2	AtGAAGAAGGAAGAGAAtGA	-
ENSLCOT00000000041.1	2852	2872	18	+	0.1	d15d18	0.35	2	GAAGAAGGAAGAGAAtGAcA	-
ENSLCOT00000000041.1	3812	3828	15	+	0.062	d8	0.56	2	AGGAGGAAcAGGGGAG	-
ENSLCOT00000000041.1	4998	5014	15	+	0.062	d7	0.56	2	GGGGAAAtGGAAAGGG	-
ENSLCOT00000000041.1	7954	7979	23	+	0.08	d6d13	0.48	2	AGAGAGtAAGAGAtGGAGAGGAAGG	-
ENSLCOT00000000041.1	7961	7981	18	+	0.1	d6d18	0.5	2	AAGAGAtGGAGAGGAAGGcG	-
ENSLCOT00000000041.1	7988	8010	20	+	0.091	d1d5	0.45	2	GtGGAcAGAAGGAGAAAAGAGG	-
ENSLCOT00000000041.1	7990	8013	21	+	0.087	d3d20	0.43	2	GGAcAGAAGGAGAAAAGAGGcAG	-
ENSLCOT00000000041.1	8119	8139	18	+	0.1	d4d9	0.4	2	AAAGtGAGAtAGGAAAGAGG	-
ENSLCOT00000000044.1	2571	2591	18	+	0.1	d1d17	0.35	2	AtGAAGAAGGAAGAGAAtGA	-
ENSLCOT00000000044.1	2573	2593	18	+	0.1	d15d18	0.35	2	GAAGAAGGAAGAGAAtGAcA	-
ENSLCOT00000000044.1	3533	3549	15	+	0.062	d8	0.56	2	AGGAGGAAcAGGGGAG	-
ENSLCOT00000000044.1	4719	4735	15	+	0.062	d7	0.56	2	GGGGAAAtGGAAAGGG	-
ENSLCOT00000000044.1	7675	7700	23	+	0.08	d6d13	0.48	2	AGAGAGtAAGAGAtGGAGAGGAAGG	-
ENSLCOT00000000044.1	7682	7702	18	+	0.1	d6d18	0.5	2	AAGAGAtGGAGAGGAAGGcG	-
ENSLCOT00000000044.1	7709	7731	20	+	0.091	d1d5	0.45	2	GtGGAcAGAAGGAGAAAAGAGG	-
ENSLCOT00000000044.1	7711	7734	21	+	0.087	d3d20	0.43	2	GGAcAGAAGGAGAAAAGAGGcAG	-
ENSLCOT00000000044.1	7840	7860	18	+	0.1	d4d9	0.4	2	AAAGtGAGAtAGGAAAGAGG	-
ENSLCOT00000000056.1	2295	2315	18	+	0.1	d1d17	0.35	2	AtGAAGAAGGAAGAGAAtGA	-
ENSLCOT00000000056.1	2297	2317	18	+	0.1	d15d18	0.35	2	GAAGAAGGAAGAGAAtGAcA	-
ENSLCOT00000000056.1	3257	3273	15	+	0.062	d8	0.56	2	AGGAGGAAcAGGGGAG	-
ENSLCOT00000000056.1	4443	4459	15	+	0.062	d7	0.56	2	GGGGAAAtGGAAAGGG	-
ENSLCOT00000000056.1	7399	7424	23	+	0.08	d6d13	0.48	2	AGAGAGtAAGAGAtGGAGAGGAAGG	-
ENSLCOT00000000056.1	7406	7426	18	+	0.1	d6d18	0.5	2	AAGAGAtGGAGAGGAAGGcG	-
ENSLCOT00000000056.1	7433	7455	20	+	0.091	d1d5	0.45	2	GtGGAcAGAAGGAGAAAAGAGG	-
ENSLCOT00000000056.1	7435	7458	21	+	0.087	d3d20	0.43	2	GGAcAGAAGGAGAAAAGAGGcAG	-
ENSLCOT00000000056.1	7564	7584	18	+	0.1	d4d9	0.4	2	AAAGtGAGAtAGGAAAGAGG	-
ENSLCOT00000000007.1	873	895	20	+	0.091	d3d10	0.5	0	AAGcGGGAGGtGAAGAAGGAAG	-
ENSLCOT00000000007.1	877	899	20	+	0.091	d6d18	0.5	0	GGGAGGtGAAGAAGGAAGtGAA	-
ENSLCOT00000000007.1	884	905	19	+	0.095	d11d15	0.48	0	GAAGAAGGAAGtGAAcGAGGG	-
ENSLCOT00000000007.1	921	944	21	+	0.087	d2d5	0.52	0	AAcAGcGAGGAGGAGAGGAAGGG	-
ENSLCOT00000000007.1	924	946	20	+	0.091	d2d20	0.59	0	AGcGAGGAGGAGAGGAAGGGcG	-
ENSLCOT00000000007.1	927	949	20	+	0.091	d17d19	0.64	0	GAGGAGGAGAGGAAGGGcGtGG	-
ENSLCOT00000000007.1	981	1002	19	+	0.095	d1d4	0.57	0	GtGGtGAAGGAGGAAGAGGAG	-
ENSLCOT00000000007.1	983	1004	19	+	0.095	d2d19	0.57	0	GGtGAAGGAGGAAGAGGAGcG	-
ENSLCOT00000000007.1	1049	1075	24	+	0.077	d11d17	0.5	0	GGAAGAGGAGGcGAAAGcGGAAGAGA	-
ENSLCOT00000000007.1	1173	1198	23	+	0.08	d18d23	0.52	0	GAGGAGGAAGAGGAGGAGcAGGAcA	-
ENSLCOT00000000007.1	1220	1239	18	+	0.053	d14	0.47	0	GGAAAGGAAGAAGGcAGAG	-
ENSLCOT00000000007.1	1341	1359	17	+	0.056	d12	0.39	0	AAGAGAGGGAAAtGGAAA	-
ENSLCOT00000000007.1	1532	1556	22	+	0.083	d5d19	0.42	0	AAAAAtGGAAGAGGAGGAGcAGGA	-
ENSLCOT00000000007.1	1863	1887	22	+	0.083	d2d11	0.58	0	GAcGGGGAGGAcGAAGAGGAGGGA	-
ENSLCOT00000000007.1	1866	1890	22	+	0.083	d8d21	0.54	0	GGGGAGGAcGAAGAGGAGGGAcAA	-
ENSLCOT00000000007.1	1875	1895	18	+	0.1	d12d15	0.45	0	GAAGAGGAGGGAcAAcGAAG	-
ENSLCOT00000000007.1	2169	2185	15	+	0.062	d8	0.56	0	GGAGAAGAtGGGGAGA	-
ENSLCOT00000000007.1	2195	2216	19	+	0.095	d5d12	0.62	0	GGAGAtGGAAGAtGAGGGGGG	-
ENSLCOT00000000007.1	2201	2223	20	+	0.091	d6d15	0.64	0	GGAAGAtGAGGGGGGcGAGGAG	-
ENSLCOT00000000007.1	26	42	15	-	0.062	d4	0.62	0	AAAGGGAGGGGcGGGA	-
ENSLCOT00000000007.1	260	278	17	-	0.056	d3	0.56	0	GGAGAAGGGAGGAGtGAA	-
ENSLCOT00000000007.1	473	503	27	-	0.1	d16d18d28	0.6	0	GtGGGGGGAGGcAcAGAGGAGGAAGAGGAG	-
ENSLCOT00000000007.1	471	501	28	-	0.067	d18d20	0.6	0	GGGGGGAGGcAcAGAGGAGGAAGAGGAGGA	-
ENSLCOT00000000007.1	470	500	28	-	0.067	d19d21	0.6	0	GGGGGAGGcAcAGAGGAGGAAGAGGAGGAG	-
ENSLCOT00000000007.1	469	499	28	-	0.067	d20d22	0.6	0	GGGGAGGcAcAGAGGAGGAAGAGGAGGAGG	-
ENSLCOT00000000007.1	468	498	28	-	0.067	d21d23	0.6	0	GGGAGGcAcAGAGGAGGAAGAGGAGGAGGG	-
ENSLCOT00000000007.1	467	497	28	-	0.067	d22d24	0.6	0	GGAGGcAcAGAGGAGGAAGAGGAGGAGGGG	-
ENSLCOT00000000007.1	466	496	28	-	0.067	d23d25	0.6	0	GAGGcAcAGAGGAGGAAGAGGAGGAGGGGG	-
ENSLCOT00000000007.1	464	494	27	-	0.1	d1d25d27	0.57	0	GGcAcAGAGGAGGAAGAGGAGGAGGGGGcA	-
ENSLCOT00000000007.1	463	493	27	-	0.1	d2d26d28	0.57	0	GcAcAGAGGAGGAAGAGGAGGAGGGGGcAG	-
ENSLCOT00000000007.1	461	491	27	-	0.1	d1d4d28	0.53	0	AcAGAGGAGGAAGAGGAGGAGGGGGcAGcA	-
ENSLCOT00000000007.1	460	489	27	-	0.069	d2d5	0.59	0	AGAGGAGGAAGAGGAGGAGGGGGcAGcAG	-
ENSLCOT00000000007.1	458	488	27	-	0.1	d1d4d7	0.6	0	GAGGAGGAAGAGGAGGAGGGGGcAGcAGtG	-
ENSLCOT00000000007.1	457	487	27	-	0.1	d2d5d8	0.6	0	AGGAGGAAGAGGAGGAGGGGGcAGcAGtGG	-
ENSLCOT00000000007.1	456	486	27	-	0.1	d3d6d9	0.63	0	GGAGGAAGAGGAGGAGGGGGcAGcAGtGGG	-
ENSLCOT00000000004.1	291	307	15	+	0.062	d3	0.44	0	AGGcAAAGAGAAGGGA	-
ENSLCOT00000000006.1	516	536	18	+	0.1	d7d12	0.45	0	AAAGGAGcAGAAcGGGGAAG	-
ENSLCOT00000000006.1	524	545	19	+	0.095	d4d12	0.43	0	AGAAcGGGGAAGtGAAAGAAG	-
ENSLCOT00000000006.1	588	604	15	+	0.062	d2	0.25	0	AAtGGAAAAGAAAGAA	-
ENSLCOT00000000006.1	704	724	18	+	0.1	d10d12	0.15	0	AAGAAGAAAAcAcAGAAAAA	-
ENSLCOT00000000006.1	1090	1111	19	+	0.095	d1d11	0.38	0	AcAGAGGAAGGtGAAAAGAGA	-
ENSLCOT00000000006.1	1092	1119	25	+	0.074	d9d19	0.41	0	AGAGGAAGGtGAAAAGAGAtGGAAAGA	-
ENSLCOT00000000009.1	32	49	16	+	0.059	d12	0.71	0	GGAGGAGGAGAGcGGGG	-
ENSLCOT00000000009.1	215	235	18	+	0.1	d9d12	0.6	1	GGAGGAGGAcGAtGAGGAGG	ENSLCOT00000000014.1:630-650;
ENSLCOT00000000009.1	110	126	15	-	0.062	d11	0.56	0	GAAGcAGAGGGAGGAG	-
ENSLCOT00000000445.1	681	701	18	+	0.1	d8d10	0.6	2	GGGGAGAGcAtGGAGGAAGG	-
ENSLCOT00000000445.1	757	773	15	+	0.062	d2	0.44	2	AGcAGAAGGAGGAAGA	-
ENSLCOT00000000445.1	776	797	19	+	0.095	d3d11	0.48	2	AGAtAAGGGGGtGAAAGGGAA	-
ENSLCOT00000000445.1	780	804	22	+	0.083	d7d17	0.5	2	AAGGGGGtGAAAGGGAAtGGGAAA	-
ENSLCOT00000000445.1	1367	1387	18	+	0.1	d6d15	0.3	2	GAAGAGcAAAGAGAAtAAGA	-
ENSLCOT00000000445.1	1374	1395	19	+	0.095	d8d13	0.29	2	AAAGAGAAtAAGAcAGAAGAG	-
ENSLCOT00000000445.1	1647	1669	20	+	0.091	d9d12	0.45	2	GAGGAAGAGcAGcAGAAAGAGG	-
ENSLCOT00000000445.1	1991	2010	18	+	0.053	d13	0.47	2	GGAGAAGAAGGAGcAAGAG	-
ENSLCOT00000000445.1	2208	2230	20	+	0.091	d3d12	0.5	2	AGGcAGAAGGAGcAGGAAGGGA	-
ENSLCOT00000000445.1	2262	2283	19	+	0.095	d5d13	0.52	2	AGGAAtAAGGAGGtGGAGGAG	-
ENSLCOT00000000445.1	2729	2753	22	+	0.083	d2d5	0.42	2	AAtGGcGAAGAAAGAGAGGGAAAG	-
ENSLCOT00000000445.1	2732	2762	27	+	0.1	d2d21d25	0.5	2	GGcGAAGAAAGAGAGGGAAAGcAGGcGGGA	-
ENSLCOT00000000445.1	2733	2763	27	+	0.1	d1d20d24	0.5	2	GcGAAGAAAGAGAGGGAAAGcAGGcGGGAG	-
ENSLCOT00000000484.1	681	701	18	+	0.1	d8d10	0.6	2	GGGGAGAGcAtGGAGGAAGG	-
ENSLCOT00000000484.1	757	773	15	+	0.062	d2	0.44	2	AGcAGAAGGAGGAAGA	-
ENSLCOT00000000484.1	776	797	19	+	0.095	d3d11	0.48	2	AGAtAAGGGGGtGAAAGGGAA	-
ENSLCOT00000000484.1	780	804	22	+	0.083	d7d17	0.5	2	AAGGGGGtGAAAGGGAAtGGGAAA	-
ENSLCOT00000000484.1	1376	1396	18	+	0.1	d6d15	0.3	2	GAAGAGcAAAGAGAAtAAGA	-
ENSLCOT00000000484.1	1383	1404	19	+	0.095	d8d13	0.29	2	AAAGAGAAtAAGAcAGAAGAG	-
ENSLCOT00000000484.1	1662	1684	20	+	0.091	d9d12	0.45	2	GAGGAAGAGcAGcAGAAAGAGG	-
ENSLCOT00000000484.1	2006	2025	18	+	0.053	d13	0.47	2	GGAGAAGAAGGAGcAAGAG	-
ENSLCOT00000000484.1	2223	2245	20	+	0.091	d3d12	0.5	2	AGGcAGAAGGAGcAGGAAGGGA	-
ENSLCOT00000000484.1	2277	2298	19	+	0.095	d5d13	0.52	2	AGGAAtAAGGAGGtGGAGGAG	-
ENSLCOT00000000484.1	2651	2675	22	+	0.083	d2d5	0.42	2	AAtGGcGAAGAAAGAGAGGGAAAG	-
ENSLCOT00000000484.1	2654	2684	27	+	0.1	d2d21d25	0.5	2	GGcGAAGAAAGAGAGGGAAAGcAGGcGGGA	-
ENSLCOT00000000484.1	2655	2685	27	+	0.1	d1d20d24	0.5	2	GcGAAGAAAGAGAGGGAAAGcAGGcGGGAG	-
ENSLCOT00000000489.1	681	701	18	+	0.1	d8d10	0.6	2	GGGGAGAGcAtGGAGGAAGG	-
ENSLCOT00000000489.1	757	773	15	+	0.062	d2	0.44	2	AGcAGAAGGAGGAAGA	-
ENSLCOT00000000489.1	776	797	19	+	0.095	d3d11	0.48	2	AGAtAAGGGGGtGAAAGGGAA	-
ENSLCOT00000000489.1	780	804	22	+	0.083	d7d17	0.5	2	AAGGGGGtGAAAGGGAAtGGGAAA	-
ENSLCOT00000000489.1	1346	1366	18	+	0.1	d6d15	0.3	2	GAAGAGcAAAGAGAAtAAGA	-
ENSLCOT00000000489.1	1353	1374	19	+	0.095	d8d13	0.29	2	AAAGAGAAtAAGAcAGAAGAG	-
ENSLCOT00000000489.1	1632	1654	20	+	0.091	d9d12	0.45	2	GAGGAAGAGcAGcAGAAAGAGG	-
ENSLCOT00000000489.1	1976	1995	18	+	0.053	d13	0.47	2	GGAGAAGAAGGAGcAAGAG	-
ENSLCOT00000000489.1	2193	2215	20	+	0.091	d3d12	0.5	2	AGGcAGAAGGAGcAGGAAGGGA	-
ENSLCOT00000000489.1	2247	2268	19	+	0.095	d5d13	0.52	2	AGGAAtAAGGAGGtGGAGGAG	-
ENSLCOT00000000489.1	2539	2560	19	+	0.095	d4d13	0.48	0	GGGAtGAGAGAAAtGAAGGAG	-
ENSLCOT00000000489.1	2648	2672	22	+	0.083	d2d5	0.42	2	AAtGGcGAAGAAAGAGAGGGAAAG	-
ENSLCOT00000000489.1	2651	2681	27	+	0.1	d2d21d25	0.5	2	GGcGAAGAAAGAGAGGGAAAGcAGGcGGGA	-
ENSLCOT00000000489.1	2652	2682	27	+	0.1	d1d20d24	0.5	2	GcGAAGAAAGAGAGGGAAAGcAGGcGGGAG	-
ENSLCOT00000000017.1	611	634	21	+	0.087	d10d21	0.65	0	GGGGGGGAAGtGGAAGGAGAGcG	-
ENSLCOT00000000881.1	2870	2889	18	+	0.053	d5	0.63	1	GGAGGtGGGAAGAGAGGAG	ENSLCOT00000000921.1:2546-2565;
ENSLCOT00000000881.1	3830	3850	18	+	0.1	d14d16	0.65	1	GGGAGGGGAAGAGGcGcAGG	ENSLCOT00000000921.1:3506-3526;
ENSLCOT00000000881.1	751	776	23	-	0.08	d8d20	0.52	2	GAGGcAGAGGGAAGGGcAAAGAGAG	-
ENSLCOT00000000881.1	961	982	19	-	0.095	d11d18	0.57	2	GGcAGAGGGcGAAGAGGAAGG	-
ENSLCOT00000000881.1	959	979	18	-	0.1	d1d13	0.55	2	AGAGGGcGAAGAGGAAGGcG	-
ENSLCOT00000000881.1	1228	1249	19	-	0.095	d10d19	0.52	2	GtGAGGAGAAcAGGGAGGAGA	-
ENSLCOT00000000881.1	1226	1247	19	-	0.095	d1d12	0.52	2	GAGGAGAAcAGGGAGGAGAtG	-
ENSLCOT00000000881.1	1799	1815	15	-	0.062	d5	0.5	2	GGAGAGGAGAtAGAGA	-
ENSLCOT00000000881.1	2362	2383	19	-	0.095	d10d13	0.57	1	AGGAGAGcAGcAGGGGAGAGG	ENSLCOT00000000946.1:2173-2194;
ENSLCOT00000000921.1	2546	2565	18	+	0.053	d5	0.63	1	GGAGGtGGGAAGAGAGGAG	ENSLCOT00000000881.1:2870-2889;
ENSLCOT00000000921.1	3506	3526	18	+	0.1	d14d16	0.65	1	GGGAGGGGAAGAGGcGcAGG	ENSLCOT00000000881.1:3830-3850;
ENSLCOT00000000921.1	568	593	23	-	0.08	d8d20	0.52	2	GAGGcAGAGGGAAGGGcAAAGAGAG	-
ENSLCOT00000000921.1	778	799	19	-	0.095	d11d18	0.57	2	GGcAGAGGGcGAAGAGGAAGG	-
ENSLCOT00000000921.1	776	796	18	-	0.1	d1d13	0.55	2	AGAGGGcGAAGAGGAAGGcG	-
ENSLCOT00000000921.1	1045	1066	19	-	0.095	d10d19	0.52	2	GtGAGGAGAAcAGGGAGGAGA	-
ENSLCOT00000000921.1	1043	1064	19	-	0.095	d1d12	0.52	2	GAGGAGAAcAGGGAGGAGAtG	-
ENSLCOT00000000921.1	1547	1563	15	-	0.062	d5	0.5	2	GGAGAGGAGAtAGAGA	-
ENSLCOT00000000946.1	568	593	23	-	0.08	d8d20	0.52	2	GAGGcAGAGGGAAGGGcAAAGAGAG	-
ENSLCOT00000000946.1	778	799	19	-	0.095	d11d18	0.57	2	GGcAGAGGGcGAAGAGGAAGG	-
ENSLCOT00000000946.1	776	796	18	-	0.1	d1d13	0.55	2	AGAGGGcGAAGAGGAAGGcG	-
ENSLCOT00000000946.1	1045	1066	19	-	0.095	d10d19	0.52	2	GtGAGGAGAAcAGGGAGGAGA	-
ENSLCOT00000000946.1	1043	1064	19	-	0.095	d1d12	0.52	2	GAGGAGAAcAGGGAGGAGAtG	-
ENSLCOT00000000946.1	1616	1632	15	-	0.062	d5	0.5	2	GGAGAGGAGAtAGAGA	-
ENSLCOT00000000946.1	2173	2194	19	-	0.095	d10d13	0.57	1	AGGAGAGcAGcAGGGGAGAGG	ENSLCOT00000000881.1:2362-2383;
ENSLCOT00000000013.1	840	860	18	+	0.1	d2d8	0.65	0	GGcAGGGAtGGGAGGGAGAG	-
ENSLCOT00000000013.1	843	863	18	+	0.1	d5d17	0.6	0	AGGGAtGGGAGGGAGAGcGA	-
ENSLCOT00000000013.1	954	972	18	-	0		0.28	0	GAAAGAAAAAAGGAGAAA	-
ENSLCOT00000000012.1	140	156	15	+	0.062	d14	0.38	0	AAGAAGGAAAAGGGcA	-
ENSLCOT00000000012.1	1130	1146	15	+	0.062	d3	0.62	0	GAGcAGGAGGGGAAGG	-
ENSLCOT00000000012.1	1507	1523	15	+	0.062	d3	0.56	0	GGGcGAGAGGAAGAAG	-
ENSLCOT00000000012.1	2888	2918	27	+	0.1	d4d12d19	0.7	0	GGAGcGGGGGGAcGGAGGGcAGGGAGGAGG	-
ENSLCOT00000000012.1	2901	2921	18	+	0.1	d6d17	0.65	0	GGAGGGcAGGGAGGAGGtGA	-
ENSLCOT00000000012.1	3150	3170	18	+	0.1	d12d16	0.1	0	AAAAAGGAAAAAtAAAtAAA	-
ENSLCOT00000000012.1	3151	3171	18	+	0.1	d11d15	0.1	0	AAAAGGAAAAAtAAAtAAAA	-
ENSLCOT00000000012.1	3152	3172	18	+	0.1	d10d14	0.1	0	AAAGGAAAAAtAAAtAAAAA	-
ENSLCOT00000000012.1	3036	3054	17	-	0.056	d6	0.33	0	GAAAGAGAAAAcAGAAGG	-
ENSLCOT00000000012.1	3096	3126	27	-	0.1	d6d16d28	0.57	0	AtGGGGGAGAGAGtGAAGAGGGAtGGAGGA	-
ENSLCOT00000000012.1	3094	3124	28	-	0.067	d8d18	0.6	0	GGGGGAGAGAGtGAAGAGGGAtGGAGGAAG	-
ENSLCOT00000000012.1	3093	3123	28	-	0.067	d9d19	0.57	0	GGGGAGAGAGtGAAGAGGGAtGGAGGAAGA	-
ENSLCOT00000000012.1	3091	3121	27	-	0.1	d1d11d21	0.5	0	GGAGAGAGtGAAGAGGGAtGGAGGAAGAcA	-
ENSLCOT00000000012.1	3090	3120	27	-	0.1	d2d12d22	0.5	0	GAGAGAGtGAAGAGGGAtGGAGGAAGAcAG	-
ENSLCOT00000000012.1	3089	3119	27	-	0.1	d3d13d23	0.5	0	AGAGAGtGAAGAGGGAtGGAGGAAGAcAGG	-
ENSLCOT00000000012.1	3088	3118	27	-	0.1	d4d14d24	0.5	0	GAGAGtGAAGAGGGAtGGAGGAAGAcAGGA	-
ENSLCOT00000000012.1	3087	3117	27	-	0.1	d5d15d25	0.47	0	AGAGtGAAGAGGGAtGGAGGAAGAcAGGAA	-
ENSLCOT00000000012.1	3082	3112	27	-	0.1	d4d10d20	0.4	0	GAAGAGGGAtGGAGGAAGAcAGGAAcAAAA	-
ENSLCOT00000000078.1	3843	3863	18	+	0.1	d1d11	0.3	0	AcAGAAAAGGAtAAGGGAAA	-
ENSLCOT00000000078.1	979	999	18	-	0.1	d11d15	0.4	0	GAGAtGAGtAAAGGAAAGAG	-
ENSLCOT00000000070.1	1303	1325	20	-	0.091	d11d13	0.36	2	AGGAAGGAtGtAGGAAAAAAGA	-
ENSLCOT00000000130.1	1177	1199	20	-	0.091	d11d13	0.36	2	AGGAAGGAtGtAGGAAAAAAGA	-
ENSLCOT00000000131.1	11	29	18	-	0		0.5	0	GAGAAGGAGAGGGAAAAG	-
ENSLCOT00000000131.1	1417	1439	20	-	0.091	d11d13	0.36	2	AGGAAGGAtGtAGGAAAAAAGA	-
ENSLCOT00000000069.1	1172	1190	17	+	0.056	d4	0.39	0	GAGAcAAGAGAAGAGAGA	-
ENSLCOT00000000069.1	1495	1513	18	+	0		0.56	0	GGGAGGAAGAGGAAGAGA	-
ENSLCOT00000000043.1	390	418	26	+	0.071	d2d9	0.46	0	GGtGGGAAAtGGGGAAAAGAAGAGAAGA	-
ENSLCOT00000000043.1	477	507	27	+	0.1	d3d5d8	0.43	0	GAGtAcAGtAGAGAAAAGGAGGGGAGAAAG	-
ENSLCOT00000000043.1	478	508	27	+	0.1	d2d4d7	0.43	0	AGtAcAGtAGAGAAAAGGAGGGGAGAAAGG	-
ENSLCOT00000000323.1	4	34	27	+	0.1	d2d13d22	0.6	0	GGtGGGAGAGGAGcAGGAGGGAtGGAAGAG	-
ENSLCOT00000000323.1	5	35	27	+	0.1	d1d12d21	0.6	0	GtGGGAGAGGAGcAGGAGGGAtGGAAGAGG	-
ENSLCOT00000000323.1	7	37	28	+	0.067	d10d19	0.63	0	GGGAGAGGAGcAGGAGGGAtGGAAGAGGGG	-
ENSLCOT00000000323.1	9	39	27	+	0.1	d8d17d28	0.57	0	GAGAGGAGcAGGAGGGAtGGAAGAGGGGcA	-
ENSLCOT00000000323.1	10	40	27	+	0.1	d7d16d27	0.57	0	AGAGGAGcAGGAGGGAtGGAAGAGGGGcAG	-
ENSLCOT00000000323.1	11	41	27	+	0.1	d6d15d26	0.6	0	GAGGAGcAGGAGGGAtGGAAGAGGGGcAGG	-
ENSLCOT00000000323.1	12	42	27	+	0.1	d5d14d25	0.57	0	AGGAGcAGGAGGGAtGGAAGAGGGGcAGGA	-
ENSLCOT00000000323.1	13	43	27	+	0.1	d4d13d24	0.6	0	GGAGcAGGAGGGAtGGAAGAGGGGcAGGAG	-
ENSLCOT00000000323.1	14	44	27	+	0.1	d3d12d23	0.6	0	GAGcAGGAGGGAtGGAAGAGGGGcAGGAGG	-
ENSLCOT00000000323.1	15	45	27	+	0.1	d2d11d22	0.6	0	AGcAGGAGGGAtGGAAGAGGGGcAGGAGGG	-
ENSLCOT00000000323.1	612	632	18	+	0.1	d4d9	0.55	0	AAGGcGGAAcAGGGAGGGGA	-
ENSLCOT00000000323.1	617	637	18	+	0.1	d4d15	0.55	0	GGAAcAGGGAGGGGAcAGGA	-
ENSLCOT00000000323.1	622	642	18	+	0.1	d10d15	0.55	0	AGGGAGGGGAcAGGAcAGGA	-
ENSLCOT00000000323.1	2151	2174	21	+	0.087	d15d21	0.7	1	GGGGAGGAGGAAGGGcGGAGGcG	ENSLCOT00000000346.1:1866-1889;
ENSLCOT00000000323.1	2869	2885	15	+	0.062	d4	0.5	1	AGAGcAAAGGGAAGGG	ENSLCOT00000000346.1:2584-2600;
ENSLCOT00000000323.1	3340	3356	15	+	0.062	d3	0.69	1	GGGcGGAGGAGGAGAG	ENSLCOT00000000346.1:3016-3032;
ENSLCOT00000000323.1	1307	1329	20	-	0.091	d4d10	0.59	1	GAGGAGGAAGAcGAGGGtGAGG	ENSLCOT00000000346.1:1022-1044;
ENSLCOT00000000346.1	1866	1889	21	+	0.087	d15d21	0.7	1	GGGGAGGAGGAAGGGcGGAGGcG	ENSLCOT00000000323.1:2151-2174;
ENSLCOT00000000346.1	2584	2600	15	+	0.062	d4	0.5	1	AGAGcAAAGGGAAGGG	ENSLCOT00000000323.1:2869-2885;
ENSLCOT00000000346.1	3016	3032	15	+	0.062	d3	0.69	1	GGGcGGAGGAGGAGAG	ENSLCOT00000000323.1:3340-3356;
ENSLCOT00000000346.1	1022	1044	20	-	0.091	d4d10	0.59	1	GAGGAGGAAGAcGAGGGtGAGG	ENSLCOT00000000323.1:1307-1329;
ENSLCOT00000000018.1	1257	1273	15	+	0.062	d8	0.38	1	GGAAAAGGtGAAAGAA	ENSLCOT00000000035.1:1257-1273;
ENSLCOT00000000035.1	1257	1273	15	+	0.062	d8	0.38	1	GGAAAAGGtGAAAGAA	ENSLCOT00000000018.1:1257-1273;
ENSLCOT00000000035.1	1384	1401	16	+	0.059	d14	0.24	0	AAGGAAGAAAAAGAcAA	-
ENSLCOT00000000035.1	1430	1453	21	+	0.087	d6d17	0.26	0	AAAAAAtGAGAAAAGAAtGGAGA	-
ENSLCOT00000000014.1	58	80	20	+	0.091	d10d12	0.55	0	AGGAGGGGAGcGcAAGGAGAAG	-
ENSLCOT00000000014.1	175	205	27	+	0.1	d10d16d24	0.5	0	GAGGAAGGAGcGGAAGcAGGAAGGcAAAGG	-
ENSLCOT00000000014.1	231	260	27	+	0.069	d21d26	0.38	0	AAAGAAAAGGGGAAGAGGAGAtAAAGtGA	-
ENSLCOT00000000014.1	267	297	27	+	0.1	d2d12d28	0.37	0	GAcAAAGAAGAAcGAGAAGGAGAGGGAAtA	-
ENSLCOT00000000014.1	270	300	27	+	0.1	d9d25d27	0.4	0	AAAGAAGAAcGAGAAGGAGAGGGAAtAcGG	-
ENSLCOT00000000014.1	271	301	27	+	0.1	d8d24d26	0.4	0	AAGAAGAAcGAGAAGGAGAGGGAAtAcGGA	-
ENSLCOT00000000014.1	272	302	27	+	0.1	d7d23d25	0.4	0	AGAAGAAcGAGAAGGAGAGGGAAtAcGGAA	-
ENSLCOT00000000014.1	273	303	27	+	0.1	d6d22d24	0.43	0	GAAGAAcGAGAAGGAGAGGGAAtAcGGAAG	-
ENSLCOT00000000014.1	274	304	27	+	0.1	d5d21d23	0.43	0	AAGAAcGAGAAGGAGAGGGAAtAcGGAAGG	-
ENSLCOT00000000014.1	275	305	27	+	0.1	d4d20d22	0.43	0	AGAAcGAGAAGGAGAGGGAAtAcGGAAGGA	-
ENSLCOT00000000014.1	1424	1446	21	+	0.045	d14	0.55	0	GAGAGGGAAAGAAAtGGGGAGG	-
ENSLCOT00000000014.1	1624	1644	18	+	0.1	d11d15	0.35	0	GGAAGAAGAAGcAGAcAGAA	-
ENSLCOT00000000014.1	2570	2588	17	+	0.056	d8	0.28	0	AAAGAGGGcAAAAAAGAA	-
ENSLCOT00000000014.1	3056	3076	18	+	0.1	d1d11	0.25	0	AtGGAAAGAGAtAAAGAAAA	-
ENSLCOT00000000014.1	3593	3618	23	+	0.08	d13d21	0.52	0	GAGGGAGGGAAAAtGGGGGAAtAAG	-
ENSLCOT00000000014.1	375	392	16	-	0.059	d14	0.47	0	GAcAAAGAGAGGGAGAG	-
ENSLCOT00000000014.1	593	623	27	-	0.1	d3d13d15	0.5	0	GGAAGGAGAAGAGGtGcAGGAGGAAAtGGA	-
ENSLCOT00000000014.1	592	622	27	-	0.1	d4d14d16	0.47	0	GAAGGAGAAGAGGtGcAGGAGGAAAtGGAA	-
ENSLCOT00000000014.1	630	650	18	-	0.1	d7d10	0.6	1	GGAGGAGGAtGAcGAGGAGG	ENSLCOT00000000009.1:215-235;
ENSLCOT00000000014.1	777	807	28	-	0.067	d17d20	0.57	0	GGGAAGAGGcAGcAGGAGAGGAGGAGGAAG	-
ENSLCOT00000000014.1	776	806	28	-	0.067	d18d21	0.53	0	GGAAGAGGcAGcAGGAGAGGAGGAGGAAGA	-
ENSLCOT00000000014.1	775	805	28	-	0.067	d19d22	0.5	0	GAAGAGGcAGcAGGAGAGGAGGAGGAAGAA	-
ENSLCOT00000000014.1	774	804	28	-	0.067	d20d23	0.5	0	AAGAGGcAGcAGGAGAGGAGGAGGAAGAAG	-
ENSLCOT00000000014.1	773	803	28	-	0.067	d21d24	0.5	0	AGAGGcAGcAGGAGAGGAGGAGGAAGAAGA	-
ENSLCOT00000000034.1	151	172	19	+	0.095	d12d18	0.71	0	GAGGGGAGGGGGtGGAAGtGG	-
ENSLCOT00000000251.1	905	921	15	+	0.062	d8	0.38	1	AGAAGAAAtGGAGGAA	ENSLCOT00000000255.1:737-753;
ENSLCOT00000000251.1	969	987	17	+	0.056	d10	0.44	1	GGGGAAGAAAtGGAGAAA	ENSLCOT00000000255.1:801-819;
ENSLCOT00000000251.1	1233	1263	28	+	0.067	d12d14	0.3	1	GAAGAAGGAGAAtAtGAAGAAAAAAAAGAG	ENSLCOT00000000255.1:1065-1095;
ENSLCOT00000000251.1	1295	1319	22	+	0.083	d2d11	0.38	1	GAtGAAGGAAGcAGAGAAAGGAAA	ENSLCOT00000000255.1:1127-1151;
ENSLCOT00000000251.1	1298	1321	21	+	0.087	d8d21	0.35	1	GAAGGAAGcAGAGAAAGGAAAcA	ENSLCOT00000000255.1:1130-1153;
ENSLCOT00000000251.1	1759	1780	19	+	0.095	d9d14	0.43	1	AGGGAGAAAcAGGAcAGGAAG	ENSLCOT00000000255.1:1591-1612;
ENSLCOT00000000251.1	2076	2096	18	+	0.1	d2d7	0.35	1	GGcAGAAtGGAAAAAGAAGA	ENSLCOT00000000255.1:1908-1928;
ENSLCOT00000000251.1	2122	2143	19	+	0.095	d10d14	0.33	1	AGGAAAGAGAtGAAcAGAAAG	ENSLCOT00000000255.1:1954-1975;
ENSLCOT00000000251.1	3675	3691	15	+	0.062	d9	0.38	1	AAAGAGAGAcAGGGAA	ENSLCOT00000000255.1:3507-3523;
ENSLCOT00000000251.1	3714	3736	20	+	0.091	d7d12	0.36	1	GGAAAAGtGGAGcAAAGAGAAA	ENSLCOT00000000255.1:3546-3568;
ENSLCOT00000000251.1	4290	4311	19	+	0.095	d1d18	0.43	1	AtGGAGAAAAGAGAAGGAcGG	ENSLCOT00000000255.1:4122-4143;
ENSLCOT00000000251.1	4341	4358	16	+	0.059	d3	0.47	1	AAGcAGGAGAGGAGAAG	ENSLCOT00000000255.1:4173-4190;
ENSLCOT00000000251.1	5031	5053	21	+	0.045	d7	0.27	1	GAGGAAGcAAAGAGAAAAAAAA	ENSLCOT00000000255.1:4863-4885;
ENSLCOT00000000251.1	6533	6560	25	+	0.074	d20d25	0.44	1	GAGAGGAGAAGAGGAAGAAGtGGAAcA	ENSLCOT00000000255.1:6365-6392;
ENSLCOT00000000251.1	7139	7156	16	+	0.059	d12	0.24	1	GAAAGAAGAAAGcAAAA	ENSLCOT00000000255.1:6971-6988;
ENSLCOT00000000251.1	7391	7411	18	+	0.1	d5d8	0.35	1	AGAAGcAGtAGGAGAAAAGA	ENSLCOT00000000255.1:7223-7243;
ENSLCOT00000000251.1	7397	7418	19	+	0.095	d2d14	0.33	1	AGtAGGAGAAAAGAcAAAGGA	ENSLCOT00000000255.1:7229-7250;
ENSLCOT00000000251.1	7400	7423	21	+	0.087	d11d18	0.39	1	AGGAGAAAAGAcAAAGGAtGAGG	ENSLCOT00000000255.1:7232-7255;
ENSLCOT00000000251.1	7803	7826	21	+	0.087	d1d6	0.22	1	AcAGAAcAAAGAGAAGAAGAAAA	ENSLCOT00000000255.1:7635-7658;
ENSLCOT00000000251.1	7805	7828	21	+	0.087	d4d21	0.26	1	AGAAcAAAGAGAAGAAGAAAAtG	ENSLCOT00000000255.1:7637-7660;
ENSLCOT00000000251.1	7810	7830	18	+	0.1	d16d18	0.25	1	AAAGAGAAGAAGAAAAtGcA	ENSLCOT00000000255.1:7642-7662;
ENSLCOT00000000251.1	8353	8373	18	+	0.1	d9d18	0.25	1	AAAGAGAAAtGAAGAAAGcA	ENSLCOT00000000255.1:8185-8205;
ENSLCOT00000000251.1	8615	8635	18	+	0.1	d7d12	0.35	1	GGAAAAGcAGAAtGAAGAGA	ENSLCOT00000000255.1:8447-8467;
ENSLCOT00000000251.1	8682	8704	20	+	0.091	d7d16	0.36	1	GAGGAAGtGAAGAAGAtGAAAA	ENSLCOT00000000255.1:8514-8536;
ENSLCOT00000000251.1	59	89	27	-	0.1	d14d17d19	0.17	0	AAAAAAAGAAcAcAGtGAAAAAAAAGAAAG	-
ENSLCOT00000000251.1	56	76	18	-	0.1	d2d17	0.2	0	AGtGAAAAAAAAGAAAGcAA	-
ENSLCOT00000000251.1	1989	2013	22	-	0.083	d18d21	0.42	1	AGcAGtGGAAAAGGAGGGAAAAGA	ENSLCOT00000000255.1:1821-1845;
ENSLCOT00000000251.1	2391	2411	18	-	0.1	d2d17	0.45	1	AGtGGAGAGGAAAGAAAtGG	ENSLCOT00000000255.1:2223-2243;
ENSLCOT00000000255.1	737	753	15	+	0.062	d8	0.38	1	AGAAGAAAtGGAGGAA	ENSLCOT00000000251.1:905-921;
ENSLCOT00000000255.1	801	819	17	+	0.056	d10	0.44	1	GGGGAAGAAAtGGAGAAA	ENSLCOT00000000251.1:969-987;
ENSLCOT00000000255.1	1065	1095	28	+	0.067	d12d14	0.3	1	GAAGAAGGAGAAtAtGAAGAAAAAAAAGAG	ENSLCOT00000000251.1:1233-1263;
ENSLCOT00000000255.1	1127	1151	22	+	0.083	d2d11	0.38	1	GAtGAAGGAAGcAGAGAAAGGAAA	ENSLCOT00000000251.1:1295-1319;
ENSLCOT00000000255.1	1130	1153	21	+	0.087	d8d21	0.35	1	GAAGGAAGcAGAGAAAGGAAAcA	ENSLCOT00000000251.1:1298-1321;
ENSLCOT00000000255.1	1591	1612	19	+	0.095	d9d14	0.43	1	AGGGAGAAAcAGGAcAGGAAG	ENSLCOT00000000251.1:1759-1780;
ENSLCOT00000000255.1	1908	1928	18	+	0.1	d2d7	0.35	1	GGcAGAAtGGAAAAAGAAGA	ENSLCOT00000000251.1:2076-2096;
ENSLCOT00000000255.1	1954	1975	19	+	0.095	d10d14	0.33	1	AGGAAAGAGAtGAAcAGAAAG	ENSLCOT00000000251.1:2122-2143;
ENSLCOT00000000255.1	3507	3523	15	+	0.062	d9	0.38	1	AAAGAGAGAcAGGGAA	ENSLCOT00000000251.1:3675-3691;
ENSLCOT00000000255.1	3546	3568	20	+	0.091	d7d12	0.36	1	GGAAAAGtGGAGcAAAGAGAAA	ENSLCOT00000000251.1:3714-3736;
ENSLCOT00000000255.1	4122	4143	19	+	0.095	d1d18	0.43	1	AtGGAGAAAAGAGAAGGAcGG	ENSLCOT00000000251.1:4290-4311;
ENSLCOT00000000255.1	4173	4190	16	+	0.059	d3	0.47	1	AAGcAGGAGAGGAGAAG	ENSLCOT00000000251.1:4341-4358;
ENSLCOT00000000255.1	4863	4885	21	+	0.045	d7	0.27	1	GAGGAAGcAAAGAGAAAAAAAA	ENSLCOT00000000251.1:5031-5053;
ENSLCOT00000000255.1	6365	6392	25	+	0.074	d20d25	0.44	1	GAGAGGAGAAGAGGAAGAAGtGGAAcA	ENSLCOT00000000251.1:6533-6560;
ENSLCOT00000000255.1	6971	6988	16	+	0.059	d12	0.24	1	GAAAGAAGAAAGcAAAA	ENSLCOT00000000251.1:7139-7156;
ENSLCOT00000000255.1	7223	7243	18	+	0.1	d5d8	0.35	1	AGAAGcAGtAGGAGAAAAGA	ENSLCOT00000000251.1:7391-7411;
ENSLCOT00000000255.1	7229	7250	19	+	0.095	d2d14	0.33	1	AGtAGGAGAAAAGAcAAAGGA	ENSLCOT00000000251.1:7397-7418;
ENSLCOT00000000255.1	7232	7255	21	+	0.087	d11d18	0.39	1	AGGAGAAAAGAcAAAGGAtGAGG	ENSLCOT00000000251.1:7400-7423;
ENSLCOT00000000255.1	7635	7658	21	+	0.087	d1d6	0.22	1	AcAGAAcAAAGAGAAGAAGAAAA	ENSLCOT00000000251.1:7803-7826;
ENSLCOT00000000255.1	7637	7660	21	+	0.087	d4d21	0.26	1	AGAAcAAAGAGAAGAAGAAAAtG	ENSLCOT00000000251.1:7805-7828;
ENSLCOT00000000255.1	7642	7662	18	+	0.1	d16d18	0.25	1	AAAGAGAAGAAGAAAAtGcA	ENSLCOT00000000251.1:7810-7830;
ENSLCOT00000000255.1	8185	8205	18	+	0.1	d9d18	0.25	1	AAAGAGAAAtGAAGAAAGcA	ENSLCOT00000000251.1:8353-8373;
ENSLCOT00000000255.1	8447	8467	18	+	0.1	d7d12	0.35	1	GGAAAAGcAGAAtGAAGAGA	ENSLCOT00000000251.1:8615-8635;
ENSLCOT00000000255.1	8514	8536	20	+	0.091	d7d16	0.36	1	GAGGAAGtGAAGAAGAtGAAAA	ENSLCOT00000000251.1:8682-8704;
ENSLCOT00000000255.1	1821	1845	22	-	0.083	d18d21	0.42	1	AGcAGtGGAAAAGGAGGGAAAAGA	ENSLCOT00000000251.1:1989-2013;
ENSLCOT00000000255.1	2223	2243	18	-	0.1	d2d17	0.45	1	AGtGGAGAGGAAAGAAAtGG	ENSLCOT00000000251.1:2391-2411;
ENSLCOT00000000030.1	1050	1066	15	+	0.062	d8	0.44	0	AGGGAAGAcAGAGAAG	-
ENSLCOT00000000030.1	3215	3235	18	+	0.1	d1d8	0.35	0	GcAAGAGAcGGAAAGGAAAA	-
ENSLCOT00000000030.1	3696	3714	17	+	0.056	d15	0.5	0	AAAGGGAGGAGGAGGcAA	-
ENSLCOT00000000030.1	4059	4079	18	+	0.1	d4d6	0.55	0	GGAGtGtAGAGGAAGGGGAA	-
ENSLCOT00000000030.1	3971	4000	27	-	0.069	d14d20	0.48	0	AGGGAAGGtGGGAGtAAAGGAGAAGAAAG	-
ENSLCOT00000000030.1	4447	4464	16	-	0.059	d3	0.18	0	GAAAGGAAAAAAAcAAA	-
ENSLCOT00000000030.1	4695	4718	21	-	0.087	d9d15	0.52	0	AGGGGAGcAGGAAtGGGAAAGGA	-
ENSLCOT00000000030.1	4873	4899	26	-	0		0.31	0	AAAAAGGAGAAGGGAAAAAAAAAGAG	-
ENSLCOT00000000030.1	5821	5837	15	-	0.062	d14	0.56	0	GtGAAGAGGGAAGAGG	-
ENSLCOT00000000030.1	6080	6106	24	-	0.077	d7d11	0.62	0	AGGGGAGGAGGGGAcGGGcAAAGGGA	-
ENSLCOT00000000015.1	335	355	18	-	0.1	d2d16	0.3	0	AAAcAAAAGGAGGAGAAcGA	-
ENSLCOT00000000024.1	831	849	18	+	0		0.22	1	AGAAGAAGAAAGAAAAAA	ENSLCOT00000000032.1:831-849;
ENSLCOT00000000024.1	1069	1091	20	+	0.091	d1d7	0.27	1	AtGAAAAtGAAGAAAGAAAAGG	ENSLCOT00000000032.1:943-965;
ENSLCOT00000000024.1	1375	1400	23	+	0.08	d1d5	0.32	1	GtAGAtGAAGAAGAAAAAGGAAAGA	ENSLCOT00000000032.1:1249-1274;
ENSLCOT00000000024.1	389	409	18	-	0.1	d6d15	0.45	1	AAAGtAGGAAGAAtGGGGAG	ENSLCOT00000000032.1:389-409;
ENSLCOT00000000024.1	1499	1519	18	-	0.1	d4d14	0.4	1	AGGAGcAGAAAGAGAtGAAG	ENSLCOT00000000032.1:1373-1393;
ENSLCOT00000000032.1	831	849	18	+	0		0.22	1	AGAAGAAGAAAGAAAAAA	ENSLCOT00000000024.1:831-849;
ENSLCOT00000000032.1	943	965	20	+	0.091	d1d7	0.27	1	AtGAAAAtGAAGAAAGAAAAGG	ENSLCOT00000000024.1:1069-1091;
ENSLCOT00000000032.1	1249	1274	23	+	0.08	d1d5	0.32	1	GtAGAtGAAGAAGAAAAAGGAAAGA	ENSLCOT00000000024.1:1375-1400;
ENSLCOT00000000032.1	389	409	18	-	0.1	d6d15	0.45	1	AAAGtAGGAAGAAtGGGGAG	ENSLCOT00000000024.1:389-409;
ENSLCOT00000000032.1	1373	1393	18	-	0.1	d4d14	0.4	1	AGGAGcAGAAAGAGAtGAAG	ENSLCOT00000000024.1:1499-1519;
ENSLCOT00000000019.1	2062	2084	20	+	0.091	d10d13	0.5	0	GGGAAGGGGAcAGcGAAAAGGA	-
ENSLCOT00000000022.1	0	30	28	+	0.067	d4d13	0.43	0	AAAGcAAGAAGAGtGAAAAGGGGAGAGGAG	-
ENSLCOT00000000022.1	1	31	28	+	0.067	d3d12	0.47	0	AAGcAAGAAGAGtGAAAAGGGGAGAGGAGG	-
ENSLCOT00000000022.1	2	32	28	+	0.067	d2d11	0.5	0	AGcAAGAAGAGtGAAAAGGGGAGAGGAGGG	-
ENSLCOT00000000022.1	5	35	28	+	0.067	d8d27	0.47	0	AAGAAGAGtGAAAAGGGGAGAGGAGGGcAA	-
ENSLCOT00000000022.1	7	37	27	+	0.1	d6d25d28	0.47	0	GAAGAGtGAAAAGGGGAGAGGAGGGcAAtA	-
ENSLCOT00000000022.1	8	38	27	+	0.1	d5d24d27	0.43	0	AAGAGtGAAAAGGGGAGAGGAGGGcAAtAA	-
ENSLCOT00000000039.1	56	77	20	-	0.048	d15	0.33	0	AAGAGcAGAAGAAAGAGAAGA	-
ENSLCOT00000000039.1	934	950	15	-	0.062	d8	0.5	0	GGGGAGAtGAAGAAAG	-
ENSLCOT00000000402.1	730	751	19	+	0.095	d6d18	0.48	0	AGAAGGcAGAGAAGGAGGtGA	-
ENSLCOT00000000402.1	130	150	18	-	0.1	d11d17	0.5	0	GGtGGAGAtGAGGAAGAAGA	-
ENSLCOT00000000402.1	434	454	18	-	0.1	d5d16	0.6	0	GGGtGGAGGAGAAGcGGAAG	-
ENSLCOT00000000402.1	502	518	15	-	0.062	d2	0.62	0	AAGAGGGGAGGGGcAG	-
ENSLCOT00000000402.1	1030	1047	16	-	0.059	d8	0.59	0	GGAGGAGAcGGAGGAGA	-
ENSLCOT00000000020.1	935	955	18	+	0.1	d3d14	0.6	0	AGAcAGGAGGGAGGtGGAGG	-
ENSLCOT00000000020.1	31	48	16	-	0.059	d5	0.24	0	AAAAAGAGGAAtAAAGA	-
ENSLCOT00000000353.1	764	780	15	-	0.062	d11	0.69	0	GGAGtAGAAGGGGGGG	-
ENSLCOT00000000026.1	1523	1547	22	+	0.083	d5d14	0.5	0	GGAAGcAGAGAAGGcGAGAGGAGA	-
ENSLCOT00000000026.1	3371	3390	18	+	0.053	d12	0.53	0	AGGAGGGAAGGAtGAGGAA	-
ENSLCOT00000000026.1	3392	3413	19	+	0.095	d12d17	0.38	0	AGAGAAGAAAGAtGAGAtGGA	-
ENSLCOT00000000026.1	4053	4069	15	+	0.062	d10	0.38	0	AAGAAAGAAGcGGAGA	-
ENSLCOT00000000026.1	4809	4829	18	+	0.1	d2d5	0.25	0	GAtAAtGAGGAAAAAGAAAA	-
ENSLCOT00000000026.1	6304	6330	24	+	0.077	d2d8	0.46	0	AGtGGGGAcGGAGGGAAGAAGAAAAA	-
ENSLCOT00000000026.1	6397	6419	20	+	0.091	d5d10	0.27	0	AAAAAcAAAGtAAGGAAGGAGA	-
ENSLCOT00000000026.1	3914	3932	17	-	0.056	d7	0.44	0	AGGGAAGAGAcAAGAAGG	-
ENSLCOT00000000026.1	5046	5066	18	-	0.1	d2d13	0.45	0	GGAGAAcAGAGAGAAGGcAG	-
ENSLCOT00000000023.1	480	500	18	+	0.1	d1d14	0.35	0	GtGAAGAAGGAAGAtAAAGA	-
ENSLCOT00000000023.1	482	512	27	+	0.1	d12d18d22	0.4	0	GAAGAAGGAAGAtAAAGAtGAGcAGAGGAG	-
ENSLCOT00000000023.1	644	664	18	+	0.1	d8d10	0.45	0	AAAGAAGGtGcAAGGAGGAG	-
ENSLCOT00000000023.1	1996	2017	19	-	0.095	d6d18	0.24	0	AGcAGGAAGAAAAAcGAAAAA	-
ENSLCOT00000000023.1	1992	2014	20	-	0.091	d3d10	0.18	0	AGGAAGAAAAAcGAAAAAcAAA	-
ENSLCOT00000000027.1	486	505	19	+	0		0.37	0	AAAAGAAAAAGGGGAGAAG	-
ENSLCOT00000000027.1	0	18	17	-	0.056	d13	0.78	0	GGGGcGGAGGGAGGAGGG	-
ENSLCOT00000000027.1	31	61	27	-	0.1	d14d16d20	0.63	0	AGGAGGGGGcGAAcGcGGGAGGAGGGAAGG	-
ENSLCOT00000000027.1	30	60	27	-	0.1	d15d17d21	0.63	0	GGAGGGGGcGAAcGcGGGAGGAGGGAAGGA	-
ENSLCOT00000000027.1	29	59	27	-	0.1	d16d18d22	0.6	0	GAGGGGGcGAAcGcGGGAGGAGGGAAGGAA	-
ENSLCOT00000000027.1	28	58	27	-	0.1	d17d19d23	0.6	0	AGGGGGcGAAcGcGGGAGGAGGGAAGGAAG	-
ENSLCOT00000000027.1	27	57	27	-	0.1	d18d20d24	0.63	0	GGGGGcGAAcGcGGGAGGAGGGAAGGAAGG	-
ENSLCOT00000000027.1	26	56	27	-	0.1	d19d21d25	0.6	0	GGGGcGAAcGcGGGAGGAGGGAAGGAAGGA	-
ENSLCOT00000000027.1	25	55	27	-	0.1	d20d22d26	0.6	0	GGGcGAAcGcGGGAGGAGGGAAGGAAGGAG	-
ENSLCOT00000000027.1	24	54	27	-	0.1	d21d23d27	0.6	0	GGcGAAcGcGGGAGGAGGGAAGGAAGGAGG	-
ENSLCOT00000000027.1	23	53	27	-	0.1	d22d24d28	0.6	0	GcGAAcGcGGGAGGAGGGAAGGAAGGAGGG	-
ENSLCOT00000000027.1	22	51	27	-	0.069	d23d25	0.59	0	GAAcGcGGGAGGAGGGAAGGAAGGAGGGA	-
ENSLCOT00000000027.1	750	766	15	-	0.062	d8	0.31	0	AAAGAAGcAGAAAAGG	-
ENSLCOT00000000027.1	952	976	22	-	0.083	d12d19	0.17	0	AAAAcAGAAAGtAAAAAAGGAAAA	-
ENSLCOT00000000027.1	948	971	21	-	0.087	d3d16	0.26	0	AGAAAGtAAAAAAGGAAAAcAGG	-
ENSLCOT00000000027.1	1352	1368	15	-	0.062	d13	0.44	0	GGtGAAGAGAGAAAAG	-
ENSLCOT00000000027.1	1349	1365	15	-	0.062	d2	0.31	0	GAAGAGAGAAAAGcAA	-
ENSLCOT00000000028.1	599	621	20	+	0.091	d7d13	0.36	2	AAGAGAAtAGAGGcAGAAGAAG	-
ENSLCOT00000000028.1	1305	1321	15	+	0.062	d6	0.44	2	GAGGAAcAGGAAAGGA	-
ENSLCOT00000000029.1	141	158	16	+	0.059	d1	0.41	0	AtAAAAAGAGGAGGAGG	-
ENSLCOT00000000029.1	863	885	20	+	0.091	d7d13	0.36	2	AAGAGAAtAGAGGcAGAAGAAG	-
ENSLCOT00000000029.1	1569	1585	15	+	0.062	d6	0.44	2	GAGGAAcAGGAAAGGA	-
ENSLCOT00000000038.1	728	750	20	+	0.091	d7d13	0.36	2	AAGAGAAtAGAGGcAGAAGAAG	-
ENSLCOT00000000038.1	1434	1450	15	+	0.062	d6	0.44	2	GAGGAAcAGGAAAGGA	-
ENSLCOT00000000033.1	480	510	27	+	0.1	d9d11d23	0.37	1	AAGAGGAGAtGcAAAGGGAAGGAcAAGAAA	ENSLCOT00000000045.1:264-294;
ENSLCOT00000000033.1	654	674	18	-	0.1	d5d11	0.6	0	AGGGAGAGcAGGAGtGGAGG	-
ENSLCOT00000000033.1	1024	1046	20	-	0.091	d1d16	0.41	0	GGAGGtGAAAAGGAAAAAAGcG	-
ENSLCOT00000000045.1	264	294	27	+	0.1	d9d11d23	0.37	1	AAGAGGAGAtGcAAAGGGAAGGAcAAGAAA	ENSLCOT00000000033.1:480-510;
ENSLCOT00000000417.1	377	397	18	+	0.1	d5d12	0.45	2	GGGAAtGGGGAAtAAAGGAA	-
ENSLCOT00000000417.1	633	653	18	+	0.1	d11d16	0.4	1	AGGGAAAAAGGcAGAAtAGG	ENSLCOT00000000452.1:726-746;
ENSLCOT00000000417.1	470	490	18	-	0.1	d13d16	0.55	2	GGAcAAtGGGGAAGGAAGGG	-
ENSLCOT00000000452.1	404	424	18	+	0.1	d5d12	0.45	2	GGGAAtGGGGAAtAAAGGAA	-
ENSLCOT00000000452.1	726	746	18	+	0.1	d11d16	0.4	1	AGGGAAAAAGGcAGAAtAGG	ENSLCOT00000000417.1:633-653;
ENSLCOT00000000452.1	497	517	18	-	0.1	d13d16	0.55	2	GGAcAAtGGGGAAGGAAGGG	-
ENSLCOT00000000491.1	401	421	18	+	0.1	d5d12	0.45	2	GGGAAtGGGGAAtAAAGGAA	-
ENSLCOT00000000491.1	494	514	18	-	0.1	d13d16	0.55	2	GGAcAAtGGGGAAGGAAGGG	-
ENSLCOT00000000491.1	648	664	15	-	0.062	d9	0.44	0	GGAGGGcAGAGAAAAA	-
ENSLCOT00000000080.1	485	505	18	+	0.1	d8d13	0.55	0	GGAGGAGGtGGAGcAGAAGA	-
ENSLCOT00000000080.1	1212	1229	16	+	0.059	d14	0.71	0	GAGGGGGAGGAGGGcGA	-
ENSLCOT00000000080.1	1636	1664	26	+	0.071	d2d19	0.5	0	AGcGAGGGAAGAAGGAGAGcAAGGAGGA	-
ENSLCOT00000000080.1	288	310	20	-	0.091	d11d17	0.73	0	GGGGcGAGGGcGAGGAGGAGGG	-
ENSLCOT00000000036.1	91	111	18	+	0.1	d1d8	0.45	0	GcAGAGAGtGAGGAAGAAGA	-
ENSLCOT00000000036.1	93	114	19	+	0.095	d6d18	0.43	0	AGAGAGtGAGGAAGAAGAtGA	-
ENSLCOT00000000042.1	157	174	16	+	0.059	d8	0.47	0	AAGGAGAGcAAGAGGGA	-
ENSLCOT00000000042.1	2585	2608	21	+	0.087	d8d12	0.48	0	GAGGAAGAcAGGtAAGAGAAGGG	-
ENSLCOT00000000093.1	2255	2275	18	+	0.1	d14d18	0.65	0	GGGGAGGGAGGAGAtGGAcG	-
ENSLCOT00000000093.1	2691	2711	18	+	0.1	d1d14	0.55	0	GtGGAGAAGGGGAGcAGAGA	-
ENSLCOT00000000093.1	2853	2873	18	+	0.1	d1d6	0.55	0	AtGGGGtGGGAGAAGGAAAG	-
ENSLCOT00000000093.1	3253	3280	25	+	0.074	d4d16	0.67	0	GGGAtGGGGAGGGGGGtGAGAGGGAAA	-
ENSLCOT00000000093.1	792	808	15	-	0.062	d9	0.56	2	AGAAGGcGGAGGAGAG	-
ENSLCOT00000000093.1	1302	1325	21	-	0.087	d13d21	0.57	1	AcGGGGAAGtAGAGGAGGAGGGA	ENSLCOT00000000103.1:1311-1334;
ENSLCOT00000000103.1	792	808	15	-	0.062	d9	0.56	2	AGAAGGcGGAGGAGAG	-
ENSLCOT00000000103.1	1311	1334	21	-	0.087	d13d21	0.57	1	AcGGGGAAGtAGAGGAGGAGGGA	ENSLCOT00000000093.1:1302-1325;
ENSLCOT00000000169.1	750	766	15	-	0.062	d9	0.56	2	AGAAGGcGGAGGAGAG	-
ENSLCOT00000000249.1	1207	1225	17	-	0.056	d15	0.67	2	GGtAGAGGGGGAGGAAGG	-
ENSLCOT00000000259.1	1387	1405	17	-	0.056	d15	0.67	2	GGtAGAGGGGGAGGAAGG	-
ENSLCOT00000000260.1	64	80	15	+	0.062	d4	0.56	0	GGGAcAAAGGGGAGAG	-
ENSLCOT00000000260.1	1453	1471	17	-	0.056	d15	0.67	2	GGtAGAGGGGGAGGAAGG	-
