# Duplex-ID	Start	End	Score	Strand	Error-rate	Errors	Guanine-rate	Duplicates	TTS	Duplicate locations
ENSLCOT00000000041.1	3812	3828	15	+	0.062	d8	0.56	-1	AGGAGGAAcAGGGGAG	-
ENSLCOT00000000041.1	4998	5014	15	+	0.062	d7	0.56	-1	GGGGAAAtGGAAAGGG	-
ENSLCOT00000000041.1	7961	7979	17	+	0.056	d6	0.5	-1	AAGAGAtGGAGAGGAAGG	-
ENSLCOT00000000044.1	3533	3549	15	+	0.062	d8	0.56	-1	AGGAGGAAcAGGGGAG	-
ENSLCOT00000000044.1	4719	4735	15	+	0.062	d7	0.56	-1	GGGGAAAtGGAAAGGG	-
ENSLCOT00000000044.1	7682	7700	17	+	0.056	d6	0.5	-1	AAGAGAtGGAGAGGAAGG	-
ENSLCOT00000000056.1	3257	3273	15	+	0.062	d8	0.56	-1	AGGAGGAAcAGGGGAG	-
ENSLCOT00000000056.1	4443	4459	15	+	0.062	d7	0.56	-1	GGGGAAAtGGAAAGGG	-
ENSLCOT00000000056.1	7406	7424	17	+	0.056	d6	0.5	-1	AAGAGAtGGAGAGGAAGG	-
ENSLCOT00000000007.1	877	895	17	+	0.056	d6	0.56	-1	GGGAGGtGAAGAAGGAAG	-
ENSLCOT00000000007.1	924	944	19	+	0.05	d2	0.6	-1	AGcGAGGAGGAGAGGAAGGG	-
ENSLCOT00000000007.1	927	946	18	+	0.053	d17	0.63	-1	GAGGAGGAGAGGAAGGGcG	-
ENSLCOT00000000007.1	983	1002	18	+	0.053	d2	0.58	-1	GGtGAAGGAGGAAGAGGAG	-
ENSLCOT00000000007.1	986	1004	17	+	0.056	d16	0.56	-1	GAAGGAGGAAGAGGAGcG	-
ENSLCOT00000000007.1	1049	1075	24	+	0.077	d11d17	0.5	-1	GGAAGAGGAGGcGAAAGcGGAAGAGA	-
ENSLCOT00000000007.1	1173	1198	23	+	0.08	d18d23	0.52	-1	GAGGAGGAAGAGGAGGAGcAGGAcA	-
ENSLCOT00000000007.1	1535	1551	15	+	0.062	d2	0.5	-1	AAtGGAAGAGGAGGAG	-
ENSLCOT00000000007.1	1538	1556	17	+	0.056	d13	0.56	-1	GGAAGAGGAGGAGcAGGA	-
ENSLCOT00000000007.1	1866	1887	20	+	0.048	d8	0.62	-1	GGGGAGGAcGAAGAGGAGGGA	-
ENSLCOT00000000007.1	2169	2185	15	+	0.062	d8	0.56	-1	GGAGAAGAtGGGGAGA	-
ENSLCOT00000000007.1	26	42	15	-	0.062	d4	0.62	-1	AAAGGGAGGGGcGGGA	-
ENSLCOT00000000007.1	260	278	17	-	0.056	d3	0.56	-1	GGAGAAGGGAGGAGtGAA	-
ENSLCOT00000000007.1	471	501	28	-	0.067	d18d20	0.6	-1	GGGGGGAGGcAcAGAGGAGGAAGAGGAGGA	-
ENSLCOT00000000007.1	470	500	28	-	0.067	d19d21	0.6	-1	GGGGGAGGcAcAGAGGAGGAAGAGGAGGAG	-
ENSLCOT00000000007.1	469	499	28	-	0.067	d20d22	0.6	-1	GGGGAGGcAcAGAGGAGGAAGAGGAGGAGG	-
ENSLCOT00000000007.1	468	498	28	-	0.067	d21d23	0.6	-1	GGGAGGcAcAGAGGAGGAAGAGGAGGAGGG	-
ENSLCOT00000000007.1	467	497	28	-	0.067	d22d24	0.6	-1	GGAGGcAcAGAGGAGGAAGAGGAGGAGGGG	-
ENSLCOT00000000007.1	466	496	28	-	0.067	d23d25	0.6	-1	GAGGcAcAGAGGAGGAAGAGGAGGAGGGGG	-
ENSLCOT00000000007.1	463	491	26	-	0.071	d2d26	0.57	-1	AcAGAGGAGGAAGAGGAGGAGGGGGcAG	-
ENSLCOT00000000007.1	460	489	27	-	0.069	d2d5	0.59	-1	AGAGGAGGAAGAGGAGGAGGGGGcAGcAG	-
ENSLCOT00000000006.1	529	545	15	+	0.062	d7	0.5	-1	GGGGAAGtGAAAGAAG	-
ENSLCOT00000000009.1	32	48	15	+	0.062	d12	0.69	-1	GGAGGAGGAGAGcGGG	-
ENSLCOT00000000009.1	33	49	15	+	0.062	d11	0.69	-1	GAGGAGGAGAGcGGGG	-
ENSLCOT00000000009.1	110	126	15	-	0.062	d11	0.56	-1	GAAGcAGAGGGAGGAG	-
ENSLCOT00000000445.1	780	797	16	+	0.059	d7	0.53	-1	AAGGGGGtGAAAGGGAA	-
ENSLCOT00000000445.1	2212	2230	17	+	0.056	d8	0.5	-1	AGAAGGAGcAGGAAGGGA	-
ENSLCOT00000000445.1	2732	2750	17	+	0.056	d2	0.5	-1	GGcGAAGAAAGAGAGGGA	-
ENSLCOT00000000445.1	2735	2763	26	+	0.071	d18d22	0.5	-1	GAAGAAAGAGAGGGAAAGcAGGcGGGAG	-
ENSLCOT00000000484.1	780	797	16	+	0.059	d7	0.53	-1	AAGGGGGtGAAAGGGAA	-
ENSLCOT00000000484.1	2227	2245	17	+	0.056	d8	0.5	-1	AGAAGGAGcAGGAAGGGA	-
ENSLCOT00000000484.1	2654	2672	17	+	0.056	d2	0.5	-1	GGcGAAGAAAGAGAGGGA	-
ENSLCOT00000000484.1	2657	2685	26	+	0.071	d18d22	0.5	-1	GAAGAAAGAGAGGGAAAGcAGGcGGGAG	-
ENSLCOT00000000489.1	780	797	16	+	0.059	d7	0.53	-1	AAGGGGGtGAAAGGGAA	-
ENSLCOT00000000489.1	2197	2215	17	+	0.056	d8	0.5	-1	AGAAGGAGcAGGAAGGGA	-
ENSLCOT00000000489.1	2651	2669	17	+	0.056	d2	0.5	-1	GGcGAAGAAAGAGAGGGA	-
ENSLCOT00000000489.1	2654	2682	26	+	0.071	d18d22	0.5	-1	GAAGAAAGAGAGGGAAAGcAGGcGGGAG	-
ENSLCOT00000000017.1	611	632	20	+	0.048	d10	0.67	-1	GGGGGGGAAGtGGAAGGAGAG	-
ENSLCOT00000000881.1	2870	2889	18	+	0.053	d5	0.63	-1	GGAGGtGGGAAGAGAGGAG	-
ENSLCOT00000000881.1	3830	3846	15	+	0.062	d14	0.69	-1	GGGAGGGGAAGAGGcG	-
ENSLCOT00000000881.1	751	776	23	-	0.08	d8d20	0.52	-1	GAGGcAGAGGGAAGGGcAAAGAGAG	-
ENSLCOT00000000881.1	961	979	17	-	0.056	d11	0.56	-1	AGAGGGcGAAGAGGAAGG	-
ENSLCOT00000000881.1	1228	1247	18	-	0.053	d10	0.53	-1	GAGGAGAAcAGGGAGGAGA	-
ENSLCOT00000000881.1	1799	1815	15	-	0.062	d5	0.5	-1	GGAGAGGAGAtAGAGA	-
ENSLCOT00000000921.1	2546	2565	18	+	0.053	d5	0.63	-1	GGAGGtGGGAAGAGAGGAG	-
ENSLCOT00000000921.1	3506	3522	15	+	0.062	d14	0.69	-1	GGGAGGGGAAGAGGcG	-
ENSLCOT00000000921.1	568	593	23	-	0.08	d8d20	0.52	-1	GAGGcAGAGGGAAGGGcAAAGAGAG	-
ENSLCOT00000000921.1	778	796	17	-	0.056	d11	0.56	-1	AGAGGGcGAAGAGGAAGG	-
ENSLCOT00000000921.1	1045	1064	18	-	0.053	d10	0.53	-1	GAGGAGAAcAGGGAGGAGA	-
ENSLCOT00000000921.1	1547	1563	15	-	0.062	d5	0.5	-1	GGAGAGGAGAtAGAGA	-
ENSLCOT00000000946.1	568	593	23	-	0.08	d8d20	0.52	-1	GAGGcAGAGGGAAGGGcAAAGAGAG	-
ENSLCOT00000000946.1	778	796	17	-	0.056	d11	0.56	-1	AGAGGGcGAAGAGGAAGG	-
ENSLCOT00000000946.1	1045	1064	18	-	0.053	d10	0.53	-1	GAGGAGAAcAGGGAGGAGA	-
ENSLCOT00000000946.1	1616	1632	15	-	0.062	d5	0.5	-1	GGAGAGGAGAtAGAGA	-
ENSLCOT00000000013.1	843	860	16	+	0.059	d5	0.65	-1	AGGGAtGGGAGGGAGAG	-
ENSLCOT00000000012.1	1130	1146	15	+	0.062	d3	0.62	-1	GAGcAGGAGGGGAAGG	-
ENSLCOT00000000012.1	1507	1523	15	+	0.062	d3	0.56	-1	GGGcGAGAGGAAGAAG	-
ENSLCOT00000000012.1	2901	2917	15	+	0.062	d6	0.69	-1	GGAGGGcAGGGAGGAG	-
ENSLCOT00000000012.1	2902	2918	15	+	0.062	d5	0.69	-1	GAGGGcAGGGAGGAGG	-
ENSLCOT00000000012.1	3094	3124	28	-	0.067	d8d18	0.6	-1	GGGGGAGAGAGtGAAGAGGGAtGGAGGAAG	-
ENSLCOT00000000012.1	3093	3123	28	-	0.067	d9d19	0.57	-1	GGGGAGAGAGtGAAGAGGGAtGGAGGAAGA	-
ENSLCOT00000000131.1	11	29	18	-	0		0.5	-1	GAGAAGGAGAGGGAAAAG	-
ENSLCOT00000000069.1	1495	1513	18	+	0		0.56	-1	GGGAGGAAGAGGAAGAGA	-
ENSLCOT00000000043.1	393	409	15	+	0.062	d6	0.5	-1	GGGAAAtGGGGAAAAG	-
ENSLCOT00000000043.1	483	503	19	+	0.05	d2	0.5	-1	AGtAGAGAAAAGGAGGGGAG	-
ENSLCOT00000000043.1	484	508	23	+	0.042	d1	0.5	-1	GtAGAGAAAAGGAGGGGAGAAAGG	-
ENSLCOT00000000043.1	487	515	26	+	0.071	d21d22	0.5	-1	GAGAAAAGGAGGGGAGAAAGGctGAAGG	-
ENSLCOT00000000323.1	7	37	28	+	0.067	d10d19	0.63	-1	GGGAGAGGAGcAGGAGGGAtGGAAGAGGGG	-
ENSLCOT00000000323.1	18	45	25	+	0.074	d8d19	0.63	-1	AGGAGGGAtGGAAGAGGGGcAGGAGGG	-
ENSLCOT00000000323.1	2151	2171	19	+	0.05	d15	0.7	-1	GGGGAGGAGGAAGGGcGGAG	-
ENSLCOT00000000323.1	2152	2172	19	+	0.05	d14	0.7	-1	GGGAGGAGGAAGGGcGGAGG	-
ENSLCOT00000000323.1	2869	2885	15	+	0.062	d4	0.5	-1	AGAGcAAAGGGAAGGG	-
ENSLCOT00000000323.1	3340	3356	15	+	0.062	d3	0.69	-1	GGGcGGAGGAGGAGAG	-
ENSLCOT00000000323.1	1312	1329	16	-	0.059	d5	0.59	-1	GAGGAGGAAGAcGAGGG	-
ENSLCOT00000000346.1	1866	1886	19	+	0.05	d15	0.7	-1	GGGGAGGAGGAAGGGcGGAG	-
ENSLCOT00000000346.1	1867	1887	19	+	0.05	d14	0.7	-1	GGGAGGAGGAAGGGcGGAGG	-
ENSLCOT00000000346.1	2584	2600	15	+	0.062	d4	0.5	-1	AGAGcAAAGGGAAGGG	-
ENSLCOT00000000346.1	3016	3032	15	+	0.062	d3	0.69	-1	GGGcGGAGGAGGAGAG	-
ENSLCOT00000000346.1	1027	1044	16	-	0.059	d5	0.59	-1	GAGGAGGAAGAcGAGGG	-
ENSLCOT00000000014.1	175	191	15	+	0.062	d10	0.56	-1	GAGGAAGGAGcGGAAG	-
ENSLCOT00000000014.1	233	251	18	+	0		0.5	-1	AGAAAAGGGGAAGAGGAG	-
ENSLCOT00000000014.1	234	252	18	+	0		0.5	-1	GAAAAGGGGAAGAGGAGA	-
ENSLCOT00000000014.1	238	254	15	+	0.062	d14	0.5	-1	AGGGGAAGAGGAGAtA	-
ENSLCOT00000000014.1	239	257	17	+	0.056	d13	0.5	-1	GGGGAAGAGGAGAtAAAG	-
ENSLCOT00000000014.1	273	293	19	+	0.05	d6	0.5	-1	GAAGAAcGAGAAGGAGAGGG	-
ENSLCOT00000000014.1	276	294	17	+	0.056	d3	0.5	-1	GAAcGAGAAGGAGAGGGA	-
ENSLCOT00000000014.1	1424	1446	21	+	0.045	d14	0.55	-1	GAGAGGGAAAGAAAtGGGGAGG	-
ENSLCOT00000000014.1	3593	3618	23	+	0.08	d13d21	0.52	-1	GAGGGAGGGAAAAtGGGGGAAtAAG	-
ENSLCOT00000000014.1	597	623	24	-	0.077	d9d11	0.5	-1	GGAAGGAGAAGAGGtGcAGGAGGAAA	-
ENSLCOT00000000014.1	777	807	28	-	0.067	d17d20	0.57	-1	GGGAAGAGGcAGcAGGAGAGGAGGAGGAAG	-
ENSLCOT00000000014.1	776	806	28	-	0.067	d18d21	0.53	-1	GGAAGAGGcAGcAGGAGAGGAGGAGGAAGA	-
ENSLCOT00000000014.1	775	805	28	-	0.067	d19d22	0.5	-1	GAAGAGGcAGcAGGAGAGGAGGAGGAAGAA	-
ENSLCOT00000000014.1	774	804	28	-	0.067	d20d23	0.5	-1	AAGAGGcAGcAGGAGAGGAGGAGGAAGAAG	-
ENSLCOT00000000014.1	773	803	28	-	0.067	d21d24	0.5	-1	AGAGGcAGcAGGAGAGGAGGAGGAAGAAGA	-
ENSLCOT00000000034.1	152	168	15	+	0.062	d11	0.69	-1	AGGGGAGGGGGtGGAA	-
ENSLCOT00000000251.1	969	985	15	+	0.062	d10	0.5	-1	GGGGAAGAAAtGGAGA	-
ENSLCOT00000000251.1	4342	4358	15	+	0.062	d2	0.5	-1	AGcAGGAGAGGAGAAG	-
ENSLCOT00000000251.1	6533	6557	23	+	0.042	d20	0.5	-1	GAGAGGAGAAGAGGAAGAAGtGGA	-
ENSLCOT00000000251.1	1994	2010	15	-	0.062	d13	0.5	-1	AGtGGAAAAGGAGGGA	-
ENSLCOT00000000251.1	1993	2009	15	-	0.062	d14	0.5	-1	GtGGAAAAGGAGGGAA	-
ENSLCOT00000000255.1	801	817	15	+	0.062	d10	0.5	-1	GGGGAAGAAAtGGAGA	-
ENSLCOT00000000255.1	4174	4190	15	+	0.062	d2	0.5	-1	AGcAGGAGAGGAGAAG	-
ENSLCOT00000000255.1	6365	6389	23	+	0.042	d20	0.5	-1	GAGAGGAGAAGAGGAAGAAGtGGA	-
ENSLCOT00000000255.1	1826	1842	15	-	0.062	d13	0.5	-1	AGtGGAAAAGGAGGGA	-
ENSLCOT00000000255.1	1825	1841	15	-	0.062	d14	0.5	-1	GtGGAAAAGGAGGGAA	-
ENSLCOT00000000030.1	3696	3714	17	+	0.056	d15	0.5	-1	AAAGGGAGGAGGAGGcAA	-
ENSLCOT00000000030.1	3974	4000	24	-	0.077	d11d17	0.5	-1	AGGGAAGGtGGGAGtAAAGGAGAAGA	-
ENSLCOT00000000030.1	3971	3999	26	-	0.071	d14d20	0.5	-1	GGGAAGGtGGGAGtAAAGGAGAAGAAAG	-
ENSLCOT00000000030.1	5821	5837	15	-	0.062	d14	0.56	-1	GtGAAGAGGGAAGAGG	-
ENSLCOT00000000030.1	6080	6106	24	-	0.077	d7d11	0.62	-1	AGGGGAGGAGGGGAcGGGcAAAGGGA	-
ENSLCOT00000000022.1	2	32	28	+	0.067	d2d11	0.5	-1	AGcAAGAAGAGtGAAAAGGGGAGAGGAGGG	-
ENSLCOT00000000022.1	6	34	26	+	0.071	d7d26	0.5	-1	AGAAGAGtGAAAAGGGGAGAGGAGGGcA	-
ENSLCOT00000000022.1	7	35	26	+	0.071	d6d25	0.5	-1	GAAGAGtGAAAAGGGGAGAGGAGGGcAA	-
ENSLCOT00000000039.1	934	950	15	-	0.062	d8	0.5	-1	GGGGAGAtGAAGAAAG	-
ENSLCOT00000000402.1	730	748	17	+	0.056	d6	0.5	-1	AGAAGGcAGAGAAGGAGG	-
ENSLCOT00000000402.1	131	147	15	-	0.062	d10	0.5	-1	GGAGAtGAGGAAGAAG	-
ENSLCOT00000000402.1	502	518	15	-	0.062	d2	0.62	-1	AAGAGGGGAGGGGcAG	-
ENSLCOT00000000402.1	434	450	15	-	0.062	d5	0.56	-1	GGAGGAGAAGcGGAAG	-
ENSLCOT00000000402.1	1030	1047	16	-	0.059	d8	0.59	-1	GGAGGAGAcGGAGGAGA	-
ENSLCOT00000000020.1	939	955	15	+	0.062	d10	0.69	-1	AGGAGGGAGGtGGAGG	-
ENSLCOT00000000353.1	764	780	15	-	0.062	d11	0.69	-1	GGAGtAGAAGGGGGGG	-
ENSLCOT00000000026.1	1529	1547	17	+	0.056	d8	0.5	-1	AGAGAAGGcGAGAGGAGA	-
ENSLCOT00000000026.1	3371	3390	18	+	0.053	d12	0.53	-1	AGGAGGGAAGGAtGAGGAA	-
ENSLCOT00000000026.1	6307	6329	21	+	0.045	d5	0.5	-1	GGGGAcGGAGGGAAGAAGAAAA	-
ENSLCOT00000000027.1	22	51	27	-	0.069	d23d25	0.59	-1	GAAcGcGGGAGGAGGGAAGGAAGGAGGGA	-
ENSLCOT00000000417.1	470	486	15	-	0.062	d13	0.56	-1	AAtGGGGAAGGAAGGG	-
ENSLCOT00000000452.1	497	513	15	-	0.062	d13	0.56	-1	AAtGGGGAAGGAAGGG	-
ENSLCOT00000000491.1	494	510	15	-	0.062	d13	0.56	-1	AAtGGGGAAGGAAGGG	-
ENSLCOT00000000080.1	1213	1229	15	+	0.062	d13	0.69	-1	AGGGGGAGGAGGGcGA	-
ENSLCOT00000000080.1	1636	1664	26	+	0.071	d2d19	0.5	-1	AGcGAGGGAAGAAGGAGAGcAAGGAGGA	-
ENSLCOT00000000080.1	289	305	15	-	0.062	d10	0.69	-1	GAGGGcGAGGAGGAGG	-
ENSLCOT00000000080.1	288	304	15	-	0.062	d11	0.69	-1	AGGGcGAGGAGGAGGG	-
ENSLCOT00000000036.1	94	110	15	+	0.062	d5	0.5	-1	GAGAGtGAGGAAGAAG	-
ENSLCOT00000000042.1	157	173	15	+	0.062	d8	0.5	-1	AAGGAGAGcAAGAGGG	-
ENSLCOT00000000042.1	158	174	15	+	0.062	d7	0.5	-1	AGGAGAGcAAGAGGGA	-
ENSLCOT00000000093.1	2255	2273	17	+	0.056	d14	0.67	-1	GGGGAGGGAGGAGAtGGA	-
ENSLCOT00000000093.1	2693	2711	17	+	0.056	d12	0.56	-1	GGAGAAGGGGAGcAGAGA	-
ENSLCOT00000000093.1	2855	2873	17	+	0.056	d4	0.61	-1	GGGGtGGGAGAAGGAAAG	-
ENSLCOT00000000093.1	3253	3280	25	+	0.074	d4d16	0.67	-1	GGGAtGGGGAGGGGGGtGAGAGGGAAA	-
ENSLCOT00000000093.1	792	808	15	-	0.062	d9	0.56	-1	AGAAGGcGGAGGAGAG	-
ENSLCOT00000000093.1	1302	1323	20	-	0.048	d13	0.62	-1	GGGGAAGtAGAGGAGGAGGGA	-
ENSLCOT00000000103.1	792	808	15	-	0.062	d9	0.56	-1	AGAAGGcGGAGGAGAG	-
ENSLCOT00000000103.1	1311	1332	20	-	0.048	d13	0.62	-1	GGGGAAGtAGAGGAGGAGGGA	-
ENSLCOT00000000169.1	750	766	15	-	0.062	d9	0.56	-1	AGAAGGcGGAGGAGAG	-
ENSLCOT00000000249.1	1207	1225	17	-	0.056	d15	0.67	-1	GGtAGAGGGGGAGGAAGG	-
ENSLCOT00000000259.1	1387	1405	17	-	0.056	d15	0.67	-1	GGtAGAGGGGGAGGAAGG	-
ENSLCOT00000000260.1	64	80	15	+	0.062	d4	0.56	-1	GGGAcAAAGGGGAGAG	-
ENSLCOT00000000260.1	1453	1471	17	-	0.056	d15	0.67	-1	GGtAGAGGGGGAGGAAGG	-
ENSLCOT00000023191.1	119	147	26	+	0.071	d1d14	0.64	-1	GcGGAGGAAGAGGAtGGAGAGGGGGAGG	-
ENSLCOT00000023191.1	121	151	28	+	0.067	d12d26	0.57	-1	GGAGGAAGAGGAtGGAGAGGGGGAGGcAAA	-
ENSLCOT00000023191.1	122	152	28	+	0.067	d11d25	0.57	-1	GAGGAAGAGGAtGGAGAGGGGGAGGcAAAG	-
ENSLCOT00000023191.1	123	153	28	+	0.067	d10d24	0.57	-1	AGGAAGAGGAtGGAGAGGGGGAGGcAAAGG	-
ENSLCOT00000023191.1	134	159	23	+	0.08	d13d19	0.6	-1	GGAGAGGGGGAGGcAAAGGtGAAGG	-
ENSLCOT00000023191.1	1599	1624	23	+	0.08	d6d16	0.68	-1	GGGAGGtGAAGAGAAGtGGGGGGGG	-
ENSLCOT00000023191.1	630	648	17	-	0.056	d13	0.67	-1	GGGGcAGGGGAGGAGGAA	-
ENSLCOT00000023191.1	1317	1334	17	-	0		0.59	-1	GGGGAGGAAAAAGGGGA	-
ENSLCOT00000010487.1	0	23	22	+	0.043	d12	0.57	-1	GAGGAAGGGAGAcGGGAGGAAAG	-
ENSLCOT00000010487.1	5298	5314	15	+	0.062	d12	0.56	-1	GGGAGAGGGAAGtGAA	-
ENSLCOT00000010487.1	688	704	15	-	0.062	d13	0.69	-1	GGtGGAGGAAGAGGGG	-
ENSLCOT00000010487.1	1800	1816	15	-	0.062	d12	0.69	-1	GGGtAGGGAGGAGAGG	-
ENSLCOT00000010487.1	2494	2514	19	-	0.05	d5	0.7	-1	GAGAGGGAGGAGGGcAGGGG	-
ENSLCOT00000010487.1	2801	2827	24	-	0.077	d5d16	0.69	-1	GGGGGAAGGcGGGGAGGAGGtGAGGA	-
ENSLCOT00000010487.1	2800	2826	24	-	0.077	d6d17	0.69	-1	GGGGAAGGcGGGGAGGAGGtGAGGAG	-
ENSLCOT00000010487.1	6093	6123	28	-	0.067	d4d27	0.57	-1	AGtGAGGGGAGGGAAAAGGGGAAGAtGGGA	-
ENSLCOT00000010487.1	6092	6122	28	-	0.067	d5d28	0.6	-1	GtGAGGGGAGGGAAAAGGGGAAGAtGGGAG	-
ENSLCOT00000010487.1	6090	6120	29	-	0.033	d7	0.6	-1	GAGGGGAGGGAAAAGGGGAAGAtGGGAGAG	-
ENSLCOT00000010487.1	6089	6119	29	-	0.033	d8	0.6	-1	AGGGGAGGGAAAAGGGGAAGAtGGGAGAGG	-
ENSLCOT00000010487.1	6088	6118	29	-	0.033	d9	0.6	-1	GGGGAGGGAAAAGGGGAAGAtGGGAGAGGA	-
ENSLCOT00000010487.1	6087	6117	29	-	0.033	d10	0.6	-1	GGGAGGGAAAAGGGGAAGAtGGGAGAGGAG	-
ENSLCOT00000010487.1	6086	6116	29	-	0.033	d11	0.6	-1	GGAGGGAAAAGGGGAAGAtGGGAGAGGAGG	-
ENSLCOT00000010487.1	6084	6114	28	-	0.067	d1d13	0.57	-1	AGGGAAAAGGGGAAGAtGGGAGAGGAGGcG	-
ENSLCOT00000010487.1	6083	6113	28	-	0.067	d2d14	0.57	-1	GGGAAAAGGGGAAGAtGGGAGAGGAGGcGA	-
ENSLCOT00000008897.1	482	498	15	+	0.062	d11	0.56	-1	GGAGAAGGAGAtGGAG	-
ENSLCOT00000008897.1	2974	2990	15	+	0.062	d7	0.56	-1	AAGGGAGtGGAGAGGA	-
ENSLCOT00000008897.1	4143	4159	16	+	0		0.5	-1	GGAAGAGAGAGAAGAG	-
ENSLCOT00000008897.1	4308	4326	17	+	0.056	d1	0.61	-1	GtGGAGGAGGAAGGAGGA	-
ENSLCOT00000008897.1	5301	5326	23	+	0.08	d2d7	0.52	-1	GAtGGGGtGGGAAAAGAGAAGGGAA	-
ENSLCOT00000008897.1	5678	5697	18	+	0.053	d16	0.63	-1	GGAGGGGAGGGAAGAGcAG	-
ENSLCOT00000008897.1	980	996	15	-	0.062	d3	0.62	-1	AGGAGGAGAGGGcAGG	-
ENSLCOT00000008897.1	1159	1175	15	-	0.062	d12	0.56	-1	AGGtGAGAGAAGAGGG	-
ENSLCOT00000008897.1	3177	3195	18	-	0		0.61	-1	GAGAGGGGGAGAGAAAGG	-
ENSLCOT00000008897.1	3475	3498	22	-	0.043	d6	0.61	-1	GGAGGAAGGAGGGGGAtGAAGGA	-
ENSLCOT00000008897.1	4275	4291	16	-	0		0.5	-1	AGGGAAAAAAAGGGGG	-
ENSLCOT00000008897.1	4274	4290	16	-	0		0.5	-1	GGGAAAAAAAGGGGGA	-
ENSLCOT00000004026.1	207	237	28	-	0.067	d23d24	0.6	-1	AGGGAtcGGGAAAGAGGGAGAAGGGGAGGG	-
ENSLCOT00000004026.1	206	236	28	-	0.067	d24d25	0.6	-1	GGGAtcGGGAAAGAGGGAGAAGGGGAGGGA	-
ENSLCOT00000004026.1	205	235	28	-	0.067	d25d26	0.57	-1	GGAtcGGGAAAGAGGGAGAAGGGGAGGGAA	-
ENSLCOT00000004026.1	204	234	28	-	0.067	d26d27	0.53	-1	GAtcGGGAAAGAGGGAGAAGGGGAGGGAAA	-
ENSLCOT00000004026.1	203	233	28	-	0.067	d27d28	0.53	-1	AtcGGGAAAGAGGGAGAAGGGGAGGGAAAG	-
ENSLCOT00000004026.1	200	230	30	-	0		0.63	-1	GGGAAAGAGGGAGAAGGGGAGGGAAAGGGG	-
ENSLCOT00000004026.1	199	229	30	-	0		0.6	-1	GGAAAGAGGGAGAAGGGGAGGGAAAGGGGA	-
ENSLCOT00000004026.1	198	228	30	-	0		0.6	-1	GAAAGAGGGAGAAGGGGAGGGAAAGGGGAG	-
ENSLCOT00000004026.1	197	227	30	-	0		0.57	-1	AAAGAGGGAGAAGGGGAGGGAAAGGGGAGA	-
ENSLCOT00000004026.1	196	226	30	-	0		0.57	-1	AAGAGGGAGAAGGGGAGGGAAAGGGGAGAA	-
ENSLCOT00000004026.1	195	225	30	-	0		0.6	-1	AGAGGGAGAAGGGGAGGGAAAGGGGAGAAG	-
ENSLCOT00000004026.1	194	224	30	-	0		0.63	-1	GAGGGAGAAGGGGAGGGAAAGGGGAGAAGG	-
ENSLCOT00000004026.1	193	223	30	-	0		0.6	-1	AGGGAGAAGGGGAGGGAAAGGGGAGAAGGA	-
ENSLCOT00000004026.1	192	222	30	-	0		0.6	-1	GGGAGAAGGGGAGGGAAAGGGGAGAAGGAA	-
ENSLCOT00000004026.1	191	221	30	-	0		0.57	-1	GGAGAAGGGGAGGGAAAGGGGAGAAGGAAA	-
ENSLCOT00000004026.1	190	220	30	-	0		0.57	-1	GAGAAGGGGAGGGAAAGGGGAGAAGGAAAG	-
ENSLCOT00000004026.1	189	219	30	-	0		0.57	-1	AGAAGGGGAGGGAAAGGGGAGAAGGAAAGG	-
ENSLCOT00000004026.1	188	218	30	-	0		0.6	-1	GAAGGGGAGGGAAAGGGGAGAAGGAAAGGG	-
ENSLCOT00000004026.1	187	217	30	-	0		0.6	-1	AAGGGGAGGGAAAGGGGAGAAGGAAAGGGG	-
ENSLCOT00000004026.1	186	216	30	-	0		0.6	-1	AGGGGAGGGAAAGGGGAGAAGGAAAGGGGA	-
ENSLCOT00000004026.1	185	215	30	-	0		0.63	-1	GGGGAGGGAAAGGGGAGAAGGAAAGGGGAG	-
ENSLCOT00000004026.1	184	214	30	-	0		0.63	-1	GGGAGGGAAAGGGGAGAAGGAAAGGGGAGG	-
ENSLCOT00000004026.1	183	213	30	-	0		0.63	-1	GGAGGGAAAGGGGAGAAGGAAAGGGGAGGG	-
ENSLCOT00000004026.1	182	212	30	-	0		0.6	-1	GAGGGAAAGGGGAGAAGGAAAGGGGAGGGA	-
ENSLCOT00000004026.1	181	211	30	-	0		0.57	-1	AGGGAAAGGGGAGAAGGAAAGGGGAGGGAA	-
ENSLCOT00000004026.1	180	210	30	-	0		0.57	-1	GGGAAAGGGGAGAAGGAAAGGGGAGGGAAA	-
ENSLCOT00000004026.1	179	209	30	-	0		0.57	-1	GGAAAGGGGAGAAGGAAAGGGGAGGGAAAG	-
ENSLCOT00000004026.1	178	208	30	-	0		0.57	-1	GAAAGGGGAGAAGGAAAGGGGAGGGAAAGG	-
ENSLCOT00000004026.1	177	207	30	-	0		0.53	-1	AAAGGGGAGAAGGAAAGGGGAGGGAAAGGA	-
ENSLCOT00000004026.1	176	206	30	-	0		0.57	-1	AAGGGGAGAAGGAAAGGGGAGGGAAAGGAG	-
ENSLCOT00000004026.1	175	205	30	-	0		0.6	-1	AGGGGAGAAGGAAAGGGGAGGGAAAGGAGG	-
ENSLCOT00000004026.1	174	204	30	-	0		0.6	-1	GGGGAGAAGGAAAGGGGAGGGAAAGGAGGA	-
ENSLCOT00000004026.1	173	203	30	-	0		0.6	-1	GGGAGAAGGAAAGGGGAGGGAAAGGAGGAG	-
ENSLCOT00000004026.1	172	202	30	-	0		0.57	-1	GGAGAAGGAAAGGGGAGGGAAAGGAGGAGA	-
ENSLCOT00000004026.1	171	201	30	-	0		0.53	-1	GAGAAGGAAAGGGGAGGGAAAGGAGGAGAA	-
ENSLCOT00000004026.1	170	200	30	-	0		0.53	-1	AGAAGGAAAGGGGAGGGAAAGGAGGAGAAG	-
ENSLCOT00000004026.1	169	199	30	-	0		0.53	-1	GAAGGAAAGGGGAGGGAAAGGAGGAGAAGA	-
ENSLCOT00000004026.1	168	198	30	-	0		0.53	-1	AAGGAAAGGGGAGGGAAAGGAGGAGAAGAG	-
ENSLCOT00000004026.1	167	197	30	-	0		0.57	-1	AGGAAAGGGGAGGGAAAGGAGGAGAAGAGG	-
ENSLCOT00000004026.1	166	196	30	-	0		0.57	-1	GGAAAGGGGAGGGAAAGGAGGAGAAGAGGA	-
ENSLCOT00000004026.1	165	195	30	-	0		0.57	-1	GAAAGGGGAGGGAAAGGAGGAGAAGAGGAG	-
ENSLCOT00000004026.1	164	194	30	-	0		0.57	-1	AAAGGGGAGGGAAAGGAGGAGAAGAGGAGG	-
ENSLCOT00000004026.1	163	193	30	-	0		0.6	-1	AAGGGGAGGGAAAGGAGGAGAAGAGGAGGG	-
ENSLCOT00000004026.1	162	192	30	-	0		0.6	-1	AGGGGAGGGAAAGGAGGAGAAGAGGAGGGA	-
ENSLCOT00000004026.1	161	191	30	-	0		0.6	-1	GGGGAGGGAAAGGAGGAGAAGAGGAGGGAA	-
ENSLCOT00000004026.1	160	190	30	-	0		0.57	-1	GGGAGGGAAAGGAGGAGAAGAGGAGGGAAA	-
ENSLCOT00000004026.1	158	188	29	-	0.033	d1	0.53	-1	GAGGGAAAGGAGGAGAAGAGGAGGGAAAtG	-
ENSLCOT00000004026.1	157	187	29	-	0.033	d2	0.53	-1	AGGGAAAGGAGGAGAAGAGGAGGGAAAtGG	-
ENSLCOT00000004026.1	156	186	29	-	0.033	d3	0.57	-1	GGGAAAGGAGGAGAAGAGGAGGGAAAtGGG	-
ENSLCOT00000004026.1	155	185	29	-	0.033	d4	0.53	-1	GGAAAGGAGGAGAAGAGGAGGGAAAtGGGA	-
ENSLCOT00000004026.1	154	184	29	-	0.033	d5	0.53	-1	GAAAGGAGGAGAAGAGGAGGGAAAtGGGAG	-
ENSLCOT00000004026.1	153	183	29	-	0.033	d6	0.53	-1	AAAGGAGGAGAAGAGGAGGGAAAtGGGAGG	-
ENSLCOT00000004026.1	152	182	29	-	0.033	d7	0.57	-1	AAGGAGGAGAAGAGGAGGGAAAtGGGAGGG	-
ENSLCOT00000004026.1	151	181	29	-	0.033	d8	0.57	-1	AGGAGGAGAAGAGGAGGGAAAtGGGAGGGA	-
ENSLCOT00000004026.1	150	180	29	-	0.033	d9	0.57	-1	GGAGGAGAAGAGGAGGGAAAtGGGAGGGAA	-
ENSLCOT00000004026.1	149	179	29	-	0.033	d10	0.53	-1	GAGGAGAAGAGGAGGGAAAtGGGAGGGAAA	-
ENSLCOT00000004026.1	148	178	29	-	0.033	d11	0.53	-1	AGGAGAAGAGGAGGGAAAtGGGAGGGAAAG	-
ENSLCOT00000004026.1	147	177	29	-	0.033	d12	0.53	-1	GGAGAAGAGGAGGGAAAtGGGAGGGAAAGA	-
ENSLCOT00000004026.1	146	176	29	-	0.033	d13	0.53	-1	GAGAAGAGGAGGGAAAtGGGAGGGAAAGAG	-
ENSLCOT00000004026.1	145	175	29	-	0.033	d14	0.53	-1	AGAAGAGGAGGGAAAtGGGAGGGAAAGAGG	-
ENSLCOT00000004026.1	144	174	29	-	0.033	d15	0.53	-1	GAAGAGGAGGGAAAtGGGAGGGAAAGAGGA	-
ENSLCOT00000004026.1	143	173	29	-	0.033	d16	0.53	-1	AAGAGGAGGGAAAtGGGAGGGAAAGAGGAG	-
ENSLCOT00000004026.1	142	172	29	-	0.033	d17	0.53	-1	AGAGGAGGGAAAtGGGAGGGAAAGAGGAGA	-
ENSLCOT00000004026.1	141	171	29	-	0.033	d18	0.57	-1	GAGGAGGGAAAtGGGAGGGAAAGAGGAGAG	-
ENSLCOT00000004026.1	140	170	29	-	0.033	d19	0.53	-1	AGGAGGGAAAtGGGAGGGAAAGAGGAGAGA	-
ENSLCOT00000004026.1	139	169	29	-	0.033	d20	0.53	-1	GGAGGGAAAtGGGAGGGAAAGAGGAGAGAA	-
ENSLCOT00000004026.1	138	168	29	-	0.033	d21	0.5	-1	GAGGGAAAtGGGAGGGAAAGAGGAGAGAAA	-
ENSLCOT00000004026.1	136	166	29	-	0.033	d23	0.5	-1	GGGAAAtGGGAGGGAAAGAGGAGAGAAAAG	-
ENSLCOT00000004026.1	135	165	29	-	0.033	d24	0.5	-1	GGAAAtGGGAGGGAAAGAGGAGAGAAAAGG	-
ENSLCOT00000004026.1	134	164	29	-	0.033	d25	0.5	-1	GAAAtGGGAGGGAAAGAGGAGAGAAAAGGG	-
ENSLCOT00000004026.1	132	162	29	-	0.033	d27	0.5	-1	AAtGGGAGGGAAAGAGGAGAGAAAAGGGAG	-
ENSLCOT00000004026.1	131	161	29	-	0.033	d28	0.5	-1	AtGGGAGGGAAAGAGGAGAGAAAAGGGAGA	-
ENSLCOT00000004026.1	129	159	30	-	0		0.53	-1	GGGAGGGAAAGAGGAGAGAAAAGGGAGAAG	-
ENSLCOT00000004026.1	128	158	30	-	0		0.53	-1	GGAGGGAAAGAGGAGAGAAAAGGGAGAAGG	-
ENSLCOT00000004026.1	127	157	30	-	0		0.5	-1	GAGGGAAAGAGGAGAGAAAAGGGAGAAGGA	-
ENSLCOT00000004026.1	120	150	30	-	0		0.5	-1	AGAGGAGAGAAAAGGGAGAAGGAAAGAGGG	-
ENSLCOT00000004026.1	119	149	30	-	0		0.5	-1	GAGGAGAGAAAAGGGAGAAGGAAAGAGGGA	-
ENSLCOT00000004026.1	118	148	30	-	0		0.5	-1	AGGAGAGAAAAGGGAGAAGGAAAGAGGGAG	-
ENSLCOT00000004026.1	117	147	30	-	0		0.5	-1	GGAGAGAAAAGGGAGAAGGAAAGAGGGAGA	-
ENSLCOT00000004026.1	115	139	24	-	0		0.5	-1	AAGGGAGAAGGAAAGAGGGAGAAG	-
ENSLCOT00000004026.1	114	138	24	-	0		0.5	-1	AGGGAGAAGGAAAGAGGGAGAAGA	-
ENSLCOT00000004026.1	107	137	30	-	0		0.5	-1	GGGAGAAGGAAAGAGGGAGAAGAAAAGAGG	-
ENSLCOT00000004026.1	97	127	29	-	0.033	d8	0.5	-1	AAGAGGGAGAAGAAAAGAGGAtGGAGAGGG	-
ENSLCOT00000004026.1	96	126	29	-	0.033	d9	0.53	-1	AGAGGGAGAAGAAAAGAGGAtGGAGAGGGG	-
ENSLCOT00000004026.1	95	125	29	-	0.033	d10	0.53	-1	GAGGGAGAAGAAAAGAGGAtGGAGAGGGGA	-
ENSLCOT00000004026.1	94	124	29	-	0.033	d11	0.5	-1	AGGGAGAAGAAAAGAGGAtGGAGAGGGGAA	-
ENSLCOT00000004026.1	93	123	29	-	0.033	d12	0.53	-1	GGGAGAAGAAAAGAGGAtGGAGAGGGGAAG	-
ENSLCOT00000004026.1	92	122	29	-	0.033	d13	0.5	-1	GGAGAAGAAAAGAGGAtGGAGAGGGGAAGA	-
ENSLCOT00000004026.1	89	119	29	-	0.033	d16	0.5	-1	GAAGAAAAGAGGAtGGAGAGGGGAAGAAGG	-
ENSLCOT00000004026.1	88	118	29	-	0.033	d17	0.5	-1	AAGAAAAGAGGAtGGAGAGGGGAAGAAGGG	-
ENSLCOT00000004026.1	87	117	29	-	0.033	d18	0.53	-1	AGAAAAGAGGAtGGAGAGGGGAAGAAGGGG	-
ENSLCOT00000004026.1	86	116	29	-	0.033	d19	0.53	-1	GAAAAGAGGAtGGAGAGGGGAAGAAGGGGA	-
ENSLCOT00000004026.1	85	115	29	-	0.033	d20	0.53	-1	AAAAGAGGAtGGAGAGGGGAAGAAGGGGAG	-
ENSLCOT00000004026.1	84	114	29	-	0.033	d21	0.57	-1	AAAGAGGAtGGAGAGGGGAAGAAGGGGAGG	-
ENSLCOT00000004026.1	83	113	29	-	0.033	d22	0.6	-1	AAGAGGAtGGAGAGGGGAAGAAGGGGAGGG	-
ENSLCOT00000004026.1	82	112	29	-	0.033	d23	0.6	-1	AGAGGAtGGAGAGGGGAAGAAGGGGAGGGA	-
ENSLCOT00000004026.1	81	111	29	-	0.033	d24	0.6	-1	GAGGAtGGAGAGGGGAAGAAGGGGAGGGAA	-
ENSLCOT00000004026.1	80	110	29	-	0.033	d25	0.57	-1	AGGAtGGAGAGGGGAAGAAGGGGAGGGAAA	-
ENSLCOT00000004026.1	79	109	29	-	0.033	d26	0.6	-1	GGAtGGAGAGGGGAAGAAGGGGAGGGAAAG	-
ENSLCOT00000004026.1	78	108	29	-	0.033	d27	0.6	-1	GAtGGAGAGGGGAAGAAGGGGAGGGAAAGG	-
ENSLCOT00000004026.1	77	107	29	-	0.033	d28	0.6	-1	AtGGAGAGGGGAAGAAGGGGAGGGAAAGGG	-
ENSLCOT00000004026.1	75	105	30	-	0		0.67	-1	GGAGAGGGGAAGAAGGGGAGGGAAAGGGGG	-
ENSLCOT00000004026.1	74	104	30	-	0		0.63	-1	GAGAGGGGAAGAAGGGGAGGGAAAGGGGGA	-
ENSLCOT00000004026.1	73	103	30	-	0		0.63	-1	AGAGGGGAAGAAGGGGAGGGAAAGGGGGAG	-
ENSLCOT00000004026.1	72	102	30	-	0		0.63	-1	GAGGGGAAGAAGGGGAGGGAAAGGGGGAGA	-
ENSLCOT00000004026.1	71	101	30	-	0		0.6	-1	AGGGGAAGAAGGGGAGGGAAAGGGGGAGAA	-
ENSLCOT00000004026.1	70	100	30	-	0		0.63	-1	GGGGAAGAAGGGGAGGGAAAGGGGGAGAAG	-
ENSLCOT00000004026.1	69	99	30	-	0		0.63	-1	GGGAAGAAGGGGAGGGAAAGGGGGAGAAGG	-
ENSLCOT00000004026.1	68	98	30	-	0		0.6	-1	GGAAGAAGGGGAGGGAAAGGGGGAGAAGGA	-
ENSLCOT00000004026.1	67	97	30	-	0		0.6	-1	GAAGAAGGGGAGGGAAAGGGGGAGAAGGAG	-
ENSLCOT00000004026.1	66	96	30	-	0		0.57	-1	AAGAAGGGGAGGGAAAGGGGGAGAAGGAGA	-
ENSLCOT00000004026.1	65	95	30	-	0		0.6	-1	AGAAGGGGAGGGAAAGGGGGAGAAGGAGAG	-
ENSLCOT00000004026.1	64	94	30	-	0		0.63	-1	GAAGGGGAGGGAAAGGGGGAGAAGGAGAGG	-
ENSLCOT00000004026.1	63	93	30	-	0		0.63	-1	AAGGGGAGGGAAAGGGGGAGAAGGAGAGGG	-
ENSLCOT00000004026.1	62	92	30	-	0		0.67	-1	AGGGGAGGGAAAGGGGGAGAAGGAGAGGGG	-
ENSLCOT00000004026.1	61	91	30	-	0		0.67	-1	GGGGAGGGAAAGGGGGAGAAGGAGAGGGGA	-
ENSLCOT00000004026.1	60	90	30	-	0		0.67	-1	GGGAGGGAAAGGGGGAGAAGGAGAGGGGAG	-
ENSLCOT00000004026.1	59	89	30	-	0		0.67	-1	GGAGGGAAAGGGGGAGAAGGAGAGGGGAGG	-
ENSLCOT00000004026.1	58	88	30	-	0		0.67	-1	GAGGGAAAGGGGGAGAAGGAGAGGGGAGGG	-
ENSLCOT00000004026.1	57	87	30	-	0		0.63	-1	AGGGAAAGGGGGAGAAGGAGAGGGGAGGGA	-
ENSLCOT00000004026.1	56	86	30	-	0		0.63	-1	GGGAAAGGGGGAGAAGGAGAGGGGAGGGAA	-
ENSLCOT00000004026.1	55	85	30	-	0		0.63	-1	GGAAAGGGGGAGAAGGAGAGGGGAGGGAAG	-
ENSLCOT00000004026.1	54	84	30	-	0		0.6	-1	GAAAGGGGGAGAAGGAGAGGGGAGGGAAGA	-
ENSLCOT00000004026.1	53	83	30	-	0		0.6	-1	AAAGGGGGAGAAGGAGAGGGGAGGGAAGAG	-
ENSLCOT00000004026.1	52	82	30	-	0		0.63	-1	AAGGGGGAGAAGGAGAGGGGAGGGAAGAGG	-
ENSLCOT00000004026.1	51	81	30	-	0		0.63	-1	AGGGGGAGAAGGAGAGGGGAGGGAAGAGGA	-
ENSLCOT00000004026.1	50	80	30	-	0		0.67	-1	GGGGGAGAAGGAGAGGGGAGGGAAGAGGAG	-
ENSLCOT00000004026.1	49	79	30	-	0		0.67	-1	GGGGAGAAGGAGAGGGGAGGGAAGAGGAGG	-
ENSLCOT00000004026.1	48	78	30	-	0		0.67	-1	GGGAGAAGGAGAGGGGAGGGAAGAGGAGGG	-
ENSLCOT00000004026.1	47	77	30	-	0		0.63	-1	GGAGAAGGAGAGGGGAGGGAAGAGGAGGGA	-
ENSLCOT00000004026.1	46	76	30	-	0		0.6	-1	GAGAAGGAGAGGGGAGGGAAGAGGAGGGAA	-
ENSLCOT00000004026.1	45	75	30	-	0		0.57	-1	AGAAGGAGAGGGGAGGGAAGAGGAGGGAAA	-
ENSLCOT00000004026.1	44	74	30	-	0		0.6	-1	GAAGGAGAGGGGAGGGAAGAGGAGGGAAAG	-
ENSLCOT00000004026.1	43	73	30	-	0		0.6	-1	AAGGAGAGGGGAGGGAAGAGGAGGGAAAGG	-
ENSLCOT00000004026.1	42	72	30	-	0		0.63	-1	AGGAGAGGGGAGGGAAGAGGAGGGAAAGGG	-
ENSLCOT00000004026.1	41	71	30	-	0		0.67	-1	GGAGAGGGGAGGGAAGAGGAGGGAAAGGGG	-
ENSLCOT00000004026.1	40	70	30	-	0		0.63	-1	GAGAGGGGAGGGAAGAGGAGGGAAAGGGGA	-
ENSLCOT00000004026.1	39	69	30	-	0		0.63	-1	AGAGGGGAGGGAAGAGGAGGGAAAGGGGAG	-
ENSLCOT00000004026.1	37	67	29	-	0.033	d1	0.63	-1	AGGGGAGGGAAGAGGAGGGAAAGGGGAGcG	-
ENSLCOT00000004026.1	36	66	29	-	0.033	d2	0.63	-1	GGGGAGGGAAGAGGAGGGAAAGGGGAGcGA	-
ENSLCOT00000004026.1	35	65	29	-	0.033	d3	0.6	-1	GGGAGGGAAGAGGAGGGAAAGGGGAGcGAA	-
ENSLCOT00000004026.1	34	64	29	-	0.033	d4	0.57	-1	GGAGGGAAGAGGAGGGAAAGGGGAGcGAAA	-
ENSLCOT00000004026.1	33	63	29	-	0.033	d5	0.57	-1	GAGGGAAGAGGAGGGAAAGGGGAGcGAAAG	-
ENSLCOT00000004026.1	32	62	29	-	0.033	d6	0.53	-1	AGGGAAGAGGAGGGAAAGGGGAGcGAAAGA	-
ENSLCOT00000004026.1	31	61	29	-	0.033	d7	0.57	-1	GGGAAGAGGAGGGAAAGGGGAGcGAAAGAG	-
ENSLCOT00000004026.1	30	60	29	-	0.033	d8	0.57	-1	GGAAGAGGAGGGAAAGGGGAGcGAAAGAGG	-
ENSLCOT00000004026.1	29	59	29	-	0.033	d9	0.53	-1	GAAGAGGAGGGAAAGGGGAGcGAAAGAGGA	-
ENSLCOT00000004026.1	28	58	29	-	0.033	d10	0.53	-1	AAGAGGAGGGAAAGGGGAGcGAAAGAGGAG	-
ENSLCOT00000004026.1	27	57	29	-	0.033	d11	0.57	-1	AGAGGAGGGAAAGGGGAGcGAAAGAGGAGG	-
ENSLCOT00000004026.1	26	56	29	-	0.033	d12	0.6	-1	GAGGAGGGAAAGGGGAGcGAAAGAGGAGGG	-
ENSLCOT00000004026.1	25	55	29	-	0.033	d13	0.57	-1	AGGAGGGAAAGGGGAGcGAAAGAGGAGGGA	-
ENSLCOT00000004026.1	24	54	29	-	0.033	d14	0.57	-1	GGAGGGAAAGGGGAGcGAAAGAGGAGGGAA	-
ENSLCOT00000004026.1	23	53	29	-	0.033	d15	0.53	-1	GAGGGAAAGGGGAGcGAAAGAGGAGGGAAA	-
ENSLCOT00000004026.1	22	52	29	-	0.033	d16	0.53	-1	AGGGAAAGGGGAGcGAAAGAGGAGGGAAAG	-
ENSLCOT00000004026.1	21	51	29	-	0.033	d17	0.57	-1	GGGAAAGGGGAGcGAAAGAGGAGGGAAAGG	-
ENSLCOT00000004026.1	20	50	29	-	0.033	d18	0.57	-1	GGAAAGGGGAGcGAAAGAGGAGGGAAAGGG	-
ENSLCOT00000004026.1	19	49	29	-	0.033	d19	0.57	-1	GAAAGGGGAGcGAAAGAGGAGGGAAAGGGG	-
ENSLCOT00000004026.1	18	48	29	-	0.033	d20	0.53	-1	AAAGGGGAGcGAAAGAGGAGGGAAAGGGGA	-
ENSLCOT00000004026.1	17	47	29	-	0.033	d21	0.57	-1	AAGGGGAGcGAAAGAGGAGGGAAAGGGGAG	-
ENSLCOT00000004026.1	16	46	29	-	0.033	d22	0.6	-1	AGGGGAGcGAAAGAGGAGGGAAAGGGGAGG	-
ENSLCOT00000004026.1	15	45	29	-	0.033	d23	0.63	-1	GGGGAGcGAAAGAGGAGGGAAAGGGGAGGG	-
ENSLCOT00000004026.1	14	44	29	-	0.033	d24	0.63	-1	GGGAGcGAAAGAGGAGGGAAAGGGGAGGGG	-
ENSLCOT00000004026.1	13	43	29	-	0.033	d25	0.63	-1	GGAGcGAAAGAGGAGGGAAAGGGGAGGGGG	-
ENSLCOT00000004026.1	12	42	29	-	0.033	d26	0.6	-1	GAGcGAAAGAGGAGGGAAAGGGGAGGGGGA	-
ENSLCOT00000004026.1	11	41	29	-	0.033	d27	0.6	-1	AGcGAAAGAGGAGGGAAAGGGGAGGGGGAG	-
ENSLCOT00000004026.1	10	40	29	-	0.033	d28	0.6	-1	GcGAAAGAGGAGGGAAAGGGGAGGGGGAGA	-
ENSLCOT00000004026.1	8	38	30	-	0		0.63	-1	GAAAGAGGAGGGAAAGGGGAGGGGGAGAGG	-
ENSLCOT00000004026.1	7	37	30	-	0		0.6	-1	AAAGAGGAGGGAAAGGGGAGGGGGAGAGGA	-
ENSLCOT00000004026.1	6	36	30	-	0		0.63	-1	AAGAGGAGGGAAAGGGGAGGGGGAGAGGAG	-
ENSLCOT00000004026.1	5	35	30	-	0		0.67	-1	AGAGGAGGGAAAGGGGAGGGGGAGAGGAGG	-
ENSLCOT00000004026.1	4	34	30	-	0		0.7	-1	GAGGAGGGAAAGGGGAGGGGGAGAGGAGGG	-
ENSLCOT00000004026.1	3	33	30	-	0		0.67	-1	AGGAGGGAAAGGGGAGGGGGAGAGGAGGGA	-
ENSLCOT00000004026.1	2	32	30	-	0		0.67	-1	GGAGGGAAAGGGGAGGGGGAGAGGAGGGAA	-
ENSLCOT00000004026.1	1	31	30	-	0		0.63	-1	GAGGGAAAGGGGAGGGGGAGAGGAGGGAAA	-
ENSLCOT00000004026.1	0	30	30	-	0		0.63	-1	AGGGAAAGGGGAGGGGGAGAGGAGGGAAAG	-
ENSLCOT00000004230.1	392	408	15	+	0.062	d13	0.69	-1	GGAAAGGAGGGGGtGG	-
ENSLCOT00000004230.1	393	409	15	+	0.062	d12	0.69	-1	GAAAGGAGGGGGtGGG	-
ENSLCOT00000004230.1	394	410	15	+	0.062	d11	0.69	-1	AAAGGAGGGGGtGGGG	-
ENSLCOT00000004230.1	652	678	24	-	0.077	d20d24	0.5	-1	AtGGGtGGAAGAGGAAGAGGAAGAGA	-
ENSLCOT00000004230.1	646	676	28	-	0.067	d5d26	0.53	-1	GGGtGGAAGAGGAAGAGGAAGAGAtGAGGA	-
ENSLCOT00000004230.1	645	675	28	-	0.067	d6d27	0.53	-1	GGtGGAAGAGGAAGAGGAAGAGAtGAGGAG	-
ENSLCOT00000004230.1	644	674	28	-	0.067	d7d28	0.53	-1	GtGGAAGAGGAAGAGGAAGAGAtGAGGAGG	-
ENSLCOT00000004230.1	642	672	29	-	0.033	d9	0.5	-1	GGAAGAGGAAGAGGAAGAGAtGAGGAGGAA	-
ENSLCOT00000004230.1	641	671	29	-	0.033	d10	0.5	-1	GAAGAGGAAGAGGAAGAGAtGAGGAGGAAG	-
ENSLCOT00000004230.1	638	668	29	-	0.033	d13	0.5	-1	GAGGAAGAGGAAGAGAtGAGGAGGAAGAAG	-
ENSLCOT00000004230.1	632	662	28	-	0.067	d1d19	0.5	-1	GAGGAAGAGAtGAGGAGGAAGAAGAAGGtG	-
ENSLCOT00000004230.1	621	651	28	-	0.067	d10d12	0.53	-1	GAGGAGGAAGAAGAAGGtGtGAGAAGGAGG	-
ENSLCOT00000004230.1	620	650	28	-	0.067	d11d13	0.5	-1	AGGAGGAAGAAGAAGGtGtGAGAAGGAGGA	-
ENSLCOT00000004230.1	619	649	28	-	0.067	d12d14	0.53	-1	GGAGGAAGAAGAAGGtGtGAGAAGGAGGAG	-
ENSLCOT00000004230.1	618	648	28	-	0.067	d13d15	0.53	-1	GAGGAAGAAGAAGGtGtGAGAAGGAGGAGG	-
ENSLCOT00000004230.1	617	647	28	-	0.067	d14d16	0.5	-1	AGGAAGAAGAAGGtGtGAGAAGGAGGAGGA	-
ENSLCOT00000004230.1	616	646	28	-	0.067	d15d17	0.5	-1	GGAAGAAGAAGGtGtGAGAAGGAGGAGGAA	-
ENSLCOT00000004230.1	615	645	28	-	0.067	d16d18	0.5	-1	GAAGAAGAAGGtGtGAGAAGGAGGAGGAAG	-
ENSLCOT00000004230.1	614	642	26	-	0.071	d17d19	0.5	-1	GAAGAAGGtGtGAGAAGGAGGAGGAAGA	-
ENSLCOT00000004230.1	603	633	28	-	0.067	d10d28	0.5	-1	GtGAGAAGGAGGAGGAAGAcAAGGAGAAGG	-
ENSLCOT00000004230.1	601	631	29	-	0.033	d12	0.5	-1	GAGAAGGAGGAGGAAGAcAAGGAGAAGGAG	-
ENSLCOT00000004230.1	597	627	29	-	0.033	d16	0.5	-1	AGGAGGAGGAAGAcAAGGAGAAGGAGAAGG	-
ENSLCOT00000004230.1	596	626	29	-	0.033	d17	0.5	-1	GGAGGAGGAAGAcAAGGAGAAGGAGAAGGA	-
ENSLCOT00000004230.1	595	625	29	-	0.033	d18	0.5	-1	GAGGAGGAAGAcAAGGAGAAGGAGAAGGAG	-
ENSLCOT00000004230.1	582	612	30	-	0		0.5	-1	AGGAGAAGGAGAAGGAGAAGAAGGAGAAGG	-
ENSLCOT00000004230.1	581	611	30	-	0		0.5	-1	GGAGAAGGAGAAGGAGAAGAAGGAGAAGGA	-
ENSLCOT00000004230.1	580	610	30	-	0		0.5	-1	GAGAAGGAGAAGGAGAAGAAGGAGAAGGAG	-
ENSLCOT00000004230.1	576	606	30	-	0		0.5	-1	AGGAGAAGGAGAAGAAGGAGAAGGAGAAGG	-
ENSLCOT00000004230.1	575	605	30	-	0		0.5	-1	GGAGAAGGAGAAGAAGGAGAAGGAGAAGGA	-
ENSLCOT00000004230.1	574	604	30	-	0		0.5	-1	GAGAAGGAGAAGAAGGAGAAGGAGAAGGAG	-
ENSLCOT00000004230.1	570	600	30	-	0		0.5	-1	AGGAGAAGAAGGAGAAGGAGAAGGAGAAGG	-
ENSLCOT00000004230.1	569	599	30	-	0		0.5	-1	GGAGAAGAAGGAGAAGGAGAAGGAGAAGGA	-
ENSLCOT00000004230.1	568	598	30	-	0		0.5	-1	GAGAAGAAGGAGAAGGAGAAGGAGAAGGAG	-
ENSLCOT00000004230.1	564	594	30	-	0		0.5	-1	AGAAGGAGAAGGAGAAGGAGAAGGAGAAGG	-
ENSLCOT00000004230.1	563	593	30	-	0		0.5	-1	GAAGGAGAAGGAGAAGGAGAAGGAGAAGGA	-
ENSLCOT00000004230.1	562	592	30	-	0		0.5	-1	AAGGAGAAGGAGAAGGAGAAGGAGAAGGAG	-
ENSLCOT00000004230.1	561	591	30	-	0		0.53	-1	AGGAGAAGGAGAAGGAGAAGGAGAAGGAGG	-
ENSLCOT00000004230.1	560	590	30	-	0		0.53	-1	GGAGAAGGAGAAGGAGAAGGAGAAGGAGGA	-
ENSLCOT00000004230.1	559	589	30	-	0		0.53	-1	GAGAAGGAGAAGGAGAAGGAGAAGGAGGAG	-
ENSLCOT00000004230.1	558	588	30	-	0		0.53	-1	AGAAGGAGAAGGAGAAGGAGAAGGAGGAGG	-
ENSLCOT00000004230.1	557	587	30	-	0		0.53	-1	GAAGGAGAAGGAGAAGGAGAAGGAGGAGGA	-
ENSLCOT00000004230.1	556	586	30	-	0		0.53	-1	AAGGAGAAGGAGAAGGAGAAGGAGGAGGAG	-
ENSLCOT00000004230.1	555	585	30	-	0		0.53	-1	AGGAGAAGGAGAAGGAGAAGGAGGAGGAGA	-
ENSLCOT00000004230.1	554	584	30	-	0		0.53	-1	GGAGAAGGAGAAGGAGAAGGAGGAGGAGAA	-
ENSLCOT00000004230.1	553	583	30	-	0		0.53	-1	GAGAAGGAGAAGGAGAAGGAGGAGGAGAAG	-
ENSLCOT00000004230.1	552	582	30	-	0		0.53	-1	AGAAGGAGAAGGAGAAGGAGGAGGAGAAGG	-
ENSLCOT00000004230.1	551	581	30	-	0		0.53	-1	GAAGGAGAAGGAGAAGGAGGAGGAGAAGGA	-
ENSLCOT00000004230.1	550	580	30	-	0		0.53	-1	AAGGAGAAGGAGAAGGAGGAGGAGAAGGAG	-
ENSLCOT00000004230.1	549	579	30	-	0		0.53	-1	AGGAGAAGGAGAAGGAGGAGGAGAAGGAGA	-
ENSLCOT00000004230.1	548	578	30	-	0		0.53	-1	GGAGAAGGAGAAGGAGGAGGAGAAGGAGAA	-
ENSLCOT00000004230.1	547	577	30	-	0		0.53	-1	GAGAAGGAGAAGGAGGAGGAGAAGGAGAAG	-
ENSLCOT00000004230.1	546	576	30	-	0		0.53	-1	AGAAGGAGAAGGAGGAGGAGAAGGAGAAGG	-
ENSLCOT00000004230.1	545	575	30	-	0		0.53	-1	GAAGGAGAAGGAGGAGGAGAAGGAGAAGGA	-
ENSLCOT00000004230.1	544	574	30	-	0		0.53	-1	AAGGAGAAGGAGGAGGAGAAGGAGAAGGAG	-
ENSLCOT00000004230.1	543	573	30	-	0		0.53	-1	AGGAGAAGGAGGAGGAGAAGGAGAAGGAGA	-
ENSLCOT00000004230.1	542	572	30	-	0		0.53	-1	GGAGAAGGAGGAGGAGAAGGAGAAGGAGAA	-
ENSLCOT00000004230.1	541	571	30	-	0		0.53	-1	GAGAAGGAGGAGGAGAAGGAGAAGGAGAAG	-
ENSLCOT00000004230.1	540	570	30	-	0		0.53	-1	AGAAGGAGGAGGAGAAGGAGAAGGAGAAGG	-
ENSLCOT00000004230.1	539	569	30	-	0		0.53	-1	GAAGGAGGAGGAGAAGGAGAAGGAGAAGGA	-
ENSLCOT00000004230.1	538	568	30	-	0		0.53	-1	AAGGAGGAGGAGAAGGAGAAGGAGAAGGAG	-
ENSLCOT00000004230.1	537	567	30	-	0		0.53	-1	AGGAGGAGGAGAAGGAGAAGGAGAAGGAGA	-
ENSLCOT00000004230.1	536	566	30	-	0		0.53	-1	GGAGGAGGAGAAGGAGAAGGAGAAGGAGAA	-
ENSLCOT00000004230.1	535	565	30	-	0		0.53	-1	GAGGAGGAGAAGGAGAAGGAGAAGGAGAAG	-
ENSLCOT00000004230.1	534	564	30	-	0		0.53	-1	AGGAGGAGAAGGAGAAGGAGAAGGAGAAGG	-
ENSLCOT00000004230.1	533	563	30	-	0		0.53	-1	GGAGGAGAAGGAGAAGGAGAAGGAGAAGGA	-
ENSLCOT00000004230.1	532	562	30	-	0		0.53	-1	GAGGAGAAGGAGAAGGAGAAGGAGAAGGAG	-
ENSLCOT00000004230.1	531	561	30	-	0		0.5	-1	AGGAGAAGGAGAAGGAGAAGGAGAAGGAGA	-
ENSLCOT00000004230.1	530	560	30	-	0		0.5	-1	GGAGAAGGAGAAGGAGAAGGAGAAGGAGAA	-
ENSLCOT00000004230.1	529	559	30	-	0		0.5	-1	GAGAAGGAGAAGGAGAAGGAGAAGGAGAAG	-
ENSLCOT00000004230.1	525	555	30	-	0		0.5	-1	AGGAGAAGGAGAAGGAGAAGGAGAAGAAGG	-
ENSLCOT00000004230.1	524	554	30	-	0		0.5	-1	GGAGAAGGAGAAGGAGAAGGAGAAGAAGGA	-
ENSLCOT00000004230.1	523	553	30	-	0		0.5	-1	GAGAAGGAGAAGGAGAAGGAGAAGAAGGAG	-
ENSLCOT00000004230.1	519	549	30	-	0		0.5	-1	AGGAGAAGGAGAAGGAGAAGAAGGAGAAGG	-
ENSLCOT00000004230.1	518	548	30	-	0		0.5	-1	GGAGAAGGAGAAGGAGAAGAAGGAGAAGGA	-
ENSLCOT00000004230.1	517	547	30	-	0		0.5	-1	GAGAAGGAGAAGGAGAAGAAGGAGAAGGAG	-
ENSLCOT00000004230.1	516	546	30	-	0		0.5	-1	AGAAGGAGAAGGAGAAGAAGGAGAAGGAGG	-
ENSLCOT00000004230.1	515	545	30	-	0		0.5	-1	GAAGGAGAAGGAGAAGAAGGAGAAGGAGGA	-
ENSLCOT00000004230.1	514	544	30	-	0		0.5	-1	AAGGAGAAGGAGAAGAAGGAGAAGGAGGAG	-
ENSLCOT00000004230.1	513	543	30	-	0		0.5	-1	AGGAGAAGGAGAAGAAGGAGAAGGAGGAGA	-
ENSLCOT00000004230.1	512	542	30	-	0		0.5	-1	GGAGAAGGAGAAGAAGGAGAAGGAGGAGAA	-
ENSLCOT00000004230.1	511	541	30	-	0		0.5	-1	GAGAAGGAGAAGAAGGAGAAGGAGGAGAAG	-
ENSLCOT00000004230.1	510	540	30	-	0		0.5	-1	AGAAGGAGAAGAAGGAGAAGGAGGAGAAGG	-
ENSLCOT00000004230.1	509	539	30	-	0		0.5	-1	GAAGGAGAAGAAGGAGAAGGAGGAGAAGGA	-
ENSLCOT00000004230.1	508	538	30	-	0		0.5	-1	AAGGAGAAGAAGGAGAAGGAGGAGAAGGAG	-
ENSLCOT00000004230.1	507	537	30	-	0		0.5	-1	AGGAGAAGAAGGAGAAGGAGGAGAAGGAGA	-
ENSLCOT00000004230.1	506	536	30	-	0		0.5	-1	GGAGAAGAAGGAGAAGGAGGAGAAGGAGAA	-
ENSLCOT00000004230.1	505	535	30	-	0		0.5	-1	GAGAAGAAGGAGAAGGAGGAGAAGGAGAAG	-
ENSLCOT00000004230.1	504	534	30	-	0		0.5	-1	AGAAGAAGGAGAAGGAGGAGAAGGAGAAGG	-
ENSLCOT00000004230.1	503	533	30	-	0		0.5	-1	GAAGAAGGAGAAGGAGGAGAAGGAGAAGGA	-
ENSLCOT00000004230.1	502	532	30	-	0		0.5	-1	AAGAAGGAGAAGGAGGAGAAGGAGAAGGAG	-
ENSLCOT00000004230.1	501	531	30	-	0		0.5	-1	AGAAGGAGAAGGAGGAGAAGGAGAAGGAGA	-
ENSLCOT00000004230.1	500	530	30	-	0		0.5	-1	GAAGGAGAAGGAGGAGAAGGAGAAGGAGAA	-
ENSLCOT00000004230.1	499	529	30	-	0		0.5	-1	AAGGAGAAGGAGGAGAAGGAGAAGGAGAAG	-
ENSLCOT00000004230.1	498	528	30	-	0		0.53	-1	AGGAGAAGGAGGAGAAGGAGAAGGAGAAGG	-
ENSLCOT00000004230.1	497	527	30	-	0		0.53	-1	GGAGAAGGAGGAGAAGGAGAAGGAGAAGGA	-
ENSLCOT00000004230.1	496	526	30	-	0		0.53	-1	GAGAAGGAGGAGAAGGAGAAGGAGAAGGAG	-
ENSLCOT00000004230.1	495	525	30	-	0		0.5	-1	AGAAGGAGGAGAAGGAGAAGGAGAAGGAGA	-
ENSLCOT00000004230.1	494	524	30	-	0		0.5	-1	GAAGGAGGAGAAGGAGAAGGAGAAGGAGAA	-
ENSLCOT00000004230.1	493	523	30	-	0		0.5	-1	AAGGAGGAGAAGGAGAAGGAGAAGGAGAAG	-
ENSLCOT00000004230.1	492	522	30	-	0		0.53	-1	AGGAGGAGAAGGAGAAGGAGAAGGAGAAGG	-
ENSLCOT00000004230.1	491	521	30	-	0		0.53	-1	GGAGGAGAAGGAGAAGGAGAAGGAGAAGGA	-
ENSLCOT00000004230.1	490	520	30	-	0		0.53	-1	GAGGAGAAGGAGAAGGAGAAGGAGAAGGAG	-
ENSLCOT00000004230.1	489	519	30	-	0		0.5	-1	AGGAGAAGGAGAAGGAGAAGGAGAAGGAGA	-
ENSLCOT00000004230.1	488	518	30	-	0		0.5	-1	GGAGAAGGAGAAGGAGAAGGAGAAGGAGAA	-
ENSLCOT00000004230.1	487	517	30	-	0		0.5	-1	GAGAAGGAGAAGGAGAAGGAGAAGGAGAAG	-
ENSLCOT00000004230.1	486	516	30	-	0		0.5	-1	AGAAGGAGAAGGAGAAGGAGAAGGAGAAGG	-
ENSLCOT00000004230.1	485	515	30	-	0		0.5	-1	GAAGGAGAAGGAGAAGGAGAAGGAGAAGGA	-
ENSLCOT00000004230.1	484	514	30	-	0		0.5	-1	AAGGAGAAGGAGAAGGAGAAGGAGAAGGAG	-
ENSLCOT00000004230.1	483	513	30	-	0		0.5	-1	AGGAGAAGGAGAAGGAGAAGGAGAAGGAGA	-
ENSLCOT00000004230.1	482	512	30	-	0		0.5	-1	GGAGAAGGAGAAGGAGAAGGAGAAGGAGAA	-
ENSLCOT00000004230.1	481	511	30	-	0		0.5	-1	GAGAAGGAGAAGGAGAAGGAGAAGGAGAAG	-
ENSLCOT00000004230.1	477	507	30	-	0		0.5	-1	AGGAGAAGGAGAAGGAGAAGGAGAAGAAGG	-
ENSLCOT00000004230.1	476	506	30	-	0		0.5	-1	GGAGAAGGAGAAGGAGAAGGAGAAGAAGGA	-
ENSLCOT00000004230.1	475	505	30	-	0		0.5	-1	GAGAAGGAGAAGGAGAAGGAGAAGAAGGAG	-
ENSLCOT00000004230.1	471	501	30	-	0		0.5	-1	AGGAGAAGGAGAAGGAGAAGAAGGAGAAGG	-
ENSLCOT00000004230.1	470	500	30	-	0		0.5	-1	GGAGAAGGAGAAGGAGAAGAAGGAGAAGGA	-
ENSLCOT00000004230.1	469	499	30	-	0		0.5	-1	GAGAAGGAGAAGGAGAAGAAGGAGAAGGAG	-
ENSLCOT00000004230.1	465	495	30	-	0		0.5	-1	AGGAGAAGGAGAAGAAGGAGAAGGAGAAGG	-
ENSLCOT00000004230.1	464	494	30	-	0		0.5	-1	GGAGAAGGAGAAGAAGGAGAAGGAGAAGGA	-
ENSLCOT00000004230.1	463	493	30	-	0		0.5	-1	GAGAAGGAGAAGAAGGAGAAGGAGAAGGAG	-
ENSLCOT00000004230.1	459	489	30	-	0		0.5	-1	AGGAGAAGAAGGAGAAGGAGAAGGAGAAGG	-
ENSLCOT00000004230.1	458	488	30	-	0		0.5	-1	GGAGAAGAAGGAGAAGGAGAAGGAGAAGGA	-
ENSLCOT00000004230.1	457	487	30	-	0		0.5	-1	GAGAAGAAGGAGAAGGAGAAGGAGAAGGAG	-
ENSLCOT00000004230.1	453	483	30	-	0		0.5	-1	AGAAGGAGAAGGAGAAGGAGAAGGAGAAGG	-
ENSLCOT00000019763.1	1659	1677	17	-	0.056	d9	0.61	-1	GAAGGAGGtGAGGAGGGA	-
ENSLCOT00000019763.1	2304	2321	16	-	0.059	d8	0.65	-1	GGGAAGGGcGGGAAGGA	-
ENSLCOT00000019764.1	1683	1701	17	-	0.056	d9	0.61	-1	GAAGGAGGtGAGGAGGGA	-
ENSLCOT00000019764.1	2311	2339	26	-	0.071	d24d26	0.54	-1	GcAtAGAGGGGAAAGGGGAGAGGAGGAA	-
ENSLCOT00000019764.1	2420	2437	16	-	0.059	d8	0.65	-1	GGGAAGGGcGGGAAGGA	-
ENSLCOT00000019765.1	1629	1647	17	-	0.056	d9	0.61	-1	GAAGGAGGtGAGGAGGGA	-
ENSLCOT00000019765.1	2257	2285	26	-	0.071	d24d26	0.54	-1	GcAtAGAGGGGAAAGGGGAGAGGAGGAA	-
ENSLCOT00000019765.1	2366	2383	16	-	0.059	d8	0.65	-1	GGGAAGGGcGGGAAGGA	-
